<?xml version="1.0"?>
<link_info>
   <banner>TI ARM Linker PC v16.6.0.STS</banner>
   <copyright>Copyright (c) 1996-2015 Texas Instruments Incorporated</copyright>
   <link_time>0x57afd328</link_time>
   <link_errors>0x0</link_errors>
   <output_file>RTOStest1.out</output_file>
   <entry_point>
      <name>_c_int00</name>
      <address>0x6cc9</address>
   </entry_point>
   <input_file_list>
      <input_file id="fl-2">
         <path>.\</path>
         <kind>object</kind>
         <file>ADC_interface.obj</file>
         <name>ADC_interface.obj</name>
      </input_file>
      <input_file id="fl-3">
         <path>.\</path>
         <kind>object</kind>
         <file>PWM_module.obj</file>
         <name>PWM_module.obj</name>
      </input_file>
      <input_file id="fl-4">
         <path>.\</path>
         <kind>object</kind>
         <file>button_data.obj</file>
         <name>button_data.obj</name>
      </input_file>
      <input_file id="fl-5">
         <path>.\</path>
         <kind>object</kind>
         <file>data_process.obj</file>
         <name>data_process.obj</name>
      </input_file>
      <input_file id="fl-6">
         <path>.\</path>
         <kind>object</kind>
         <file>display.obj</file>
         <name>display.obj</name>
      </input_file>
      <input_file id="fl-7">
         <path>.\</path>
         <kind>object</kind>
         <file>init.obj</file>
         <name>init.obj</name>
      </input_file>
      <input_file id="fl-8">
         <path>.\</path>
         <kind>object</kind>
         <file>int_module.obj</file>
         <name>int_module.obj</name>
      </input_file>
      <input_file id="fl-9">
         <path>.\</path>
         <kind>object</kind>
         <file>list.obj</file>
         <name>list.obj</name>
      </input_file>
      <input_file id="fl-a">
         <path>.\</path>
         <kind>object</kind>
         <file>main.obj</file>
         <name>main.obj</name>
      </input_file>
      <input_file id="fl-b">
         <path>.\</path>
         <kind>object</kind>
         <file>queue.obj</file>
         <name>queue.obj</name>
      </input_file>
      <input_file id="fl-c">
         <path>.\</path>
         <kind>object</kind>
         <file>rit128x96x4.obj</file>
         <name>rit128x96x4.obj</name>
      </input_file>
      <input_file id="fl-d">
         <path>.\</path>
         <kind>object</kind>
         <file>speed.obj</file>
         <name>speed.obj</name>
      </input_file>
      <input_file id="fl-e">
         <path>.\</path>
         <kind>object</kind>
         <file>startup_ccs.obj</file>
         <name>startup_ccs.obj</name>
      </input_file>
      <input_file id="fl-f">
         <path>.\</path>
         <kind>object</kind>
         <file>tasks.obj</file>
         <name>tasks.obj</name>
      </input_file>
      <input_file id="fl-10">
         <path>.\demo_code\</path>
         <kind>object</kind>
         <file>basic_io.obj</file>
         <name>basic_io.obj</name>
      </input_file>
      <input_file id="fl-11">
         <path>.\portable\</path>
         <kind>object</kind>
         <file>heap_2.obj</file>
         <name>heap_2.obj</name>
      </input_file>
      <input_file id="fl-12">
         <path>.\portable\</path>
         <kind>object</kind>
         <file>port.obj</file>
         <name>port.obj</name>
      </input_file>
      <input_file id="fl-13">
         <path>.\portable\</path>
         <kind>object</kind>
         <file>portasm.obj</file>
         <name>portasm.obj</name>
      </input_file>
      <input_file id="fl-ce">
         <path>C:\ti\ccsv6\tools\compiler\ti-cgt-arm_16.6.0.STS\lib\</path>
         <kind>archive</kind>
         <file>rtsv7M3_T_le_eabi.lib</file>
         <name>atof.obj</name>
      </input_file>
      <input_file id="fl-cf">
         <path>C:\ti\ccsv6\tools\compiler\ti-cgt-arm_16.6.0.STS\lib\</path>
         <kind>archive</kind>
         <file>rtsv7M3_T_le_eabi.lib</file>
         <name>atoi.obj</name>
      </input_file>
      <input_file id="fl-d0">
         <path>C:\ti\ccsv6\tools\compiler\ti-cgt-arm_16.6.0.STS\lib\</path>
         <kind>archive</kind>
         <file>rtsv7M3_T_le_eabi.lib</file>
         <name>atol.obj</name>
      </input_file>
      <input_file id="fl-d1">
         <path>C:\ti\ccsv6\tools\compiler\ti-cgt-arm_16.6.0.STS\lib\</path>
         <kind>archive</kind>
         <file>rtsv7M3_T_le_eabi.lib</file>
         <name>boot.obj</name>
      </input_file>
      <input_file id="fl-d2">
         <path>C:\ti\ccsv6\tools\compiler\ti-cgt-arm_16.6.0.STS\lib\</path>
         <kind>archive</kind>
         <file>rtsv7M3_T_le_eabi.lib</file>
         <name>copy_decompress_lzss.obj</name>
      </input_file>
      <input_file id="fl-d3">
         <path>C:\ti\ccsv6\tools\compiler\ti-cgt-arm_16.6.0.STS\lib\</path>
         <kind>archive</kind>
         <file>rtsv7M3_T_le_eabi.lib</file>
         <name>copy_decompress_none.obj</name>
      </input_file>
      <input_file id="fl-d4">
         <path>C:\ti\ccsv6\tools\compiler\ti-cgt-arm_16.6.0.STS\lib\</path>
         <kind>archive</kind>
         <file>rtsv7M3_T_le_eabi.lib</file>
         <name>copy_zero_init.obj</name>
      </input_file>
      <input_file id="fl-d5">
         <path>C:\ti\ccsv6\tools\compiler\ti-cgt-arm_16.6.0.STS\lib\</path>
         <kind>archive</kind>
         <file>rtsv7M3_T_le_eabi.lib</file>
         <name>ctype.obj</name>
      </input_file>
      <input_file id="fl-d6">
         <path>C:\ti\ccsv6\tools\compiler\ti-cgt-arm_16.6.0.STS\lib\</path>
         <kind>archive</kind>
         <file>rtsv7M3_T_le_eabi.lib</file>
         <name>defs.obj</name>
      </input_file>
      <input_file id="fl-d7">
         <path>C:\ti\ccsv6\tools\compiler\ti-cgt-arm_16.6.0.STS\lib\</path>
         <kind>archive</kind>
         <file>rtsv7M3_T_le_eabi.lib</file>
         <name>e_fmod.obj</name>
      </input_file>
      <input_file id="fl-d8">
         <path>C:\ti\ccsv6\tools\compiler\ti-cgt-arm_16.6.0.STS\lib\</path>
         <kind>archive</kind>
         <file>rtsv7M3_T_le_eabi.lib</file>
         <name>exit.obj</name>
      </input_file>
      <input_file id="fl-d9">
         <path>C:\ti\ccsv6\tools\compiler\ti-cgt-arm_16.6.0.STS\lib\</path>
         <kind>archive</kind>
         <file>rtsv7M3_T_le_eabi.lib</file>
         <name>fd_div_t2.obj</name>
      </input_file>
      <input_file id="fl-da">
         <path>C:\ti\ccsv6\tools\compiler\ti-cgt-arm_16.6.0.STS\lib\</path>
         <kind>archive</kind>
         <file>rtsv7M3_T_le_eabi.lib</file>
         <name>fd_mul_t2.obj</name>
      </input_file>
      <input_file id="fl-db">
         <path>C:\ti\ccsv6\tools\compiler\ti-cgt-arm_16.6.0.STS\lib\</path>
         <kind>archive</kind>
         <file>rtsv7M3_T_le_eabi.lib</file>
         <name>fd_tos_t2.obj</name>
      </input_file>
      <input_file id="fl-dc">
         <path>C:\ti\ccsv6\tools\compiler\ti-cgt-arm_16.6.0.STS\lib\</path>
         <kind>archive</kind>
         <file>rtsv7M3_T_le_eabi.lib</file>
         <name>fd_tou_t2.obj</name>
      </input_file>
      <input_file id="fl-dd">
         <path>C:\ti\ccsv6\tools\compiler\ti-cgt-arm_16.6.0.STS\lib\</path>
         <kind>archive</kind>
         <file>rtsv7M3_T_le_eabi.lib</file>
         <name>fflush.obj</name>
      </input_file>
      <input_file id="fl-de">
         <path>C:\ti\ccsv6\tools\compiler\ti-cgt-arm_16.6.0.STS\lib\</path>
         <kind>archive</kind>
         <file>rtsv7M3_T_le_eabi.lib</file>
         <name>fs_add_t2.obj</name>
      </input_file>
      <input_file id="fl-df">
         <path>C:\ti\ccsv6\tools\compiler\ti-cgt-arm_16.6.0.STS\lib\</path>
         <kind>archive</kind>
         <file>rtsv7M3_T_le_eabi.lib</file>
         <name>fs_cmp_t2.obj</name>
      </input_file>
      <input_file id="fl-e0">
         <path>C:\ti\ccsv6\tools\compiler\ti-cgt-arm_16.6.0.STS\lib\</path>
         <kind>archive</kind>
         <file>rtsv7M3_T_le_eabi.lib</file>
         <name>fs_div_t2.obj</name>
      </input_file>
      <input_file id="fl-e1">
         <path>C:\ti\ccsv6\tools\compiler\ti-cgt-arm_16.6.0.STS\lib\</path>
         <kind>archive</kind>
         <file>rtsv7M3_T_le_eabi.lib</file>
         <name>fs_mul_t2.obj</name>
      </input_file>
      <input_file id="fl-e2">
         <path>C:\ti\ccsv6\tools\compiler\ti-cgt-arm_16.6.0.STS\lib\</path>
         <kind>archive</kind>
         <file>rtsv7M3_T_le_eabi.lib</file>
         <name>fs_tod_t2.obj</name>
      </input_file>
      <input_file id="fl-e3">
         <path>C:\ti\ccsv6\tools\compiler\ti-cgt-arm_16.6.0.STS\lib\</path>
         <kind>archive</kind>
         <file>rtsv7M3_T_le_eabi.lib</file>
         <name>fs_toi_t2.obj</name>
      </input_file>
      <input_file id="fl-e4">
         <path>C:\ti\ccsv6\tools\compiler\ti-cgt-arm_16.6.0.STS\lib\</path>
         <kind>archive</kind>
         <file>rtsv7M3_T_le_eabi.lib</file>
         <name>fs_tou_t2.obj</name>
      </input_file>
      <input_file id="fl-e5">
         <path>C:\ti\ccsv6\tools\compiler\ti-cgt-arm_16.6.0.STS\lib\</path>
         <kind>archive</kind>
         <file>rtsv7M3_T_le_eabi.lib</file>
         <name>i_tofs_t2.obj</name>
      </input_file>
      <input_file id="fl-e6">
         <path>C:\ti\ccsv6\tools\compiler\ti-cgt-arm_16.6.0.STS\lib\</path>
         <kind>archive</kind>
         <file>rtsv7M3_T_le_eabi.lib</file>
         <name>lowlev.obj</name>
      </input_file>
      <input_file id="fl-e7">
         <path>C:\ti\ccsv6\tools\compiler\ti-cgt-arm_16.6.0.STS\lib\</path>
         <kind>archive</kind>
         <file>rtsv7M3_T_le_eabi.lib</file>
         <name>memcmp.obj</name>
      </input_file>
      <input_file id="fl-e8">
         <path>C:\ti\ccsv6\tools\compiler\ti-cgt-arm_16.6.0.STS\lib\</path>
         <kind>archive</kind>
         <file>rtsv7M3_T_le_eabi.lib</file>
         <name>memcpy_t2.obj</name>
      </input_file>
      <input_file id="fl-e9">
         <path>C:\ti\ccsv6\tools\compiler\ti-cgt-arm_16.6.0.STS\lib\</path>
         <kind>archive</kind>
         <file>rtsv7M3_T_le_eabi.lib</file>
         <name>memory.obj</name>
      </input_file>
      <input_file id="fl-ea">
         <path>C:\ti\ccsv6\tools\compiler\ti-cgt-arm_16.6.0.STS\lib\</path>
         <kind>archive</kind>
         <file>rtsv7M3_T_le_eabi.lib</file>
         <name>memset_t2.obj</name>
      </input_file>
      <input_file id="fl-eb">
         <path>C:\ti\ccsv6\tools\compiler\ti-cgt-arm_16.6.0.STS\lib\</path>
         <kind>archive</kind>
         <file>rtsv7M3_T_le_eabi.lib</file>
         <name>mpu_init.obj</name>
      </input_file>
      <input_file id="fl-ec">
         <path>C:\ti\ccsv6\tools\compiler\ti-cgt-arm_16.6.0.STS\lib\</path>
         <kind>archive</kind>
         <file>rtsv7M3_T_le_eabi.lib</file>
         <name>pre_init.obj</name>
      </input_file>
      <input_file id="fl-ed">
         <path>C:\ti\ccsv6\tools\compiler\ti-cgt-arm_16.6.0.STS\lib\</path>
         <kind>archive</kind>
         <file>rtsv7M3_T_le_eabi.lib</file>
         <name>printf.obj</name>
      </input_file>
      <input_file id="fl-ee">
         <path>C:\ti\ccsv6\tools\compiler\ti-cgt-arm_16.6.0.STS\lib\</path>
         <kind>archive</kind>
         <file>rtsv7M3_T_le_eabi.lib</file>
         <name>sprintf.obj</name>
      </input_file>
      <input_file id="fl-ef">
         <path>C:\ti\ccsv6\tools\compiler\ti-cgt-arm_16.6.0.STS\lib\</path>
         <kind>archive</kind>
         <file>rtsv7M3_T_le_eabi.lib</file>
         <name>stkdepth_vars.obj</name>
      </input_file>
      <input_file id="fl-f0">
         <path>C:\ti\ccsv6\tools\compiler\ti-cgt-arm_16.6.0.STS\lib\</path>
         <kind>archive</kind>
         <file>rtsv7M3_T_le_eabi.lib</file>
         <name>strchr.obj</name>
      </input_file>
      <input_file id="fl-f1">
         <path>C:\ti\ccsv6\tools\compiler\ti-cgt-arm_16.6.0.STS\lib\</path>
         <kind>archive</kind>
         <file>rtsv7M3_T_le_eabi.lib</file>
         <name>strcmp.obj</name>
      </input_file>
      <input_file id="fl-f2">
         <path>C:\ti\ccsv6\tools\compiler\ti-cgt-arm_16.6.0.STS\lib\</path>
         <kind>archive</kind>
         <file>rtsv7M3_T_le_eabi.lib</file>
         <name>strcpy.obj</name>
      </input_file>
      <input_file id="fl-f3">
         <path>C:\ti\ccsv6\tools\compiler\ti-cgt-arm_16.6.0.STS\lib\</path>
         <kind>archive</kind>
         <file>rtsv7M3_T_le_eabi.lib</file>
         <name>strncpy.obj</name>
      </input_file>
      <input_file id="fl-f4">
         <path>C:\ti\ccsv6\tools\compiler\ti-cgt-arm_16.6.0.STS\lib\</path>
         <kind>archive</kind>
         <file>rtsv7M3_T_le_eabi.lib</file>
         <name>strstr.obj</name>
      </input_file>
      <input_file id="fl-f5">
         <path>C:\ti\ccsv6\tools\compiler\ti-cgt-arm_16.6.0.STS\lib\</path>
         <kind>archive</kind>
         <file>rtsv7M3_T_le_eabi.lib</file>
         <name>strtod.obj</name>
      </input_file>
      <input_file id="fl-f6">
         <path>C:\ti\ccsv6\tools\compiler\ti-cgt-arm_16.6.0.STS\lib\</path>
         <kind>archive</kind>
         <file>rtsv7M3_T_le_eabi.lib</file>
         <name>trgdrv.obj</name>
      </input_file>
      <input_file id="fl-f7">
         <path>C:\ti\ccsv6\tools\compiler\ti-cgt-arm_16.6.0.STS\lib\</path>
         <kind>archive</kind>
         <file>rtsv7M3_T_le_eabi.lib</file>
         <name>trgmsg.obj</name>
      </input_file>
      <input_file id="fl-f8">
         <path>C:\ti\ccsv6\tools\compiler\ti-cgt-arm_16.6.0.STS\lib\</path>
         <kind>archive</kind>
         <file>rtsv7M3_T_le_eabi.lib</file>
         <name>u_tofd_t2.obj</name>
      </input_file>
      <input_file id="fl-f9">
         <path>C:\ti\ccsv6\tools\compiler\ti-cgt-arm_16.6.0.STS\lib\</path>
         <kind>archive</kind>
         <file>rtsv7M3_T_le_eabi.lib</file>
         <name>_lock.obj</name>
      </input_file>
      <input_file id="fl-fa">
         <path>C:\ti\ccsv6\tools\compiler\ti-cgt-arm_16.6.0.STS\lib\</path>
         <kind>archive</kind>
         <file>rtsv7M3_T_le_eabi.lib</file>
         <name>_printfi.obj</name>
      </input_file>
      <input_file id="fl-fb">
         <path>C:\ti\ccsv6\tools\compiler\ti-cgt-arm_16.6.0.STS\lib\</path>
         <kind>archive</kind>
         <file>rtsv7M3_T_le_eabi.lib</file>
         <name>args_main.obj</name>
      </input_file>
      <input_file id="fl-fc">
         <path>C:\ti\ccsv6\tools\compiler\ti-cgt-arm_16.6.0.STS\lib\</path>
         <kind>archive</kind>
         <file>rtsv7M3_T_le_eabi.lib</file>
         <name>autoinit.obj</name>
      </input_file>
      <input_file id="fl-fd">
         <path>C:\ti\ccsv6\tools\compiler\ti-cgt-arm_16.6.0.STS\lib\</path>
         <kind>archive</kind>
         <file>rtsv7M3_T_le_eabi.lib</file>
         <name>cpy_tbl.obj</name>
      </input_file>
      <input_file id="fl-fe">
         <path>C:\ti\ccsv6\tools\compiler\ti-cgt-arm_16.6.0.STS\lib\</path>
         <kind>archive</kind>
         <file>rtsv7M3_T_le_eabi.lib</file>
         <name>errno.obj</name>
      </input_file>
      <input_file id="fl-ff">
         <path>C:\ti\ccsv6\tools\compiler\ti-cgt-arm_16.6.0.STS\lib\</path>
         <kind>archive</kind>
         <file>rtsv7M3_T_le_eabi.lib</file>
         <name>fd_add_t2.obj</name>
      </input_file>
      <input_file id="fl-100">
         <path>C:\ti\ccsv6\tools\compiler\ti-cgt-arm_16.6.0.STS\lib\</path>
         <kind>archive</kind>
         <file>rtsv7M3_T_le_eabi.lib</file>
         <name>fd_cmp_t2.obj</name>
      </input_file>
      <input_file id="fl-101">
         <path>C:\ti\ccsv6\tools\compiler\ti-cgt-arm_16.6.0.STS\lib\</path>
         <kind>archive</kind>
         <file>rtsv7M3_T_le_eabi.lib</file>
         <name>fd_toi_t2.obj</name>
      </input_file>
      <input_file id="fl-102">
         <path>C:\ti\ccsv6\tools\compiler\ti-cgt-arm_16.6.0.STS\lib\</path>
         <kind>archive</kind>
         <file>rtsv7M3_T_le_eabi.lib</file>
         <name>fputc.obj</name>
      </input_file>
      <input_file id="fl-103">
         <path>C:\ti\ccsv6\tools\compiler\ti-cgt-arm_16.6.0.STS\lib\</path>
         <kind>archive</kind>
         <file>rtsv7M3_T_le_eabi.lib</file>
         <name>fputs.obj</name>
      </input_file>
      <input_file id="fl-104">
         <path>C:\ti\ccsv6\tools\compiler\ti-cgt-arm_16.6.0.STS\lib\</path>
         <kind>archive</kind>
         <file>rtsv7M3_T_le_eabi.lib</file>
         <name>i_tofd_t2.obj</name>
      </input_file>
      <input_file id="fl-105">
         <path>C:\ti\ccsv6\tools\compiler\ti-cgt-arm_16.6.0.STS\lib\</path>
         <kind>archive</kind>
         <file>rtsv7M3_T_le_eabi.lib</file>
         <name>ltoa.obj</name>
      </input_file>
      <input_file id="fl-106">
         <path>C:\ti\ccsv6\tools\compiler\ti-cgt-arm_16.6.0.STS\lib\</path>
         <kind>archive</kind>
         <file>rtsv7M3_T_le_eabi.lib</file>
         <name>memccpy.obj</name>
      </input_file>
      <input_file id="fl-107">
         <path>C:\ti\ccsv6\tools\compiler\ti-cgt-arm_16.6.0.STS\lib\</path>
         <kind>archive</kind>
         <file>rtsv7M3_T_le_eabi.lib</file>
         <name>memchr.obj</name>
      </input_file>
      <input_file id="fl-108">
         <path>C:\ti\ccsv6\tools\compiler\ti-cgt-arm_16.6.0.STS\lib\</path>
         <kind>archive</kind>
         <file>rtsv7M3_T_le_eabi.lib</file>
         <name>s_frexp.obj</name>
      </input_file>
      <input_file id="fl-109">
         <path>C:\ti\ccsv6\tools\compiler\ti-cgt-arm_16.6.0.STS\lib\</path>
         <kind>archive</kind>
         <file>rtsv7M3_T_le_eabi.lib</file>
         <name>s_scalbn.obj</name>
      </input_file>
      <input_file id="fl-10a">
         <path>C:\ti\ccsv6\tools\compiler\ti-cgt-arm_16.6.0.STS\lib\</path>
         <kind>archive</kind>
         <file>rtsv7M3_T_le_eabi.lib</file>
         <name>startup.obj</name>
      </input_file>
      <input_file id="fl-10b">
         <path>C:\ti\ccsv6\tools\compiler\ti-cgt-arm_16.6.0.STS\lib\</path>
         <kind>archive</kind>
         <file>rtsv7M3_T_le_eabi.lib</file>
         <name>strlen.obj</name>
      </input_file>
      <input_file id="fl-10c">
         <path>C:\ti\ccsv6\tools\compiler\ti-cgt-arm_16.6.0.STS\lib\</path>
         <kind>archive</kind>
         <file>rtsv7M3_T_le_eabi.lib</file>
         <name>ull_div_t2.obj</name>
      </input_file>
      <input_file id="fl-10d">
         <path>C:\ti\ccsv6\tools\compiler\ti-cgt-arm_16.6.0.STS\lib\</path>
         <kind>archive</kind>
         <file>rtsv7M3_T_le_eabi.lib</file>
         <name>_io_perm.obj</name>
      </input_file>
      <input_file id="fl-10e">
         <path>C:\ti\ccsv6\tools\compiler\ti-cgt-arm_16.6.0.STS\lib\</path>
         <kind>archive</kind>
         <file>rtsv7M3_T_le_eabi.lib</file>
         <name>fseek.obj</name>
      </input_file>
      <input_file id="fl-10f">
         <path>C:\ti\ccsv6\tools\compiler\ti-cgt-arm_16.6.0.STS\lib\</path>
         <kind>archive</kind>
         <file>rtsv7M3_T_le_eabi.lib</file>
         <name>s_copysign.obj</name>
      </input_file>
      <input_file id="fl-110">
         <path>C:\ti\ccsv6\tools\compiler\ti-cgt-arm_16.6.0.STS\lib\</path>
         <kind>archive</kind>
         <file>rtsv7M3_T_le_eabi.lib</file>
         <name>setvbuf.obj</name>
      </input_file>
      <input_file id="fl-111">
         <path>C:\ti\ccsv6\tools\compiler\ti-cgt-arm_16.6.0.STS\lib\</path>
         <kind>archive</kind>
         <file>rtsv7M3_T_le_eabi.lib</file>
         <name>fopen.obj</name>
      </input_file>
      <input_file id="fl-112">
         <path>C:\ti\ccsv6\tools\compiler\ti-cgt-arm_16.6.0.STS\lib\</path>
         <kind>archive</kind>
         <file>rtsv7M3_T_le_eabi.lib</file>
         <name>fclose.obj</name>
      </input_file>
      <input_file id="fl-113">
         <path>C:\ti\ccsv6\tools\compiler\ti-cgt-arm_16.6.0.STS\lib\</path>
         <kind>archive</kind>
         <file>rtsv7M3_T_le_eabi.lib</file>
         <name>remove.obj</name>
      </input_file>
      <input_file id="fl-114">
         <path>C:\ti\StellarisWare\driverlib\ccs-cm3\Debug\</path>
         <kind>archive</kind>
         <file>driverlib-cm3.lib</file>
         <name>uart.obj</name>
      </input_file>
      <input_file id="fl-115">
         <path>C:\ti\StellarisWare\driverlib\ccs-cm3\Debug\</path>
         <kind>archive</kind>
         <file>driverlib-cm3.lib</file>
         <name>timer.obj</name>
      </input_file>
      <input_file id="fl-116">
         <path>C:\ti\StellarisWare\driverlib\ccs-cm3\Debug\</path>
         <kind>archive</kind>
         <file>driverlib-cm3.lib</file>
         <name>sysctl.obj</name>
      </input_file>
      <input_file id="fl-117">
         <path>C:\ti\StellarisWare\driverlib\ccs-cm3\Debug\</path>
         <kind>archive</kind>
         <file>driverlib-cm3.lib</file>
         <name>ssi.obj</name>
      </input_file>
      <input_file id="fl-118">
         <path>C:\ti\StellarisWare\driverlib\ccs-cm3\Debug\</path>
         <kind>archive</kind>
         <file>driverlib-cm3.lib</file>
         <name>pwm.obj</name>
      </input_file>
      <input_file id="fl-119">
         <path>C:\ti\StellarisWare\driverlib\ccs-cm3\Debug\</path>
         <kind>archive</kind>
         <file>driverlib-cm3.lib</file>
         <name>interrupt.obj</name>
      </input_file>
      <input_file id="fl-11a">
         <path>C:\ti\StellarisWare\driverlib\ccs-cm3\Debug\</path>
         <kind>archive</kind>
         <file>driverlib-cm3.lib</file>
         <name>gpio.obj</name>
      </input_file>
      <input_file id="fl-11b">
         <path>C:\ti\StellarisWare\driverlib\ccs-cm3\Debug\</path>
         <kind>archive</kind>
         <file>driverlib-cm3.lib</file>
         <name>cpu.obj</name>
      </input_file>
      <input_file id="fl-11c">
         <path>C:\ti\StellarisWare\driverlib\ccs-cm3\Debug\</path>
         <kind>archive</kind>
         <file>driverlib-cm3.lib</file>
         <name>adc.obj</name>
      </input_file>
   </input_file_list>
   <object_component_list>
      <object_component id="oc-e">
         <name>.intvecs</name>
         <load_address>0x0</load_address>
         <run_address>0x0</run_address>
         <size>0xf0</size>
         <input_file_ref idref="fl-e"/>
      </object_component>
      <object_component id="oc-2f9">
         <name>.text</name>
         <load_address>0xf0</load_address>
         <run_address>0xf0</run_address>
         <size>0x1102</size>
         <input_file_ref idref="fl-fa"/>
      </object_component>
      <object_component id="oc-70">
         <name>.text</name>
         <load_address>0x11f2</load_address>
         <run_address>0x11f2</run_address>
         <size>0x2</size>
         <input_file_ref idref="fl-eb"/>
      </object_component>
      <object_component id="oc-9a">
         <name>.text</name>
         <load_address>0x11f4</load_address>
         <run_address>0x11f4</run_address>
         <size>0xc74</size>
         <input_file_ref idref="fl-f"/>
      </object_component>
      <object_component id="oc-d9">
         <name>.text</name>
         <load_address>0x1e68</load_address>
         <run_address>0x1e68</run_address>
         <size>0x8b0</size>
         <input_file_ref idref="fl-5"/>
      </object_component>
      <object_component id="oc-3e">
         <name>.text</name>
         <load_address>0x2718</load_address>
         <run_address>0x2718</run_address>
         <size>0x778</size>
         <input_file_ref idref="fl-a"/>
      </object_component>
      <object_component id="oc-fe">
         <name>.text</name>
         <load_address>0x2e90</load_address>
         <run_address>0x2e90</run_address>
         <size>0x732</size>
         <input_file_ref idref="fl-6"/>
      </object_component>
      <object_component id="oc-b3">
         <name>.text</name>
         <load_address>0x35c2</load_address>
         <run_address>0x35c2</run_address>
         <size>0x614</size>
         <input_file_ref idref="fl-b"/>
      </object_component>
      <object_component id="oc-149">
         <name>.text</name>
         <load_address>0x3bd6</load_address>
         <run_address>0x3bd6</run_address>
         <size>0x2</size>
         <input_file_ref idref="fl-10a"/>
      </object_component>
      <object_component id="oc-1ea">
         <name>.text</name>
         <load_address>0x3bd8</load_address>
         <run_address>0x3bd8</run_address>
         <size>0x510</size>
         <input_file_ref idref="fl-c"/>
      </object_component>
      <object_component id="oc-248">
         <name>.text</name>
         <load_address>0x40e8</load_address>
         <run_address>0x40e8</run_address>
         <size>0x3cc</size>
         <input_file_ref idref="fl-e9"/>
      </object_component>
      <object_component id="oc-b9">
         <name>.text</name>
         <load_address>0x44b4</load_address>
         <run_address>0x44b4</run_address>
         <size>0x3ac</size>
         <input_file_ref idref="fl-7"/>
      </object_component>
      <object_component id="oc-3e0">
         <name>.text</name>
         <load_address>0x4860</load_address>
         <run_address>0x4860</run_address>
         <size>0x23c</size>
         <input_file_ref idref="fl-f5"/>
      </object_component>
      <object_component id="oc-289">
         <name>.text</name>
         <load_address>0x4a9c</load_address>
         <run_address>0x4a9c</run_address>
         <size>0x224</size>
         <input_file_ref idref="fl-d7"/>
      </object_component>
      <object_component id="oc-415">
         <name>.text</name>
         <load_address>0x4cc0</load_address>
         <run_address>0x4cc0</run_address>
         <size>0x1f4</size>
         <input_file_ref idref="fl-10c"/>
      </object_component>
      <object_component id="oc-f4">
         <name>.text:SysCtlClockGet</name>
         <load_address>0x4eb4</load_address>
         <run_address>0x4eb4</run_address>
         <size>0x1d8</size>
         <input_file_ref idref="fl-116"/>
      </object_component>
      <object_component id="oc-18f">
         <name>.text</name>
         <load_address>0x508c</load_address>
         <run_address>0x508c</run_address>
         <size>0x1bc</size>
         <input_file_ref idref="fl-11"/>
      </object_component>
      <object_component id="oc-43a">
         <name>.text</name>
         <load_address>0x5248</load_address>
         <run_address>0x5248</run_address>
         <size>0x1b6</size>
         <input_file_ref idref="fl-ff"/>
      </object_component>
      <object_component id="oc-ee">
         <name>.text</name>
         <load_address>0x5400</load_address>
         <run_address>0x5400</run_address>
         <size>0x1a8</size>
         <input_file_ref idref="fl-d"/>
      </object_component>
      <object_component id="oc-104">
         <name>.text</name>
         <load_address>0x55a8</load_address>
         <run_address>0x55a8</run_address>
         <size>0x15c</size>
         <input_file_ref idref="fl-2"/>
      </object_component>
      <object_component id="oc-f8">
         <name>.text</name>
         <load_address>0x5704</load_address>
         <run_address>0x5704</run_address>
         <size>0x14c</size>
         <input_file_ref idref="fl-3"/>
      </object_component>
      <object_component id="oc-1ca">
         <name>.text:SysCtlClockSet</name>
         <load_address>0x5850</load_address>
         <run_address>0x5850</run_address>
         <size>0x144</size>
         <input_file_ref idref="fl-116"/>
      </object_component>
      <object_component id="oc-2b8">
         <name>.text</name>
         <load_address>0x5994</load_address>
         <run_address>0x5994</run_address>
         <size>0x136</size>
         <input_file_ref idref="fl-d9"/>
      </object_component>
      <object_component id="oc-16d">
         <name>.text</name>
         <load_address>0x5aca</load_address>
         <run_address>0x5aca</run_address>
         <size>0x12e</size>
         <input_file_ref idref="fl-9"/>
      </object_component>
      <object_component id="oc-e8">
         <name>.text</name>
         <load_address>0x5bf8</load_address>
         <run_address>0x5bf8</run_address>
         <size>0x11c</size>
         <input_file_ref idref="fl-4"/>
      </object_component>
      <object_component id="oc-28f">
         <name>.text</name>
         <load_address>0x5d14</load_address>
         <run_address>0x5d14</run_address>
         <size>0xfc</size>
         <input_file_ref idref="fl-da"/>
      </object_component>
      <object_component id="oc-2a9">
         <name>.text</name>
         <load_address>0x5e10</load_address>
         <run_address>0x5e10</run_address>
         <size>0xfa</size>
         <input_file_ref idref="fl-de"/>
      </object_component>
      <object_component id="oc-38">
         <name>.text</name>
         <load_address>0x5f0c</load_address>
         <run_address>0x5f0c</run_address>
         <size>0xe4</size>
         <input_file_ref idref="fl-12"/>
      </object_component>
      <object_component id="oc-445">
         <name>.text</name>
         <load_address>0x5ff0</load_address>
         <run_address>0x5ff0</run_address>
         <size>0xd0</size>
         <input_file_ref idref="fl-109"/>
      </object_component>
      <object_component id="oc-1d2">
         <name>.text:GPIOPadConfigSet</name>
         <load_address>0x60c0</load_address>
         <run_address>0x60c0</run_address>
         <size>0xc8</size>
         <input_file_ref idref="fl-11a"/>
      </object_component>
      <object_component id="oc-33">
         <name>.text</name>
         <load_address>0x6188</load_address>
         <run_address>0x6188</run_address>
         <size>0x9c</size>
         <input_file_ref idref="fl-13"/>
      </object_component>
      <object_component id="oc-58">
         <name>.text</name>
         <load_address>0x6224</load_address>
         <run_address>0x6224</run_address>
         <size>0x9c</size>
         <input_file_ref idref="fl-e8"/>
      </object_component>
      <object_component id="oc-2ae">
         <name>.text</name>
         <load_address>0x62c0</load_address>
         <run_address>0x62c0</run_address>
         <size>0x92</size>
         <input_file_ref idref="fl-e0"/>
      </object_component>
      <object_component id="oc-1c6">
         <name>.text:SysCtlPeripheralReset</name>
         <load_address>0x6354</load_address>
         <run_address>0x6354</run_address>
         <size>0x88</size>
         <input_file_ref idref="fl-116"/>
      </object_component>
      <object_component id="oc-420">
         <name>.text:__aeabi_cdcmple</name>
         <load_address>0x63dc</load_address>
         <run_address>0x63dc</run_address>
         <size>0x86</size>
         <input_file_ref idref="fl-100"/>
      </object_component>
      <object_component id="oc-425">
         <name>.text:__aeabi_cdrcmple</name>
         <load_address>0x6462</load_address>
         <run_address>0x6462</run_address>
         <size>0x86</size>
         <input_file_ref idref="fl-100"/>
      </object_component>
      <object_component id="oc-44">
         <name>.text</name>
         <load_address>0x64e8</load_address>
         <run_address>0x64e8</run_address>
         <size>0x7c</size>
         <input_file_ref idref="fl-8"/>
      </object_component>
      <object_component id="oc-2a4">
         <name>.text</name>
         <load_address>0x6564</load_address>
         <run_address>0x6564</run_address>
         <size>0x7a</size>
         <input_file_ref idref="fl-e1"/>
      </object_component>
      <object_component id="oc-64">
         <name>.text</name>
         <load_address>0x65de</load_address>
         <run_address>0x65de</run_address>
         <size>0x7a</size>
         <input_file_ref idref="fl-ea"/>
      </object_component>
      <object_component id="oc-7c">
         <name>.text</name>
         <load_address>0x6658</load_address>
         <run_address>0x6658</run_address>
         <size>0x70</size>
         <input_file_ref idref="fl-fc"/>
      </object_component>
      <object_component id="oc-27a">
         <name>.text</name>
         <load_address>0x66c8</load_address>
         <run_address>0x66c8</run_address>
         <size>0x6e</size>
         <input_file_ref idref="fl-db"/>
      </object_component>
      <object_component id="oc-1f8">
         <name>.text:ADCSequenceStepConfigure</name>
         <load_address>0x6736</load_address>
         <run_address>0x6736</run_address>
         <size>0x6c</size>
         <input_file_ref idref="fl-11c"/>
      </object_component>
      <object_component id="oc-11">
         <name>.text:decompress:lzss</name>
         <load_address>0x67a2</load_address>
         <run_address>0x67a2</run_address>
         <size>0x66</size>
         <input_file_ref idref="fl-d2"/>
      </object_component>
      <object_component id="oc-1e6">
         <name>.text:IntEnable</name>
         <load_address>0x6808</load_address>
         <run_address>0x6808</run_address>
         <size>0x64</size>
         <input_file_ref idref="fl-119"/>
      </object_component>
      <object_component id="oc-2d7">
         <name>.text:__aeabi_cfrcmple</name>
         <load_address>0x686c</load_address>
         <run_address>0x686c</run_address>
         <size>0x60</size>
         <input_file_ref idref="fl-df"/>
      </object_component>
      <object_component id="oc-10a">
         <name>.text</name>
         <load_address>0x68cc</load_address>
         <run_address>0x68cc</run_address>
         <size>0x60</size>
         <input_file_ref idref="fl-ee"/>
      </object_component>
      <object_component id="oc-43f">
         <name>.text</name>
         <load_address>0x692c</load_address>
         <run_address>0x692c</run_address>
         <size>0x5c</size>
         <input_file_ref idref="fl-108"/>
      </object_component>
      <object_component id="oc-1ce">
         <name>.text:SysCtlPeripheralEnable</name>
         <load_address>0x6988</load_address>
         <run_address>0x6988</run_address>
         <size>0x58</size>
         <input_file_ref idref="fl-116"/>
      </object_component>
      <object_component id="oc-42f">
         <name>.text</name>
         <load_address>0x69e0</load_address>
         <run_address>0x69e0</run_address>
         <size>0x56</size>
         <input_file_ref idref="fl-105"/>
      </object_component>
      <object_component id="oc-88">
         <name>.text</name>
         <load_address>0x6a38</load_address>
         <run_address>0x6a38</run_address>
         <size>0x54</size>
         <input_file_ref idref="fl-d8"/>
      </object_component>
      <object_component id="oc-2c2">
         <name>.text</name>
         <load_address>0x6a8c</load_address>
         <run_address>0x6a8c</run_address>
         <size>0x4c</size>
         <input_file_ref idref="fl-cf"/>
      </object_component>
      <object_component id="oc-299">
         <name>.text</name>
         <load_address>0x6ad8</load_address>
         <run_address>0x6ad8</run_address>
         <size>0x4c</size>
         <input_file_ref idref="fl-d0"/>
      </object_component>
      <object_component id="oc-143">
         <name>.text</name>
         <load_address>0x6b24</load_address>
         <run_address>0x6b24</run_address>
         <size>0x4c</size>
         <input_file_ref idref="fl-fd"/>
      </object_component>
      <object_component id="oc-42a">
         <name>.text</name>
         <load_address>0x6b70</load_address>
         <run_address>0x6b70</run_address>
         <size>0x48</size>
         <input_file_ref idref="fl-101"/>
      </object_component>
      <object_component id="oc-1da">
         <name>.text:GPIOIntTypeSet</name>
         <load_address>0x6bb8</load_address>
         <run_address>0x6bb8</run_address>
         <size>0x44</size>
         <input_file_ref idref="fl-11a"/>
      </object_component>
      <object_component id="oc-391">
         <name>.text:SSIConfigSetExpClk</name>
         <load_address>0x6bfc</load_address>
         <run_address>0x6bfc</run_address>
         <size>0x44</size>
         <input_file_ref idref="fl-117"/>
      </object_component>
      <object_component id="oc-294">
         <name>.text</name>
         <load_address>0x6c40</load_address>
         <run_address>0x6c40</run_address>
         <size>0x44</size>
         <input_file_ref idref="fl-dc"/>
      </object_component>
      <object_component id="oc-224">
         <name>.text:UARTConfigSetExpClk</name>
         <load_address>0x6c84</load_address>
         <run_address>0x6c84</run_address>
         <size>0x42</size>
         <input_file_ref idref="fl-114"/>
      </object_component>
      <object_component id="oc-23">
         <name>.text</name>
         <load_address>0x6cc8</load_address>
         <run_address>0x6cc8</run_address>
         <size>0x40</size>
         <input_file_ref idref="fl-d1"/>
      </object_component>
      <object_component id="oc-284">
         <name>.text</name>
         <load_address>0x6d08</load_address>
         <run_address>0x6d08</run_address>
         <size>0x38</size>
         <input_file_ref idref="fl-e2"/>
      </object_component>
      <object_component id="oc-2b3">
         <name>.text</name>
         <load_address>0x6d40</load_address>
         <run_address>0x6d40</run_address>
         <size>0x38</size>
         <input_file_ref idref="fl-e3"/>
      </object_component>
      <object_component id="oc-29f">
         <name>.text</name>
         <load_address>0x6d78</load_address>
         <run_address>0x6d78</run_address>
         <size>0x38</size>
         <input_file_ref idref="fl-e5"/>
      </object_component>
      <object_component id="oc-188">
         <name>.text</name>
         <load_address>0x6db0</load_address>
         <run_address>0x6db0</run_address>
         <size>0x36</size>
         <input_file_ref idref="fl-f3"/>
      </object_component>
      <object_component id="oc-2c8">
         <name>.text</name>
         <load_address>0x6de6</load_address>
         <run_address>0x6de6</run_address>
         <size>0x36</size>
         <input_file_ref idref="fl-f4"/>
      </object_component>
      <object_component id="oc-27f">
         <name>.text</name>
         <load_address>0x6e1c</load_address>
         <run_address>0x6e1c</run_address>
         <size>0x34</size>
         <input_file_ref idref="fl-e4"/>
      </object_component>
      <object_component id="oc-2ef">
         <name>.text:ADCIntStatus</name>
         <load_address>0x6e50</load_address>
         <run_address>0x6e50</run_address>
         <size>0x2e</size>
         <input_file_ref idref="fl-11c"/>
      </object_component>
      <object_component id="oc-374">
         <name>.text:GPIODirModeSet</name>
         <load_address>0x6e7e</load_address>
         <run_address>0x6e7e</run_address>
         <size>0x2e</size>
         <input_file_ref idref="fl-11a"/>
      </object_component>
      <object_component id="oc-435">
         <name>.text</name>
         <load_address>0x6eac</load_address>
         <run_address>0x6eac</run_address>
         <size>0x2e</size>
         <input_file_ref idref="fl-104"/>
      </object_component>
      <object_component id="oc-1f4">
         <name>.text:ADCSequenceConfigure</name>
         <load_address>0x6eda</load_address>
         <run_address>0x6eda</run_address>
         <size>0x2a</size>
         <input_file_ref idref="fl-11c"/>
      </object_component>
      <object_component id="oc-20c">
         <name>.text:PWMGenConfigure</name>
         <load_address>0x6f04</load_address>
         <run_address>0x6f04</run_address>
         <size>0x28</size>
         <input_file_ref idref="fl-118"/>
      </object_component>
      <object_component id="oc-1e2">
         <name>.text:IntPrioritySet</name>
         <load_address>0x6f2c</load_address>
         <run_address>0x6f2c</run_address>
         <size>0x24</size>
         <input_file_ref idref="fl-119"/>
      </object_component>
      <object_component id="oc-234">
         <name>.text:TimerConfigure</name>
         <load_address>0x6f50</load_address>
         <run_address>0x6f50</run_address>
         <size>0x24</size>
         <input_file_ref idref="fl-115"/>
      </object_component>
      <object_component id="oc-182">
         <name>.text</name>
         <load_address>0x6f74</load_address>
         <run_address>0x6f74</run_address>
         <size>0x24</size>
         <input_file_ref idref="fl-e7"/>
      </object_component>
      <object_component id="oc-2f3">
         <name>.text:ADCSequenceDataGet</name>
         <load_address>0x6f98</load_address>
         <run_address>0x6f98</run_address>
         <size>0x20</size>
         <input_file_ref idref="fl-11c"/>
      </object_component>
      <object_component id="oc-2bd">
         <name>.text</name>
         <load_address>0x6fb8</load_address>
         <run_address>0x6fb8</run_address>
         <size>0x20</size>
         <input_file_ref idref="fl-f8"/>
      </object_component>
      <object_component id="oc-214">
         <name>.text:PWMPulseWidthSet</name>
         <load_address>0x6fd8</load_address>
         <run_address>0x6fd8</run_address>
         <size>0x1e</size>
         <input_file_ref idref="fl-118"/>
      </object_component>
      <object_component id="oc-3c4">
         <name>.text:UARTDisable</name>
         <load_address>0x6ff8</load_address>
         <run_address>0x6ff8</run_address>
         <size>0x1c</size>
         <input_file_ref idref="fl-114"/>
      </object_component>
      <object_component id="oc-44b">
         <name>.text</name>
         <load_address>0x7014</load_address>
         <run_address>0x7014</run_address>
         <size>0x1a</size>
         <input_file_ref idref="fl-106"/>
      </object_component>
      <object_component id="oc-82">
         <name>.text</name>
         <load_address>0x7030</load_address>
         <run_address>0x7030</run_address>
         <size>0x18</size>
         <input_file_ref idref="fl-fb"/>
      </object_component>
      <object_component id="oc-2eb">
         <name>.text:ADCProcessorTrigger</name>
         <load_address>0x7048</load_address>
         <run_address>0x7048</run_address>
         <size>0x16</size>
         <input_file_ref idref="fl-11c"/>
      </object_component>
      <object_component id="oc-21c">
         <name>.text:PWMOutputState</name>
         <load_address>0x705e</load_address>
         <run_address>0x705e</run_address>
         <size>0x16</size>
         <input_file_ref idref="fl-118"/>
      </object_component>
      <object_component id="oc-26e">
         <name>.text</name>
         <load_address>0x7074</load_address>
         <run_address>0x7074</run_address>
         <size>0x16</size>
         <input_file_ref idref="fl-f0"/>
      </object_component>
      <object_component id="oc-c3">
         <name>.text</name>
         <load_address>0x708a</load_address>
         <run_address>0x708a</run_address>
         <size>0x16</size>
         <input_file_ref idref="fl-f2"/>
      </object_component>
      <object_component id="oc-210">
         <name>.text:PWMGenPeriodSet</name>
         <load_address>0x70a0</load_address>
         <run_address>0x70a0</run_address>
         <size>0x14</size>
         <input_file_ref idref="fl-118"/>
      </object_component>
      <object_component id="oc-208">
         <name>.text:SysCtlPWMClockSet</name>
         <load_address>0x70b4</load_address>
         <run_address>0x70b4</run_address>
         <size>0x14</size>
         <input_file_ref idref="fl-116"/>
      </object_component>
      <object_component id="oc-230">
         <name>.text:UARTEnable</name>
         <load_address>0x70c8</load_address>
         <run_address>0x70c8</run_address>
         <size>0x14</size>
         <input_file_ref idref="fl-114"/>
      </object_component>
      <object_component id="oc-326">
         <name>.text</name>
         <load_address>0x70dc</load_address>
         <run_address>0x70dc</run_address>
         <size>0x14</size>
         <input_file_ref idref="fl-f9"/>
      </object_component>
      <object_component id="oc-41a">
         <name>.text</name>
         <load_address>0x70f0</load_address>
         <run_address>0x70f0</run_address>
         <size>0x14</size>
         <input_file_ref idref="fl-10b"/>
      </object_component>
      <object_component id="oc-1f0">
         <name>.text:GPIOPinTypeADC</name>
         <load_address>0x7104</load_address>
         <run_address>0x7104</run_address>
         <size>0x12</size>
         <input_file_ref idref="fl-11a"/>
      </object_component>
      <object_component id="oc-1d6">
         <name>.text:GPIOPinTypeGPIOOutput</name>
         <load_address>0x7116</load_address>
         <run_address>0x7116</run_address>
         <size>0x12</size>
         <input_file_ref idref="fl-11a"/>
      </object_component>
      <object_component id="oc-204">
         <name>.text:GPIOPinTypePWM</name>
         <load_address>0x7128</load_address>
         <run_address>0x7128</run_address>
         <size>0x12</size>
         <input_file_ref idref="fl-11a"/>
      </object_component>
      <object_component id="oc-395">
         <name>.text:GPIOPinTypeSSI</name>
         <load_address>0x713a</load_address>
         <run_address>0x713a</run_address>
         <size>0x12</size>
         <input_file_ref idref="fl-11a"/>
      </object_component>
      <object_component id="oc-220">
         <name>.text:GPIOPinTypeUART</name>
         <load_address>0x714c</load_address>
         <run_address>0x714c</run_address>
         <size>0x12</size>
         <input_file_ref idref="fl-11a"/>
      </object_component>
      <object_component id="oc-39d">
         <name>.text:SSIDataGetNonBlocking</name>
         <load_address>0x715e</load_address>
         <run_address>0x715e</run_address>
         <size>0x12</size>
         <input_file_ref idref="fl-117"/>
      </object_component>
      <object_component id="oc-238">
         <name>.text:TimerLoadSet</name>
         <load_address>0x7170</load_address>
         <run_address>0x7170</run_address>
         <size>0x12</size>
         <input_file_ref idref="fl-115"/>
      </object_component>
      <object_component id="oc-cc">
         <name>.text:UARTCharGetNonBlocking</name>
         <load_address>0x7182</load_address>
         <run_address>0x7182</run_address>
         <size>0x10</size>
         <input_file_ref idref="fl-114"/>
      </object_component>
      <object_component id="oc-1fc">
         <name>.text:ADCSequenceEnable</name>
         <load_address>0x7192</load_address>
         <run_address>0x7192</run_address>
         <size>0xe</size>
         <input_file_ref idref="fl-11c"/>
      </object_component>
      <object_component id="oc-240">
         <name>.text:TimerEnable</name>
         <load_address>0x71a0</load_address>
         <run_address>0x71a0</run_address>
         <size>0xe</size>
         <input_file_ref idref="fl-115"/>
      </object_component>
      <object_component id="oc-17">
         <name>.text:decompress:none</name>
         <load_address>0x71ae</load_address>
         <run_address>0x71ae</run_address>
         <size>0xe</size>
         <input_file_ref idref="fl-d3"/>
      </object_component>
      <object_component id="oc-3d0">
         <name>.text:CPUcpsid</name>
         <load_address>0x71bc</load_address>
         <run_address>0x71bc</run_address>
         <size>0xc</size>
         <input_file_ref idref="fl-11b"/>
      </object_component>
      <object_component id="oc-252">
         <name>.text:CPUcpsie</name>
         <load_address>0x71c8</load_address>
         <run_address>0x71c8</run_address>
         <size>0xc</size>
         <input_file_ref idref="fl-11b"/>
      </object_component>
      <object_component id="oc-1de">
         <name>.text:GPIOPinIntEnable</name>
         <load_address>0x71d4</load_address>
         <run_address>0x71d4</run_address>
         <size>0xc</size>
         <input_file_ref idref="fl-11a"/>
      </object_component>
      <object_component id="oc-d0">
         <name>.text:UARTCharsAvail</name>
         <load_address>0x71e0</load_address>
         <run_address>0x71e0</run_address>
         <size>0xc</size>
         <input_file_ref idref="fl-114"/>
      </object_component>
      <object_component id="oc-1d">
         <name>.text:decompress:ZI</name>
         <load_address>0x71ec</load_address>
         <run_address>0x71ec</run_address>
         <size>0xc</size>
         <input_file_ref idref="fl-d4"/>
      </object_component>
      <object_component id="oc-2d">
         <name>.text</name>
         <load_address>0x71f8</load_address>
         <run_address>0x71f8</run_address>
         <size>0xc</size>
         <input_file_ref idref="fl-e"/>
      </object_component>
      <object_component id="oc-200">
         <name>.text:ADCIntClear</name>
         <load_address>0x7204</load_address>
         <run_address>0x7204</run_address>
         <size>0xa</size>
         <input_file_ref idref="fl-11c"/>
      </object_component>
      <object_component id="oc-244">
         <name>.text:IntMasterDisable</name>
         <load_address>0x720e</load_address>
         <run_address>0x720e</run_address>
         <size>0xa</size>
         <input_file_ref idref="fl-119"/>
      </object_component>
      <object_component id="oc-bf">
         <name>.text:IntMasterEnable</name>
         <load_address>0x7218</load_address>
         <run_address>0x7218</run_address>
         <size>0xa</size>
         <input_file_ref idref="fl-119"/>
      </object_component>
      <object_component id="oc-218">
         <name>.text:PWMGenEnable</name>
         <load_address>0x7222</load_address>
         <run_address>0x7222</run_address>
         <size>0xa</size>
         <input_file_ref idref="fl-118"/>
      </object_component>
      <object_component id="oc-386">
         <name>.text:SSIDataPut</name>
         <load_address>0x722c</load_address>
         <run_address>0x722c</run_address>
         <size>0xa</size>
         <input_file_ref idref="fl-117"/>
      </object_component>
      <object_component id="oc-38d">
         <name>.text:SSIDisable</name>
         <load_address>0x7236</load_address>
         <run_address>0x7236</run_address>
         <size>0xa</size>
         <input_file_ref idref="fl-117"/>
      </object_component>
      <object_component id="oc-399">
         <name>.text:SSIEnable</name>
         <load_address>0x7240</load_address>
         <run_address>0x7240</run_address>
         <size>0xa</size>
         <input_file_ref idref="fl-117"/>
      </object_component>
      <object_component id="oc-2e7">
         <name>.text:UARTCharPut</name>
         <load_address>0x724a</load_address>
         <run_address>0x724a</run_address>
         <size>0xa</size>
         <input_file_ref idref="fl-114"/>
      </object_component>
      <object_component id="oc-22c">
         <name>.text:UARTFIFOEnable</name>
         <load_address>0x7254</load_address>
         <run_address>0x7254</run_address>
         <size>0xa</size>
         <input_file_ref idref="fl-114"/>
      </object_component>
      <object_component id="oc-ab">
         <name>.text:UARTIntStatus</name>
         <load_address>0x725e</load_address>
         <run_address>0x725e</run_address>
         <size>0xa</size>
         <input_file_ref idref="fl-114"/>
      </object_component>
      <object_component id="oc-382">
         <name>.text:SSIBusy</name>
         <load_address>0x7268</load_address>
         <run_address>0x7268</run_address>
         <size>0x8</size>
         <input_file_ref idref="fl-117"/>
      </object_component>
      <object_component id="oc-23c">
         <name>.text:TimerIntEnable</name>
         <load_address>0x7270</load_address>
         <run_address>0x7270</run_address>
         <size>0x8</size>
         <input_file_ref idref="fl-115"/>
      </object_component>
      <object_component id="oc-228">
         <name>.text:UARTIntEnable</name>
         <load_address>0x7278</load_address>
         <run_address>0x7278</run_address>
         <size>0x8</size>
         <input_file_ref idref="fl-114"/>
      </object_component>
      <object_component id="oc-4df">
         <name>.text</name>
         <load_address>0x7280</load_address>
         <run_address>0x7280</run_address>
         <size>0x8</size>
         <input_file_ref idref="fl-10f"/>
      </object_component>
      <object_component id="oc-11c">
         <name>.text:GPIOPinIntClear</name>
         <load_address>0x7288</load_address>
         <run_address>0x7288</run_address>
         <size>0x6</size>
         <input_file_ref idref="fl-11a"/>
      </object_component>
      <object_component id="oc-120">
         <name>.text:GPIOPinRead</name>
         <load_address>0x728e</load_address>
         <run_address>0x728e</run_address>
         <size>0x6</size>
         <input_file_ref idref="fl-11a"/>
      </object_component>
      <object_component id="oc-2e0">
         <name>.text:GPIOPinWrite</name>
         <load_address>0x7294</load_address>
         <run_address>0x7294</run_address>
         <size>0x6</size>
         <input_file_ref idref="fl-11a"/>
      </object_component>
      <object_component id="oc-370">
         <name>.text:SysCtlDelay</name>
         <load_address>0x729a</load_address>
         <run_address>0x729a</run_address>
         <size>0x6</size>
         <input_file_ref idref="fl-116"/>
      </object_component>
      <object_component id="oc-274">
         <name>.text</name>
         <load_address>0x72a0</load_address>
         <run_address>0x72a0</run_address>
         <size>0x6</size>
         <input_file_ref idref="fl-ce"/>
      </object_component>
      <object_component id="oc-124">
         <name>.text:TimerIntClear</name>
         <load_address>0x72a6</load_address>
         <run_address>0x72a6</run_address>
         <size>0x4</size>
         <input_file_ref idref="fl-115"/>
      </object_component>
      <object_component id="oc-af">
         <name>.text:UARTIntClear</name>
         <load_address>0x72aa</load_address>
         <run_address>0x72aa</run_address>
         <size>0x4</size>
         <input_file_ref idref="fl-114"/>
      </object_component>
      <object_component id="oc-76">
         <name>.text</name>
         <load_address>0x72ae</load_address>
         <run_address>0x72ae</run_address>
         <size>0x4</size>
         <input_file_ref idref="fl-ec"/>
      </object_component>
      <object_component id="oc-3ac">
         <name>.const:g_pucFont</name>
         <load_address>0x72b8</load_address>
         <run_address>0x72b8</run_address>
         <size>0x1e0</size>
         <input_file_ref idref="fl-c"/>
      </object_component>
      <object_component id="oc-3f7">
         <name>.const:.string:_ctypes_</name>
         <load_address>0x7498</load_address>
         <run_address>0x7498</run_address>
         <size>0x101</size>
         <input_file_ref idref="fl-d5"/>
      </object_component>
      <object_component id="oc-3a4">
         <name>.const:.string:pucCommand1$1</name>
         <load_address>0x7599</load_address>
         <run_address>0x7599</run_address>
         <size>0x3</size>
         <input_file_ref idref="fl-c"/>
      </object_component>
      <object_component id="oc-37b">
         <name>.const:g_pulRegs</name>
         <load_address>0x759c</load_address>
         <run_address>0x759c</run_address>
         <size>0x9c</size>
         <input_file_ref idref="fl-119"/>
      </object_component>
      <object_component id="oc-4b6">
         <name>.const:$O1$$</name>
         <load_address>0x7638</load_address>
         <run_address>0x7638</run_address>
         <size>0x98</size>
         <input_file_ref idref="fl-f5"/>
      </object_component>
      <object_component id="oc-37f">
         <name>.const</name>
         <load_address>0x76d0</load_address>
         <run_address>0x76d0</run_address>
         <size>0x70</size>
         <input_file_ref idref="fl-119"/>
      </object_component>
      <object_component id="oc-2dd">
         <name>.const:g_pulXtals</name>
         <load_address>0x7740</load_address>
         <run_address>0x7740</run_address>
         <size>0x6c</size>
         <input_file_ref idref="fl-116"/>
      </object_component>
      <object_component id="oc-3af">
         <name>.const:.string:g_pucRIT128x96x4Init</name>
         <load_address>0x77ac</load_address>
         <run_address>0x77ac</run_address>
         <size>0x4f</size>
         <input_file_ref idref="fl-c"/>
      </object_component>
      <object_component id="oc-36c">
         <name>.const</name>
         <load_address>0x77fc</load_address>
         <run_address>0x77fc</run_address>
         <size>0x40</size>
         <input_file_ref idref="fl-116"/>
      </object_component>
      <object_component id="oc-18e">
         <name>.const:.string:ucExpectedStackBytes$1</name>
         <load_address>0x783c</load_address>
         <run_address>0x783c</run_address>
         <size>0x14</size>
         <input_file_ref idref="fl-f"/>
      </object_component>
      <object_component id="oc-3eb">
         <name>.const:Zero</name>
         <load_address>0x7850</load_address>
         <run_address>0x7850</run_address>
         <size>0x10</size>
         <input_file_ref idref="fl-d7"/>
      </object_component>
      <object_component id="oc-3a5">
         <name>.const:.string:pucCommand2$2</name>
         <load_address>0x7860</load_address>
         <run_address>0x7860</run_address>
         <size>0x3</size>
         <input_file_ref idref="fl-c"/>
      </object_component>
      <object_component id="oc-3a6">
         <name>.const:.string:g_pucRIT128x96x4HorizontalInc</name>
         <load_address>0x7863</load_address>
         <run_address>0x7863</run_address>
         <size>0x2</size>
         <input_file_ref idref="fl-c"/>
      </object_component>
      <object_component id="oc-3a9">
         <name>.const:.string:g_pucRIT128x96x4VerticalInc</name>
         <load_address>0x7865</load_address>
         <run_address>0x7865</run_address>
         <size>0x2</size>
         <input_file_ref idref="fl-c"/>
      </object_component>
      <object_component id="oc-3b2">
         <name>.const:.string:pucCommand1$3</name>
         <load_address>0x7867</load_address>
         <run_address>0x7867</run_address>
         <size>0x2</size>
         <input_file_ref idref="fl-c"/>
      </object_component>
      <object_component id="oc-35a">
         <name>.const</name>
         <load_address>0x786a</load_address>
         <run_address>0x786a</run_address>
         <size>0x2</size>
         <input_file_ref idref="fl-11"/>
      </object_component>
      <object_component id="oc-525">
         <name>.cinit..data.load</name>
         <load_address>0x7870</load_address>
         <run_address>0x7870</run_address>
         <size>0x24</size>
      </object_component>
      <object_component id="oc-523">
         <name>__TI_handler_table</name>
         <load_address>0x7894</load_address>
         <run_address>0x7894</run_address>
         <size>0xc</size>
      </object_component>
      <object_component id="oc-526">
         <name>.cinit..bss.load</name>
         <load_address>0x78a0</load_address>
         <run_address>0x78a0</run_address>
         <size>0x8</size>
      </object_component>
      <object_component id="oc-524">
         <name>__TI_cinit_table</name>
         <load_address>0x78a8</load_address>
         <run_address>0x78a8</run_address>
         <size>0x10</size>
      </object_component>
      <object_component id="oc-97">
         <name>.data</name>
         <load_address>0x20004938</load_address>
         <run_address>0x20004938</run_address>
         <size>0x30</size>
         <input_file_ref idref="fl-f"/>
      </object_component>
      <object_component id="oc-34e">
         <name>.data</name>
         <load_address>0x20004988</load_address>
         <run_address>0x20004988</run_address>
         <size>0x8</size>
         <input_file_ref idref="fl-11"/>
      </object_component>
      <object_component id="oc-a1">
         <name>.data</name>
         <load_address>0x20004990</load_address>
         <run_address>0x20004990</run_address>
         <size>0x4</size>
         <input_file_ref idref="fl-12"/>
      </object_component>
      <object_component id="oc-153">
         <name>.data:$O1$$</name>
         <load_address>0x20004968</load_address>
         <run_address>0x20004968</run_address>
         <size>0xc</size>
         <input_file_ref idref="fl-d8"/>
      </object_component>
      <object_component id="oc-3d5">
         <name>.data:$O1$$</name>
         <load_address>0x20004974</load_address>
         <run_address>0x20004974</run_address>
         <size>0xc</size>
         <input_file_ref idref="fl-e9"/>
      </object_component>
      <object_component id="oc-8e">
         <name>.data</name>
         <load_address>0x20004998</load_address>
         <run_address>0x20004998</run_address>
         <size>0x4</size>
         <input_file_ref idref="fl-ef"/>
      </object_component>
      <object_component id="oc-156">
         <name>.data:$O1$$</name>
         <load_address>0x20004980</load_address>
         <run_address>0x20004980</run_address>
         <size>0x8</size>
         <input_file_ref idref="fl-f9"/>
      </object_component>
      <object_component id="oc-4b9">
         <name>.data</name>
         <load_address>0x20004994</load_address>
         <run_address>0x20004994</run_address>
         <size>0x4</size>
         <input_file_ref idref="fl-fe"/>
      </object_component>
      <object_component id="oc-38a">
         <name>.bss</name>
         <uninitialized>true</uninitialized>
         <run_address>0x200028fc</run_address>
         <size>0x4</size>
         <input_file_ref idref="fl-c"/>
      </object_component>
      <object_component id="oc-3a1">
         <name>.bss:g_pucBuffer</name>
         <uninitialized>true</uninitialized>
         <run_address>0x200028dc</run_address>
         <size>0x8</size>
         <input_file_ref idref="fl-c"/>
      </object_component>
      <object_component id="oc-173">
         <name>.bss:pxReadyTasksLists</name>
         <uninitialized>true</uninitialized>
         <run_address>0x20002800</run_address>
         <size>0x64</size>
         <input_file_ref idref="fl-f"/>
      </object_component>
      <object_component id="oc-195">
         <name>.bss:xDelayedTaskList1</name>
         <uninitialized>true</uninitialized>
         <run_address>0x20002864</run_address>
         <size>0x14</size>
         <input_file_ref idref="fl-f"/>
      </object_component>
      <object_component id="oc-198">
         <name>.bss:xDelayedTaskList2</name>
         <uninitialized>true</uninitialized>
         <run_address>0x20002878</run_address>
         <size>0x14</size>
         <input_file_ref idref="fl-f"/>
      </object_component>
      <object_component id="oc-179">
         <name>.bss</name>
         <uninitialized>true</uninitialized>
         <run_address>0x200028e4</run_address>
         <size>0x8</size>
         <input_file_ref idref="fl-f"/>
      </object_component>
      <object_component id="oc-17f">
         <name>.bss:xPendingReadyList</name>
         <uninitialized>true</uninitialized>
         <run_address>0x2000288c</run_address>
         <size>0x14</size>
         <input_file_ref idref="fl-f"/>
      </object_component>
      <object_component id="oc-176">
         <name>.bss:xTasksWaitingTermination</name>
         <uninitialized>true</uninitialized>
         <run_address>0x200028b4</run_address>
         <size>0x14</size>
         <input_file_ref idref="fl-f"/>
      </object_component>
      <object_component id="oc-17c">
         <name>.bss:xSuspendedTaskList</name>
         <uninitialized>true</uninitialized>
         <run_address>0x200028a0</run_address>
         <size>0x14</size>
         <input_file_ref idref="fl-f"/>
      </object_component>
      <object_component id="oc-354">
         <name>.bss:xHeap</name>
         <uninitialized>true</uninitialized>
         <run_address>0x20000000</run_address>
         <size>0x2800</size>
         <input_file_ref idref="fl-11"/>
      </object_component>
      <object_component id="oc-351">
         <name>.bss:xStart</name>
         <uninitialized>true</uninitialized>
         <run_address>0x200028f4</run_address>
         <size>0x8</size>
         <input_file_ref idref="fl-11"/>
      </object_component>
      <object_component id="oc-357">
         <name>.bss:xEnd</name>
         <uninitialized>true</uninitialized>
         <run_address>0x200028ec</run_address>
         <size>0x8</size>
         <input_file_ref idref="fl-11"/>
      </object_component>
      <object_component id="oc-24e">
         <name>.common:period</name>
         <uninitialized>true</uninitialized>
         <run_address>0x20002900</run_address>
         <size>0x4</size>
      </object_component>
      <object_component id="oc-d5">
         <name>.common:xBinarySemaphoreEncoder_1</name>
         <uninitialized>true</uninitialized>
         <run_address>0x20002904</run_address>
         <size>0x4</size>
      </object_component>
      <object_component id="oc-e6">
         <name>.common:xEncoder_raw_DATA</name>
         <uninitialized>true</uninitialized>
         <run_address>0x20002918</run_address>
         <size>0x4</size>
      </object_component>
      <object_component id="oc-110">
         <name>.common:acc_time</name>
         <uninitialized>true</uninitialized>
         <run_address>0x200028c8</run_address>
         <size>0x14</size>
      </object_component>
      <object_component id="oc-c9">
         <name>.common:xBinarySemaphoreGPS</name>
         <uninitialized>true</uninitialized>
         <run_address>0x2000290c</run_address>
         <size>0x4</size>
      </object_component>
      <object_component id="oc-d4">
         <name>.common:xBinarySemaphoreGPSchar</name>
         <uninitialized>true</uninitialized>
         <run_address>0x20002910</run_address>
         <size>0x4</size>
      </object_component>
      <object_component id="oc-df">
         <name>.common:xBinarySemaphoreFilter</name>
         <uninitialized>true</uninitialized>
         <run_address>0x20002908</run_address>
         <size>0x4</size>
      </object_component>
      <object_component id="oc-e0">
         <name>.common:xQueueGPSDATA</name>
         <uninitialized>true</uninitialized>
         <run_address>0x2000292c</run_address>
         <size>0x4</size>
      </object_component>
      <object_component id="oc-d8">
         <name>.common:xQueueButtons</name>
         <uninitialized>true</uninitialized>
         <run_address>0x20002928</run_address>
         <size>0x4</size>
      </object_component>
      <object_component id="oc-e1">
         <name>.common:xQueueSpeed</name>
         <uninitialized>true</uninitialized>
         <run_address>0x20002930</run_address>
         <size>0x4</size>
      </object_component>
      <object_component id="oc-e2">
         <name>.common:xQueueBuffedSpeed</name>
         <uninitialized>true</uninitialized>
         <run_address>0x20002924</run_address>
         <size>0x4</size>
      </object_component>
      <object_component id="oc-e3">
         <name>.common:xEncoder_1</name>
         <uninitialized>true</uninitialized>
         <run_address>0x20002914</run_address>
         <size>0x4</size>
      </object_component>
      <object_component id="oc-e4">
         <name>.common:xPWM_DATA</name>
         <uninitialized>true</uninitialized>
         <run_address>0x2000291c</run_address>
         <size>0x4</size>
      </object_component>
      <object_component id="oc-e5">
         <name>.common:xPWM_speed_DATA</name>
         <uninitialized>true</uninitialized>
         <run_address>0x20002920</run_address>
         <size>0x4</size>
      </object_component>
      <object_component id="oc-e7">
         <name>.common:xUART_GPS_DATA</name>
         <uninitialized>true</uninitialized>
         <run_address>0x20002934</run_address>
         <size>0x4</size>
      </object_component>
      <object_component id="oc-2a">
         <name>.sysmem</name>
         <uninitialized>true</uninitialized>
         <run_address>0x20003938</run_address>
         <size>0x8</size>
         <input_file_ref idref="fl-e9"/>
      </object_component>
      <object_component id="oc-528">
         <name>.sysmem</name>
         <uninitialized>true</uninitialized>
         <run_address>0x20003938</run_address>
         <size>0x0</size>
      </object_component>
      <object_component id="oc-29">
         <name>.stack</name>
         <uninitialized>true</uninitialized>
         <run_address>0x20002938</run_address>
         <size>0x0</size>
         <input_file_ref idref="fl-d1"/>
      </object_component>
      <object_component id="oc-527">
         <name>.stack</name>
         <uninitialized>true</uninitialized>
         <run_address>0x20002938</run_address>
         <size>0x0</size>
      </object_component>
      <object_component id="oc-2f8">
         <name>.debug_info</name>
         <load_address>0x0</load_address>
         <run_address>0x0</run_address>
         <size>0x1fc</size>
         <input_file_ref idref="fl-2"/>
      </object_component>
      <object_component id="oc-105">
         <name>.debug_info</name>
         <load_address>0x1fc</load_address>
         <run_address>0x1fc</run_address>
         <size>0x322</size>
         <input_file_ref idref="fl-2"/>
      </object_component>
      <object_component id="oc-339">
         <name>.debug_info</name>
         <load_address>0x51e</load_address>
         <run_address>0x51e</run_address>
         <size>0xc8</size>
         <input_file_ref idref="fl-2"/>
      </object_component>
      <object_component id="oc-53">
         <name>.debug_info</name>
         <load_address>0x5e6</load_address>
         <run_address>0x5e6</run_address>
         <size>0x84</size>
         <input_file_ref idref="fl-2"/>
      </object_component>
      <object_component id="oc-2d1">
         <name>.debug_info</name>
         <load_address>0x66a</load_address>
         <run_address>0x66a</run_address>
         <size>0x18b</size>
         <input_file_ref idref="fl-2"/>
      </object_component>
      <object_component id="oc-265">
         <name>.debug_info</name>
         <load_address>0x7f5</load_address>
         <run_address>0x7f5</run_address>
         <size>0x2c</size>
         <input_file_ref idref="fl-2"/>
      </object_component>
      <object_component id="oc-301">
         <name>.debug_info</name>
         <load_address>0x821</load_address>
         <run_address>0x821</run_address>
         <size>0x4e</size>
         <input_file_ref idref="fl-2"/>
      </object_component>
      <object_component id="oc-306">
         <name>.debug_info</name>
         <load_address>0x86f</load_address>
         <run_address>0x86f</run_address>
         <size>0x1bf</size>
         <input_file_ref idref="fl-3"/>
      </object_component>
      <object_component id="oc-f9">
         <name>.debug_info</name>
         <load_address>0xa2e</load_address>
         <run_address>0xa2e</run_address>
         <size>0x471</size>
         <input_file_ref idref="fl-3"/>
      </object_component>
      <object_component id="oc-117">
         <name>.debug_info</name>
         <load_address>0xe9f</load_address>
         <run_address>0xe9f</run_address>
         <size>0x5ad</size>
         <input_file_ref idref="fl-3"/>
      </object_component>
      <object_component id="oc-112">
         <name>.debug_info</name>
         <load_address>0x144c</load_address>
         <run_address>0x144c</run_address>
         <size>0x8b</size>
         <input_file_ref idref="fl-3"/>
      </object_component>
      <object_component id="oc-ea">
         <name>.debug_info</name>
         <load_address>0x14d7</load_address>
         <run_address>0x14d7</run_address>
         <size>0x327</size>
         <input_file_ref idref="fl-4"/>
      </object_component>
      <object_component id="oc-2cf">
         <name>.debug_info</name>
         <load_address>0x17fe</load_address>
         <run_address>0x17fe</run_address>
         <size>0x2a5</size>
         <input_file_ref idref="fl-5"/>
      </object_component>
      <object_component id="oc-da">
         <name>.debug_info</name>
         <load_address>0x1aa3</load_address>
         <run_address>0x1aa3</run_address>
         <size>0xeaa</size>
         <input_file_ref idref="fl-5"/>
      </object_component>
      <object_component id="oc-2e6">
         <name>.debug_info</name>
         <load_address>0x294d</load_address>
         <run_address>0x294d</run_address>
         <size>0x191</size>
         <input_file_ref idref="fl-6"/>
      </object_component>
      <object_component id="oc-102">
         <name>.debug_info</name>
         <load_address>0x2ade</load_address>
         <run_address>0x2ade</run_address>
         <size>0x149b</size>
         <input_file_ref idref="fl-6"/>
      </object_component>
      <object_component id="oc-24f">
         <name>.debug_info</name>
         <load_address>0x3f79</load_address>
         <run_address>0x3f79</run_address>
         <size>0x85c</size>
         <input_file_ref idref="fl-7"/>
      </object_component>
      <object_component id="oc-bb">
         <name>.debug_info</name>
         <load_address>0x47d5</load_address>
         <run_address>0x47d5</run_address>
         <size>0xd0b</size>
         <input_file_ref idref="fl-7"/>
      </object_component>
      <object_component id="oc-1c1">
         <name>.debug_info</name>
         <load_address>0x54e0</load_address>
         <run_address>0x54e0</run_address>
         <size>0x110</size>
         <input_file_ref idref="fl-7"/>
      </object_component>
      <object_component id="oc-d6">
         <name>.debug_info</name>
         <load_address>0x55f0</load_address>
         <run_address>0x55f0</run_address>
         <size>0x2c6</size>
         <input_file_ref idref="fl-8"/>
      </object_component>
      <object_component id="oc-46">
         <name>.debug_info</name>
         <load_address>0x58b6</load_address>
         <run_address>0x58b6</run_address>
         <size>0x303</size>
         <input_file_ref idref="fl-8"/>
      </object_component>
      <object_component id="oc-260">
         <name>.debug_info</name>
         <load_address>0x5bb9</load_address>
         <run_address>0x5bb9</run_address>
         <size>0x2c</size>
         <input_file_ref idref="fl-8"/>
      </object_component>
      <object_component id="oc-25b">
         <name>.debug_info</name>
         <load_address>0x5be5</load_address>
         <run_address>0x5be5</run_address>
         <size>0x2c</size>
         <input_file_ref idref="fl-8"/>
      </object_component>
      <object_component id="oc-a6">
         <name>.debug_info</name>
         <load_address>0x5c11</load_address>
         <run_address>0x5c11</run_address>
         <size>0x2c</size>
         <input_file_ref idref="fl-8"/>
      </object_component>
      <object_component id="oc-1a1">
         <name>.debug_info</name>
         <load_address>0x5c3d</load_address>
         <run_address>0x5c3d</run_address>
         <size>0x2c</size>
         <input_file_ref idref="fl-8"/>
      </object_component>
      <object_component id="oc-33f">
         <name>.debug_info</name>
         <load_address>0x5c69</load_address>
         <run_address>0x5c69</run_address>
         <size>0x13a</size>
         <input_file_ref idref="fl-9"/>
      </object_component>
      <object_component id="oc-170">
         <name>.debug_info</name>
         <load_address>0x5da3</load_address>
         <run_address>0x5da3</run_address>
         <size>0x442</size>
         <input_file_ref idref="fl-9"/>
      </object_component>
      <object_component id="oc-1aa">
         <name>.debug_info</name>
         <load_address>0x61e5</load_address>
         <run_address>0x61e5</run_address>
         <size>0x14c</size>
         <input_file_ref idref="fl-9"/>
      </object_component>
      <object_component id="oc-ca">
         <name>.debug_info</name>
         <load_address>0x6331</load_address>
         <run_address>0x6331</run_address>
         <size>0xb35</size>
         <input_file_ref idref="fl-a"/>
      </object_component>
      <object_component id="oc-3f">
         <name>.debug_info</name>
         <load_address>0x6e66</load_address>
         <run_address>0x6e66</run_address>
         <size>0x12b1</size>
         <input_file_ref idref="fl-a"/>
      </object_component>
      <object_component id="oc-19c">
         <name>.debug_info</name>
         <load_address>0x8117</load_address>
         <run_address>0x8117</run_address>
         <size>0x16d</size>
         <input_file_ref idref="fl-a"/>
      </object_component>
      <object_component id="oc-13a">
         <name>.debug_info</name>
         <load_address>0x8284</load_address>
         <run_address>0x8284</run_address>
         <size>0x2c</size>
         <input_file_ref idref="fl-a"/>
      </object_component>
      <object_component id="oc-1c0">
         <name>.debug_info</name>
         <load_address>0x82b0</load_address>
         <run_address>0x82b0</run_address>
         <size>0x59b</size>
         <input_file_ref idref="fl-b"/>
      </object_component>
      <object_component id="oc-b6">
         <name>.debug_info</name>
         <load_address>0x884b</load_address>
         <run_address>0x884b</run_address>
         <size>0x18f8</size>
         <input_file_ref idref="fl-b"/>
      </object_component>
      <object_component id="oc-1bb">
         <name>.debug_info</name>
         <load_address>0xa143</load_address>
         <run_address>0xa143</run_address>
         <size>0x123</size>
         <input_file_ref idref="fl-b"/>
      </object_component>
      <object_component id="oc-367">
         <name>.debug_info</name>
         <load_address>0xa266</load_address>
         <run_address>0xa266</run_address>
         <size>0xcc</size>
         <input_file_ref idref="fl-b"/>
      </object_component>
      <object_component id="oc-3b4">
         <name>.debug_info</name>
         <load_address>0xa332</load_address>
         <run_address>0xa332</run_address>
         <size>0x3af</size>
         <input_file_ref idref="fl-c"/>
      </object_component>
      <object_component id="oc-38b">
         <name>.debug_info</name>
         <load_address>0xa6e1</load_address>
         <run_address>0xa6e1</run_address>
         <size>0xe1</size>
         <input_file_ref idref="fl-c"/>
      </object_component>
      <object_component id="oc-3a2">
         <name>.debug_info</name>
         <load_address>0xa7c2</load_address>
         <run_address>0xa7c2</run_address>
         <size>0xdf</size>
         <input_file_ref idref="fl-c"/>
      </object_component>
      <object_component id="oc-3aa">
         <name>.debug_info</name>
         <load_address>0xa8a1</load_address>
         <run_address>0xa8a1</run_address>
         <size>0xff</size>
         <input_file_ref idref="fl-c"/>
      </object_component>
      <object_component id="oc-3a7">
         <name>.debug_info</name>
         <load_address>0xa9a0</load_address>
         <run_address>0xa9a0</run_address>
         <size>0x103</size>
         <input_file_ref idref="fl-c"/>
      </object_component>
      <object_component id="oc-3ad">
         <name>.debug_info</name>
         <load_address>0xaaa3</load_address>
         <run_address>0xaaa3</run_address>
         <size>0xdb</size>
         <input_file_ref idref="fl-c"/>
      </object_component>
      <object_component id="oc-3b0">
         <name>.debug_info</name>
         <load_address>0xab7e</load_address>
         <run_address>0xab7e</run_address>
         <size>0xf1</size>
         <input_file_ref idref="fl-c"/>
      </object_component>
      <object_component id="oc-1ed">
         <name>.debug_info</name>
         <load_address>0xac6f</load_address>
         <run_address>0xac6f</run_address>
         <size>0xc13</size>
         <input_file_ref idref="fl-c"/>
[...]
         <name>__aeabi_fsub</name>
         <value>0x5e11</value>
         <object_component_ref idref="oc-2a9"/>
      </symbol>
      <symbol id="sm-6e6">
         <name>__aeabi_cfrcmple</name>
         <value>0x686d</value>
         <object_component_ref idref="oc-2d7"/>
      </symbol>
      <symbol id="sm-6f3">
         <name>__aeabi_fdiv</name>
         <value>0x62c1</value>
         <object_component_ref idref="oc-2ae"/>
      </symbol>
      <symbol id="sm-6fd">
         <name>__aeabi_fmul</name>
         <value>0x6565</value>
         <object_component_ref idref="oc-2a4"/>
      </symbol>
      <symbol id="sm-708">
         <name>__aeabi_f2d</name>
         <value>0x6d09</value>
         <object_component_ref idref="oc-284"/>
      </symbol>
      <symbol id="sm-712">
         <name>__aeabi_f2iz</name>
         <value>0x6d41</value>
         <object_component_ref idref="oc-2b3"/>
      </symbol>
      <symbol id="sm-71d">
         <name>__aeabi_f2uiz</name>
         <value>0x6e1d</value>
         <object_component_ref idref="oc-27f"/>
      </symbol>
      <symbol id="sm-728">
         <name>__aeabi_i2f</name>
         <value>0x6d79</value>
         <object_component_ref idref="oc-29f"/>
      </symbol>
      <symbol id="sm-73e">
         <name>memcmp</name>
         <value>0x6f75</value>
         <object_component_ref idref="oc-182"/>
      </symbol>
      <symbol id="sm-759">
         <name>memcpy</name>
         <value>0x6225</value>
         <object_component_ref idref="oc-58"/>
      </symbol>
      <symbol id="sm-75a">
         <name>__aeabi_memcpy</name>
         <value>0x6225</value>
         <object_component_ref idref="oc-58"/>
      </symbol>
      <symbol id="sm-75b">
         <name>__aeabi_memcpy8</name>
         <value>0x6225</value>
         <object_component_ref idref="oc-58"/>
      </symbol>
      <symbol id="sm-75c">
         <name>__aeabi_memcpy4</name>
         <value>0x6225</value>
         <object_component_ref idref="oc-58"/>
      </symbol>
      <symbol id="sm-7d0">
         <name>_sys_memory</name>
         <value>0x20003938</value>
         <object_component_ref idref="oc-2a"/>
      </symbol>
      <symbol id="sm-7d1">
         <name>free</name>
         <value>0x41d3</value>
         <object_component_ref idref="oc-248"/>
      </symbol>
      <symbol id="sm-7d2">
         <name>realloc</name>
         <value>0x4295</value>
         <object_component_ref idref="oc-248"/>
      </symbol>
      <symbol id="sm-7d3">
         <name>memalign</name>
         <value>0x439d</value>
         <object_component_ref idref="oc-248"/>
      </symbol>
      <symbol id="sm-7d4">
         <name>calloc</name>
         <value>0x4487</value>
         <object_component_ref idref="oc-248"/>
      </symbol>
      <symbol id="sm-7d5">
         <name>malloc</name>
         <value>0x4169</value>
         <object_component_ref idref="oc-248"/>
      </symbol>
      <symbol id="sm-7d6">
         <name>minit</name>
         <value>0x40e9</value>
         <object_component_ref idref="oc-248"/>
      </symbol>
      <symbol id="sm-7e5">
         <name>__aeabi_memset</name>
         <value>0x65e1</value>
         <object_component_ref idref="oc-64"/>
      </symbol>
      <symbol id="sm-7e6">
         <name>memset</name>
         <value>0x65e7</value>
         <object_component_ref idref="oc-64"/>
      </symbol>
      <symbol id="sm-7e7">
         <name>__aeabi_memset8</name>
         <value>0x65e1</value>
         <object_component_ref idref="oc-64"/>
      </symbol>
      <symbol id="sm-7e8">
         <name>__aeabi_memset4</name>
         <value>0x65e1</value>
         <object_component_ref idref="oc-64"/>
      </symbol>
      <symbol id="sm-7e9">
         <name>__aeabi_memclr8</name>
         <value>0x65df</value>
         <object_component_ref idref="oc-64"/>
      </symbol>
      <symbol id="sm-7ea">
         <name>__aeabi_memclr4</name>
         <value>0x65df</value>
         <object_component_ref idref="oc-64"/>
      </symbol>
      <symbol id="sm-7eb">
         <name>__aeabi_memclr</name>
         <value>0x65df</value>
         <object_component_ref idref="oc-64"/>
      </symbol>
      <symbol id="sm-7f5">
         <name>__mpu_init</name>
         <value>0x11f3</value>
         <object_component_ref idref="oc-70"/>
      </symbol>
      <symbol id="sm-7ff">
         <name>_system_pre_init</name>
         <value>0x72af</value>
         <object_component_ref idref="oc-76"/>
      </symbol>
      <symbol id="sm-814">
         <name>sprintf</name>
         <value>0x68cd</value>
         <object_component_ref idref="oc-10a"/>
      </symbol>
      <symbol id="sm-81c">
         <name>main_func_sp</name>
         <value>0x20004998</value>
         <object_component_ref idref="oc-8e"/>
      </symbol>
      <symbol id="sm-82c">
         <name>strchr</name>
         <value>0x7075</value>
         <object_component_ref idref="oc-26e"/>
      </symbol>
      <symbol id="sm-83b">
         <name>strcpy</name>
         <value>0x708b</value>
         <object_component_ref idref="oc-c3"/>
      </symbol>
      <symbol id="sm-84b">
         <name>strncpy</name>
         <value>0x6db1</value>
         <object_component_ref idref="oc-188"/>
      </symbol>
      <symbol id="sm-85e">
         <name>strstr</name>
         <value>0x6de7</value>
         <object_component_ref idref="oc-2c8"/>
      </symbol>
      <symbol id="sm-89b">
         <name>strtold</name>
         <value>0x4861</value>
         <object_component_ref idref="oc-3e0"/>
      </symbol>
      <symbol id="sm-89c">
         <name>strtod</name>
         <value>0x4861</value>
         <object_component_ref idref="oc-3e0"/>
      </symbol>
      <symbol id="sm-8a8">
         <name>__aeabi_ui2d</name>
         <value>0x6fb9</value>
         <object_component_ref idref="oc-2bd"/>
      </symbol>
      <symbol id="sm-8c1">
         <name>_nop</name>
         <value>0x70eb</value>
         <object_component_ref idref="oc-326"/>
      </symbol>
      <symbol id="sm-8c2">
         <name>_lock</name>
         <value>0x20004980</value>
         <object_component_ref idref="oc-156"/>
      </symbol>
      <symbol id="sm-8c3">
         <name>_unlock</name>
         <value>0x20004984</value>
         <object_component_ref idref="oc-156"/>
      </symbol>
      <symbol id="sm-8c4">
         <name>_register_lock</name>
         <value>0x70e3</value>
         <object_component_ref idref="oc-326"/>
      </symbol>
      <symbol id="sm-8c5">
         <name>_register_unlock</name>
         <value>0x70dd</value>
         <object_component_ref idref="oc-326"/>
      </symbol>
      <symbol id="sm-9c6">
         <name>__TI_printfi</name>
         <value>0x91d</value>
         <object_component_ref idref="oc-2f9"/>
      </symbol>
      <symbol id="sm-9da">
         <name>_args_main</name>
         <value>0x7031</value>
         <object_component_ref idref="oc-82"/>
      </symbol>
      <symbol id="sm-9ff">
         <name>__TI_auto_init</name>
         <value>0x6659</value>
         <object_component_ref idref="oc-7c"/>
      </symbol>
      <symbol id="sm-a19">
         <name>copy_in</name>
         <value>0x6b25</value>
         <object_component_ref idref="oc-143"/>
      </symbol>
      <symbol id="sm-a21">
         <name>errno</name>
         <value>0x20004994</value>
         <object_component_ref idref="oc-4b9"/>
      </symbol>
      <symbol id="sm-a38">
         <name>__aeabi_dsub</name>
         <value>0x5249</value>
         <object_component_ref idref="oc-43a"/>
      </symbol>
      <symbol id="sm-a39">
         <name>__aeabi_dadd</name>
         <value>0x5253</value>
         <object_component_ref idref="oc-43a"/>
      </symbol>
      <symbol id="sm-a5b">
         <name>__aeabi_cdcmpeq</name>
         <value>0x63dd</value>
         <object_component_ref idref="oc-420"/>
      </symbol>
      <symbol id="sm-a5c">
         <name>__aeabi_cdcmple</name>
         <value>0x63dd</value>
         <object_component_ref idref="oc-420"/>
      </symbol>
      <symbol id="sm-a5d">
         <name>__aeabi_cdrcmple</name>
         <value>0x6463</value>
         <object_component_ref idref="oc-425"/>
      </symbol>
      <symbol id="sm-a67">
         <name>__aeabi_d2iz</name>
         <value>0x6b71</value>
         <object_component_ref idref="oc-42a"/>
      </symbol>
      <symbol id="sm-a73">
         <name>__aeabi_i2d</name>
         <value>0x6ead</value>
         <object_component_ref idref="oc-435"/>
      </symbol>
      <symbol id="sm-a82">
         <name>ltoa</name>
         <value>0x69e1</value>
         <object_component_ref idref="oc-42f"/>
      </symbol>
      <symbol id="sm-a92">
         <name>memccpy</name>
         <value>0x7015</value>
         <object_component_ref idref="oc-44b"/>
      </symbol>
      <symbol id="sm-aae">
         <name>frexpl</name>
         <value>0x692d</value>
         <object_component_ref idref="oc-43f"/>
      </symbol>
      <symbol id="sm-aaf">
         <name>frexp</name>
         <value>0x692d</value>
         <object_component_ref idref="oc-43f"/>
      </symbol>
      <symbol id="sm-acd">
         <name>scalbn</name>
         <value>0x5ff1</value>
         <object_component_ref idref="oc-445"/>
      </symbol>
      <symbol id="sm-ace">
         <name>scalbnl</name>
         <value>0x5ff1</value>
         <object_component_ref idref="oc-445"/>
      </symbol>
      <symbol id="sm-acf">
         <name>ldexpl</name>
         <value>0x5ff1</value>
         <object_component_ref idref="oc-445"/>
      </symbol>
      <symbol id="sm-ad0">
         <name>ldexp</name>
         <value>0x5ff1</value>
         <object_component_ref idref="oc-445"/>
      </symbol>
      <symbol id="sm-ada">
         <name>_system_post_cinit</name>
         <value>0x3bd7</value>
         <object_component_ref idref="oc-149"/>
      </symbol>
      <symbol id="sm-ae8">
         <name>strlen</name>
         <value>0x70f1</value>
         <object_component_ref idref="oc-41a"/>
      </symbol>
      <symbol id="sm-b04">
         <name>__aeabi_uldivmod</name>
         <value>0x4cc1</value>
         <object_component_ref idref="oc-415"/>
      </symbol>
      <symbol id="sm-b10">
         <name>copysign</name>
         <value>0x7281</value>
         <object_component_ref idref="oc-4df"/>
      </symbol>
      <symbol id="sm-b11">
         <name>copysignl</name>
         <value>0x7281</value>
         <object_component_ref idref="oc-4df"/>
      </symbol>
      <symbol id="sm-b6c">
         <name>UARTConfigSetExpClk</name>
         <value>0x6c85</value>
         <object_component_ref idref="oc-224"/>
      </symbol>
      <symbol id="sm-b6d">
         <name>UARTDisable</name>
         <value>0x6ff9</value>
         <object_component_ref idref="oc-3c4"/>
      </symbol>
      <symbol id="sm-b6e">
         <name>UARTIntEnable</name>
         <value>0x7279</value>
         <object_component_ref idref="oc-228"/>
      </symbol>
      <symbol id="sm-b6f">
         <name>UARTCharsAvail</name>
         <value>0x71e1</value>
         <object_component_ref idref="oc-d0"/>
      </symbol>
      <symbol id="sm-b70">
         <name>UARTCharGetNonBlocking</name>
         <value>0x7183</value>
         <object_component_ref idref="oc-cc"/>
      </symbol>
      <symbol id="sm-b71">
         <name>UARTCharPut</name>
         <value>0x724b</value>
         <object_component_ref idref="oc-2e7"/>
      </symbol>
      <symbol id="sm-b72">
         <name>UARTEnable</name>
         <value>0x70c9</value>
         <object_component_ref idref="oc-230"/>
      </symbol>
      <symbol id="sm-b73">
         <name>UARTFIFOEnable</name>
         <value>0x7255</value>
         <object_component_ref idref="oc-22c"/>
      </symbol>
      <symbol id="sm-b74">
         <name>UARTIntClear</name>
         <value>0x72ab</value>
         <object_component_ref idref="oc-af"/>
      </symbol>
      <symbol id="sm-b75">
         <name>UARTIntStatus</name>
         <value>0x725f</value>
         <object_component_ref idref="oc-ab"/>
      </symbol>
      <symbol id="sm-b9c">
         <name>TimerLoadSet</name>
         <value>0x7171</value>
         <object_component_ref idref="oc-238"/>
      </symbol>
      <symbol id="sm-b9d">
         <name>TimerEnable</name>
         <value>0x71a1</value>
         <object_component_ref idref="oc-240"/>
      </symbol>
      <symbol id="sm-b9e">
         <name>TimerIntEnable</name>
         <value>0x7271</value>
         <object_component_ref idref="oc-23c"/>
      </symbol>
      <symbol id="sm-b9f">
         <name>TimerConfigure</name>
         <value>0x6f51</value>
         <object_component_ref idref="oc-234"/>
      </symbol>
      <symbol id="sm-ba0">
         <name>TimerIntClear</name>
         <value>0x72a7</value>
         <object_component_ref idref="oc-124"/>
      </symbol>
      <symbol id="sm-c32">
         <name>SysCtlClockSet</name>
         <value>0x5851</value>
         <object_component_ref idref="oc-1ca"/>
      </symbol>
      <symbol id="sm-c33">
         <name>SysCtlDelay</name>
         <value>0x729b</value>
         <object_component_ref idref="oc-370"/>
      </symbol>
      <symbol id="sm-c34">
         <name>SysCtlPeripheralEnable</name>
         <value>0x6989</value>
         <object_component_ref idref="oc-1ce"/>
      </symbol>
      <symbol id="sm-c35">
         <name>SysCtlClockGet</name>
         <value>0x4eb5</value>
         <object_component_ref idref="oc-f4"/>
      </symbol>
      <symbol id="sm-c36">
         <name>SysCtlPWMClockSet</name>
         <value>0x70b5</value>
         <object_component_ref idref="oc-208"/>
      </symbol>
      <symbol id="sm-c37">
         <name>SysCtlPeripheralReset</name>
         <value>0x6355</value>
         <object_component_ref idref="oc-1c6"/>
      </symbol>
      <symbol id="sm-c6b">
         <name>SSIDataPut</name>
         <value>0x722d</value>
         <object_component_ref idref="oc-386"/>
      </symbol>
      <symbol id="sm-c6c">
         <name>SSIDataGetNonBlocking</name>
         <value>0x715f</value>
         <object_component_ref idref="oc-39d"/>
      </symbol>
      <symbol id="sm-c6d">
         <name>SSIConfigSetExpClk</name>
         <value>0x6bfd</value>
         <object_component_ref idref="oc-391"/>
      </symbol>
      <symbol id="sm-c6e">
         <name>SSIEnable</name>
         <value>0x7241</value>
         <object_component_ref idref="oc-399"/>
      </symbol>
      <symbol id="sm-c6f">
         <name>SSIBusy</name>
         <value>0x7269</value>
         <object_component_ref idref="oc-382"/>
      </symbol>
      <symbol id="sm-c70">
         <name>SSIDisable</name>
         <value>0x7237</value>
         <object_component_ref idref="oc-38d"/>
      </symbol>
      <symbol id="sm-c9c">
         <name>PWMGenPeriodSet</name>
         <value>0x70a1</value>
         <object_component_ref idref="oc-210"/>
      </symbol>
      <symbol id="sm-c9d">
         <name>PWMPulseWidthSet</name>
         <value>0x6fd9</value>
         <object_component_ref idref="oc-214"/>
      </symbol>
      <symbol id="sm-c9e">
         <name>PWMOutputState</name>
         <value>0x705f</value>
         <object_component_ref idref="oc-21c"/>
      </symbol>
      <symbol id="sm-c9f">
         <name>PWMGenEnable</name>
         <value>0x7223</value>
         <object_component_ref idref="oc-218"/>
      </symbol>
      <symbol id="sm-ca0">
         <name>PWMGenConfigure</name>
         <value>0x6f05</value>
         <object_component_ref idref="oc-20c"/>
      </symbol>
      <symbol id="sm-cdc">
         <name>IntPrioritySet</name>
         <value>0x6f2d</value>
         <object_component_ref idref="oc-1e2"/>
      </symbol>
      <symbol id="sm-cdd">
         <name>IntEnable</name>
         <value>0x6809</value>
         <object_component_ref idref="oc-1e6"/>
      </symbol>
      <symbol id="sm-cde">
         <name>IntMasterDisable</name>
         <value>0x720f</value>
         <object_component_ref idref="oc-244"/>
      </symbol>
      <symbol id="sm-cdf">
         <name>IntMasterEnable</name>
         <value>0x7219</value>
         <object_component_ref idref="oc-bf"/>
      </symbol>
      <symbol id="sm-d48">
         <name>GPIOPinTypePWM</name>
         <value>0x7129</value>
         <object_component_ref idref="oc-204"/>
      </symbol>
      <symbol id="sm-d49">
         <name>GPIOPinIntClear</name>
         <value>0x7289</value>
         <object_component_ref idref="oc-11c"/>
      </symbol>
      <symbol id="sm-d4a">
         <name>GPIOIntTypeSet</name>
         <value>0x6bb9</value>
         <object_component_ref idref="oc-1da"/>
      </symbol>
      <symbol id="sm-d4b">
         <name>GPIOPinTypeADC</name>
         <value>0x7105</value>
         <object_component_ref idref="oc-1f0"/>
      </symbol>
      <symbol id="sm-d4c">
         <name>GPIOPinIntEnable</name>
         <value>0x71d5</value>
         <object_component_ref idref="oc-1de"/>
      </symbol>
      <symbol id="sm-d4d">
         <name>GPIOPinTypeUART</name>
         <value>0x714d</value>
         <object_component_ref idref="oc-220"/>
      </symbol>
      <symbol id="sm-d4e">
         <name>GPIOPinTypeGPIOOutput</name>
         <value>0x7117</value>
         <object_component_ref idref="oc-1d6"/>
      </symbol>
      <symbol id="sm-d4f">
         <name>GPIOPinRead</name>
         <value>0x728f</value>
         <object_component_ref idref="oc-120"/>
      </symbol>
      <symbol id="sm-d50">
         <name>GPIODirModeSet</name>
         <value>0x6e7f</value>
         <object_component_ref idref="oc-374"/>
      </symbol>
      <symbol id="sm-d51">
         <name>GPIOPinWrite</name>
         <value>0x7295</value>
         <object_component_ref idref="oc-2e0"/>
      </symbol>
      <symbol id="sm-d52">
         <name>GPIOPadConfigSet</name>
         <value>0x60c1</value>
         <object_component_ref idref="oc-1d2"/>
      </symbol>
      <symbol id="sm-d53">
         <name>GPIOPinTypeSSI</name>
         <value>0x713b</value>
         <object_component_ref idref="oc-395"/>
      </symbol>
      <symbol id="sm-d61">
         <name>CPUcpsie</name>
         <value>0x71c9</value>
         <object_component_ref idref="oc-252"/>
      </symbol>
      <symbol id="sm-d62">
         <name>CPUcpsid</name>
         <value>0x71bd</value>
         <object_component_ref idref="oc-3d0"/>
      </symbol>
      <symbol id="sm-d9e">
         <name>ADCProcessorTrigger</name>
         <value>0x7049</value>
         <object_component_ref idref="oc-2eb"/>
      </symbol>
      <symbol id="sm-d9f">
         <name>ADCSequenceEnable</name>
         <value>0x7193</value>
         <object_component_ref idref="oc-1fc"/>
      </symbol>
      <symbol id="sm-da0">
         <name>ADCSequenceConfigure</name>
         <value>0x6edb</value>
         <object_component_ref idref="oc-1f4"/>
      </symbol>
      <symbol id="sm-da1">
         <name>ADCSequenceStepConfigure</name>
         <value>0x6737</value>
         <object_component_ref idref="oc-1f8"/>
      </symbol>
      <symbol id="sm-da2">
         <name>ADCIntClear</name>
         <value>0x7205</value>
         <object_component_ref idref="oc-200"/>
      </symbol>
      <symbol id="sm-da3">
         <name>ADCIntStatus</name>
         <value>0x6e51</value>
         <object_component_ref idref="oc-2ef"/>
      </symbol>
      <symbol id="sm-da4">
         <name>ADCSequenceDataGet</name>
         <value>0x6f99</value>
         <object_component_ref idref="oc-2f3"/>
      </symbol>
      <symbol id="sm-da5">
         <name>__TI_static_base__</name>
         <value>0x0</value>
      </symbol>
      <symbol id="sm-da8">
         <name>SHT$$INIT_ARRAY$$Limit</name>
         <value>0x0</value>
      </symbol>
      <symbol id="sm-da9">
         <name>SHT$$INIT_ARRAY$$Base</name>
         <value>0x0</value>
      </symbol>
   </symbol_table>
   <title>Link successful</title>
</link_info>
