******************************************************************************
                  TI ARM Linker PC v16.6.0                     
******************************************************************************
>> Linked Sat Aug 13 11:33:33 2016

OUTPUT FILE NAME:   <RTOStest1.out>
ENTRY POINT SYMBOL: "_c_int00"  address: 00006c09


MEMORY CONFIGURATION

         name            origin    length      used     unused   attr    fill
----------------------  --------  ---------  --------  --------  ----  --------
  FLASH                 00000000   00040000  000077ee  00038812  R  X
  SRAM                  20000000   00010000  00004a86  0000b57a  RW X


SEGMENT ALLOCATION MAP

run origin  load origin   length   init length attrs members
----------  ----------- ---------- ----------- ----- -------
00000000    00000000    000077f8   000077f8    r-x
  00000000    00000000    000000f0   000000f0    r-- .intvecs
  000000f0    000000f0    00007102   00007102    r-x .text
  000071f8    000071f8    000005b4   000005b4    r-- .const
  000077b0    000077b0    00000048   00000048    r-- .cinit
20000000    20000000    00004a88   00000000    rw-
  20000000    20000000    00002a20   00000000    rw- .bss
  20002a20    20002a20    00000fff   00000000    rw- .stack
  20003a20    20003a20    00000fff   00000000    rw- .sysmem
  20004a20    20004a20    00000068   00000000    rw- .data


SECTION ALLOCATION MAP

 output                                  attributes/
section   page    origin      length       input sections
--------  ----  ----------  ----------   ----------------
.intvecs   0    00000000    000000f0     
                  00000000    000000f0     startup_ccs.obj (.intvecs)

.text      0    000000f0    00007102     
                  000000f0    00001102     rtsv7M3_T_le_eabi.lib : _printfi.obj (.text)
                  000011f2    00000002                           : mpu_init.obj (.text)
                  000011f4    00000c74     tasks.obj (.text)
                  00001e68    000008b0     data_process.obj (.text)
                  00002718    00000732     display.obj (.text)
                  00002e4a    00000002     rtsv7M3_T_le_eabi.lib : startup.obj (.text)
                  00002e4c    000006b8     main.obj (.text)
                  00003504    00000614     queue.obj (.text)
                  00003b18    00000510     rit128x96x4.obj (.text)
                  00004028    000003cc     rtsv7M3_T_le_eabi.lib : memory.obj (.text)
                  000043f4    000003ac     init.obj (.text)
                  000047a0    0000023c     rtsv7M3_T_le_eabi.lib : strtod.obj (.text)
                  000049dc    00000224                           : e_fmod.obj (.text)
                  00004c00    000001f4                           : ull_div_t2.obj (.text)
                  00004df4    000001d8     driverlib-cm3.lib : sysctl.obj (.text:SysCtlClockGet)
                  00004fcc    000001bc     heap_2.obj (.text)
                  00005188    000001b6     rtsv7M3_T_le_eabi.lib : fd_add_t2.obj (.text)
                  0000533e    00000002     --HOLE-- [fill = 0]
                  00005340    000001a8     speed.obj (.text)
                  000054e8    0000015c     ADC_interface.obj (.text)
                  00005644    0000014c     PWM_module.obj (.text)
                  00005790    00000144     driverlib-cm3.lib : sysctl.obj (.text:SysCtlClockSet)
                  000058d4    00000136     rtsv7M3_T_le_eabi.lib : fd_div_t2.obj (.text)
                  00005a0a    0000012e     list.obj (.text)
                  00005b38    0000011c     button_data.obj (.text)
                  00005c54    000000fc     rtsv7M3_T_le_eabi.lib : fd_mul_t2.obj (.text)
                  00005d50    000000fa                           : fs_add_t2.obj (.text)
                  00005e4a    00000002     --HOLE-- [fill = 0]
                  00005e4c    000000e4     port.obj (.text)
                  00005f30    000000d0     rtsv7M3_T_le_eabi.lib : s_scalbn.obj (.text)
                  00006000    000000c8     driverlib-cm3.lib : gpio.obj (.text:GPIOPadConfigSet)
                  000060c8    0000009c     portasm.obj (.text)
                  00006164    0000009c     rtsv7M3_T_le_eabi.lib : memcpy_t2.obj (.text)
                  00006200    00000092                           : fs_div_t2.obj (.text)
                  00006292    00000002     --HOLE-- [fill = 0]
                  00006294    00000088     driverlib-cm3.lib : sysctl.obj (.text:SysCtlPeripheralReset)
                  0000631c    00000086     rtsv7M3_T_le_eabi.lib : fd_cmp_t2.obj (.text:__aeabi_cdcmple)
                  000063a2    00000086                           : fd_cmp_t2.obj (.text:__aeabi_cdrcmple)
                  00006428    0000007c     int_module.obj (.text)
                  000064a4    0000007a     rtsv7M3_T_le_eabi.lib : fs_mul_t2.obj (.text)
                  0000651e    0000007a                           : memset_t2.obj (.text)
                  00006598    00000070                           : autoinit.obj (.text)
                  00006608    0000006e                           : fd_tos_t2.obj (.text)
                  00006676    0000006c     driverlib-cm3.lib : adc.obj (.text:ADCSequenceStepConfigure)
                  000066e2    00000066     rtsv7M3_T_le_eabi.lib : copy_decompress_lzss.obj (.text:decompress:lzss)
                  00006748    00000064     driverlib-cm3.lib : interrupt.obj (.text:IntEnable)
                  000067ac    00000060     rtsv7M3_T_le_eabi.lib : fs_cmp_t2.obj (.text:__aeabi_cfrcmple)
                  0000680c    00000060                           : sprintf.obj (.text)
                  0000686c    0000005c                           : s_frexp.obj (.text)
                  000068c8    00000058     driverlib-cm3.lib : sysctl.obj (.text:SysCtlPeripheralEnable)
                  00006920    00000056     rtsv7M3_T_le_eabi.lib : ltoa.obj (.text)
                  00006976    00000002     --HOLE-- [fill = 0]
                  00006978    00000054                           : exit.obj (.text)
                  000069cc    0000004c                           : atoi.obj (.text)
                  00006a18    0000004c                           : atol.obj (.text)
                  00006a64    0000004c                           : cpy_tbl.obj (.text)
                  00006ab0    00000048                           : fd_toi_t2.obj (.text)
                  00006af8    00000044     driverlib-cm3.lib : gpio.obj (.text:GPIOIntTypeSet)
                  00006b3c    00000044                       : ssi.obj (.text:SSIConfigSetExpClk)
                  00006b80    00000044     rtsv7M3_T_le_eabi.lib : fd_tou_t2.obj (.text)
                  00006bc4    00000042     driverlib-cm3.lib : uart.obj (.text:UARTConfigSetExpClk)
                  00006c06    00000002     --HOLE-- [fill = 0]
                  00006c08    00000040     rtsv7M3_T_le_eabi.lib : boot.obj (.text)
                  00006c48    00000038                           : fs_tod_t2.obj (.text)
                  00006c80    00000038                           : fs_toi_t2.obj (.text)
                  00006cb8    00000038                           : i_tofs_t2.obj (.text)
                  00006cf0    00000036                           : strncpy.obj (.text)
                  00006d26    00000036                           : strstr.obj (.text)
                  00006d5c    00000034                           : fs_tou_t2.obj (.text)
                  00006d90    0000002e     driverlib-cm3.lib : adc.obj (.text:ADCIntStatus)
                  00006dbe    0000002e                       : gpio.obj (.text:GPIODirModeSet)
                  00006dec    0000002e     rtsv7M3_T_le_eabi.lib : i_tofd_t2.obj (.text)
                  00006e1a    0000002a     driverlib-cm3.lib : adc.obj (.text:ADCSequenceConfigure)
                  00006e44    00000028                       : pwm.obj (.text:PWMGenConfigure)
                  00006e6c    00000024                       : interrupt.obj (.text:IntPrioritySet)
                  00006e90    00000024                       : timer.obj (.text:TimerConfigure)
                  00006eb4    00000024     rtsv7M3_T_le_eabi.lib : memcmp.obj (.text)
                  00006ed8    00000020     driverlib-cm3.lib : adc.obj (.text:ADCSequenceDataGet)
                  00006ef8    00000020     rtsv7M3_T_le_eabi.lib : u_tofd_t2.obj (.text)
                  00006f18    0000001e     driverlib-cm3.lib : pwm.obj (.text:PWMPulseWidthSet)
                  00006f36    00000002     --HOLE-- [fill = 0]
                  00006f38    0000001c                       : uart.obj (.text:UARTDisable)
                  00006f54    0000001a     rtsv7M3_T_le_eabi.lib : memccpy.obj (.text)
                  00006f6e    00000002     --HOLE-- [fill = 0]
                  00006f70    00000018                           : args_main.obj (.text)
                  00006f88    00000016     driverlib-cm3.lib : adc.obj (.text:ADCProcessorTrigger)
                  00006f9e    00000016                       : pwm.obj (.text:PWMOutputState)
                  00006fb4    00000016     rtsv7M3_T_le_eabi.lib : strchr.obj (.text)
                  00006fca    00000016                           : strcpy.obj (.text)
                  00006fe0    00000014     driverlib-cm3.lib : pwm.obj (.text:PWMGenPeriodSet)
                  00006ff4    00000014                       : sysctl.obj (.text:SysCtlPWMClockSet)
                  00007008    00000014                       : uart.obj (.text:UARTEnable)
                  0000701c    00000014     rtsv7M3_T_le_eabi.lib : _lock.obj (.text)
                  00007030    00000014                           : strlen.obj (.text)
                  00007044    00000012     driverlib-cm3.lib : gpio.obj (.text:GPIOPinTypeADC)
                  00007056    00000012                       : gpio.obj (.text:GPIOPinTypeGPIOOutput)
                  00007068    00000012                       : gpio.obj (.text:GPIOPinTypePWM)
                  0000707a    00000012                       : gpio.obj (.text:GPIOPinTypeSSI)
                  0000708c    00000012                       : gpio.obj (.text:GPIOPinTypeUART)
                  0000709e    00000012                       : ssi.obj (.text:SSIDataGetNonBlocking)
                  000070b0    00000012                       : timer.obj (.text:TimerLoadSet)
                  000070c2    00000010                       : uart.obj (.text:UARTCharGetNonBlocking)
                  000070d2    0000000e                       : adc.obj (.text:ADCSequenceEnable)
                  000070e0    0000000e                       : timer.obj (.text:TimerEnable)
                  000070ee    0000000e     rtsv7M3_T_le_eabi.lib : copy_decompress_none.obj (.text:decompress:none)
                  000070fc    0000000c     driverlib-cm3.lib : cpu.obj (.text:CPUcpsid)
                  00007108    0000000c                       : cpu.obj (.text:CPUcpsie)
                  00007114    0000000c                       : gpio.obj (.text:GPIOPinIntEnable)
                  00007120    0000000c                       : uart.obj (.text:UARTCharsAvail)
                  0000712c    0000000c     rtsv7M3_T_le_eabi.lib : copy_zero_init.obj (.text:decompress:ZI)
                  00007138    0000000c     startup_ccs.obj (.text)
                  00007144    0000000a     driverlib-cm3.lib : adc.obj (.text:ADCIntClear)
                  0000714e    0000000a                       : interrupt.obj (.text:IntMasterDisable)
                  00007158    0000000a                       : interrupt.obj (.text:IntMasterEnable)
                  00007162    0000000a                       : pwm.obj (.text:PWMGenEnable)
                  0000716c    0000000a                       : ssi.obj (.text:SSIDataPut)
                  00007176    0000000a                       : ssi.obj (.text:SSIDisable)
                  00007180    0000000a                       : ssi.obj (.text:SSIEnable)
                  0000718a    0000000a                       : uart.obj (.text:UARTCharPut)
                  00007194    0000000a                       : uart.obj (.text:UARTFIFOEnable)
                  0000719e    0000000a                       : uart.obj (.text:UARTIntStatus)
                  000071a8    00000008                       : ssi.obj (.text:SSIBusy)
                  000071b0    00000008                       : timer.obj (.text:TimerIntEnable)
                  000071b8    00000008                       : uart.obj (.text:UARTIntEnable)
                  000071c0    00000008     rtsv7M3_T_le_eabi.lib : s_copysign.obj (.text)
                  000071c8    00000006     driverlib-cm3.lib : gpio.obj (.text:GPIOPinIntClear)
                  000071ce    00000006                       : gpio.obj (.text:GPIOPinRead)
                  000071d4    00000006                       : gpio.obj (.text:GPIOPinWrite)
                  000071da    00000006                       : sysctl.obj (.text:SysCtlDelay)
                  000071e0    00000006     rtsv7M3_T_le_eabi.lib : atof.obj (.text)
                  000071e6    00000004     driverlib-cm3.lib : timer.obj (.text:TimerIntClear)
                  000071ea    00000004                       : uart.obj (.text:UARTIntClear)
                  000071ee    00000004     rtsv7M3_T_le_eabi.lib : pre_init.obj (.text)

.const     0    000071f8    000005b4     
                  000071f8    000001e0     rit128x96x4.obj (.const:g_pucFont)
                  000073d8    00000101     rtsv7M3_T_le_eabi.lib : ctype.obj (.const:.string:_ctypes_)
                  000074d9    00000003     rit128x96x4.obj (.const:.string:pucCommand1$1)
                  000074dc    0000009c     driverlib-cm3.lib : interrupt.obj (.const:g_pulRegs)
                  00007578    00000098     rtsv7M3_T_le_eabi.lib : strtod.obj (.const:$O1$$)
                  00007610    00000070     driverlib-cm3.lib : interrupt.obj (.const)
                  00007680    0000006c                       : sysctl.obj (.const:g_pulXtals)
                  000076ec    0000004f     rit128x96x4.obj (.const:.string:g_pucRIT128x96x4Init)
                  0000773b    00000001     --HOLE-- [fill = 0]
                  0000773c    00000040     driverlib-cm3.lib : sysctl.obj (.const)
                  0000777c    00000014     tasks.obj (.const:.string:ucExpectedStackBytes$1)
                  00007790    00000010     rtsv7M3_T_le_eabi.lib : e_fmod.obj (.const:Zero)
                  000077a0    00000003     rit128x96x4.obj (.const:.string:pucCommand2$2)
                  000077a3    00000002     rit128x96x4.obj (.const:.string:g_pucRIT128x96x4HorizontalInc)
                  000077a5    00000002     rit128x96x4.obj (.const:.string:g_pucRIT128x96x4VerticalInc)
                  000077a7    00000002     rit128x96x4.obj (.const:.string:pucCommand1$3)
                  000077a9    00000001     --HOLE-- [fill = 0]
                  000077aa    00000002     heap_2.obj (.const)

.cinit     0    000077b0    00000048     
                  000077b0    00000024     (.cinit..data.load) [load image, compression = lzss]
                  000077d4    0000000c     (__TI_handler_table)
                  000077e0    00000008     (.cinit..bss.load) [load image, compression = zero_init]
                  000077e8    00000010     (__TI_cinit_table)

.bss       0    20000000    00002a20     UNINITIALIZED
                  20000000    00002800     heap_2.obj (.bss:xHeap)
                  20002800    00000078     (.common:UART_char_data)
                  20002878    00000078     (.common:UART_char_data_old)
                  200028f0    00000064     tasks.obj (.bss:pxReadyTasksLists)
                  20002954    00000014     tasks.obj (.bss:xDelayedTaskList1)
                  20002968    00000014     tasks.obj (.bss:xDelayedTaskList2)
                  2000297c    00000014     tasks.obj (.bss:xPendingReadyList)
                  20002990    00000014     tasks.obj (.bss:xSuspendedTaskList)
                  200029a4    00000014     tasks.obj (.bss:xTasksWaitingTermination)
                  200029b8    00000014     (.common:acc_time)
                  200029cc    00000008     rit128x96x4.obj (.bss:g_pucBuffer)
                  200029d4    00000008     tasks.obj (.bss)
                  200029dc    00000008     heap_2.obj (.bss:xEnd)
                  200029e4    00000008     heap_2.obj (.bss:xStart)
                  200029ec    00000004     rit128x96x4.obj (.bss)
                  200029f0    00000004     (.common:period)
                  200029f4    00000004     (.common:xBinarySemaphoreEncoder_1)
                  200029f8    00000004     (.common:xBinarySemaphoreFilter)
                  200029fc    00000004     (.common:xBinarySemaphoreGPS)
                  20002a00    00000004     (.common:xEncoder_1)
                  20002a04    00000004     (.common:xEncoder_raw_DATA)
                  20002a08    00000004     (.common:xPWM_DATA)
                  20002a0c    00000004     (.common:xPWM_speed_DATA)
                  20002a10    00000004     (.common:xQueueBuffedSpeed)
                  20002a14    00000004     (.common:xQueueButtons)
                  20002a18    00000004     (.common:xQueueGPSDATA)
                  20002a1c    00000004     (.common:xQueueSpeed)

.stack     0    20002a20    00000fff     UNINITIALIZED
                  20002a20    00000fff     --HOLE--

.sysmem    0    20003a20    00000fff     UNINITIALIZED
                  20003a20    00000008     rtsv7M3_T_le_eabi.lib : memory.obj (.sysmem)
                  20003a28    00000ff7     --HOLE--

.data      0    20004a20    00000068     UNINITIALIZED
                  20004a20    00000030     tasks.obj (.data)
                  20004a50    0000000c     rtsv7M3_T_le_eabi.lib : exit.obj (.data:$O1$$)
                  20004a5c    0000000c                           : memory.obj (.data:$O1$$)
                  20004a68    00000008                           : _lock.obj (.data:$O1$$)
                  20004a70    00000008     heap_2.obj (.data)
                  20004a78    00000004     main.obj (.data)
                  20004a7c    00000004     port.obj (.data)
                  20004a80    00000004     rtsv7M3_T_le_eabi.lib : errno.obj (.data)
                  20004a84    00000004                           : stkdepth_vars.obj (.data)

MODULE SUMMARY

       Module                     code    ro data   rw data
       ------                     ----    -------   -------
    .\
       tasks.obj                  3188    20        256    
       data_process.obj           2224    0         0      
       main.obj                   1720    0         300    
       rit128x96x4.obj            1296    571       12     
       display.obj                1842    0         0      
       queue.obj                  1556    0         0      
       init.obj                   940     0         4      
       speed.obj                  424     0         0      
       ADC_interface.obj          348     0         0      
       PWM_module.obj             332     0         0      
       list.obj                   302     0         0      
       button_data.obj            284     0         0      
       startup_ccs.obj            12      240       0      
       int_module.obj             124     0         8      
    +--+--------------------------+-------+---------+---------+
       Total:                     14592   831       580    
                                                           
    .\portable\
       heap_2.obj                 444     2         10264  
       port.obj                   228     0         4      
       portasm.obj                156     0         0      
    +--+--------------------------+-------+---------+---------+
       Total:                     828     2         10268  
                                                           
    C:/ti/StellarisWare/driverlib/ccs-cm3/Debug/driverlib-cm3.lib
       sysctl.obj                 1046    172       0      
       gpio.obj                   434     0         0      
       interrupt.obj              156     268       0      
       adc.obj                    274     0         0      
       uart.obj                   184     0         0      
       ssi.obj                    124     0         0      
       pwm.obj                    122     0         0      
       timer.obj                  80      0         0      
       cpu.obj                    24      0         0      
    +--+--------------------------+-------+---------+---------+
       Total:                     2444    440       0      
                                                           
    C:\ti\ccsv6\tools\compiler\ti-cgt-arm_16.6.0.STS\lib\rtsv7M3_T_le_eabi.lib
       _printfi.obj               4354    0         0      
       memory.obj                 972     0         12     
       strtod.obj                 572     152       0      
       e_fmod.obj                 548     16        0      
       ull_div_t2.obj             500     0         0      
       fd_add_t2.obj              438     0         0      
       fd_div_t2.obj              310     0         0      
       fd_cmp_t2.obj              268     0         0      
       ctype.obj                  0       257       0      
       fd_mul_t2.obj              252     0         0      
       fs_add_t2.obj              250     0         0      
       s_scalbn.obj               208     0         0      
       memcpy_t2.obj              156     0         0      
       fs_div_t2.obj              146     0         0      
       fs_mul_t2.obj              122     0         0      
       memset_t2.obj              122     0         0      
       autoinit.obj               112     0         0      
       fd_tos_t2.obj              110     0         0      
       copy_decompress_lzss.obj   102     0         0      
       exit.obj                   84      0         12     
       fs_cmp_t2.obj              96      0         0      
       sprintf.obj                96      0         0      
       s_frexp.obj                92      0         0      
       ltoa.obj                   86      0         0      
       atoi.obj                   76      0         0      
       atol.obj                   76      0         0      
       cpy_tbl.obj                76      0         0      
       fd_toi_t2.obj              72      0         0      
       fd_tou_t2.obj              68      0         0      
       boot.obj                   64      0         0      
       fs_tod_t2.obj              56      0         0      
       fs_toi_t2.obj              56      0         0      
       i_tofs_t2.obj              56      0         0      
       strncpy.obj                54      0         0      
       strstr.obj                 54      0         0      
       fs_tou_t2.obj              52      0         0      
       i_tofd_t2.obj              46      0         0      
       memcmp.obj                 36      0         0      
       u_tofd_t2.obj              32      0         0      
       _lock.obj                  20      0         8      
       memccpy.obj                26      0         0      
       args_main.obj              24      0         0      
       strchr.obj                 22      0         0      
       strcpy.obj                 22      0         0      
       strlen.obj                 20      0         0      
       copy_decompress_none.obj   14      0         0      
       copy_zero_init.obj         12      0         0      
       s_copysign.obj             8       0         0      
       atof.obj                   6       0         0      
       errno.obj                  0       0         4      
       pre_init.obj               4       0         0      
       stkdepth_vars.obj          0       0         4      
       mpu_init.obj               2       0         0      
       startup.obj                2       0         0      
    +--+--------------------------+-------+---------+---------+
       Total:                     11052   425       40     
                                                           
       Heap:                      0       0         4095   
       Stack:                     0       0         4095   
       Linker Generated:          0       72        0      
    +--+--------------------------+-------+---------+---------+
       Grand Total:               28916   1770      19078  


LINKER GENERATED COPY TABLES

__TI_cinit_table @ 000077e8 records: 2, size/record: 8, table size: 16
	.data: load addr=000077b0, load size=00000024 bytes, run addr=20004a20, run size=00000068 bytes, compression=lzss
	.bss: load addr=000077e0, load size=00000008 bytes, run addr=20000000, run size=00002a20 bytes, compression=zero_init


LINKER GENERATED HANDLER TABLE

__TI_handler_table @ 000077d4 records: 3, size/record: 4, table size: 12
	index: 0, handler: __TI_decompress_lzss
	index: 1, handler: __TI_decompress_none
	index: 2, handler: __TI_zero_init


GLOBAL SYMBOLS: SORTED ALPHABETICALLY BY Name 

address   name                           
-------   ----                           
00007145  ADCIntClear                    
00006d91  ADCIntStatus                   
00006f89  ADCProcessorTrigger            
00006e1b  ADCSequenceConfigure           
00006ed9  ADCSequenceDataGet             
000070d3  ADCSequenceEnable              
00006677  ADCSequenceStepConfigure       
00006979  C$$EXIT                        
000070fd  CPUcpsid                       
00007109  CPUcpsie                       
00006429  EncoderINT                     
00006dbf  GPIODirModeSet                 
00006af9  GPIOIntTypeSet                 
00006001  GPIOPadConfigSet               
000071c9  GPIOPinIntClear                
00007115  GPIOPinIntEnable               
000071cf  GPIOPinRead                    
00007045  GPIOPinTypeADC                 
00007057  GPIOPinTypeGPIOOutput          
00007069  GPIOPinTypePWM                 
0000707b  GPIOPinTypeSSI                 
0000708d  GPIOPinTypeUART                
000071d5  GPIOPinWrite                   
00006749  IntEnable                      
0000714f  IntMasterDisable               
00007159  IntMasterEnable                
00006e6d  IntPrioritySet                 
00006e45  PWMGenConfigure                
00007163  PWMGenEnable                   
00006fe1  PWMGenPeriodSet                
00006f9f  PWMOutputState                 
00006f19  PWMPulseWidthSet               
00005729  PWM_direction                  
00005701  PWM_duty                       
00003c21  RIT128x96x4Clear               
00003e9f  RIT128x96x4Disable             
00003ff1  RIT128x96x4DisplayOff          
00003fbd  RIT128x96x4DisplayOn           
00003e45  RIT128x96x4Enable              
00003dbd  RIT128x96x4ImageDraw           
00003f19  RIT128x96x4Init                
00003c7d  RIT128x96x4StringDraw          
00007139  ResetISR                       
UNDEFED   SHT$$INIT_ARRAY$$Base          
UNDEFED   SHT$$INIT_ARRAY$$Limit         
000071a9  SSIBusy                        
00006b3d  SSIConfigSetExpClk             
0000709f  SSIDataGetNonBlocking          
0000716d  SSIDataPut                     
00007177  SSIDisable                     
00007181  SSIEnable                      
00004df5  SysCtlClockGet                 
00005791  SysCtlClockSet                 
000071db  SysCtlDelay                    
00006ff5  SysCtlPWMClockSet              
000068c9  SysCtlPeripheralEnable         
00006295  SysCtlPeripheralReset          
00006479  Timer0IntHandler               
00006485  Timer1IntHandler               
00006e91  TimerConfigure                 
000070e1  TimerEnable                    
000071e7  TimerIntClear                  
000071b1  TimerIntEnable                 
000070b1  TimerLoadSet                   
000070c3  UARTCharGetNonBlocking         
0000718b  UARTCharPut                    
00007121  UARTCharsAvail                 
00006bc5  UARTConfigSetExpClk            
00006f39  UARTDisable                    
00007009  UARTEnable                     
00007195  UARTFIFOEnable                 
000071eb  UARTIntClear                   
000071b9  UARTIntEnable                  
00002ea7  UARTIntHandler                 
0000719f  UARTIntStatus                  
000054e9  UARTSend                       
20002800  UART_char_data                 
20002878  UART_char_data_old             
20003a1f  __STACK_END                    
00000fff  __STACK_SIZE                   
20002b20  __STACK_TOP                    
00000fff  __SYSMEM_SIZE                  
000077e8  __TI_CINIT_Base                
000077f8  __TI_CINIT_Limit               
000077d4  __TI_Handler_Table_Base        
000077e0  __TI_Handler_Table_Limit       
00006599  __TI_auto_init                 
20004a50  __TI_cleanup_ptr               
000066e3  __TI_decompress_lzss           
000070ef  __TI_decompress_none           
20004a54  __TI_dtors_ptr                 
20004a58  __TI_enable_exit_profile_output
ffffffff  __TI_pprof_out_hndl            
0000091d  __TI_printfi                   
ffffffff  __TI_prof_data_size            
ffffffff  __TI_prof_data_start           
00000000  __TI_static_base__             
0000712d  __TI_zero_init                 
0000631d  __aeabi_cdcmpeq                
0000631d  __aeabi_cdcmple                
000063a3  __aeabi_cdrcmple               
000067ad  __aeabi_cfrcmple               
00006609  __aeabi_d2f                    
00006ab1  __aeabi_d2iz                   
00006b81  __aeabi_d2uiz                  
00005193  __aeabi_dadd                   
000058d5  __aeabi_ddiv                   
00005c55  __aeabi_dmul                   
00005189  __aeabi_dsub                   
00006c49  __aeabi_f2d                    
00006c81  __aeabi_f2iz                   
00006d5d  __aeabi_f2uiz                  
00005d55  __aeabi_fadd                   
00006201  __aeabi_fdiv                   
000064a5  __aeabi_fmul                   
00005d51  __aeabi_fsub                   
00006ded  __aeabi_i2d                    
00006cb9  __aeabi_i2f                    
0000651f  __aeabi_memclr                 
0000651f  __aeabi_memclr4                
0000651f  __aeabi_memclr8                
00006165  __aeabi_memcpy                 
00006165  __aeabi_memcpy4                
00006165  __aeabi_memcpy8                
00006521  __aeabi_memset                 
00006521  __aeabi_memset4                
00006521  __aeabi_memset8                
00006ef9  __aeabi_ui2d                   
00004c01  __aeabi_uldivmod               
ffffffff  __binit__                      
ffffffff  __c_args__                     
000011f3  __mpu_init                     
20002a20  __stack                        
00006f71  _args_main                     
00006c09  _c_int00                       
000073d8  _ctypes_                       
20004a68  _lock                          
0000702b  _nop                           
00007023  _register_lock                 
0000701d  _register_unlock               
20003a20  _sys_memory                    
00002e4b  _system_post_cinit             
000071ef  _system_pre_init               
20004a6c  _unlock                        
0000697d  abort                          
200029b8  acc_time                       
00002aab  accleration_screen             
00005409  analysis_speed                 
000071e1  atof                           
000069cd  atoi                           
00006a19  atol                           
ffffffff  binit                          
000043c7  calloc                         
00002719  clearDisplay                   
00006a65  copy_in                        
000071c1  copysign                       
000071c1  copysignl                      
00001e69  decode_GGA                     
0000225d  decode_RMC                     
00002c2b  display                        
00005451  encoder_quad                   
000028e7  enter_fuel_display             
20004a80  errno                          
00006985  exit                           
00005645  find_dir                       
000049dd  fmod                           
000049dd  fmodl                          
00004113  free                           
0000686d  frexp                          
0000686d  frexpl                         
00000000  g_pfnVectors                   
20004a78  index                          
000044bd  initADC                        
000046d1  initCircBuf                    
00004431  initClock                      
000045b9  initConsole                    
000044b3  initDisplay                    
0000443b  initGPIO                       
000044fd  initPWMchan                    
0000445f  initPin                        
0000462d  initTimer                      
00004717  init_acc_time                  
00002835  init_password                  
000046fb  init_set_speed_data            
00005bd7  invert_bool                    
00005bfb  invert_button                  
00005f31  ldexp                          
00005f31  ldexpl                         
00006921  ltoa                           
00002ee9  main                           
20004a84  main_func_sp                   
00004699  main_init                      
000040a9  malloc                         
000042dd  memalign                       
00006f55  memccpy                        
00006eb5  memcmp                         
00006165  memcpy                         
00006527  memset                         
00004029  minit                          
000029c3  no_fix_screen                  
0000279f  password_display               
200029f0  period                         
00004fcd  pvPortMalloc                   
20004a20  pxCurrentTCB                   
00005e4d  pxPortInitialiseStack          
00002721  read_button_screen             
00005b39  read_buttons                   
000041d5  realloc                        
000043f5  reset_peripheral               
0000292d  review_fuel_display            
000055a1  run_adc                        
00005f31  scalbn                         
00005f31  scalbnl                        
00005531  send_data                      
0000284d  set_speed_display              
00005341  set_speed_func                 
00005671  speed_feedback                 
00002675  split_data                     
0000680d  sprintf                        
00002e4d  store_char                     
000053bf  store_speed                    
00006fb5  strchr                         
00006fcb  strcpy                         
00007031  strlen                         
00006cf1  strncpy                        
00006d27  strstr                         
000047a1  strtod                         
000047a1  strtold                        
0000391f  uxQueueMessagesWaiting         
00003935  uxQueueMessagesWaitingFromISR  
0000187d  uxTaskGetNumberOfTasks         
00001485  uxTaskPriorityGet              
0000348b  vApplicationIdleHook           
0000347f  vApplicationMallocFailedHook   
00003481  vApplicationStackOverflowHook  
0000348d  vApplicationTickHook           
00003349  vDisplayTask                   
00003139  vEncoder                       
0000344b  vFakeGPS                       
00003281  vFilterSpeed                   
00005a0b  vListInitialise                
00005a3b  vListInitialiseItem            
00005a8f  vListInsert                    
00005a4b  vListInsertEnd                 
00005af5  vListRemove                    
000031b1  vPWM                           
00006115  vPortClearInterruptMask        
00006153  vPortEnableVFP                 
00005ebd  vPortEndScheduler              
00005ec9  vPortEnterCritical             
00005ed9  vPortExitCritical              
000050ff  vPortFree                      
00005167  vPortInitialiseBlocks          
00006123  vPortSVCHandler                
00006107  vPortSetInterruptMask          
00006141  vPortStartFirstTask            
00005ebf  vPortYieldFromISR              
00003947  vQueueDelete                   
00003105  vReadButtons                   
0000308d  vReadGPS                       
00001421  vTaskDelay                     
00001371  vTaskDelayUntil                
00001309  vTaskDelete                    
0000177d  vTaskEndScheduler              
0000188d  vTaskIncrementTick             
00001b91  vTaskMissedYield               
000019f5  vTaskPlaceOnEventList          
00001dd9  vTaskPriorityDisinherit        
00001d4d  vTaskPriorityInherit           
000014c1  vTaskPrioritySet               
00001651  vTaskResume                    
00001af3  vTaskSetTimeOutState           
00001733  vTaskStartScheduler            
000015a9  vTaskSuspend                   
0000178f  vTaskSuspendAll                
00001935  vTaskSwitchContext             
200029f4  xBinarySemaphoreEncoder_1      
200029f8  xBinarySemaphoreFilter         
200029fc  xBinarySemaphoreGPS            
20002a00  xEncoder_1                     
20002a04  xEncoder_raw_DATA              
20002a08  xPWM_DATA                      
20002a0c  xPWM_speed_DATA                
00005161  xPortGetFreeHeapSize           
000060cd  xPortPendSVHandler             
00005e95  xPortStartScheduler            
00005eef  xPortSysTickHandler            
20002a10  xQueueBuffedSpeed              
20002a14  xQueueButtons                  
00003505  xQueueCreate                   
00003613  xQueueCreateCountingSemaphore  
000035ab  xQueueCreateMutex              
20002a18  xQueueGPSDATA                  
00003783  xQueueGenericReceive           
00003631  xQueueGenericSend              
00003719  xQueueGenericSendFromISR       
00003ac1  xQueueIsQueueEmptyFromISR      
00003afb  xQueueIsQueueFullFromISR       
000038b7  xQueueReceiveFromISR           
20002a1c  xQueueSpeed                    
00001b19  xTaskCheckForTimeOut           
000011f5  xTaskGenericCreate             
00001d39  xTaskGetCurrentTaskHandle      
00001869  xTaskGetTickCount              
00001601  xTaskIsTaskSuspended           
00001a75  xTaskRemoveFromEventList       
00001799  xTaskResumeAll                 
000016c1  xTaskResumeFromISR             


GLOBAL SYMBOLS: SORTED BY Symbol Address 

address   name                           
-------   ----                           
00000000  __TI_static_base__             
00000000  g_pfnVectors                   
0000091d  __TI_printfi                   
00000fff  __STACK_SIZE                   
00000fff  __SYSMEM_SIZE                  
000011f3  __mpu_init                     
000011f5  xTaskGenericCreate             
00001309  vTaskDelete                    
00001371  vTaskDelayUntil                
00001421  vTaskDelay                     
00001485  uxTaskPriorityGet              
000014c1  vTaskPrioritySet               
000015a9  vTaskSuspend                   
00001601  xTaskIsTaskSuspended           
00001651  vTaskResume                    
000016c1  xTaskResumeFromISR             
00001733  vTaskStartScheduler            
0000177d  vTaskEndScheduler              
0000178f  vTaskSuspendAll                
00001799  xTaskResumeAll                 
00001869  xTaskGetTickCount              
0000187d  uxTaskGetNumberOfTasks         
0000188d  vTaskIncrementTick             
00001935  vTaskSwitchContext             
000019f5  vTaskPlaceOnEventList          
00001a75  xTaskRemoveFromEventList       
00001af3  vTaskSetTimeOutState           
00001b19  xTaskCheckForTimeOut           
00001b91  vTaskMissedYield               
00001d39  xTaskGetCurrentTaskHandle      
00001d4d  vTaskPriorityInherit           
00001dd9  vTaskPriorityDisinherit        
00001e69  decode_GGA                     
0000225d  decode_RMC                     
00002675  split_data                     
00002719  clearDisplay                   
00002721  read_button_screen             
0000279f  password_display               
00002835  init_password                  
0000284d  set_speed_display              
000028e7  enter_fuel_display             
0000292d  review_fuel_display            
000029c3  no_fix_screen                  
00002aab  accleration_screen             
00002c2b  display                        
00002e4b  _system_post_cinit             
00002e4d  store_char                     
00002ea7  UARTIntHandler                 
00002ee9  main                           
0000308d  vReadGPS                       
00003105  vReadButtons                   
00003139  vEncoder                       
000031b1  vPWM                           
00003281  vFilterSpeed                   
00003349  vDisplayTask                   
0000344b  vFakeGPS                       
0000347f  vApplicationMallocFailedHook   
00003481  vApplicationStackOverflowHook  
0000348b  vApplicationIdleHook           
0000348d  vApplicationTickHook           
00003505  xQueueCreate                   
000035ab  xQueueCreateMutex              
00003613  xQueueCreateCountingSemaphore  
00003631  xQueueGenericSend              
00003719  xQueueGenericSendFromISR       
00003783  xQueueGenericReceive           
000038b7  xQueueReceiveFromISR           
0000391f  uxQueueMessagesWaiting         
00003935  uxQueueMessagesWaitingFromISR  
00003947  vQueueDelete                   
00003ac1  xQueueIsQueueEmptyFromISR      
00003afb  xQueueIsQueueFullFromISR       
00003c21  RIT128x96x4Clear               
00003c7d  RIT128x96x4StringDraw          
00003dbd  RIT128x96x4ImageDraw           
00003e45  RIT128x96x4Enable              
00003e9f  RIT128x96x4Disable             
00003f19  RIT128x96x4Init                
00003fbd  RIT128x96x4DisplayOn           
00003ff1  RIT128x96x4DisplayOff          
00004029  minit                          
000040a9  malloc                         
00004113  free                           
000041d5  realloc                        
000042dd  memalign                       
000043c7  calloc                         
000043f5  reset_peripheral               
00004431  initClock                      
0000443b  initGPIO                       
0000445f  initPin                        
000044b3  initDisplay                    
000044bd  initADC                        
000044fd  initPWMchan                    
000045b9  initConsole                    
0000462d  initTimer                      
00004699  main_init                      
000046d1  initCircBuf                    
000046fb  init_set_speed_data            
00004717  init_acc_time                  
000047a1  strtod                         
000047a1  strtold                        
000049dd  fmod                           
000049dd  fmodl                          
00004c01  __aeabi_uldivmod               
00004df5  SysCtlClockGet                 
00004fcd  pvPortMalloc                   
000050ff  vPortFree                      
00005161  xPortGetFreeHeapSize           
00005167  vPortInitialiseBlocks          
00005189  __aeabi_dsub                   
00005193  __aeabi_dadd                   
00005341  set_speed_func                 
000053bf  store_speed                    
00005409  analysis_speed                 
00005451  encoder_quad                   
000054e9  UARTSend                       
00005531  send_data                      
000055a1  run_adc                        
00005645  find_dir                       
00005671  speed_feedback                 
00005701  PWM_duty                       
00005729  PWM_direction                  
00005791  SysCtlClockSet                 
000058d5  __aeabi_ddiv                   
00005a0b  vListInitialise                
00005a3b  vListInitialiseItem            
00005a4b  vListInsertEnd                 
00005a8f  vListInsert                    
00005af5  vListRemove                    
00005b39  read_buttons                   
00005bd7  invert_bool                    
00005bfb  invert_button                  
00005c55  __aeabi_dmul                   
00005d51  __aeabi_fsub                   
00005d55  __aeabi_fadd                   
00005e4d  pxPortInitialiseStack          
00005e95  xPortStartScheduler            
00005ebd  vPortEndScheduler              
00005ebf  vPortYieldFromISR              
00005ec9  vPortEnterCritical             
00005ed9  vPortExitCritical              
00005eef  xPortSysTickHandler            
00005f31  ldexp                          
00005f31  ldexpl                         
00005f31  scalbn                         
00005f31  scalbnl                        
00006001  GPIOPadConfigSet               
000060cd  xPortPendSVHandler             
00006107  vPortSetInterruptMask          
00006115  vPortClearInterruptMask        
00006123  vPortSVCHandler                
00006141  vPortStartFirstTask            
00006153  vPortEnableVFP                 
00006165  __aeabi_memcpy                 
00006165  __aeabi_memcpy4                
00006165  __aeabi_memcpy8                
00006165  memcpy                         
00006201  __aeabi_fdiv                   
00006295  SysCtlPeripheralReset          
0000631d  __aeabi_cdcmpeq                
0000631d  __aeabi_cdcmple                
000063a3  __aeabi_cdrcmple               
00006429  EncoderINT                     
00006479  Timer0IntHandler               
00006485  Timer1IntHandler               
000064a5  __aeabi_fmul                   
0000651f  __aeabi_memclr                 
0000651f  __aeabi_memclr4                
0000651f  __aeabi_memclr8                
00006521  __aeabi_memset                 
00006521  __aeabi_memset4                
00006521  __aeabi_memset8                
00006527  memset                         
00006599  __TI_auto_init                 
00006609  __aeabi_d2f                    
00006677  ADCSequenceStepConfigure       
000066e3  __TI_decompress_lzss           
00006749  IntEnable                      
000067ad  __aeabi_cfrcmple               
0000680d  sprintf                        
0000686d  frexp                          
0000686d  frexpl                         
000068c9  SysCtlPeripheralEnable         
00006921  ltoa                           
00006979  C$$EXIT                        
0000697d  abort                          
00006985  exit                           
000069cd  atoi                           
00006a19  atol                           
00006a65  copy_in                        
00006ab1  __aeabi_d2iz                   
00006af9  GPIOIntTypeSet                 
00006b3d  SSIConfigSetExpClk             
00006b81  __aeabi_d2uiz                  
00006bc5  UARTConfigSetExpClk            
00006c09  _c_int00                       
00006c49  __aeabi_f2d                    
00006c81  __aeabi_f2iz                   
00006cb9  __aeabi_i2f                    
00006cf1  strncpy                        
00006d27  strstr                         
00006d5d  __aeabi_f2uiz                  
00006d91  ADCIntStatus                   
00006dbf  GPIODirModeSet                 
00006ded  __aeabi_i2d                    
00006e1b  ADCSequenceConfigure           
00006e45  PWMGenConfigure                
00006e6d  IntPrioritySet                 
00006e91  TimerConfigure                 
00006eb5  memcmp                         
00006ed9  ADCSequenceDataGet             
00006ef9  __aeabi_ui2d                   
00006f19  PWMPulseWidthSet               
00006f39  UARTDisable                    
00006f55  memccpy                        
00006f71  _args_main                     
00006f89  ADCProcessorTrigger            
00006f9f  PWMOutputState                 
00006fb5  strchr                         
00006fcb  strcpy                         
00006fe1  PWMGenPeriodSet                
00006ff5  SysCtlPWMClockSet              
00007009  UARTEnable                     
0000701d  _register_unlock               
00007023  _register_lock                 
0000702b  _nop                           
00007031  strlen                         
00007045  GPIOPinTypeADC                 
00007057  GPIOPinTypeGPIOOutput          
00007069  GPIOPinTypePWM                 
0000707b  GPIOPinTypeSSI                 
0000708d  GPIOPinTypeUART                
0000709f  SSIDataGetNonBlocking          
000070b1  TimerLoadSet                   
000070c3  UARTCharGetNonBlocking         
000070d3  ADCSequenceEnable              
000070e1  TimerEnable                    
000070ef  __TI_decompress_none           
000070fd  CPUcpsid                       
00007109  CPUcpsie                       
00007115  GPIOPinIntEnable               
00007121  UARTCharsAvail                 
0000712d  __TI_zero_init                 
00007139  ResetISR                       
00007145  ADCIntClear                    
0000714f  IntMasterDisable               
00007159  IntMasterEnable                
00007163  PWMGenEnable                   
0000716d  SSIDataPut                     
00007177  SSIDisable                     
00007181  SSIEnable                      
0000718b  UARTCharPut                    
00007195  UARTFIFOEnable                 
0000719f  UARTIntStatus                  
000071a9  SSIBusy                        
000071b1  TimerIntEnable                 
000071b9  UARTIntEnable                  
000071c1  copysign                       
000071c1  copysignl                      
000071c9  GPIOPinIntClear                
000071cf  GPIOPinRead                    
000071d5  GPIOPinWrite                   
000071db  SysCtlDelay                    
000071e1  atof                           
000071e7  TimerIntClear                  
000071eb  UARTIntClear                   
000071ef  _system_pre_init               
000073d8  _ctypes_                       
000077d4  __TI_Handler_Table_Base        
000077e0  __TI_Handler_Table_Limit       
000077e8  __TI_CINIT_Base                
000077f8  __TI_CINIT_Limit               
20002800  UART_char_data                 
20002878  UART_char_data_old             
200029b8  acc_time                       
200029f0  period                         
200029f4  xBinarySemaphoreEncoder_1      
200029f8  xBinarySemaphoreFilter         
200029fc  xBinarySemaphoreGPS            
20002a00  xEncoder_1                     
20002a04  xEncoder_raw_DATA              
20002a08  xPWM_DATA                      
20002a0c  xPWM_speed_DATA                
20002a10  xQueueBuffedSpeed              
20002a14  xQueueButtons                  
20002a18  xQueueGPSDATA                  
20002a1c  xQueueSpeed                    
20002a20  __stack                        
20002b20  __STACK_TOP                    
20003a1f  __STACK_END                    
20003a20  _sys_memory                    
20004a20  pxCurrentTCB                   
20004a50  __TI_cleanup_ptr               
20004a54  __TI_dtors_ptr                 
20004a58  __TI_enable_exit_profile_output
20004a68  _lock                          
20004a6c  _unlock                        
20004a78  index                          
20004a80  errno                          
20004a84  main_func_sp                   
ffffffff  __TI_pprof_out_hndl            
ffffffff  __TI_prof_data_size            
ffffffff  __TI_prof_data_start           
ffffffff  __binit__                      
ffffffff  __c_args__                     
ffffffff  binit                          
UNDEFED   SHT$$INIT_ARRAY$$Base          
UNDEFED   SHT$$INIT_ARRAY$$Limit         

[308 symbols]
