******************************************************************************
                  TI ARM Linker PC v16.6.0                     
******************************************************************************
>> Linked Mon Aug 08 13:30:28 2016

OUTPUT FILE NAME:   <RTOStest1.out>
ENTRY POINT SYMBOL: "_c_int00"  address: 00007451


MEMORY CONFIGURATION

         name            origin    length      used     unused   attr    fill
----------------------  --------  ---------  --------  --------  ----  --------
  FLASH                 00000000   00040000  00007efa  00038106  R  X
  SRAM                  20000000   00010000  00003e40  0000c1c0  RW X


SEGMENT ALLOCATION MAP

run origin  load origin   length   init length attrs members
----------  ----------- ---------- ----------- ----- -------
00000000    00000000    00007f00   00007f00    r-x
  00000000    00000000    000000f0   000000f0    r-- .intvecs
  000000f0    000000f0    00007852   00007852    r-x .text
  00007948    00007948    00000518   00000518    r-- .const
  00007e60    00007e60    000000a0   000000a0    r-- .cinit
20000000    20000000    00003e40   00000000    rw-
  20000000    20000000    00002be8   00000000    rw- .bss
  20002be8    20002be8    00000800   00000000    rw- .stack
  200033e8    200033e8    00000800   00000000    rw- .sysmem
  20003be8    20003be8    00000258   00000000    rw- .data


SECTION ALLOCATION MAP

 output                                  attributes/
section   page    origin      length       input sections
--------  ----  ----------  ----------   ----------------
.intvecs   0    00000000    000000f0     
                  00000000    000000f0     startup_ccs.obj (.intvecs)

.text      0    000000f0    00007852     
                  000000f0    00001102     rtsv7M3_T_le_eabi.lib : _printfi.obj (.text)
                  000011f2    00000002                           : mpu_init.obj (.text)
                  000011f4    00000c74     tasks.obj (.text)
                  00001e68    000009a4     data_process.obj (.text)
                  0000280c    00000692     display.obj (.text)
                  00002e9e    00000614     queue.obj (.text)
                  000034b2    00000002     rtsv7M3_T_le_eabi.lib : startup.obj (.text)
                  000034b4    000005e0     main.obj (.text)
                  00003a94    00000510     rit128x96x4.obj (.text)
                  00003fa4    000003cc     rtsv7M3_T_le_eabi.lib : memory.obj (.text)
                  00004370    000003b8     init.obj (.text)
                  00004728    00000324     rtsv7M3_T_le_eabi.lib : trgdrv.obj (.text)
                  00004a4c    0000030c                           : lowlev.obj (.text)
                  00004d58    0000023c                           : strtod.obj (.text)
                  00004f94    00000224                           : e_fmod.obj (.text)
                  000051b8    000001f4                           : ull_div_t2.obj (.text)
                  000053ac    000001d8     driverlib-cm3.lib : sysctl.obj (.text:SysCtlClockGet)
                  00005584    000001c4     rtsv7M3_T_le_eabi.lib : fopen.obj (.text)
                  00005748    000001bc     heap_2.obj (.text)
                  00005904    000001b6     rtsv7M3_T_le_eabi.lib : fd_add_t2.obj (.text)
                  00005aba    00000002     --HOLE-- [fill = 0]
                  00005abc    00000144     driverlib-cm3.lib : sysctl.obj (.text:SysCtlClockSet)
                  00005c00    00000136     rtsv7M3_T_le_eabi.lib : fd_div_t2.obj (.text)
                  00005d36    00000002     --HOLE-- [fill = 0]
                  00005d38    00000134                           : fputs.obj (.text)
                  00005e6c    0000012e     list.obj (.text)
                  00005f9a    000000fc     rtsv7M3_T_le_eabi.lib : fd_mul_t2.obj (.text)
                  00006096    000000fa                           : fs_add_t2.obj (.text)
                  00006190    000000e4     port.obj (.text)
                  00006274    000000dc     rtsv7M3_T_le_eabi.lib : setvbuf.obj (.text)
                  00006350    000000d0                           : s_scalbn.obj (.text)
                  00006420    000000c8     driverlib-cm3.lib : gpio.obj (.text:GPIOPadConfigSet)
                  000064e8    000000c8     rtsv7M3_T_le_eabi.lib : fflush.obj (.text)
                  000065b0    000000ac                           : _io_perm.obj (.text)
                  0000665c    0000009c     portasm.obj (.text)
                  000066f8    0000009c     rtsv7M3_T_le_eabi.lib : memcpy_t2.obj (.text)
                  00006794    00000098                           : fclose.obj (.text)
                  0000682c    00000098                           : fputc.obj (.text)
                  000068c4    00000092                           : fs_div_t2.obj (.text)
                  00006956    00000002     --HOLE-- [fill = 0]
                  00006958    00000088     driverlib-cm3.lib : sysctl.obj (.text:SysCtlPeripheralReset)
                  000069e0    00000086     rtsv7M3_T_le_eabi.lib : fd_cmp_t2.obj (.text:__aeabi_cdcmple)
                  00006a66    00000086                           : fd_cmp_t2.obj (.text:__aeabi_cdrcmple)
                  00006aec    0000007a                           : fs_mul_t2.obj (.text)
                  00006b66    0000007a                           : memset_t2.obj (.text)
                  00006be0    00000070                           : autoinit.obj (.text)
                  00006c50    00000070                           : printf.obj (.text)
                  00006cc0    0000006e                           : fd_tos_t2.obj (.text)
                  00006d2e    0000006c     driverlib-cm3.lib : adc.obj (.text:ADCSequenceStepConfigure)
                  00006d9a    00000002     --HOLE-- [fill = 0]
                  00006d9c    00000068     rtsv7M3_T_le_eabi.lib : trgmsg.obj (.text)
                  00006e04    00000066                           : copy_decompress_lzss.obj (.text:decompress:lzss)
                  00006e6a    00000002     --HOLE-- [fill = 0]
                  00006e6c    00000064     driverlib-cm3.lib : interrupt.obj (.text:IntEnable)
                  00006ed0    00000064     rtsv7M3_T_le_eabi.lib : fseek.obj (.text)
                  00006f34    00000060                           : fs_cmp_t2.obj (.text:__aeabi_cfcmple)
                  00006f94    00000060                           : fs_cmp_t2.obj (.text:__aeabi_cfrcmple)
                  00006ff4    00000060     basic_io.obj (.text)
                  00007054    00000060     rtsv7M3_T_le_eabi.lib : sprintf.obj (.text)
                  000070b4    0000005c                           : s_frexp.obj (.text)
                  00007110    00000058     driverlib-cm3.lib : sysctl.obj (.text:SysCtlPeripheralEnable)
                  00007168    00000056     rtsv7M3_T_le_eabi.lib : ltoa.obj (.text)
                  000071be    00000002     --HOLE-- [fill = 0]
                  000071c0    00000054                           : exit.obj (.text)
                  00007214    0000004c                           : atoi.obj (.text)
                  00007260    0000004c                           : atol.obj (.text)
                  000072ac    0000004c                           : cpy_tbl.obj (.text)
                  000072f8    00000048                           : fd_toi_t2.obj (.text)
                  00007340    00000044     driverlib-cm3.lib : gpio.obj (.text:GPIOIntTypeSet)
                  00007384    00000044                       : ssi.obj (.text:SSIConfigSetExpClk)
                  000073c8    00000044     rtsv7M3_T_le_eabi.lib : fd_tou_t2.obj (.text)
                  0000740c    00000042     driverlib-cm3.lib : uart.obj (.text:UARTConfigSetExpClk)
                  0000744e    00000002     --HOLE-- [fill = 0]
                  00007450    00000040     rtsv7M3_T_le_eabi.lib : boot.obj (.text)
                  00007490    00000038                           : fs_tod_t2.obj (.text)
                  000074c8    00000038                           : fs_toi_t2.obj (.text)
                  00007500    00000038                           : i_tofs_t2.obj (.text)
                  00007538    00000036                           : strncpy.obj (.text)
                  0000756e    00000036                           : strstr.obj (.text)
                  000075a4    00000034                           : fs_tou_t2.obj (.text)
                  000075d8    0000002e     driverlib-cm3.lib : gpio.obj (.text:GPIODirModeSet)
                  00007606    0000002e     rtsv7M3_T_le_eabi.lib : i_tofd_t2.obj (.text)
                  00007634    0000002a     driverlib-cm3.lib : adc.obj (.text:ADCSequenceConfigure)
                  0000765e    00000002     --HOLE-- [fill = 0]
                  00007660    00000024                       : timer.obj (.text:TimerConfigure)
                  00007684    00000024     rtsv7M3_T_le_eabi.lib : memcmp.obj (.text)
                  000076a8    00000020                           : memchr.obj (.text)
                  000076c8    00000020                           : u_tofd_t2.obj (.text)
                  000076e8    0000001c     driverlib-cm3.lib : uart.obj (.text:UARTDisable)
                  00007704    0000001a     rtsv7M3_T_le_eabi.lib : memccpy.obj (.text)
                  0000771e    00000002     --HOLE-- [fill = 0]
                  00007720    00000018                           : args_main.obj (.text)
                  00007738    00000018                           : strcmp.obj (.text)
                  00007750    00000016                           : strchr.obj (.text)
                  00007766    00000016                           : strcpy.obj (.text)
                  0000777c    00000014     driverlib-cm3.lib : uart.obj (.text:UARTEnable)
                  00007790    00000014     rtsv7M3_T_le_eabi.lib : _lock.obj (.text)
                  000077a4    00000014                           : strlen.obj (.text)
                  000077b8    00000012     driverlib-cm3.lib : gpio.obj (.text:GPIOPinTypeADC)
                  000077ca    00000012                       : gpio.obj (.text:GPIOPinTypeGPIOOutput)
                  000077dc    00000012                       : gpio.obj (.text:GPIOPinTypeSSI)
                  000077ee    00000012                       : gpio.obj (.text:GPIOPinTypeUART)
                  00007800    00000012                       : ssi.obj (.text:SSIDataGetNonBlocking)
                  00007812    00000012                       : timer.obj (.text:TimerLoadSet)
                  00007824    00000010                       : uart.obj (.text:UARTCharGetNonBlocking)
                  00007834    0000000e                       : adc.obj (.text:ADCSequenceEnable)
                  00007842    0000000e                       : timer.obj (.text:TimerEnable)
                  00007850    0000000e     rtsv7M3_T_le_eabi.lib : copy_decompress_none.obj (.text:decompress:none)
                  0000785e    0000000c     driverlib-cm3.lib : cpu.obj (.text:CPUcpsie)
                  0000786a    0000000c                       : gpio.obj (.text:GPIOPinIntEnable)
                  00007876    00000002     --HOLE-- [fill = 0]
                  00007878    0000000c                       : systick.obj (.text:SysTickValueGet)
                  00007884    0000000c                       : uart.obj (.text:UARTCharsAvail)
                  00007890    0000000c     rtsv7M3_T_le_eabi.lib : copy_zero_init.obj (.text:decompress:ZI)
                  0000789c    0000000c     startup_ccs.obj (.text)
                  000078a8    0000000a     driverlib-cm3.lib : adc.obj (.text:ADCIntClear)
                  000078b2    0000000a                       : interrupt.obj (.text:IntMasterEnable)
                  000078bc    0000000a                       : ssi.obj (.text:SSIDataPut)
                  000078c6    0000000a                       : ssi.obj (.text:SSIDisable)
                  000078d0    0000000a                       : ssi.obj (.text:SSIEnable)
                  000078da    0000000a                       : uart.obj (.text:UARTCharPut)
                  000078e4    0000000a                       : uart.obj (.text:UARTFIFOEnable)
                  000078ee    0000000a                       : uart.obj (.text:UARTIntStatus)
                  000078f8    00000008                       : ssi.obj (.text:SSIBusy)
                  00007900    00000008                       : timer.obj (.text:TimerIntEnable)
                  00007908    00000008                       : uart.obj (.text:UARTIntEnable)
                  00007910    00000008     rtsv7M3_T_le_eabi.lib : s_copysign.obj (.text)
                  00007918    00000006     driverlib-cm3.lib : gpio.obj (.text:GPIOPinIntClear)
                  0000791e    00000006                       : gpio.obj (.text:GPIOPinRead)
                  00007924    00000006                       : gpio.obj (.text:GPIOPinWrite)
                  0000792a    00000006                       : sysctl.obj (.text:SysCtlDelay)
                  00007930    00000006     rtsv7M3_T_le_eabi.lib : atof.obj (.text)
                  00007936    00000004     driverlib-cm3.lib : timer.obj (.text:TimerIntClear)
                  0000793a    00000004                       : uart.obj (.text:UARTIntClear)
                  0000793e    00000004     rtsv7M3_T_le_eabi.lib : pre_init.obj (.text)

.const     0    00007948    00000518     
                  00007948    000001e0     rit128x96x4.obj (.const:g_pucFont)
                  00007b28    00000101     rtsv7M3_T_le_eabi.lib : ctype.obj (.const:.string:_ctypes_)
                  00007c29    00000003     rit128x96x4.obj (.const:.string:pucCommand1$1)
                  00007c2c    00000003     rit128x96x4.obj (.const:.string:pucCommand2$2)
                  00007c2f    00000001     --HOLE-- [fill = 0]
                  00007c30    00000098     rtsv7M3_T_le_eabi.lib : strtod.obj (.const:$O1$$)
                  00007cc8    00000070     driverlib-cm3.lib : interrupt.obj (.const)
                  00007d38    0000006c                       : sysctl.obj (.const:g_pulXtals)
                  00007da4    0000004f     rit128x96x4.obj (.const:.string:g_pucRIT128x96x4Init)
                  00007df3    00000001     --HOLE-- [fill = 0]
                  00007df4    00000040     driverlib-cm3.lib : sysctl.obj (.const)
                  00007e34    00000014     tasks.obj (.const:.string:ucExpectedStackBytes$1)
                  00007e48    00000010     rtsv7M3_T_le_eabi.lib : e_fmod.obj (.const:Zero)
                  00007e58    00000002     rit128x96x4.obj (.const:.string:g_pucRIT128x96x4HorizontalInc)
                  00007e5a    00000002     rit128x96x4.obj (.const:.string:g_pucRIT128x96x4VerticalInc)
                  00007e5c    00000002     rit128x96x4.obj (.const:.string:pucCommand1$3)
                  00007e5e    00000002     heap_2.obj (.const)

.cinit     0    00007e60    000000a0     
                  00007e60    0000007a     (.cinit..data.load) [load image, compression = lzss]
                  00007eda    00000002     --HOLE-- [fill = 0]
                  00007edc    0000000c     (__TI_handler_table)
                  00007ee8    00000008     (.cinit..bss.load) [load image, compression = zero_init]
                  00007ef0    00000010     (__TI_cinit_table)

.bss       0    20000000    00002be8     UNINITIALIZED
                  20000000    00002800     heap_2.obj (.bss:xHeap)
                  20002800    00000120     rtsv7M3_T_le_eabi.lib : trgmsg.obj (.bss:_CIOBUF_)
                  20002920    000000a0     (.common:__TI_tmpnams)
                  200029c0    00000078     (.common:UART_char_data)
                  20002a38    00000078     (.common:UART_char_data_old)
                  20002ab0    00000064     tasks.obj (.bss:pxReadyTasksLists)
                  20002b14    00000034     basic_io.obj (.bss:cBuffer)
                  20002b48    00000014     tasks.obj (.bss:xDelayedTaskList1)
                  20002b5c    00000014     tasks.obj (.bss:xDelayedTaskList2)
                  20002b70    00000014     tasks.obj (.bss:xPendingReadyList)
                  20002b84    00000014     tasks.obj (.bss:xSuspendedTaskList)
                  20002b98    00000014     tasks.obj (.bss:xTasksWaitingTermination)
                  20002bac    00000008     rit128x96x4.obj (.bss:g_pucBuffer)
                  20002bb4    00000008     rtsv7M3_T_le_eabi.lib : trgdrv.obj (.bss:parmbuf)
                  20002bbc    00000008     tasks.obj (.bss)
                  20002bc4    00000008     heap_2.obj (.bss:xEnd)
                  20002bcc    00000008     heap_2.obj (.bss:xStart)
                  20002bd4    00000005     (.common:button_data)
                  20002bd9    00000003     --HOLE--
                  20002bdc    00000004     rit128x96x4.obj (.bss)
                  20002be0    00000004     (.common:xBinarySemaphore)
                  20002be4    00000004     (.common:xQueueGPSDATA)

.stack     0    20002be8    00000800     UNINITIALIZED
                  20002be8    00000800     --HOLE--

.sysmem    0    200033e8    00000800     UNINITIALIZED
                  200033e8    00000008     rtsv7M3_T_le_eabi.lib : memory.obj (.sysmem)
                  200033f0    000007f8     --HOLE--

.data      0    20003be8    00000258     UNINITIALIZED
                  20003be8    000000f0     rtsv7M3_T_le_eabi.lib : defs.obj (.data:_ftable)
                  20003cd8    000000d0                           : lowlev.obj (.data:$O1$$)
                  20003da8    00000030     tasks.obj (.data)
                  20003dd8    00000014     data_process.obj (.data)
                  20003dec    00000010     rtsv7M3_T_le_eabi.lib : defs.obj (.data)
                  20003dfc    0000000c                           : exit.obj (.data:$O1$$)
                  20003e08    0000000c                           : memory.obj (.data:$O1$$)
                  20003e14    00000009     main.obj (.data)
                  20003e1d    00000003     --HOLE--
                  20003e20    00000008     rtsv7M3_T_le_eabi.lib : _lock.obj (.data:$O1$$)
                  20003e28    00000008     heap_2.obj (.data)
                  20003e30    00000004     port.obj (.data)
                  20003e34    00000004     rtsv7M3_T_le_eabi.lib : errno.obj (.data)
                  20003e38    00000004                           : fopen.obj (.data)
                  20003e3c    00000004                           : stkdepth_vars.obj (.data)

MODULE SUMMARY

       Module                     code    ro data   rw data
       ------                     ----    -------   -------
    .\
       tasks.obj                  3188    20        256    
       data_process.obj           2468    0         20     
       rit128x96x4.obj            1296    571       12     
       main.obj                   1504    0         262    
       display.obj                1682    0         0      
       queue.obj                  1556    0         0      
       init.obj                   952     0         0      
       list.obj                   302     0         0      
       startup_ccs.obj            12      240       0      
    +--+--------------------------+-------+---------+---------+
       Total:                     12960   831       550    
                                                           
    .\demo_code\
       basic_io.obj               96      0         52     
    +--+--------------------------+-------+---------+---------+
       Total:                     96      0         52     
                                                           
    .\portable\
       heap_2.obj                 444     2         10264  
       port.obj                   228     0         4      
       portasm.obj                156     0         0      
    +--+--------------------------+-------+---------+---------+
       Total:                     828     2         10268  
                                                           
    C:/ti/StellarisWare/driverlib/ccs-cm3/Debug/driverlib-cm3.lib
       sysctl.obj                 1026    172       0      
       gpio.obj                   416     0         0      
       interrupt.obj              110     112       0      
       uart.obj                   184     0         0      
       adc.obj                    174     0         0      
       ssi.obj                    124     0         0      
       timer.obj                  80      0         0      
       cpu.obj                    12      0         0      
       systick.obj                12      0         0      
    +--+--------------------------+-------+---------+---------+
       Total:                     2138    284       0      
                                                           
    C:\ti\ccsv6\tools\compiler\ti-cgt-arm_16.6.0.STS\lib\rtsv7M3_T_le_eabi.lib
       _printfi.obj               4354    0         0      
       lowlev.obj                 780     0         208    
       memory.obj                 972     0         12     
       trgdrv.obj                 804     0         8      
       strtod.obj                 572     152       0      
       e_fmod.obj                 548     16        0      
       ull_div_t2.obj             500     0         0      
       fopen.obj                  452     0         4      
       fd_add_t2.obj              438     0         0      
       defs.obj                   0       0         416    
       trgmsg.obj                 104     0         288    
       fd_div_t2.obj              310     0         0      
       fputs.obj                  308     0         0      
       fd_cmp_t2.obj              268     0         0      
       ctype.obj                  0       257       0      
       fd_mul_t2.obj              252     0         0      
       fs_add_t2.obj              250     0         0      
       setvbuf.obj                220     0         0      
       s_scalbn.obj               208     0         0      
       fflush.obj                 200     0         0      
       fs_cmp_t2.obj              192     0         0      
       _io_perm.obj               172     0         0      
       memcpy_t2.obj              156     0         0      
       fclose.obj                 152     0         0      
       fputc.obj                  152     0         0      
       fs_div_t2.obj              146     0         0      
       fs_mul_t2.obj              122     0         0      
       memset_t2.obj              122     0         0      
       autoinit.obj               112     0         0      
       printf.obj                 112     0         0      
       fd_tos_t2.obj              110     0         0      
       copy_decompress_lzss.obj   102     0         0      
       fseek.obj                  100     0         0      
       exit.obj                   84      0         12     
       sprintf.obj                96      0         0      
       s_frexp.obj                92      0         0      
       ltoa.obj                   86      0         0      
       atoi.obj                   76      0         0      
       atol.obj                   76      0         0      
       cpy_tbl.obj                76      0         0      
       fd_toi_t2.obj              72      0         0      
       fd_tou_t2.obj              68      0         0      
       boot.obj                   64      0         0      
       fs_tod_t2.obj              56      0         0      
       fs_toi_t2.obj              56      0         0      
       i_tofs_t2.obj              56      0         0      
       strncpy.obj                54      0         0      
       strstr.obj                 54      0         0      
       fs_tou_t2.obj              52      0         0      
       i_tofd_t2.obj              46      0         0      
       memcmp.obj                 36      0         0      
       memchr.obj                 32      0         0      
       u_tofd_t2.obj              32      0         0      
       _lock.obj                  20      0         8      
       memccpy.obj                26      0         0      
       args_main.obj              24      0         0      
       strcmp.obj                 24      0         0      
       strchr.obj                 22      0         0      
       strcpy.obj                 22      0         0      
       strlen.obj                 20      0         0      
       copy_decompress_none.obj   14      0         0      
       copy_zero_init.obj         12      0         0      
       s_copysign.obj             8       0         0      
       atof.obj                   6       0         0      
       errno.obj                  0       0         4      
       pre_init.obj               4       0         0      
       stkdepth_vars.obj          0       0         4      
       mpu_init.obj               2       0         0      
       startup.obj                2       0         0      
    +--+--------------------------+-------+---------+---------+
       Total:                     14760   425       964    
                                                           
       Heap:                      0       0         2048   
       Stack:                     0       0         2048   
       Linker Generated:          0       158       0      
    +--+--------------------------+-------+---------+---------+
       Grand Total:               30782   1700      15930  


LINKER GENERATED COPY TABLES

__TI_cinit_table @ 00007ef0 records: 2, size/record: 8, table size: 16
	.data: load addr=00007e60, load size=0000007a bytes, run addr=20003be8, run size=00000258 bytes, compression=lzss
	.bss: load addr=00007ee8, load size=00000008 bytes, run addr=20000000, run size=00002be8 bytes, compression=zero_init


LINKER GENERATED HANDLER TABLE

__TI_handler_table @ 00007edc records: 3, size/record: 4, table size: 12
	index: 0, handler: __TI_decompress_lzss
	index: 1, handler: __TI_decompress_none
	index: 2, handler: __TI_zero_init


GLOBAL SYMBOLS: SORTED ALPHABETICALLY BY Name 

address   name                           
-------   ----                           
000078a9  ADCIntClear                    
00007635  ADCSequenceConfigure           
00007835  ADCSequenceEnable              
00006d2f  ADCSequenceStepConfigure       
000071c1  C$$EXIT                        
00006dcb  C$$IO$$                        
0000785f  CPUcpsie                       
000075d9  GPIODirModeSet                 
00007341  GPIOIntTypeSet                 
00006421  GPIOPadConfigSet               
00007919  GPIOPinIntClear                
0000786b  GPIOPinIntEnable               
0000791f  GPIOPinRead                    
000077b9  GPIOPinTypeADC                 
000077cb  GPIOPinTypeGPIOOutput          
000077dd  GPIOPinTypeSSI                 
000077ef  GPIOPinTypeUART                
00007925  GPIOPinWrite                   
20003e18  GPS_RUN                        
00004a03  HOSTclock                      
000049cb  HOSTclose                      
0000498d  HOSTgetenv                     
00004931  HOSTlseek                      
000048df  HOSTopen                       
00004893  HOSTread                       
00004835  HOSTrename                     
000047fb  HOSTtime                       
000047ad  HOSTtime64                     
00004775  HOSTunlink                     
00004729  HOSTwrite                      
00006e6d  IntEnable                      
000078b3  IntMasterEnable                
00003551  PinChangeIntHandler            
00003b9d  RIT128x96x4Clear               
00003e1b  RIT128x96x4Disable             
00003f6d  RIT128x96x4DisplayOff          
00003f39  RIT128x96x4DisplayOn           
00003dc1  RIT128x96x4Enable              
00003d39  RIT128x96x4ImageDraw           
00003e95  RIT128x96x4Init                
00003bf9  RIT128x96x4StringDraw          
0000789d  ResetISR                       
UNDEFED   SHT$$INIT_ARRAY$$Base          
UNDEFED   SHT$$INIT_ARRAY$$Limit         
000078f9  SSIBusy                        
00007385  SSIConfigSetExpClk             
00007801  SSIDataGetNonBlocking          
000078bd  SSIDataPut                     
000078c7  SSIDisable                     
000078d1  SSIEnable                      
000053ad  SysCtlClockGet                 
00005abd  SysCtlClockSet                 
0000792b  SysCtlDelay                    
00007111  SysCtlPeripheralEnable         
00006959  SysCtlPeripheralReset          
00007879  SysTickValueGet                
00003565  Timer0IntHandler               
00003571  Timer1IntHandler               
00007661  TimerConfigure                 
00007843  TimerEnable                    
00007937  TimerIntClear                  
00007901  TimerIntEnable                 
00007813  TimerLoadSet                   
00007825  UARTCharGetNonBlocking         
000078db  UARTCharPut                    
00007885  UARTCharsAvail                 
0000740d  UARTConfigSetExpClk            
000076e9  UARTDisable                    
0000777d  UARTEnable                     
000078e5  UARTFIFOEnable                 
0000793b  UARTIntClear                   
00007909  UARTIntEnable                  
0000350f  UARTIntHandler                 
000078ef  UARTIntStatus                  
000044e1  UARTSend                       
200029c0  UART_char_data                 
20002a38  UART_char_data_old             
20002800  __CIOBUF_                      
200033e8  __STACK_END                    
00000800  __STACK_SIZE                   
20002ce8  __STACK_TOP                    
00000800  __SYSMEM_SIZE                  
00007ef0  __TI_CINIT_Base                
00007f00  __TI_CINIT_Limit               
00007edc  __TI_Handler_Table_Base        
00007ee8  __TI_Handler_Table_Limit       
00006be1  __TI_auto_init                 
0000564d  __TI_cleanup                   
20003dfc  __TI_cleanup_ptr               
00006795  __TI_closefile                 
00006e05  __TI_decompress_lzss           
00007851  __TI_decompress_none           
000064e9  __TI_doflush                   
20003e00  __TI_dtors_ptr                 
20003e04  __TI_enable_exit_profile_output
20003dec  __TI_ft_end                    
ffffffff  __TI_pprof_out_hndl            
0000091d  __TI_printfi                   
ffffffff  __TI_prof_data_size            
ffffffff  __TI_prof_data_start           
00006613  __TI_rd_ok                     
00006dcf  __TI_readmsg                   
00000000  __TI_static_base__             
20002920  __TI_tmpnams                   
00006d9d  __TI_writemsg                  
000065b1  __TI_wrt_ok                    
00007891  __TI_zero_init                 
000069e1  __aeabi_cdcmpeq                
000069e1  __aeabi_cdcmple                
00006a67  __aeabi_cdrcmple               
00006f35  __aeabi_cfcmpeq                
00006f35  __aeabi_cfcmple                
00006f95  __aeabi_cfrcmple               
00006cc1  __aeabi_d2f                    
000072f9  __aeabi_d2iz                   
000073c9  __aeabi_d2uiz                  
0000590f  __aeabi_dadd                   
00005c01  __aeabi_ddiv                   
00005f9b  __aeabi_dmul                   
00005905  __aeabi_dsub                   
00007491  __aeabi_f2d                    
000074c9  __aeabi_f2iz                   
000075a5  __aeabi_f2uiz                  
0000609b  __aeabi_fadd                   
000068c5  __aeabi_fdiv                   
00006aed  __aeabi_fmul                   
00006097  __aeabi_fsub                   
00007607  __aeabi_i2d                    
00007501  __aeabi_i2f                    
00006b67  __aeabi_memclr                 
00006b67  __aeabi_memclr4                
00006b67  __aeabi_memclr8                
000066f9  __aeabi_memcpy                 
000066f9  __aeabi_memcpy4                
000066f9  __aeabi_memcpy8                
00006b69  __aeabi_memset                 
00006b69  __aeabi_memset4                
00006b69  __aeabi_memset8                
20003df8  __aeabi_stderr                 
20003df0  __aeabi_stdin                  
20003df4  __aeabi_stdout                 
000076c9  __aeabi_ui2d                   
000051b9  __aeabi_uldivmod               
ffffffff  __binit__                      
ffffffff  __c_args__                     
000011f3  __mpu_init                     
20002be8  __stack                        
00007721  _args_main                     
00007451  _c_int00                       
00007b28  _ctypes_                       
20003be8  _ftable                        
20003e20  _lock                          
0000779f  _nop                           
00007797  _register_lock                 
00007791  _register_unlock               
200033e8  _sys_memory                    
000034b3  _system_post_cinit             
0000793f  _system_pre_init               
20003e24  _unlock                        
000071c5  abort                          
20003de0  acceleration                   
00002b19  accleration_screen             
00004cad  add_device                     
00007931  atof                           
00007215  atoi                           
00007261  atol                           
ffffffff  binit                          
20003dd8  buffed_speed                   
20003ddc  buffed_speed_1_old             
20002bd4  button_data                    
00001eff  calculate_accleration          
00001e6f  calculate_distance             
00004343  calloc                         
0000280d  clearDisplay                   
00004c5d  close                          
000072ad  copy_in                        
00007911  copysign                       
00007911  copysignl                      
00001f55  decode_GGA                     
00002351  decode_RMC                     
00002c87  display                        
20003de4  distance                       
0000295d  enter_fuel_display             
20003e34  errno                          
000071cd  exit                           
000067fb  fclose                         
00006535  fflush                         
00004f95  fmod                           
00004f95  fmodl                          
000056a3  fopen                          
0000682d  fputc                          
00005d39  fputs                          
0000408f  free                           
00005679  freopen                        
000070b5  frexp                          
000070b5  frexpl                         
00006ed1  fseek                          
00000000  g_pfnVectors                   
20003e14  index                          
00004431  initADC                        
00004601  initCircBuf                    
000043ad  initClock                      
00004529  initConsole                    
00004427  initDisplay                    
000043b7  initGPIO                       
000043db  initPin                        
00004595  initTimer                      
00004669  init_acc_time                  
000028ab  init_password                  
0000462b  init_set_speed_data            
000035f1  invert_button                  
20003de8  last_time                      
00006351  ldexp                          
00006351  ldexpl                         
00004c39  lseek                          
00007169  ltoa                           
00003615  main                           
20003e3c  main_func_sp                   
00004025  malloc                         
00004259  memalign                       
00007705  memccpy                        
000076a9  memchr                         
00007685  memcmp                         
000066f9  memcpy                         
00006b6f  memset                         
00003fa5  minit                          
00002a39  no_fix_screen                  
00004b8b  open                           
00002815  password_display               
00006c59  printf                         
0000682d  putc                           
000068b1  putchar                        
00005e43  puts                           
00005749  pvPortMalloc                   
20003da8  pxCurrentTCB                   
00006191  pxPortInitialiseStack          
00004b67  read                           
00001eeb  read_acceleration              
0000357d  read_button_screen             
00001e69  read_distance                  
00004151  realloc                        
00004add  remove                         
00004b3f  remove_device                  
00004b01  rename                         
00004371  reset_peripheral               
000029a3  review_fuel_display            
00006351  scalbn                         
00006351  scalbnl                        
00004471  send_data                      
000028c3  set_speed_display              
00006275  setvbuf                        
00002769  split_data                     
00007055  sprintf                        
000034b5  store_char                     
00007751  strchr                         
00007739  strcmp                         
00007767  strcpy                         
000077a5  strlen                         
00007539  strncpy                        
0000756f  strstr                         
00004d59  strtod                         
00004d59  strtold                        
20003e1c  test                           
00004add  unlink                         
000032b9  uxQueueMessagesWaiting         
000032cf  uxQueueMessagesWaitingFromISR  
0000187d  uxTaskGetNumberOfTasks         
00001485  uxTaskPriorityGet              
000039a9  vApplicationIdleHook           
0000398f  vApplicationMallocFailedHook   
0000399f  vApplicationStackOverflowHook  
000039ab  vApplicationTickHook           
0000374d  vDebounceButtons               
00003875  vDisplayTask                   
0000394d  vFakeGPS                       
00005e6d  vListInitialise                
00005e9d  vListInitialiseItem            
00005ef1  vListInsert                    
00005ead  vListInsertEnd                 
00005f57  vListRemove                    
000066a9  vPortClearInterruptMask        
000066e7  vPortEnableVFP                 
00006201  vPortEndScheduler              
0000620d  vPortEnterCritical             
0000621d  vPortExitCritical              
0000587b  vPortFree                      
000058e3  vPortInitialiseBlocks          
000066b7  vPortSVCHandler                
0000669b  vPortSetInterruptMask          
000066d5  vPortStartFirstTask            
00006203  vPortYieldFromISR              
00006ff5  vPrintString                   
00007019  vPrintStringAndNumber          
000032e1  vQueueDelete                   
000036cb  vReadGPS                       
00001421  vTaskDelay                     
00001371  vTaskDelayUntil                
00001309  vTaskDelete                    
0000177d  vTaskEndScheduler              
0000188d  vTaskIncrementTick             
00001b91  vTaskMissedYield               
000019f5  vTaskPlaceOnEventList          
00001dd9  vTaskPriorityDisinherit        
00001d4d  vTaskPriorityInherit           
000014c1  vTaskPrioritySet               
00001651  vTaskResume                    
00001af3  vTaskSetTimeOutState           
00001733  vTaskStartScheduler            
000015a9  vTaskSuspend                   
0000178f  vTaskSuspendAll                
00001935  vTaskSwitchContext             
00004a4d  write                          
20002be0  xBinarySemaphore               
000058dd  xPortGetFreeHeapSize           
00006661  xPortPendSVHandler             
000061d9  xPortStartScheduler            
00006233  xPortSysTickHandler            
00002e9f  xQueueCreate                   
00002fad  xQueueCreateCountingSemaphore  
00002f45  xQueueCreateMutex              
20002be4  xQueueGPSDATA                  
0000311d  xQueueGenericReceive           
00002fcb  xQueueGenericSend              
000030b3  xQueueGenericSendFromISR       
0000345b  xQueueIsQueueEmptyFromISR      
00003495  xQueueIsQueueFullFromISR       
00003251  xQueueReceiveFromISR           
00001b19  xTaskCheckForTimeOut           
000011f5  xTaskGenericCreate             
00001d39  xTaskGetCurrentTaskHandle      
00001869  xTaskGetTickCount              
00001601  xTaskIsTaskSuspended           
00001a75  xTaskRemoveFromEventList       
00001799  xTaskResumeAll                 
000016c1  xTaskResumeFromISR             


GLOBAL SYMBOLS: SORTED BY Symbol Address 

address   name                           
-------   ----                           
00000000  __TI_static_base__             
00000000  g_pfnVectors                   
00000800  __STACK_SIZE                   
00000800  __SYSMEM_SIZE                  
0000091d  __TI_printfi                   
000011f3  __mpu_init                     
000011f5  xTaskGenericCreate             
00001309  vTaskDelete                    
00001371  vTaskDelayUntil                
00001421  vTaskDelay                     
00001485  uxTaskPriorityGet              
000014c1  vTaskPrioritySet               
000015a9  vTaskSuspend                   
00001601  xTaskIsTaskSuspended           
00001651  vTaskResume                    
000016c1  xTaskResumeFromISR             
00001733  vTaskStartScheduler            
0000177d  vTaskEndScheduler              
0000178f  vTaskSuspendAll                
00001799  xTaskResumeAll                 
00001869  xTaskGetTickCount              
0000187d  uxTaskGetNumberOfTasks         
0000188d  vTaskIncrementTick             
00001935  vTaskSwitchContext             
000019f5  vTaskPlaceOnEventList          
00001a75  xTaskRemoveFromEventList       
00001af3  vTaskSetTimeOutState           
00001b19  xTaskCheckForTimeOut           
00001b91  vTaskMissedYield               
00001d39  xTaskGetCurrentTaskHandle      
00001d4d  vTaskPriorityInherit           
00001dd9  vTaskPriorityDisinherit        
00001e69  read_distance                  
00001e6f  calculate_distance             
00001eeb  read_acceleration              
00001eff  calculate_accleration          
00001f55  decode_GGA                     
00002351  decode_RMC                     
00002769  split_data                     
0000280d  clearDisplay                   
00002815  password_display               
000028ab  init_password                  
000028c3  set_speed_display              
0000295d  enter_fuel_display             
000029a3  review_fuel_display            
00002a39  no_fix_screen                  
00002b19  accleration_screen             
00002c87  display                        
00002e9f  xQueueCreate                   
00002f45  xQueueCreateMutex              
00002fad  xQueueCreateCountingSemaphore  
00002fcb  xQueueGenericSend              
000030b3  xQueueGenericSendFromISR       
0000311d  xQueueGenericReceive           
00003251  xQueueReceiveFromISR           
000032b9  uxQueueMessagesWaiting         
000032cf  uxQueueMessagesWaitingFromISR  
000032e1  vQueueDelete                   
0000345b  xQueueIsQueueEmptyFromISR      
00003495  xQueueIsQueueFullFromISR       
000034b3  _system_post_cinit             
000034b5  store_char                     
0000350f  UARTIntHandler                 
00003551  PinChangeIntHandler            
00003565  Timer0IntHandler               
00003571  Timer1IntHandler               
0000357d  read_button_screen             
000035f1  invert_button                  
00003615  main                           
000036cb  vReadGPS                       
0000374d  vDebounceButtons               
00003875  vDisplayTask                   
0000394d  vFakeGPS                       
0000398f  vApplicationMallocFailedHook   
0000399f  vApplicationStackOverflowHook  
000039a9  vApplicationIdleHook           
000039ab  vApplicationTickHook           
00003b9d  RIT128x96x4Clear               
00003bf9  RIT128x96x4StringDraw          
00003d39  RIT128x96x4ImageDraw           
00003dc1  RIT128x96x4Enable              
00003e1b  RIT128x96x4Disable             
00003e95  RIT128x96x4Init                
00003f39  RIT128x96x4DisplayOn           
00003f6d  RIT128x96x4DisplayOff          
00003fa5  minit                          
00004025  malloc                         
0000408f  free                           
00004151  realloc                        
00004259  memalign                       
00004343  calloc                         
00004371  reset_peripheral               
000043ad  initClock                      
000043b7  initGPIO                       
000043db  initPin                        
00004427  initDisplay                    
00004431  initADC                        
00004471  send_data                      
000044e1  UARTSend                       
00004529  initConsole                    
00004595  initTimer                      
00004601  initCircBuf                    
0000462b  init_set_speed_data            
00004669  init_acc_time                  
00004729  HOSTwrite                      
00004775  HOSTunlink                     
000047ad  HOSTtime64                     
000047fb  HOSTtime                       
00004835  HOSTrename                     
00004893  HOSTread                       
000048df  HOSTopen                       
00004931  HOSTlseek                      
0000498d  HOSTgetenv                     
000049cb  HOSTclose                      
00004a03  HOSTclock                      
00004a4d  write                          
00004add  remove                         
00004add  unlink                         
00004b01  rename                         
00004b3f  remove_device                  
00004b67  read                           
00004b8b  open                           
00004c39  lseek                          
00004c5d  close                          
00004cad  add_device                     
00004d59  strtod                         
00004d59  strtold                        
00004f95  fmod                           
00004f95  fmodl                          
000051b9  __aeabi_uldivmod               
000053ad  SysCtlClockGet                 
0000564d  __TI_cleanup                   
00005679  freopen                        
000056a3  fopen                          
00005749  pvPortMalloc                   
0000587b  vPortFree                      
000058dd  xPortGetFreeHeapSize           
000058e3  vPortInitialiseBlocks          
00005905  __aeabi_dsub                   
0000590f  __aeabi_dadd                   
00005abd  SysCtlClockSet                 
00005c01  __aeabi_ddiv                   
00005d39  fputs                          
00005e43  puts                           
00005e6d  vListInitialise                
00005e9d  vListInitialiseItem            
00005ead  vListInsertEnd                 
00005ef1  vListInsert                    
00005f57  vListRemove                    
00005f9b  __aeabi_dmul                   
00006097  __aeabi_fsub                   
0000609b  __aeabi_fadd                   
00006191  pxPortInitialiseStack          
000061d9  xPortStartScheduler            
00006201  vPortEndScheduler              
00006203  vPortYieldFromISR              
0000620d  vPortEnterCritical             
0000621d  vPortExitCritical              
00006233  xPortSysTickHandler            
00006275  setvbuf                        
00006351  ldexp                          
00006351  ldexpl                         
00006351  scalbn                         
00006351  scalbnl                        
00006421  GPIOPadConfigSet               
000064e9  __TI_doflush                   
00006535  fflush                         
000065b1  __TI_wrt_ok                    
00006613  __TI_rd_ok                     
00006661  xPortPendSVHandler             
0000669b  vPortSetInterruptMask          
000066a9  vPortClearInterruptMask        
000066b7  vPortSVCHandler                
000066d5  vPortStartFirstTask            
000066e7  vPortEnableVFP                 
000066f9  __aeabi_memcpy                 
000066f9  __aeabi_memcpy4                
000066f9  __aeabi_memcpy8                
000066f9  memcpy                         
00006795  __TI_closefile                 
000067fb  fclose                         
0000682d  fputc                          
0000682d  putc                           
000068b1  putchar                        
000068c5  __aeabi_fdiv                   
00006959  SysCtlPeripheralReset          
000069e1  __aeabi_cdcmpeq                
000069e1  __aeabi_cdcmple                
00006a67  __aeabi_cdrcmple               
00006aed  __aeabi_fmul                   
00006b67  __aeabi_memclr                 
00006b67  __aeabi_memclr4                
00006b67  __aeabi_memclr8                
00006b69  __aeabi_memset                 
00006b69  __aeabi_memset4                
00006b69  __aeabi_memset8                
00006b6f  memset                         
00006be1  __TI_auto_init                 
00006c59  printf                         
00006cc1  __aeabi_d2f                    
00006d2f  ADCSequenceStepConfigure       
00006d9d  __TI_writemsg                  
00006dcb  C$$IO$$                        
00006dcf  __TI_readmsg                   
00006e05  __TI_decompress_lzss           
00006e6d  IntEnable                      
00006ed1  fseek                          
00006f35  __aeabi_cfcmpeq                
00006f35  __aeabi_cfcmple                
00006f95  __aeabi_cfrcmple               
00006ff5  vPrintString                   
00007019  vPrintStringAndNumber          
00007055  sprintf                        
000070b5  frexp                          
000070b5  frexpl                         
00007111  SysCtlPeripheralEnable         
00007169  ltoa                           
000071c1  C$$EXIT                        
000071c5  abort                          
000071cd  exit                           
00007215  atoi                           
00007261  atol                           
000072ad  copy_in                        
000072f9  __aeabi_d2iz                   
00007341  GPIOIntTypeSet                 
00007385  SSIConfigSetExpClk             
000073c9  __aeabi_d2uiz                  
0000740d  UARTConfigSetExpClk            
00007451  _c_int00                       
00007491  __aeabi_f2d                    
000074c9  __aeabi_f2iz                   
00007501  __aeabi_i2f                    
00007539  strncpy                        
0000756f  strstr                         
000075a5  __aeabi_f2uiz                  
000075d9  GPIODirModeSet                 
00007607  __aeabi_i2d                    
00007635  ADCSequenceConfigure           
00007661  TimerConfigure                 
00007685  memcmp                         
000076a9  memchr                         
000076c9  __aeabi_ui2d                   
000076e9  UARTDisable                    
00007705  memccpy                        
00007721  _args_main                     
00007739  strcmp                         
00007751  strchr                         
00007767  strcpy                         
0000777d  UARTEnable                     
00007791  _register_unlock               
00007797  _register_lock                 
0000779f  _nop                           
000077a5  strlen                         
000077b9  GPIOPinTypeADC                 
000077cb  GPIOPinTypeGPIOOutput          
000077dd  GPIOPinTypeSSI                 
000077ef  GPIOPinTypeUART                
00007801  SSIDataGetNonBlocking          
00007813  TimerLoadSet                   
00007825  UARTCharGetNonBlocking         
00007835  ADCSequenceEnable              
00007843  TimerEnable                    
00007851  __TI_decompress_none           
0000785f  CPUcpsie                       
0000786b  GPIOPinIntEnable               
00007879  SysTickValueGet                
00007885  UARTCharsAvail                 
00007891  __TI_zero_init                 
0000789d  ResetISR                       
000078a9  ADCIntClear                    
000078b3  IntMasterEnable                
000078bd  SSIDataPut                     
000078c7  SSIDisable                     
000078d1  SSIEnable                      
000078db  UARTCharPut                    
000078e5  UARTFIFOEnable                 
000078ef  UARTIntStatus                  
000078f9  SSIBusy                        
00007901  TimerIntEnable                 
00007909  UARTIntEnable                  
00007911  copysign                       
00007911  copysignl                      
00007919  GPIOPinIntClear                
0000791f  GPIOPinRead                    
00007925  GPIOPinWrite                   
0000792b  SysCtlDelay                    
00007931  atof                           
00007937  TimerIntClear                  
0000793b  UARTIntClear                   
0000793f  _system_pre_init               
00007b28  _ctypes_                       
00007edc  __TI_Handler_Table_Base        
00007ee8  __TI_Handler_Table_Limit       
00007ef0  __TI_CINIT_Base                
00007f00  __TI_CINIT_Limit               
20002800  __CIOBUF_                      
20002920  __TI_tmpnams                   
200029c0  UART_char_data                 
20002a38  UART_char_data_old             
20002bd4  button_data                    
20002be0  xBinarySemaphore               
20002be4  xQueueGPSDATA                  
20002be8  __stack                        
20002ce8  __STACK_TOP                    
200033e8  __STACK_END                    
200033e8  _sys_memory                    
20003be8  _ftable                        
20003da8  pxCurrentTCB                   
20003dd8  buffed_speed                   
20003ddc  buffed_speed_1_old             
20003de0  acceleration                   
20003de4  distance                       
20003de8  last_time                      
20003dec  __TI_ft_end                    
20003df0  __aeabi_stdin                  
20003df4  __aeabi_stdout                 
20003df8  __aeabi_stderr                 
20003dfc  __TI_cleanup_ptr               
20003e00  __TI_dtors_ptr                 
20003e04  __TI_enable_exit_profile_output
20003e14  index                          
20003e18  GPS_RUN                        
20003e1c  test                           
20003e20  _lock                          
20003e24  _unlock                        
20003e34  errno                          
20003e3c  main_func_sp                   
ffffffff  __TI_pprof_out_hndl            
ffffffff  __TI_prof_data_size            
ffffffff  __TI_prof_data_start           
ffffffff  __binit__                      
ffffffff  __c_args__                     
ffffffff  binit                          
UNDEFED   SHT$$INIT_ARRAY$$Base          
UNDEFED   SHT$$INIT_ARRAY$$Limit         

[335 symbols]
