******************************************************************************
                  TI ARM Linker PC v16.6.0                     
******************************************************************************
>> Linked Mon Aug 08 09:23:40 2016

OUTPUT FILE NAME:   <RTOStest1.out>
ENTRY POINT SYMBOL: "_c_int00"  address: 00006a75


MEMORY CONFIGURATION

         name            origin    length      used     unused   attr    fill
----------------------  --------  ---------  --------  --------  ----  --------
  FLASH                 00000000   00040000  00007550  00038ab0  R  X
  SRAM                  20000000   00010000  00003e38  0000c1c8  RW X


SEGMENT ALLOCATION MAP

run origin  load origin   length   init length attrs members
----------  ----------- ---------- ----------- ----- -------
00000000    00000000    00007550   00007550    r-x
  00000000    00000000    000000f0   000000f0    r-- .intvecs
  000000f0    000000f0    00006e70   00006e70    r-x .text
  00006f60    00006f60    00000540   00000540    r-- .const
  000074a0    000074a0    000000b0   000000b0    r-- .cinit
20000000    20000000    00003e3c   00000000    rw-
  20000000    20000000    00002bdc   00000000    rw- .bss
  20002bdc    20002bdc    00000800   00000000    rw- .stack
  200033e0    200033e0    00000800   00000000    rw- .sysmem
  20003be0    20003be0    0000025c   00000000    rw- .data


SECTION ALLOCATION MAP

 output                                  attributes/
section   page    origin      length       input sections
--------  ----  ----------  ----------   ----------------
.intvecs   0    00000000    000000f0     
                  00000000    000000f0     startup_ccs.obj (.intvecs)

.text      0    000000f0    00006e70     
                  000000f0    00001102     rtsv7M3_T_le_eabi.lib : _printfi.obj (.text)
                  000011f2    00000002                           : mpu_init.obj (.text)
                  000011f4    00000c74     tasks.obj (.text)
                  00001e68    000009a4     data_process.obj (.text)
                  0000280c    00000614     queue.obj (.text)
                  00002e20    00000510     rit128x96x4.obj (.text)
                  00003330    000003cc     rtsv7M3_T_le_eabi.lib : memory.obj (.text)
                  000036fc    00000368     main.obj (.text)
                  00003a64    00000324     rtsv7M3_T_le_eabi.lib : trgdrv.obj (.text)
                  00003d88    0000030c                           : lowlev.obj (.text)
                  00004094    000002e8     init.obj (.text)
                  0000437c    0000023c     rtsv7M3_T_le_eabi.lib : strtod.obj (.text)
                  000045b8    00000224                           : e_fmod.obj (.text)
                  000047dc    000001f4                           : ull_div_t2.obj (.text)
                  000049d0    000001d8     driverlib-cm3.lib : sysctl.obj (.text:SysCtlClockGet)
                  00004ba8    000001c4     rtsv7M3_T_le_eabi.lib : fopen.obj (.text)
                  00004d6c    000001bc     heap_2.obj (.text)
                  00004f28    000001b6     rtsv7M3_T_le_eabi.lib : fd_add_t2.obj (.text)
                  000050de    00000002                           : startup.obj (.text)
                  000050e0    00000144     driverlib-cm3.lib : sysctl.obj (.text:SysCtlClockSet)
                  00005224    00000136     rtsv7M3_T_le_eabi.lib : fd_div_t2.obj (.text)
                  0000535a    00000002     --HOLE-- [fill = 0]
                  0000535c    00000134                           : fputs.obj (.text)
                  00005490    0000012e     list.obj (.text)
                  000055be    000000fc     rtsv7M3_T_le_eabi.lib : fd_mul_t2.obj (.text)
                  000056ba    000000fa                           : fs_add_t2.obj (.text)
                  000057b4    000000e4     port.obj (.text)
                  00005898    000000dc     rtsv7M3_T_le_eabi.lib : setvbuf.obj (.text)
                  00005974    000000d0                           : s_scalbn.obj (.text)
                  00005a44    000000c8     driverlib-cm3.lib : gpio.obj (.text:GPIOPadConfigSet)
                  00005b0c    000000c8     rtsv7M3_T_le_eabi.lib : fflush.obj (.text)
                  00005bd4    000000ac                           : _io_perm.obj (.text)
                  00005c80    0000009c     portasm.obj (.text)
                  00005d1c    0000009c     rtsv7M3_T_le_eabi.lib : memcpy_t2.obj (.text)
                  00005db8    00000098                           : fclose.obj (.text)
                  00005e50    00000098                           : fputc.obj (.text)
                  00005ee8    00000092                           : fs_div_t2.obj (.text)
                  00005f7a    00000002     --HOLE-- [fill = 0]
                  00005f7c    00000088     driverlib-cm3.lib : sysctl.obj (.text:SysCtlPeripheralReset)
                  00006004    00000086     rtsv7M3_T_le_eabi.lib : fd_cmp_t2.obj (.text:__aeabi_cdcmple)
                  0000608a    00000086                           : fd_cmp_t2.obj (.text:__aeabi_cdrcmple)
                  00006110    0000007a                           : fs_mul_t2.obj (.text)
                  0000618a    0000007a                           : memset_t2.obj (.text)
                  00006204    00000070                           : autoinit.obj (.text)
                  00006274    00000070                           : printf.obj (.text)
                  000062e4    0000006e                           : fd_tos_t2.obj (.text)
                  00006352    0000006c     driverlib-cm3.lib : adc.obj (.text:ADCSequenceStepConfigure)
                  000063be    00000002     --HOLE-- [fill = 0]
                  000063c0    00000068     rtsv7M3_T_le_eabi.lib : trgmsg.obj (.text)
                  00006428    00000066                           : copy_decompress_lzss.obj (.text:decompress:lzss)
                  0000648e    00000002     --HOLE-- [fill = 0]
                  00006490    00000064     driverlib-cm3.lib : interrupt.obj (.text:IntEnable)
                  000064f4    00000064     rtsv7M3_T_le_eabi.lib : fseek.obj (.text)
                  00006558    00000060                           : fs_cmp_t2.obj (.text:__aeabi_cfcmple)
                  000065b8    00000060                           : fs_cmp_t2.obj (.text:__aeabi_cfrcmple)
                  00006618    00000060     basic_io.obj (.text)
                  00006678    00000060     rtsv7M3_T_le_eabi.lib : sprintf.obj (.text)
                  000066d8    0000005c                           : s_frexp.obj (.text)
                  00006734    00000058     driverlib-cm3.lib : sysctl.obj (.text:SysCtlPeripheralEnable)
                  0000678c    00000056     rtsv7M3_T_le_eabi.lib : ltoa.obj (.text)
                  000067e2    00000002     --HOLE-- [fill = 0]
                  000067e4    00000054                           : exit.obj (.text)
                  00006838    0000004c                           : atoi.obj (.text)
                  00006884    0000004c                           : atol.obj (.text)
                  000068d0    0000004c                           : cpy_tbl.obj (.text)
                  0000691c    00000048                           : fd_toi_t2.obj (.text)
                  00006964    00000044     driverlib-cm3.lib : gpio.obj (.text:GPIOIntTypeSet)
                  000069a8    00000044                       : ssi.obj (.text:SSIConfigSetExpClk)
                  000069ec    00000044     rtsv7M3_T_le_eabi.lib : fd_tou_t2.obj (.text)
                  00006a30    00000042     driverlib-cm3.lib : uart.obj (.text:UARTConfigSetExpClk)
                  00006a72    00000002     --HOLE-- [fill = 0]
                  00006a74    00000040     rtsv7M3_T_le_eabi.lib : boot.obj (.text)
                  00006ab4    00000038                           : fs_tod_t2.obj (.text)
                  00006aec    00000038                           : fs_toi_t2.obj (.text)
                  00006b24    00000038                           : i_tofs_t2.obj (.text)
                  00006b5c    00000036                           : strncpy.obj (.text)
                  00006b92    00000036                           : strstr.obj (.text)
                  00006bc8    00000034                           : fs_tou_t2.obj (.text)
                  00006bfc    0000002e     driverlib-cm3.lib : gpio.obj (.text:GPIODirModeSet)
                  00006c2a    0000002e     rtsv7M3_T_le_eabi.lib : i_tofd_t2.obj (.text)
                  00006c58    0000002a     driverlib-cm3.lib : adc.obj (.text:ADCSequenceConfigure)
                  00006c82    00000002     --HOLE-- [fill = 0]
                  00006c84    00000024                       : timer.obj (.text:TimerConfigure)
                  00006ca8    00000024     rtsv7M3_T_le_eabi.lib : memcmp.obj (.text)
                  00006ccc    00000020                           : memchr.obj (.text)
                  00006cec    00000020                           : u_tofd_t2.obj (.text)
                  00006d0c    0000001c     driverlib-cm3.lib : uart.obj (.text:UARTDisable)
                  00006d28    0000001a     rtsv7M3_T_le_eabi.lib : memccpy.obj (.text)
                  00006d42    00000002     --HOLE-- [fill = 0]
                  00006d44    00000018                           : args_main.obj (.text)
                  00006d5c    00000018                           : strcmp.obj (.text)
                  00006d74    00000016                           : strchr.obj (.text)
                  00006d8a    00000016                           : strcpy.obj (.text)
                  00006da0    00000014     driverlib-cm3.lib : uart.obj (.text:UARTEnable)
                  00006db4    00000014     rtsv7M3_T_le_eabi.lib : _lock.obj (.text)
                  00006dc8    00000014                           : strlen.obj (.text)
                  00006ddc    00000012     driverlib-cm3.lib : gpio.obj (.text:GPIOPinTypeADC)
                  00006dee    00000012                       : gpio.obj (.text:GPIOPinTypeGPIOOutput)
                  00006e00    00000012                       : gpio.obj (.text:GPIOPinTypeSSI)
                  00006e12    00000012                       : gpio.obj (.text:GPIOPinTypeUART)
                  00006e24    00000012                       : ssi.obj (.text:SSIDataGetNonBlocking)
                  00006e36    00000012                       : timer.obj (.text:TimerLoadSet)
                  00006e48    00000010                       : uart.obj (.text:UARTCharGetNonBlocking)
                  00006e58    0000000e                       : adc.obj (.text:ADCSequenceEnable)
                  00006e66    0000000e                       : timer.obj (.text:TimerEnable)
                  00006e74    0000000e     rtsv7M3_T_le_eabi.lib : copy_decompress_none.obj (.text:decompress:none)
                  00006e82    0000000c     driverlib-cm3.lib : cpu.obj (.text:CPUcpsie)
                  00006e8e    0000000c                       : gpio.obj (.text:GPIOPinIntEnable)
                  00006e9a    00000002     --HOLE-- [fill = 0]
                  00006e9c    0000000c                       : systick.obj (.text:SysTickValueGet)
                  00006ea8    0000000c                       : uart.obj (.text:UARTCharsAvail)
                  00006eb4    0000000c     rtsv7M3_T_le_eabi.lib : copy_zero_init.obj (.text:decompress:ZI)
                  00006ec0    0000000c     startup_ccs.obj (.text)
                  00006ecc    0000000a     driverlib-cm3.lib : adc.obj (.text:ADCIntClear)
                  00006ed6    0000000a                       : interrupt.obj (.text:IntMasterEnable)
                  00006ee0    0000000a                       : ssi.obj (.text:SSIDataPut)
                  00006eea    0000000a                       : ssi.obj (.text:SSIDisable)
                  00006ef4    0000000a                       : ssi.obj (.text:SSIEnable)
                  00006efe    0000000a                       : uart.obj (.text:UARTCharPut)
                  00006f08    0000000a                       : uart.obj (.text:UARTFIFOEnable)
                  00006f12    0000000a                       : uart.obj (.text:UARTIntStatus)
                  00006f1c    00000008                       : ssi.obj (.text:SSIBusy)
                  00006f24    00000008                       : timer.obj (.text:TimerIntEnable)
                  00006f2c    00000008                       : uart.obj (.text:UARTIntEnable)
                  00006f34    00000008     rtsv7M3_T_le_eabi.lib : s_copysign.obj (.text)
                  00006f3c    00000006     driverlib-cm3.lib : gpio.obj (.text:GPIOPinIntClear)
                  00006f42    00000006                       : gpio.obj (.text:GPIOPinWrite)
                  00006f48    00000006                       : sysctl.obj (.text:SysCtlDelay)
                  00006f4e    00000006     rtsv7M3_T_le_eabi.lib : atof.obj (.text)
                  00006f54    00000004     driverlib-cm3.lib : timer.obj (.text:TimerIntClear)
                  00006f58    00000004                       : uart.obj (.text:UARTIntClear)
                  00006f5c    00000004     rtsv7M3_T_le_eabi.lib : pre_init.obj (.text)

.const     0    00006f60    00000540     
                  00006f60    000001e0     rit128x96x4.obj (.const:g_pucFont)
                  00007140    00000101     rtsv7M3_T_le_eabi.lib : ctype.obj (.const:.string:_ctypes_)
                  00007241    00000003     rit128x96x4.obj (.const:.string:pucCommand1$1)
                  00007244    00000003     rit128x96x4.obj (.const:.string:pucCommand2$2)
                  00007247    00000001     --HOLE-- [fill = 0]
                  00007248    00000098     rtsv7M3_T_le_eabi.lib : strtod.obj (.const:$O1$$)
                  000072e0    00000070     driverlib-cm3.lib : interrupt.obj (.const)
                  00007350    0000006c                       : sysctl.obj (.const:g_pulXtals)
                  000073bc    0000004f     rit128x96x4.obj (.const:.string:g_pucRIT128x96x4Init)
                  0000740b    00000001     --HOLE-- [fill = 0]
                  0000740c    00000040     driverlib-cm3.lib : sysctl.obj (.const)
                  0000744c    00000028     main.obj (.const:.string)
                  00007474    00000014     tasks.obj (.const:.string:ucExpectedStackBytes$1)
                  00007488    00000010     rtsv7M3_T_le_eabi.lib : e_fmod.obj (.const:Zero)
                  00007498    00000002     rit128x96x4.obj (.const:.string:g_pucRIT128x96x4HorizontalInc)
                  0000749a    00000002     rit128x96x4.obj (.const:.string:g_pucRIT128x96x4VerticalInc)
                  0000749c    00000002     rit128x96x4.obj (.const:.string:pucCommand1$3)
                  0000749e    00000002     heap_2.obj (.const)

.cinit     0    000074a0    000000b0     
                  000074a0    00000085     (.cinit..data.load) [load image, compression = lzss]
                  00007525    00000003     --HOLE-- [fill = 0]
                  00007528    0000000c     (__TI_handler_table)
                  00007534    00000004     --HOLE-- [fill = 0]
                  00007538    00000008     (.cinit..bss.load) [load image, compression = zero_init]
                  00007540    00000010     (__TI_cinit_table)

.bss       0    20000000    00002bdc     UNINITIALIZED
                  20000000    00002800     heap_2.obj (.bss:xHeap)
                  20002800    00000120     rtsv7M3_T_le_eabi.lib : trgmsg.obj (.bss:_CIOBUF_)
                  20002920    000000a0     (.common:__TI_tmpnams)
                  200029c0    00000078     (.common:UART_char_data)
                  20002a38    00000078     (.common:UART_char_data_old)
                  20002ab0    00000064     tasks.obj (.bss:pxReadyTasksLists)
                  20002b14    00000034     basic_io.obj (.bss:cBuffer)
                  20002b48    00000014     tasks.obj (.bss:xDelayedTaskList1)
                  20002b5c    00000014     tasks.obj (.bss:xDelayedTaskList2)
                  20002b70    00000014     tasks.obj (.bss:xPendingReadyList)
                  20002b84    00000014     tasks.obj (.bss:xSuspendedTaskList)
                  20002b98    00000014     tasks.obj (.bss:xTasksWaitingTermination)
                  20002bac    00000008     rit128x96x4.obj (.bss:g_pucBuffer)
                  20002bb4    00000008     rtsv7M3_T_le_eabi.lib : trgdrv.obj (.bss:parmbuf)
                  20002bbc    00000008     tasks.obj (.bss)
                  20002bc4    00000008     heap_2.obj (.bss:xEnd)
                  20002bcc    00000008     heap_2.obj (.bss:xStart)
                  20002bd4    00000004     rit128x96x4.obj (.bss)
                  20002bd8    00000004     (.common:xBinarySemaphore)

.stack     0    20002bdc    00000800     UNINITIALIZED
                  20002bdc    00000800     --HOLE--

.sysmem    0    200033e0    00000800     UNINITIALIZED
                  200033e0    00000008     rtsv7M3_T_le_eabi.lib : memory.obj (.sysmem)
                  200033e8    000007f8     --HOLE--

.data      0    20003be0    0000025c     UNINITIALIZED
                  20003be0    000000f0     rtsv7M3_T_le_eabi.lib : defs.obj (.data:_ftable)
                  20003cd0    000000d0                           : lowlev.obj (.data:$O1$$)
                  20003da0    00000030     tasks.obj (.data)
                  20003dd0    00000014     data_process.obj (.data)
                  20003de4    00000010     main.obj (.data)
                  20003df4    00000010     rtsv7M3_T_le_eabi.lib : defs.obj (.data)
                  20003e04    0000000c                           : exit.obj (.data:$O1$$)
                  20003e10    0000000c                           : memory.obj (.data:$O1$$)
                  20003e1c    00000008                           : _lock.obj (.data:$O1$$)
                  20003e24    00000008     heap_2.obj (.data)
                  20003e2c    00000004     port.obj (.data)
                  20003e30    00000004     rtsv7M3_T_le_eabi.lib : errno.obj (.data)
                  20003e34    00000004                           : fopen.obj (.data)
                  20003e38    00000004                           : stkdepth_vars.obj (.data)

MODULE SUMMARY

       Module                     code    ro data   rw data
       ------                     ----    -------   -------
    .\
       tasks.obj                  3188    20        256    
       data_process.obj           2468    0         20     
       rit128x96x4.obj            1296    571       12     
       queue.obj                  1556    0         0      
       main.obj                   872     40        260    
       init.obj                   744     0         0      
       list.obj                   302     0         0      
       startup_ccs.obj            12      240       0      
    +--+--------------------------+-------+---------+---------+
       Total:                     10438   871       548    
                                                           
    .\demo_code\
       basic_io.obj               96      0         52     
    +--+--------------------------+-------+---------+---------+
       Total:                     96      0         52     
                                                           
    .\portable\
       heap_2.obj                 444     2         10264  
       port.obj                   228     0         4      
       portasm.obj                156     0         0      
    +--+--------------------------+-------+---------+---------+
       Total:                     828     2         10268  
                                                           
    C:/ti/StellarisWare/driverlib/ccs-cm3/Debug/driverlib-cm3.lib
       sysctl.obj                 1026    172       0      
       gpio.obj                   410     0         0      
       interrupt.obj              110     112       0      
       uart.obj                   184     0         0      
       adc.obj                    174     0         0      
       ssi.obj                    124     0         0      
       timer.obj                  80      0         0      
       cpu.obj                    12      0         0      
       systick.obj                12      0         0      
    +--+--------------------------+-------+---------+---------+
       Total:                     2132    284       0      
                                                           
    C:\ti\ccsv6\tools\compiler\ti-cgt-arm_16.6.0.STS\lib\rtsv7M3_T_le_eabi.lib
       _printfi.obj               4354    0         0      
       lowlev.obj                 780     0         208    
       memory.obj                 972     0         12     
       trgdrv.obj                 804     0         8      
       strtod.obj                 572     152       0      
       e_fmod.obj                 548     16        0      
       ull_div_t2.obj             500     0         0      
       fopen.obj                  452     0         4      
       fd_add_t2.obj              438     0         0      
       defs.obj                   0       0         416    
       trgmsg.obj                 104     0         288    
       fd_div_t2.obj              310     0         0      
       fputs.obj                  308     0         0      
       fd_cmp_t2.obj              268     0         0      
       ctype.obj                  0       257       0      
       fd_mul_t2.obj              252     0         0      
       fs_add_t2.obj              250     0         0      
       setvbuf.obj                220     0         0      
       s_scalbn.obj               208     0         0      
       fflush.obj                 200     0         0      
       fs_cmp_t2.obj              192     0         0      
       _io_perm.obj               172     0         0      
       memcpy_t2.obj              156     0         0      
       fclose.obj                 152     0         0      
       fputc.obj                  152     0         0      
       fs_div_t2.obj              146     0         0      
       fs_mul_t2.obj              122     0         0      
       memset_t2.obj              122     0         0      
       autoinit.obj               112     0         0      
       printf.obj                 112     0         0      
       fd_tos_t2.obj              110     0         0      
       copy_decompress_lzss.obj   102     0         0      
       fseek.obj                  100     0         0      
       exit.obj                   84      0         12     
       sprintf.obj                96      0         0      
       s_frexp.obj                92      0         0      
       ltoa.obj                   86      0         0      
       atoi.obj                   76      0         0      
       atol.obj                   76      0         0      
       cpy_tbl.obj                76      0         0      
       fd_toi_t2.obj              72      0         0      
       fd_tou_t2.obj              68      0         0      
       boot.obj                   64      0         0      
       fs_tod_t2.obj              56      0         0      
       fs_toi_t2.obj              56      0         0      
       i_tofs_t2.obj              56      0         0      
       strncpy.obj                54      0         0      
       strstr.obj                 54      0         0      
       fs_tou_t2.obj              52      0         0      
       i_tofd_t2.obj              46      0         0      
       memcmp.obj                 36      0         0      
       memchr.obj                 32      0         0      
       u_tofd_t2.obj              32      0         0      
       _lock.obj                  20      0         8      
       memccpy.obj                26      0         0      
       args_main.obj              24      0         0      
       strcmp.obj                 24      0         0      
       strchr.obj                 22      0         0      
       strcpy.obj                 22      0         0      
       strlen.obj                 20      0         0      
       copy_decompress_none.obj   14      0         0      
       copy_zero_init.obj         12      0         0      
       s_copysign.obj             8       0         0      
       atof.obj                   6       0         0      
       errno.obj                  0       0         4      
       pre_init.obj               4       0         0      
       stkdepth_vars.obj          0       0         4      
       mpu_init.obj               2       0         0      
       startup.obj                2       0         0      
    +--+--------------------------+-------+---------+---------+
       Total:                     14760   425       964    
                                                           
       Heap:                      0       0         2048   
       Stack:                     0       0         2048   
       Linker Generated:          0       169       0      
    +--+--------------------------+-------+---------+---------+
       Grand Total:               28254   1751      15928  


LINKER GENERATED COPY TABLES

__TI_cinit_table @ 00007540 records: 2, size/record: 8, table size: 16
	.data: load addr=000074a0, load size=00000085 bytes, run addr=20003be0, run size=0000025c bytes, compression=lzss
	.bss: load addr=00007538, load size=00000008 bytes, run addr=20000000, run size=00002bdc bytes, compression=zero_init


LINKER GENERATED HANDLER TABLE

__TI_handler_table @ 00007528 records: 3, size/record: 4, table size: 12
	index: 0, handler: __TI_decompress_lzss
	index: 1, handler: __TI_decompress_none
	index: 2, handler: __TI_zero_init


GLOBAL SYMBOLS: SORTED ALPHABETICALLY BY Name 

address   name                           
-------   ----                           
00006ecd  ADCIntClear                    
00006c59  ADCSequenceConfigure           
00006e59  ADCSequenceEnable              
00006353  ADCSequenceStepConfigure       
000067e5  C$$EXIT                        
000063ef  C$$IO$$                        
00006e83  CPUcpsie                       
00006bfd  GPIODirModeSet                 
00006965  GPIOIntTypeSet                 
00005a45  GPIOPadConfigSet               
00006f3d  GPIOPinIntClear                
00006e8f  GPIOPinIntEnable               
00006ddd  GPIOPinTypeADC                 
00006def  GPIOPinTypeGPIOOutput          
00006e01  GPIOPinTypeSSI                 
00006e13  GPIOPinTypeUART                
00006f43  GPIOPinWrite                   
20003df0  GPS_RUN                        
00003d3f  HOSTclock                      
00003d07  HOSTclose                      
00003cc9  HOSTgetenv                     
00003c6d  HOSTlseek                      
00003c1b  HOSTopen                       
00003bcf  HOSTread                       
00003b71  HOSTrename                     
00003b37  HOSTtime                       
00003ae9  HOSTtime64                     
00003ab1  HOSTunlink                     
00003a65  HOSTwrite                      
00006491  IntEnable                      
00006ed7  IntMasterEnable                
00003799  PinChangeIntHandler            
00002f29  RIT128x96x4Clear               
000031a7  RIT128x96x4Disable             
000032f9  RIT128x96x4DisplayOff          
000032c5  RIT128x96x4DisplayOn           
0000314d  RIT128x96x4Enable              
000030c5  RIT128x96x4ImageDraw           
00003221  RIT128x96x4Init                
00002f85  RIT128x96x4StringDraw          
00006ec1  ResetISR                       
UNDEFED   SHT$$INIT_ARRAY$$Base          
UNDEFED   SHT$$INIT_ARRAY$$Limit         
00006f1d  SSIBusy                        
000069a9  SSIConfigSetExpClk             
00006e25  SSIDataGetNonBlocking          
00006ee1  SSIDataPut                     
00006eeb  SSIDisable                     
00006ef5  SSIEnable                      
000049d1  SysCtlClockGet                 
000050e1  SysCtlClockSet                 
00006f49  SysCtlDelay                    
00006735  SysCtlPeripheralEnable         
00005f7d  SysCtlPeripheralReset          
00006e9d  SysTickValueGet                
000037ad  Timer0IntHandler               
000037b9  Timer1IntHandler               
00006c85  TimerConfigure                 
00006e67  TimerEnable                    
00006f55  TimerIntClear                  
00006f25  TimerIntEnable                 
00006e37  TimerLoadSet                   
00006e49  UARTCharGetNonBlocking         
00006eff  UARTCharPut                    
00006ea9  UARTCharsAvail                 
00006a31  UARTConfigSetExpClk            
00006d0d  UARTDisable                    
00006da1  UARTEnable                     
00006f09  UARTFIFOEnable                 
00006f59  UARTIntClear                   
00006f2d  UARTIntEnable                  
00003757  UARTIntHandler                 
00006f13  UARTIntStatus                  
00004195  UARTSend                       
200029c0  UART_char_data                 
20002a38  UART_char_data_old             
20002800  __CIOBUF_                      
200033dc  __STACK_END                    
00000800  __STACK_SIZE                   
20002cdc  __STACK_TOP                    
00000800  __SYSMEM_SIZE                  
00007540  __TI_CINIT_Base                
00007550  __TI_CINIT_Limit               
00007528  __TI_Handler_Table_Base        
00007534  __TI_Handler_Table_Limit       
00006205  __TI_auto_init                 
00004c71  __TI_cleanup                   
20003e04  __TI_cleanup_ptr               
00005db9  __TI_closefile                 
00006429  __TI_decompress_lzss           
00006e75  __TI_decompress_none           
00005b0d  __TI_doflush                   
20003e08  __TI_dtors_ptr                 
20003e0c  __TI_enable_exit_profile_output
20003df4  __TI_ft_end                    
ffffffff  __TI_pprof_out_hndl            
0000091d  __TI_printfi                   
ffffffff  __TI_prof_data_size            
ffffffff  __TI_prof_data_start           
00005c37  __TI_rd_ok                     
000063f3  __TI_readmsg                   
00000000  __TI_static_base__             
20002920  __TI_tmpnams                   
000063c1  __TI_writemsg                  
00005bd5  __TI_wrt_ok                    
00006eb5  __TI_zero_init                 
00006005  __aeabi_cdcmpeq                
00006005  __aeabi_cdcmple                
0000608b  __aeabi_cdrcmple               
00006559  __aeabi_cfcmpeq                
00006559  __aeabi_cfcmple                
000065b9  __aeabi_cfrcmple               
000062e5  __aeabi_d2f                    
0000691d  __aeabi_d2iz                   
000069ed  __aeabi_d2uiz                  
00004f33  __aeabi_dadd                   
00005225  __aeabi_ddiv                   
000055bf  __aeabi_dmul                   
00004f29  __aeabi_dsub                   
00006ab5  __aeabi_f2d                    
00006aed  __aeabi_f2iz                   
00006bc9  __aeabi_f2uiz                  
000056bf  __aeabi_fadd                   
00005ee9  __aeabi_fdiv                   
00006111  __aeabi_fmul                   
000056bb  __aeabi_fsub                   
00006c2b  __aeabi_i2d                    
00006b25  __aeabi_i2f                    
0000618b  __aeabi_memclr                 
0000618b  __aeabi_memclr4                
0000618b  __aeabi_memclr8                
00005d1d  __aeabi_memcpy                 
00005d1d  __aeabi_memcpy4                
00005d1d  __aeabi_memcpy8                
0000618d  __aeabi_memset                 
0000618d  __aeabi_memset4                
0000618d  __aeabi_memset8                
20003e00  __aeabi_stderr                 
20003df8  __aeabi_stdin                  
20003dfc  __aeabi_stdout                 
00006ced  __aeabi_ui2d                   
000047dd  __aeabi_uldivmod               
ffffffff  __binit__                      
ffffffff  __c_args__                     
000011f3  __mpu_init                     
20002bdc  __stack                        
00006d45  _args_main                     
00006a75  _c_int00                       
00007140  _ctypes_                       
20003be0  _ftable                        
20003e1c  _lock                          
00006dc3  _nop                           
00006dbb  _register_lock                 
00006db5  _register_unlock               
200033e0  _sys_memory                    
000050df  _system_post_cinit             
00006f5d  _system_pre_init               
20003e20  _unlock                        
000067e9  abort                          
20003dd8  acceleration                   
00003fe9  add_device                     
00006f4f  atof                           
00006839  atoi                           
00006885  atol                           
ffffffff  binit                          
20003dd0  buffed_speed                   
20003dd4  buffed_speed_1_old             
00001eff  calculate_accleration          
00001e6f  calculate_distance             
000036cf  calloc                         
00003f99  close                          
000068d1  copy_in                        
00006f35  copysign                       
00006f35  copysignl                      
00001f55  decode_GGA                     
00002351  decode_RMC                     
20003ddc  distance                       
20003e30  errno                          
000067f1  exit                           
00005e1f  fclose                         
00005b59  fflush                         
000045b9  fmod                           
000045b9  fmodl                          
00004cc7  fopen                          
00005e51  fputc                          
0000535d  fputs                          
0000341b  free                           
00004c9d  freopen                        
000066d9  frexp                          
000066d9  frexpl                         
000064f5  fseek                          
00000000  g_pfnVectors                   
20003dec  index                          
00004155  initADC                        
000042b5  initCircBuf                    
000040d1  initClock                      
000041dd  initConsole                    
0000414b  initDisplay                    
000040db  initGPIO                       
000040ff  initPin                        
00004249  initTimer                      
000042fb  init_acc_time                  
000042df  init_set_speed_data            
20003de0  last_time                      
00005975  ldexp                          
00005975  ldexpl                         
00003f75  lseek                          
0000678d  ltoa                           
000037c5  main                           
20003e38  main_func_sp                   
000033b1  malloc                         
000035e5  memalign                       
00006d29  memccpy                        
00006ccd  memchr                         
00006ca9  memcmp                         
00005d1d  memcpy                         
00006193  memset                         
00003331  minit                          
00003ec7  open                           
20003de4  pcTextForTask1                 
20003de8  pcTextForTask2                 
0000627d  printf                         
00005e51  putc                           
00005ed5  putchar                        
00005467  puts                           
00004d6d  pvPortMalloc                   
20003da0  pxCurrentTCB                   
000057b5  pxPortInitialiseStack          
00003ea3  read                           
00001eeb  read_acceleration              
00001e69  read_distance                  
000034dd  realloc                        
00003e19  remove                         
00003e7b  remove_device                  
00003e3d  rename                         
00004095  reset_peripheral               
00005975  scalbn                         
00005975  scalbnl                        
00005899  setvbuf                        
00002769  split_data                     
00006679  sprintf                        
000036fd  store_char                     
00006d75  strchr                         
00006d5d  strcmp                         
00006d8b  strcpy                         
00006dc9  strlen                         
00006b5d  strncpy                        
00006b93  strstr                         
0000437d  strtod                         
0000437d  strtold                        
00003e19  unlink                         
00002c27  uxQueueMessagesWaiting         
00002c3d  uxQueueMessagesWaitingFromISR  
0000187d  uxTaskGetNumberOfTasks         
00001485  uxTaskPriorityGet              
00003997  vApplicationIdleHook           
00003985  vApplicationMallocFailedHook   
0000398d  vApplicationStackOverflowHook  
00003999  vApplicationTickHook           
000038d1  vDisplayTask                   
00003847  vFakeGPS                       
00005491  vListInitialise                
000054c1  vListInitialiseItem            
00005515  vListInsert                    
000054d1  vListInsertEnd                 
0000557b  vListRemove                    
00005ccd  vPortClearInterruptMask        
00005d0b  vPortEnableVFP                 
00005825  vPortEndScheduler              
00005831  vPortEnterCritical             
00005841  vPortExitCritical              
00004e9f  vPortFree                      
00004f07  vPortInitialiseBlocks          
00005cdb  vPortSVCHandler                
00005cbf  vPortSetInterruptMask          
00005cf9  vPortStartFirstTask            
00005827  vPortYieldFromISR              
00006619  vPrintString                   
0000663d  vPrintStringAndNumber          
00002c4f  vQueueDelete                   
0000387b  vReadGPS                       
00001421  vTaskDelay                     
00001371  vTaskDelayUntil                
00001309  vTaskDelete                    
0000177d  vTaskEndScheduler              
0000188d  vTaskIncrementTick             
00001b91  vTaskMissedYield               
000019f5  vTaskPlaceOnEventList          
00001dd9  vTaskPriorityDisinherit        
00001d4d  vTaskPriorityInherit           
000014c1  vTaskPrioritySet               
00001651  vTaskResume                    
00001af3  vTaskSetTimeOutState           
00001733  vTaskStartScheduler            
000015a9  vTaskSuspend                   
0000178f  vTaskSuspendAll                
00001935  vTaskSwitchContext             
00003d89  write                          
20002bd8  xBinarySemaphore               
00004f01  xPortGetFreeHeapSize           
00005c85  xPortPendSVHandler             
000057fd  xPortStartScheduler            
00005857  xPortSysTickHandler            
0000280d  xQueueCreate                   
0000291b  xQueueCreateCountingSemaphore  
000028b3  xQueueCreateMutex              
00002a8b  xQueueGenericReceive           
00002939  xQueueGenericSend              
00002a21  xQueueGenericSendFromISR       
00002dc9  xQueueIsQueueEmptyFromISR      
00002e03  xQueueIsQueueFullFromISR       
00002bbf  xQueueReceiveFromISR           
00001b19  xTaskCheckForTimeOut           
000011f5  xTaskGenericCreate             
00001d39  xTaskGetCurrentTaskHandle      
00001869  xTaskGetTickCount              
00001601  xTaskIsTaskSuspended           
00001a75  xTaskRemoveFromEventList       
00001799  xTaskResumeAll                 
000016c1  xTaskResumeFromISR             


GLOBAL SYMBOLS: SORTED BY Symbol Address 

address   name                           
-------   ----                           
00000000  __TI_static_base__             
00000000  g_pfnVectors                   
00000800  __STACK_SIZE                   
00000800  __SYSMEM_SIZE                  
0000091d  __TI_printfi                   
000011f3  __mpu_init                     
000011f5  xTaskGenericCreate             
00001309  vTaskDelete                    
00001371  vTaskDelayUntil                
00001421  vTaskDelay                     
00001485  uxTaskPriorityGet              
000014c1  vTaskPrioritySet               
000015a9  vTaskSuspend                   
00001601  xTaskIsTaskSuspended           
00001651  vTaskResume                    
000016c1  xTaskResumeFromISR             
00001733  vTaskStartScheduler            
0000177d  vTaskEndScheduler              
0000178f  vTaskSuspendAll                
00001799  xTaskResumeAll                 
00001869  xTaskGetTickCount              
0000187d  uxTaskGetNumberOfTasks         
0000188d  vTaskIncrementTick             
00001935  vTaskSwitchContext             
000019f5  vTaskPlaceOnEventList          
00001a75  xTaskRemoveFromEventList       
00001af3  vTaskSetTimeOutState           
00001b19  xTaskCheckForTimeOut           
00001b91  vTaskMissedYield               
00001d39  xTaskGetCurrentTaskHandle      
00001d4d  vTaskPriorityInherit           
00001dd9  vTaskPriorityDisinherit        
00001e69  read_distance                  
00001e6f  calculate_distance             
00001eeb  read_acceleration              
00001eff  calculate_accleration          
00001f55  decode_GGA                     
00002351  decode_RMC                     
00002769  split_data                     
0000280d  xQueueCreate                   
000028b3  xQueueCreateMutex              
0000291b  xQueueCreateCountingSemaphore  
00002939  xQueueGenericSend              
00002a21  xQueueGenericSendFromISR       
00002a8b  xQueueGenericReceive           
00002bbf  xQueueReceiveFromISR           
00002c27  uxQueueMessagesWaiting         
00002c3d  uxQueueMessagesWaitingFromISR  
00002c4f  vQueueDelete                   
00002dc9  xQueueIsQueueEmptyFromISR      
00002e03  xQueueIsQueueFullFromISR       
00002f29  RIT128x96x4Clear               
00002f85  RIT128x96x4StringDraw          
000030c5  RIT128x96x4ImageDraw           
0000314d  RIT128x96x4Enable              
000031a7  RIT128x96x4Disable             
00003221  RIT128x96x4Init                
000032c5  RIT128x96x4DisplayOn           
000032f9  RIT128x96x4DisplayOff          
00003331  minit                          
000033b1  malloc                         
0000341b  free                           
000034dd  realloc                        
000035e5  memalign                       
000036cf  calloc                         
000036fd  store_char                     
00003757  UARTIntHandler                 
00003799  PinChangeIntHandler            
000037ad  Timer0IntHandler               
000037b9  Timer1IntHandler               
000037c5  main                           
00003847  vFakeGPS                       
0000387b  vReadGPS                       
000038d1  vDisplayTask                   
00003985  vApplicationMallocFailedHook   
0000398d  vApplicationStackOverflowHook  
00003997  vApplicationIdleHook           
00003999  vApplicationTickHook           
00003a65  HOSTwrite                      
00003ab1  HOSTunlink                     
00003ae9  HOSTtime64                     
00003b37  HOSTtime                       
00003b71  HOSTrename                     
00003bcf  HOSTread                       
00003c1b  HOSTopen                       
00003c6d  HOSTlseek                      
00003cc9  HOSTgetenv                     
00003d07  HOSTclose                      
00003d3f  HOSTclock                      
00003d89  write                          
00003e19  remove                         
00003e19  unlink                         
00003e3d  rename                         
00003e7b  remove_device                  
00003ea3  read                           
00003ec7  open                           
00003f75  lseek                          
00003f99  close                          
00003fe9  add_device                     
00004095  reset_peripheral               
000040d1  initClock                      
000040db  initGPIO                       
000040ff  initPin                        
0000414b  initDisplay                    
00004155  initADC                        
00004195  UARTSend                       
000041dd  initConsole                    
00004249  initTimer                      
000042b5  initCircBuf                    
000042df  init_set_speed_data            
000042fb  init_acc_time                  
0000437d  strtod                         
0000437d  strtold                        
000045b9  fmod                           
000045b9  fmodl                          
000047dd  __aeabi_uldivmod               
000049d1  SysCtlClockGet                 
00004c71  __TI_cleanup                   
00004c9d  freopen                        
00004cc7  fopen                          
00004d6d  pvPortMalloc                   
00004e9f  vPortFree                      
00004f01  xPortGetFreeHeapSize           
00004f07  vPortInitialiseBlocks          
00004f29  __aeabi_dsub                   
00004f33  __aeabi_dadd                   
000050df  _system_post_cinit             
000050e1  SysCtlClockSet                 
00005225  __aeabi_ddiv                   
0000535d  fputs                          
00005467  puts                           
00005491  vListInitialise                
000054c1  vListInitialiseItem            
000054d1  vListInsertEnd                 
00005515  vListInsert                    
0000557b  vListRemove                    
000055bf  __aeabi_dmul                   
000056bb  __aeabi_fsub                   
000056bf  __aeabi_fadd                   
000057b5  pxPortInitialiseStack          
000057fd  xPortStartScheduler            
00005825  vPortEndScheduler              
00005827  vPortYieldFromISR              
00005831  vPortEnterCritical             
00005841  vPortExitCritical              
00005857  xPortSysTickHandler            
00005899  setvbuf                        
00005975  ldexp                          
00005975  ldexpl                         
00005975  scalbn                         
00005975  scalbnl                        
00005a45  GPIOPadConfigSet               
00005b0d  __TI_doflush                   
00005b59  fflush                         
00005bd5  __TI_wrt_ok                    
00005c37  __TI_rd_ok                     
00005c85  xPortPendSVHandler             
00005cbf  vPortSetInterruptMask          
00005ccd  vPortClearInterruptMask        
00005cdb  vPortSVCHandler                
00005cf9  vPortStartFirstTask            
00005d0b  vPortEnableVFP                 
00005d1d  __aeabi_memcpy                 
00005d1d  __aeabi_memcpy4                
00005d1d  __aeabi_memcpy8                
00005d1d  memcpy                         
00005db9  __TI_closefile                 
00005e1f  fclose                         
00005e51  fputc                          
00005e51  putc                           
00005ed5  putchar                        
00005ee9  __aeabi_fdiv                   
00005f7d  SysCtlPeripheralReset          
00006005  __aeabi_cdcmpeq                
00006005  __aeabi_cdcmple                
0000608b  __aeabi_cdrcmple               
00006111  __aeabi_fmul                   
0000618b  __aeabi_memclr                 
0000618b  __aeabi_memclr4                
0000618b  __aeabi_memclr8                
0000618d  __aeabi_memset                 
0000618d  __aeabi_memset4                
0000618d  __aeabi_memset8                
00006193  memset                         
00006205  __TI_auto_init                 
0000627d  printf                         
000062e5  __aeabi_d2f                    
00006353  ADCSequenceStepConfigure       
000063c1  __TI_writemsg                  
000063ef  C$$IO$$                        
000063f3  __TI_readmsg                   
00006429  __TI_decompress_lzss           
00006491  IntEnable                      
000064f5  fseek                          
00006559  __aeabi_cfcmpeq                
00006559  __aeabi_cfcmple                
000065b9  __aeabi_cfrcmple               
00006619  vPrintString                   
0000663d  vPrintStringAndNumber          
00006679  sprintf                        
000066d9  frexp                          
000066d9  frexpl                         
00006735  SysCtlPeripheralEnable         
0000678d  ltoa                           
000067e5  C$$EXIT                        
000067e9  abort                          
000067f1  exit                           
00006839  atoi                           
00006885  atol                           
000068d1  copy_in                        
0000691d  __aeabi_d2iz                   
00006965  GPIOIntTypeSet                 
000069a9  SSIConfigSetExpClk             
000069ed  __aeabi_d2uiz                  
00006a31  UARTConfigSetExpClk            
00006a75  _c_int00                       
00006ab5  __aeabi_f2d                    
00006aed  __aeabi_f2iz                   
00006b25  __aeabi_i2f                    
00006b5d  strncpy                        
00006b93  strstr                         
00006bc9  __aeabi_f2uiz                  
00006bfd  GPIODirModeSet                 
00006c2b  __aeabi_i2d                    
00006c59  ADCSequenceConfigure           
00006c85  TimerConfigure                 
00006ca9  memcmp                         
00006ccd  memchr                         
00006ced  __aeabi_ui2d                   
00006d0d  UARTDisable                    
00006d29  memccpy                        
00006d45  _args_main                     
00006d5d  strcmp                         
00006d75  strchr                         
00006d8b  strcpy                         
00006da1  UARTEnable                     
00006db5  _register_unlock               
00006dbb  _register_lock                 
00006dc3  _nop                           
00006dc9  strlen                         
00006ddd  GPIOPinTypeADC                 
00006def  GPIOPinTypeGPIOOutput          
00006e01  GPIOPinTypeSSI                 
00006e13  GPIOPinTypeUART                
00006e25  SSIDataGetNonBlocking          
00006e37  TimerLoadSet                   
00006e49  UARTCharGetNonBlocking         
00006e59  ADCSequenceEnable              
00006e67  TimerEnable                    
00006e75  __TI_decompress_none           
00006e83  CPUcpsie                       
00006e8f  GPIOPinIntEnable               
00006e9d  SysTickValueGet                
00006ea9  UARTCharsAvail                 
00006eb5  __TI_zero_init                 
00006ec1  ResetISR                       
00006ecd  ADCIntClear                    
00006ed7  IntMasterEnable                
00006ee1  SSIDataPut                     
00006eeb  SSIDisable                     
00006ef5  SSIEnable                      
00006eff  UARTCharPut                    
00006f09  UARTFIFOEnable                 
00006f13  UARTIntStatus                  
00006f1d  SSIBusy                        
00006f25  TimerIntEnable                 
00006f2d  UARTIntEnable                  
00006f35  copysign                       
00006f35  copysignl                      
00006f3d  GPIOPinIntClear                
00006f43  GPIOPinWrite                   
00006f49  SysCtlDelay                    
00006f4f  atof                           
00006f55  TimerIntClear                  
00006f59  UARTIntClear                   
00006f5d  _system_pre_init               
00007140  _ctypes_                       
00007528  __TI_Handler_Table_Base        
00007534  __TI_Handler_Table_Limit       
00007540  __TI_CINIT_Base                
00007550  __TI_CINIT_Limit               
20002800  __CIOBUF_                      
20002920  __TI_tmpnams                   
200029c0  UART_char_data                 
20002a38  UART_char_data_old             
20002bd8  xBinarySemaphore               
20002bdc  __stack                        
20002cdc  __STACK_TOP                    
200033dc  __STACK_END                    
200033e0  _sys_memory                    
20003be0  _ftable                        
20003da0  pxCurrentTCB                   
20003dd0  buffed_speed                   
20003dd4  buffed_speed_1_old             
20003dd8  acceleration                   
20003ddc  distance                       
20003de0  last_time                      
20003de4  pcTextForTask1                 
20003de8  pcTextForTask2                 
20003dec  index                          
20003df0  GPS_RUN                        
20003df4  __TI_ft_end                    
20003df8  __aeabi_stdin                  
20003dfc  __aeabi_stdout                 
20003e00  __aeabi_stderr                 
20003e04  __TI_cleanup_ptr               
20003e08  __TI_dtors_ptr                 
20003e0c  __TI_enable_exit_profile_output
20003e1c  _lock                          
20003e20  _unlock                        
20003e30  errno                          
20003e38  main_func_sp                   
ffffffff  __TI_pprof_out_hndl            
ffffffff  __TI_prof_data_size            
ffffffff  __TI_prof_data_start           
ffffffff  __binit__                      
ffffffff  __c_args__                     
ffffffff  binit                          
UNDEFED   SHT$$INIT_ARRAY$$Base          
UNDEFED   SHT$$INIT_ARRAY$$Limit         

[320 symbols]
