<?xml version="1.0"?>
<link_info>
   <banner>TI ARM Linker PC v16.6.0.STS</banner>
   <copyright>Copyright (c) 1996-2015 Texas Instruments Incorporated</copyright>
   <link_time>0x57a7e0b4</link_time>
   <link_errors>0x0</link_errors>
   <output_file>RTOStest1.out</output_file>
   <entry_point>
      <name>_c_int00</name>
      <address>0x7451</address>
   </entry_point>
   <input_file_list>
      <input_file id="fl-2">
         <path>.\</path>
         <kind>object</kind>
         <file>data_process.obj</file>
         <name>data_process.obj</name>
      </input_file>
      <input_file id="fl-3">
         <path>.\</path>
         <kind>object</kind>
         <file>debounce.obj</file>
         <name>debounce.obj</name>
      </input_file>
      <input_file id="fl-4">
         <path>.\</path>
         <kind>object</kind>
         <file>display.obj</file>
         <name>display.obj</name>
      </input_file>
      <input_file id="fl-5">
         <path>.\</path>
         <kind>object</kind>
         <file>init.obj</file>
         <name>init.obj</name>
      </input_file>
      <input_file id="fl-6">
         <path>.\</path>
         <kind>object</kind>
         <file>list.obj</file>
         <name>list.obj</name>
      </input_file>
      <input_file id="fl-7">
         <path>.\</path>
         <kind>object</kind>
         <file>main.obj</file>
         <name>main.obj</name>
      </input_file>
      <input_file id="fl-8">
         <path>.\</path>
         <kind>object</kind>
         <file>queue.obj</file>
         <name>queue.obj</name>
      </input_file>
      <input_file id="fl-9">
         <path>.\</path>
         <kind>object</kind>
         <file>rit128x96x4.obj</file>
         <name>rit128x96x4.obj</name>
      </input_file>
      <input_file id="fl-a">
         <path>.\</path>
         <kind>object</kind>
         <file>speed.obj</file>
         <name>speed.obj</name>
      </input_file>
      <input_file id="fl-b">
         <path>.\</path>
         <kind>object</kind>
         <file>startup_ccs.obj</file>
         <name>startup_ccs.obj</name>
      </input_file>
      <input_file id="fl-c">
         <path>.\</path>
         <kind>object</kind>
         <file>tasks.obj</file>
         <name>tasks.obj</name>
      </input_file>
      <input_file id="fl-d">
         <path>.\demo_code\</path>
         <kind>object</kind>
         <file>basic_io.obj</file>
         <name>basic_io.obj</name>
      </input_file>
      <input_file id="fl-e">
         <path>.\portable\</path>
         <kind>object</kind>
         <file>heap_2.obj</file>
         <name>heap_2.obj</name>
      </input_file>
      <input_file id="fl-f">
         <path>.\portable\</path>
         <kind>object</kind>
         <file>port.obj</file>
         <name>port.obj</name>
      </input_file>
      <input_file id="fl-10">
         <path>.\portable\</path>
         <kind>object</kind>
         <file>portasm.obj</file>
         <name>portasm.obj</name>
      </input_file>
      <input_file id="fl-cb">
         <path>C:\ti\ccsv6\tools\compiler\ti-cgt-arm_16.6.0.STS\lib\</path>
         <kind>archive</kind>
         <file>rtsv7M3_T_le_eabi.lib</file>
         <name>atof.obj</name>
      </input_file>
      <input_file id="fl-cc">
         <path>C:\ti\ccsv6\tools\compiler\ti-cgt-arm_16.6.0.STS\lib\</path>
         <kind>archive</kind>
         <file>rtsv7M3_T_le_eabi.lib</file>
         <name>atoi.obj</name>
      </input_file>
      <input_file id="fl-cd">
         <path>C:\ti\ccsv6\tools\compiler\ti-cgt-arm_16.6.0.STS\lib\</path>
         <kind>archive</kind>
         <file>rtsv7M3_T_le_eabi.lib</file>
         <name>atol.obj</name>
      </input_file>
      <input_file id="fl-ce">
         <path>C:\ti\ccsv6\tools\compiler\ti-cgt-arm_16.6.0.STS\lib\</path>
         <kind>archive</kind>
         <file>rtsv7M3_T_le_eabi.lib</file>
         <name>boot.obj</name>
      </input_file>
      <input_file id="fl-cf">
         <path>C:\ti\ccsv6\tools\compiler\ti-cgt-arm_16.6.0.STS\lib\</path>
         <kind>archive</kind>
         <file>rtsv7M3_T_le_eabi.lib</file>
         <name>copy_decompress_lzss.obj</name>
      </input_file>
      <input_file id="fl-d0">
         <path>C:\ti\ccsv6\tools\compiler\ti-cgt-arm_16.6.0.STS\lib\</path>
         <kind>archive</kind>
         <file>rtsv7M3_T_le_eabi.lib</file>
         <name>copy_decompress_none.obj</name>
      </input_file>
      <input_file id="fl-d1">
         <path>C:\ti\ccsv6\tools\compiler\ti-cgt-arm_16.6.0.STS\lib\</path>
         <kind>archive</kind>
         <file>rtsv7M3_T_le_eabi.lib</file>
         <name>copy_zero_init.obj</name>
      </input_file>
      <input_file id="fl-d2">
         <path>C:\ti\ccsv6\tools\compiler\ti-cgt-arm_16.6.0.STS\lib\</path>
         <kind>archive</kind>
         <file>rtsv7M3_T_le_eabi.lib</file>
         <name>ctype.obj</name>
      </input_file>
      <input_file id="fl-d3">
         <path>C:\ti\ccsv6\tools\compiler\ti-cgt-arm_16.6.0.STS\lib\</path>
         <kind>archive</kind>
         <file>rtsv7M3_T_le_eabi.lib</file>
         <name>defs.obj</name>
      </input_file>
      <input_file id="fl-d4">
         <path>C:\ti\ccsv6\tools\compiler\ti-cgt-arm_16.6.0.STS\lib\</path>
         <kind>archive</kind>
         <file>rtsv7M3_T_le_eabi.lib</file>
         <name>e_fmod.obj</name>
      </input_file>
      <input_file id="fl-d5">
         <path>C:\ti\ccsv6\tools\compiler\ti-cgt-arm_16.6.0.STS\lib\</path>
         <kind>archive</kind>
         <file>rtsv7M3_T_le_eabi.lib</file>
         <name>exit.obj</name>
      </input_file>
      <input_file id="fl-d6">
         <path>C:\ti\ccsv6\tools\compiler\ti-cgt-arm_16.6.0.STS\lib\</path>
         <kind>archive</kind>
         <file>rtsv7M3_T_le_eabi.lib</file>
         <name>fd_div_t2.obj</name>
      </input_file>
      <input_file id="fl-d7">
         <path>C:\ti\ccsv6\tools\compiler\ti-cgt-arm_16.6.0.STS\lib\</path>
         <kind>archive</kind>
         <file>rtsv7M3_T_le_eabi.lib</file>
         <name>fd_mul_t2.obj</name>
      </input_file>
      <input_file id="fl-d8">
         <path>C:\ti\ccsv6\tools\compiler\ti-cgt-arm_16.6.0.STS\lib\</path>
         <kind>archive</kind>
         <file>rtsv7M3_T_le_eabi.lib</file>
         <name>fd_tos_t2.obj</name>
      </input_file>
      <input_file id="fl-d9">
         <path>C:\ti\ccsv6\tools\compiler\ti-cgt-arm_16.6.0.STS\lib\</path>
         <kind>archive</kind>
         <file>rtsv7M3_T_le_eabi.lib</file>
         <name>fd_tou_t2.obj</name>
      </input_file>
      <input_file id="fl-da">
         <path>C:\ti\ccsv6\tools\compiler\ti-cgt-arm_16.6.0.STS\lib\</path>
         <kind>archive</kind>
         <file>rtsv7M3_T_le_eabi.lib</file>
         <name>fflush.obj</name>
      </input_file>
      <input_file id="fl-db">
         <path>C:\ti\ccsv6\tools\compiler\ti-cgt-arm_16.6.0.STS\lib\</path>
         <kind>archive</kind>
         <file>rtsv7M3_T_le_eabi.lib</file>
         <name>fs_add_t2.obj</name>
      </input_file>
      <input_file id="fl-dc">
         <path>C:\ti\ccsv6\tools\compiler\ti-cgt-arm_16.6.0.STS\lib\</path>
         <kind>archive</kind>
         <file>rtsv7M3_T_le_eabi.lib</file>
         <name>fs_cmp_t2.obj</name>
      </input_file>
      <input_file id="fl-dd">
         <path>C:\ti\ccsv6\tools\compiler\ti-cgt-arm_16.6.0.STS\lib\</path>
         <kind>archive</kind>
         <file>rtsv7M3_T_le_eabi.lib</file>
         <name>fs_div_t2.obj</name>
      </input_file>
      <input_file id="fl-de">
         <path>C:\ti\ccsv6\tools\compiler\ti-cgt-arm_16.6.0.STS\lib\</path>
         <kind>archive</kind>
         <file>rtsv7M3_T_le_eabi.lib</file>
         <name>fs_mul_t2.obj</name>
      </input_file>
      <input_file id="fl-df">
         <path>C:\ti\ccsv6\tools\compiler\ti-cgt-arm_16.6.0.STS\lib\</path>
         <kind>archive</kind>
         <file>rtsv7M3_T_le_eabi.lib</file>
         <name>fs_tod_t2.obj</name>
      </input_file>
      <input_file id="fl-e0">
         <path>C:\ti\ccsv6\tools\compiler\ti-cgt-arm_16.6.0.STS\lib\</path>
         <kind>archive</kind>
         <file>rtsv7M3_T_le_eabi.lib</file>
         <name>fs_toi_t2.obj</name>
      </input_file>
      <input_file id="fl-e1">
         <path>C:\ti\ccsv6\tools\compiler\ti-cgt-arm_16.6.0.STS\lib\</path>
         <kind>archive</kind>
         <file>rtsv7M3_T_le_eabi.lib</file>
         <name>fs_tou_t2.obj</name>
      </input_file>
      <input_file id="fl-e2">
         <path>C:\ti\ccsv6\tools\compiler\ti-cgt-arm_16.6.0.STS\lib\</path>
         <kind>archive</kind>
         <file>rtsv7M3_T_le_eabi.lib</file>
         <name>i_tofd_t2.obj</name>
      </input_file>
      <input_file id="fl-e3">
         <path>C:\ti\ccsv6\tools\compiler\ti-cgt-arm_16.6.0.STS\lib\</path>
         <kind>archive</kind>
         <file>rtsv7M3_T_le_eabi.lib</file>
         <name>i_tofs_t2.obj</name>
      </input_file>
      <input_file id="fl-e4">
         <path>C:\ti\ccsv6\tools\compiler\ti-cgt-arm_16.6.0.STS\lib\</path>
         <kind>archive</kind>
         <file>rtsv7M3_T_le_eabi.lib</file>
         <name>lowlev.obj</name>
      </input_file>
      <input_file id="fl-e5">
         <path>C:\ti\ccsv6\tools\compiler\ti-cgt-arm_16.6.0.STS\lib\</path>
         <kind>archive</kind>
         <file>rtsv7M3_T_le_eabi.lib</file>
         <name>memcmp.obj</name>
      </input_file>
      <input_file id="fl-e6">
         <path>C:\ti\ccsv6\tools\compiler\ti-cgt-arm_16.6.0.STS\lib\</path>
         <kind>archive</kind>
         <file>rtsv7M3_T_le_eabi.lib</file>
         <name>memcpy_t2.obj</name>
      </input_file>
      <input_file id="fl-e7">
         <path>C:\ti\ccsv6\tools\compiler\ti-cgt-arm_16.6.0.STS\lib\</path>
         <kind>archive</kind>
         <file>rtsv7M3_T_le_eabi.lib</file>
         <name>memory.obj</name>
      </input_file>
      <input_file id="fl-e8">
         <path>C:\ti\ccsv6\tools\compiler\ti-cgt-arm_16.6.0.STS\lib\</path>
         <kind>archive</kind>
         <file>rtsv7M3_T_le_eabi.lib</file>
         <name>memset_t2.obj</name>
      </input_file>
      <input_file id="fl-e9">
         <path>C:\ti\ccsv6\tools\compiler\ti-cgt-arm_16.6.0.STS\lib\</path>
         <kind>archive</kind>
         <file>rtsv7M3_T_le_eabi.lib</file>
         <name>mpu_init.obj</name>
      </input_file>
      <input_file id="fl-ea">
         <path>C:\ti\ccsv6\tools\compiler\ti-cgt-arm_16.6.0.STS\lib\</path>
         <kind>archive</kind>
         <file>rtsv7M3_T_le_eabi.lib</file>
         <name>pre_init.obj</name>
      </input_file>
      <input_file id="fl-eb">
         <path>C:\ti\ccsv6\tools\compiler\ti-cgt-arm_16.6.0.STS\lib\</path>
         <kind>archive</kind>
         <file>rtsv7M3_T_le_eabi.lib</file>
         <name>printf.obj</name>
      </input_file>
      <input_file id="fl-ec">
         <path>C:\ti\ccsv6\tools\compiler\ti-cgt-arm_16.6.0.STS\lib\</path>
         <kind>archive</kind>
         <file>rtsv7M3_T_le_eabi.lib</file>
         <name>sprintf.obj</name>
      </input_file>
      <input_file id="fl-ed">
         <path>C:\ti\ccsv6\tools\compiler\ti-cgt-arm_16.6.0.STS\lib\</path>
         <kind>archive</kind>
         <file>rtsv7M3_T_le_eabi.lib</file>
         <name>stkdepth_vars.obj</name>
      </input_file>
      <input_file id="fl-ee">
         <path>C:\ti\ccsv6\tools\compiler\ti-cgt-arm_16.6.0.STS\lib\</path>
         <kind>archive</kind>
         <file>rtsv7M3_T_le_eabi.lib</file>
         <name>strchr.obj</name>
      </input_file>
      <input_file id="fl-ef">
         <path>C:\ti\ccsv6\tools\compiler\ti-cgt-arm_16.6.0.STS\lib\</path>
         <kind>archive</kind>
         <file>rtsv7M3_T_le_eabi.lib</file>
         <name>strcmp.obj</name>
      </input_file>
      <input_file id="fl-f0">
         <path>C:\ti\ccsv6\tools\compiler\ti-cgt-arm_16.6.0.STS\lib\</path>
         <kind>archive</kind>
         <file>rtsv7M3_T_le_eabi.lib</file>
         <name>strcpy.obj</name>
      </input_file>
      <input_file id="fl-f1">
         <path>C:\ti\ccsv6\tools\compiler\ti-cgt-arm_16.6.0.STS\lib\</path>
         <kind>archive</kind>
         <file>rtsv7M3_T_le_eabi.lib</file>
         <name>strncpy.obj</name>
      </input_file>
      <input_file id="fl-f2">
         <path>C:\ti\ccsv6\tools\compiler\ti-cgt-arm_16.6.0.STS\lib\</path>
         <kind>archive</kind>
         <file>rtsv7M3_T_le_eabi.lib</file>
         <name>strstr.obj</name>
      </input_file>
      <input_file id="fl-f3">
         <path>C:\ti\ccsv6\tools\compiler\ti-cgt-arm_16.6.0.STS\lib\</path>
         <kind>archive</kind>
         <file>rtsv7M3_T_le_eabi.lib</file>
         <name>strtod.obj</name>
      </input_file>
      <input_file id="fl-f4">
         <path>C:\ti\ccsv6\tools\compiler\ti-cgt-arm_16.6.0.STS\lib\</path>
         <kind>archive</kind>
         <file>rtsv7M3_T_le_eabi.lib</file>
         <name>trgdrv.obj</name>
      </input_file>
      <input_file id="fl-f5">
         <path>C:\ti\ccsv6\tools\compiler\ti-cgt-arm_16.6.0.STS\lib\</path>
         <kind>archive</kind>
         <file>rtsv7M3_T_le_eabi.lib</file>
         <name>trgmsg.obj</name>
      </input_file>
      <input_file id="fl-f6">
         <path>C:\ti\ccsv6\tools\compiler\ti-cgt-arm_16.6.0.STS\lib\</path>
         <kind>archive</kind>
         <file>rtsv7M3_T_le_eabi.lib</file>
         <name>u_tofd_t2.obj</name>
      </input_file>
      <input_file id="fl-f7">
         <path>C:\ti\ccsv6\tools\compiler\ti-cgt-arm_16.6.0.STS\lib\</path>
         <kind>archive</kind>
         <file>rtsv7M3_T_le_eabi.lib</file>
         <name>_lock.obj</name>
      </input_file>
      <input_file id="fl-f8">
         <path>C:\ti\ccsv6\tools\compiler\ti-cgt-arm_16.6.0.STS\lib\</path>
         <kind>archive</kind>
         <file>rtsv7M3_T_le_eabi.lib</file>
         <name>_printfi.obj</name>
      </input_file>
      <input_file id="fl-f9">
         <path>C:\ti\ccsv6\tools\compiler\ti-cgt-arm_16.6.0.STS\lib\</path>
         <kind>archive</kind>
         <file>rtsv7M3_T_le_eabi.lib</file>
         <name>args_main.obj</name>
      </input_file>
      <input_file id="fl-fa">
         <path>C:\ti\ccsv6\tools\compiler\ti-cgt-arm_16.6.0.STS\lib\</path>
         <kind>archive</kind>
         <file>rtsv7M3_T_le_eabi.lib</file>
         <name>autoinit.obj</name>
      </input_file>
      <input_file id="fl-fb">
         <path>C:\ti\ccsv6\tools\compiler\ti-cgt-arm_16.6.0.STS\lib\</path>
         <kind>archive</kind>
         <file>rtsv7M3_T_le_eabi.lib</file>
         <name>cpy_tbl.obj</name>
      </input_file>
      <input_file id="fl-fc">
         <path>C:\ti\ccsv6\tools\compiler\ti-cgt-arm_16.6.0.STS\lib\</path>
         <kind>archive</kind>
         <file>rtsv7M3_T_le_eabi.lib</file>
         <name>errno.obj</name>
      </input_file>
      <input_file id="fl-fd">
         <path>C:\ti\ccsv6\tools\compiler\ti-cgt-arm_16.6.0.STS\lib\</path>
         <kind>archive</kind>
         <file>rtsv7M3_T_le_eabi.lib</file>
         <name>fd_add_t2.obj</name>
      </input_file>
      <input_file id="fl-fe">
         <path>C:\ti\ccsv6\tools\compiler\ti-cgt-arm_16.6.0.STS\lib\</path>
         <kind>archive</kind>
         <file>rtsv7M3_T_le_eabi.lib</file>
         <name>fd_cmp_t2.obj</name>
      </input_file>
      <input_file id="fl-ff">
         <path>C:\ti\ccsv6\tools\compiler\ti-cgt-arm_16.6.0.STS\lib\</path>
         <kind>archive</kind>
         <file>rtsv7M3_T_le_eabi.lib</file>
         <name>fd_toi_t2.obj</name>
      </input_file>
      <input_file id="fl-100">
         <path>C:\ti\ccsv6\tools\compiler\ti-cgt-arm_16.6.0.STS\lib\</path>
         <kind>archive</kind>
         <file>rtsv7M3_T_le_eabi.lib</file>
         <name>fputc.obj</name>
      </input_file>
      <input_file id="fl-101">
         <path>C:\ti\ccsv6\tools\compiler\ti-cgt-arm_16.6.0.STS\lib\</path>
         <kind>archive</kind>
         <file>rtsv7M3_T_le_eabi.lib</file>
         <name>fputs.obj</name>
      </input_file>
      <input_file id="fl-102">
         <path>C:\ti\ccsv6\tools\compiler\ti-cgt-arm_16.6.0.STS\lib\</path>
         <kind>archive</kind>
         <file>rtsv7M3_T_le_eabi.lib</file>
         <name>ltoa.obj</name>
      </input_file>
      <input_file id="fl-103">
         <path>C:\ti\ccsv6\tools\compiler\ti-cgt-arm_16.6.0.STS\lib\</path>
         <kind>archive</kind>
         <file>rtsv7M3_T_le_eabi.lib</file>
         <name>memccpy.obj</name>
      </input_file>
      <input_file id="fl-104">
         <path>C:\ti\ccsv6\tools\compiler\ti-cgt-arm_16.6.0.STS\lib\</path>
         <kind>archive</kind>
         <file>rtsv7M3_T_le_eabi.lib</file>
         <name>memchr.obj</name>
      </input_file>
      <input_file id="fl-105">
         <path>C:\ti\ccsv6\tools\compiler\ti-cgt-arm_16.6.0.STS\lib\</path>
         <kind>archive</kind>
         <file>rtsv7M3_T_le_eabi.lib</file>
         <name>s_frexp.obj</name>
      </input_file>
      <input_file id="fl-106">
         <path>C:\ti\ccsv6\tools\compiler\ti-cgt-arm_16.6.0.STS\lib\</path>
         <kind>archive</kind>
         <file>rtsv7M3_T_le_eabi.lib</file>
         <name>s_scalbn.obj</name>
      </input_file>
      <input_file id="fl-107">
         <path>C:\ti\ccsv6\tools\compiler\ti-cgt-arm_16.6.0.STS\lib\</path>
         <kind>archive</kind>
         <file>rtsv7M3_T_le_eabi.lib</file>
         <name>startup.obj</name>
      </input_file>
      <input_file id="fl-108">
         <path>C:\ti\ccsv6\tools\compiler\ti-cgt-arm_16.6.0.STS\lib\</path>
         <kind>archive</kind>
         <file>rtsv7M3_T_le_eabi.lib</file>
         <name>strlen.obj</name>
      </input_file>
      <input_file id="fl-109">
         <path>C:\ti\ccsv6\tools\compiler\ti-cgt-arm_16.6.0.STS\lib\</path>
         <kind>archive</kind>
         <file>rtsv7M3_T_le_eabi.lib</file>
         <name>ull_div_t2.obj</name>
      </input_file>
      <input_file id="fl-10a">
         <path>C:\ti\ccsv6\tools\compiler\ti-cgt-arm_16.6.0.STS\lib\</path>
         <kind>archive</kind>
         <file>rtsv7M3_T_le_eabi.lib</file>
         <name>_io_perm.obj</name>
      </input_file>
      <input_file id="fl-10b">
         <path>C:\ti\ccsv6\tools\compiler\ti-cgt-arm_16.6.0.STS\lib\</path>
         <kind>archive</kind>
         <file>rtsv7M3_T_le_eabi.lib</file>
         <name>fseek.obj</name>
      </input_file>
      <input_file id="fl-10c">
         <path>C:\ti\ccsv6\tools\compiler\ti-cgt-arm_16.6.0.STS\lib\</path>
         <kind>archive</kind>
         <file>rtsv7M3_T_le_eabi.lib</file>
         <name>s_copysign.obj</name>
      </input_file>
      <input_file id="fl-10d">
         <path>C:\ti\ccsv6\tools\compiler\ti-cgt-arm_16.6.0.STS\lib\</path>
         <kind>archive</kind>
         <file>rtsv7M3_T_le_eabi.lib</file>
         <name>setvbuf.obj</name>
      </input_file>
      <input_file id="fl-10e">
         <path>C:\ti\ccsv6\tools\compiler\ti-cgt-arm_16.6.0.STS\lib\</path>
         <kind>archive</kind>
         <file>rtsv7M3_T_le_eabi.lib</file>
         <name>fopen.obj</name>
      </input_file>
      <input_file id="fl-10f">
         <path>C:\ti\ccsv6\tools\compiler\ti-cgt-arm_16.6.0.STS\lib\</path>
         <kind>archive</kind>
         <file>rtsv7M3_T_le_eabi.lib</file>
         <name>fclose.obj</name>
      </input_file>
      <input_file id="fl-110">
         <path>C:\ti\ccsv6\tools\compiler\ti-cgt-arm_16.6.0.STS\lib\</path>
         <kind>archive</kind>
         <file>rtsv7M3_T_le_eabi.lib</file>
         <name>remove.obj</name>
      </input_file>
      <input_file id="fl-111">
         <path>C:\ti\StellarisWare\driverlib\ccs-cm3\Debug\</path>
         <kind>archive</kind>
         <file>driverlib-cm3.lib</file>
         <name>uart.obj</name>
      </input_file>
      <input_file id="fl-112">
         <path>C:\ti\StellarisWare\driverlib\ccs-cm3\Debug\</path>
         <kind>archive</kind>
         <file>driverlib-cm3.lib</file>
         <name>timer.obj</name>
      </input_file>
      <input_file id="fl-113">
         <path>C:\ti\StellarisWare\driverlib\ccs-cm3\Debug\</path>
         <kind>archive</kind>
         <file>driverlib-cm3.lib</file>
         <name>systick.obj</name>
      </input_file>
      <input_file id="fl-114">
         <path>C:\ti\StellarisWare\driverlib\ccs-cm3\Debug\</path>
         <kind>archive</kind>
         <file>driverlib-cm3.lib</file>
         <name>sysctl.obj</name>
      </input_file>
      <input_file id="fl-115">
         <path>C:\ti\StellarisWare\driverlib\ccs-cm3\Debug\</path>
         <kind>archive</kind>
         <file>driverlib-cm3.lib</file>
         <name>ssi.obj</name>
      </input_file>
      <input_file id="fl-116">
         <path>C:\ti\StellarisWare\driverlib\ccs-cm3\Debug\</path>
         <kind>archive</kind>
         <file>driverlib-cm3.lib</file>
         <name>interrupt.obj</name>
      </input_file>
      <input_file id="fl-117">
         <path>C:\ti\StellarisWare\driverlib\ccs-cm3\Debug\</path>
         <kind>archive</kind>
         <file>driverlib-cm3.lib</file>
         <name>gpio.obj</name>
      </input_file>
      <input_file id="fl-118">
         <path>C:\ti\StellarisWare\driverlib\ccs-cm3\Debug\</path>
         <kind>archive</kind>
         <file>driverlib-cm3.lib</file>
         <name>cpu.obj</name>
      </input_file>
      <input_file id="fl-119">
         <path>C:\ti\StellarisWare\driverlib\ccs-cm3\Debug\</path>
         <kind>archive</kind>
         <file>driverlib-cm3.lib</file>
         <name>adc.obj</name>
      </input_file>
   </input_file_list>
   <object_component_list>
      <object_component id="oc-e">
         <name>.intvecs</name>
         <load_address>0x0</load_address>
         <run_address>0x0</run_address>
         <size>0xf0</size>
         <input_file_ref idref="fl-b"/>
      </object_component>
      <object_component id="oc-2b2">
         <name>.text</name>
         <load_address>0xf0</load_address>
         <run_address>0xf0</run_address>
         <size>0x1102</size>
         <input_file_ref idref="fl-f8"/>
      </object_component>
      <object_component id="oc-6a">
         <name>.text</name>
         <load_address>0x11f2</load_address>
         <run_address>0x11f2</run_address>
         <size>0x2</size>
         <input_file_ref idref="fl-e9"/>
      </object_component>
      <object_component id="oc-94">
         <name>.text</name>
         <load_address>0x11f4</load_address>
         <run_address>0x11f4</run_address>
         <size>0xc74</size>
         <input_file_ref idref="fl-c"/>
      </object_component>
      <object_component id="oc-d9">
         <name>.text</name>
         <load_address>0x1e68</load_address>
         <run_address>0x1e68</run_address>
         <size>0x9a4</size>
         <input_file_ref idref="fl-2"/>
      </object_component>
      <object_component id="oc-c9">
         <name>.text</name>
         <load_address>0x280c</load_address>
         <run_address>0x280c</run_address>
         <size>0x692</size>
         <input_file_ref idref="fl-4"/>
      </object_component>
      <object_component id="oc-ab">
         <name>.text</name>
         <load_address>0x2e9e</load_address>
         <run_address>0x2e9e</run_address>
         <size>0x614</size>
         <input_file_ref idref="fl-8"/>
      </object_component>
      <object_component id="oc-12a">
         <name>.text</name>
         <load_address>0x34b2</load_address>
         <run_address>0x34b2</run_address>
         <size>0x2</size>
         <input_file_ref idref="fl-107"/>
      </object_component>
      <object_component id="oc-3e">
         <name>.text</name>
         <load_address>0x34b4</load_address>
         <run_address>0x34b4</run_address>
         <size>0x5e0</size>
         <input_file_ref idref="fl-7"/>
      </object_component>
      <object_component id="oc-f2">
         <name>.text</name>
         <load_address>0x3a94</load_address>
         <run_address>0x3a94</run_address>
         <size>0x510</size>
         <input_file_ref idref="fl-9"/>
      </object_component>
      <object_component id="oc-21c">
         <name>.text</name>
         <load_address>0x3fa4</load_address>
         <run_address>0x3fa4</run_address>
         <size>0x3cc</size>
         <input_file_ref idref="fl-e7"/>
      </object_component>
      <object_component id="oc-cf">
         <name>.text</name>
         <load_address>0x4370</load_address>
         <run_address>0x4370</run_address>
         <size>0x3b8</size>
         <input_file_ref idref="fl-5"/>
      </object_component>
      <object_component id="oc-51a">
         <name>.text</name>
         <load_address>0x4728</load_address>
         <run_address>0x4728</run_address>
         <size>0x324</size>
         <input_file_ref idref="fl-f4"/>
      </object_component>
      <object_component id="oc-444">
         <name>.text</name>
         <load_address>0x4a4c</load_address>
         <run_address>0x4a4c</run_address>
         <size>0x30c</size>
         <input_file_ref idref="fl-e4"/>
      </object_component>
      <object_component id="oc-3b1">
         <name>.text</name>
         <load_address>0x4d58</load_address>
         <run_address>0x4d58</run_address>
         <size>0x23c</size>
         <input_file_ref idref="fl-f3"/>
      </object_component>
      <object_component id="oc-265">
         <name>.text</name>
         <load_address>0x4f94</load_address>
         <run_address>0x4f94</run_address>
         <size>0x224</size>
         <input_file_ref idref="fl-d4"/>
      </object_component>
      <object_component id="oc-3d5">
         <name>.text</name>
         <load_address>0x51b8</load_address>
         <run_address>0x51b8</run_address>
         <size>0x1f4</size>
         <input_file_ref idref="fl-109"/>
      </object_component>
      <object_component id="oc-1f8">
         <name>.text:SysCtlClockGet</name>
         <load_address>0x53ac</load_address>
         <run_address>0x53ac</run_address>
         <size>0x1d8</size>
         <input_file_ref idref="fl-114"/>
      </object_component>
      <object_component id="oc-52b">
         <name>.text</name>
         <load_address>0x5584</load_address>
         <run_address>0x5584</run_address>
         <size>0x1c4</size>
         <input_file_ref idref="fl-10e"/>
      </object_component>
      <object_component id="oc-170">
         <name>.text</name>
         <load_address>0x5748</load_address>
         <run_address>0x5748</run_address>
         <size>0x1bc</size>
         <input_file_ref idref="fl-e"/>
      </object_component>
      <object_component id="oc-3f5">
         <name>.text</name>
         <load_address>0x5904</load_address>
         <run_address>0x5904</run_address>
         <size>0x1b6</size>
         <input_file_ref idref="fl-fd"/>
      </object_component>
      <object_component id="oc-1c0">
         <name>.text:SysCtlClockSet</name>
         <load_address>0x5abc</load_address>
         <run_address>0x5abc</run_address>
         <size>0x144</size>
         <input_file_ref idref="fl-114"/>
      </object_component>
      <object_component id="oc-22e">
         <name>.text</name>
         <load_address>0x5c00</load_address>
         <run_address>0x5c00</run_address>
         <size>0x136</size>
         <input_file_ref idref="fl-d6"/>
      </object_component>
      <object_component id="oc-43c">
         <name>.text</name>
         <load_address>0x5d38</load_address>
         <run_address>0x5d38</run_address>
         <size>0x134</size>
         <input_file_ref idref="fl-101"/>
      </object_component>
      <object_component id="oc-14e">
         <name>.text</name>
         <load_address>0x5e6c</load_address>
         <run_address>0x5e6c</run_address>
         <size>0x12e</size>
         <input_file_ref idref="fl-6"/>
      </object_component>
      <object_component id="oc-238">
         <name>.text</name>
         <load_address>0x5f9a</load_address>
         <run_address>0x5f9a</run_address>
         <size>0xfc</size>
         <input_file_ref idref="fl-d7"/>
      </object_component>
      <object_component id="oc-247">
         <name>.text</name>
         <load_address>0x6096</load_address>
         <run_address>0x6096</run_address>
         <size>0xfa</size>
         <input_file_ref idref="fl-db"/>
      </object_component>
      <object_component id="oc-38">
         <name>.text</name>
         <load_address>0x6190</load_address>
         <run_address>0x6190</run_address>
         <size>0xe4</size>
         <input_file_ref idref="fl-f"/>
      </object_component>
      <object_component id="oc-50a">
         <name>.text</name>
         <load_address>0x6274</load_address>
         <run_address>0x6274</run_address>
         <size>0xdc</size>
         <input_file_ref idref="fl-10d"/>
      </object_component>
      <object_component id="oc-400">
         <name>.text</name>
         <load_address>0x6350</load_address>
         <run_address>0x6350</run_address>
         <size>0xd0</size>
         <input_file_ref idref="fl-106"/>
      </object_component>
      <object_component id="oc-1c8">
         <name>.text:GPIOPadConfigSet</name>
         <load_address>0x6420</load_address>
         <run_address>0x6420</run_address>
         <size>0xc8</size>
         <input_file_ref idref="fl-117"/>
      </object_component>
      <object_component id="oc-2fc">
         <name>.text</name>
         <load_address>0x64e8</load_address>
         <run_address>0x64e8</run_address>
         <size>0xc8</size>
         <input_file_ref idref="fl-da"/>
      </object_component>
      <object_component id="oc-4c3">
         <name>.text</name>
         <load_address>0x65b0</load_address>
         <run_address>0x65b0</run_address>
         <size>0xac</size>
         <input_file_ref idref="fl-10a"/>
      </object_component>
      <object_component id="oc-33">
         <name>.text</name>
         <load_address>0x665c</load_address>
         <run_address>0x665c</run_address>
         <size>0x9c</size>
         <input_file_ref idref="fl-10"/>
      </object_component>
      <object_component id="oc-52">
         <name>.text</name>
         <load_address>0x66f8</load_address>
         <run_address>0x66f8</run_address>
         <size>0x9c</size>
         <input_file_ref idref="fl-e6"/>
      </object_component>
      <object_component id="oc-550">
         <name>.text</name>
         <load_address>0x6794</load_address>
         <run_address>0x6794</run_address>
         <size>0x98</size>
         <input_file_ref idref="fl-10f"/>
      </object_component>
      <object_component id="oc-436">
         <name>.text</name>
         <load_address>0x682c</load_address>
         <run_address>0x682c</run_address>
         <size>0x98</size>
         <input_file_ref idref="fl-100"/>
      </object_component>
      <object_component id="oc-280">
         <name>.text</name>
         <load_address>0x68c4</load_address>
         <run_address>0x68c4</run_address>
         <size>0x92</size>
         <input_file_ref idref="fl-dd"/>
      </object_component>
      <object_component id="oc-1bc">
         <name>.text:SysCtlPeripheralReset</name>
         <load_address>0x6958</load_address>
         <run_address>0x6958</run_address>
         <size>0x88</size>
         <input_file_ref idref="fl-114"/>
      </object_component>
      <object_component id="oc-3e0">
         <name>.text:__aeabi_cdcmple</name>
         <load_address>0x69e0</load_address>
         <run_address>0x69e0</run_address>
         <size>0x86</size>
         <input_file_ref idref="fl-fe"/>
      </object_component>
      <object_component id="oc-3e5">
         <name>.text:__aeabi_cdrcmple</name>
         <load_address>0x6a66</load_address>
         <run_address>0x6a66</run_address>
         <size>0x86</size>
         <input_file_ref idref="fl-fe"/>
      </object_component>
      <object_component id="oc-27b">
         <name>.text</name>
         <load_address>0x6aec</load_address>
         <run_address>0x6aec</run_address>
         <size>0x7a</size>
         <input_file_ref idref="fl-de"/>
      </object_component>
      <object_component id="oc-5e">
         <name>.text</name>
         <load_address>0x6b66</load_address>
         <run_address>0x6b66</run_address>
         <size>0x7a</size>
         <input_file_ref idref="fl-e8"/>
      </object_component>
      <object_component id="oc-76">
         <name>.text</name>
         <load_address>0x6be0</load_address>
         <run_address>0x6be0</run_address>
         <size>0x70</size>
         <input_file_ref idref="fl-fa"/>
      </object_component>
      <object_component id="oc-2f6">
         <name>.text</name>
         <load_address>0x6c50</load_address>
         <run_address>0x6c50</run_address>
         <size>0x70</size>
         <input_file_ref idref="fl-eb"/>
      </object_component>
      <object_component id="oc-23d">
         <name>.text</name>
         <load_address>0x6cc0</load_address>
         <run_address>0x6cc0</run_address>
         <size>0x6e</size>
         <input_file_ref idref="fl-d8"/>
      </object_component>
      <object_component id="oc-1e4">
         <name>.text:ADCSequenceStepConfigure</name>
         <load_address>0x6d2e</load_address>
         <run_address>0x6d2e</run_address>
         <size>0x6c</size>
         <input_file_ref idref="fl-119"/>
      </object_component>
      <object_component id="oc-53e">
         <name>.text</name>
         <load_address>0x6d9c</load_address>
         <run_address>0x6d9c</run_address>
         <size>0x68</size>
         <input_file_ref idref="fl-f5"/>
      </object_component>
      <object_component id="oc-11">
         <name>.text:decompress:lzss</name>
         <load_address>0x6e04</load_address>
         <run_address>0x6e04</run_address>
         <size>0x66</size>
         <input_file_ref idref="fl-cf"/>
      </object_component>
      <object_component id="oc-1d8">
         <name>.text:IntEnable</name>
         <load_address>0x6e6c</load_address>
         <run_address>0x6e6c</run_address>
         <size>0x64</size>
         <input_file_ref idref="fl-116"/>
      </object_component>
      <object_component id="oc-504">
         <name>.text</name>
         <load_address>0x6ed0</load_address>
         <run_address>0x6ed0</run_address>
         <size>0x64</size>
         <input_file_ref idref="fl-10b"/>
      </object_component>
      <object_component id="oc-24c">
         <name>.text:__aeabi_cfcmple</name>
         <load_address>0x6f34</load_address>
         <run_address>0x6f34</run_address>
         <size>0x60</size>
         <input_file_ref idref="fl-dc"/>
      </object_component>
      <object_component id="oc-242">
         <name>.text:__aeabi_cfrcmple</name>
         <load_address>0x6f94</load_address>
         <run_address>0x6f94</run_address>
         <size>0x60</size>
         <input_file_ref idref="fl-dc"/>
      </object_component>
      <object_component id="oc-f9">
         <name>.text</name>
         <load_address>0x6ff4</load_address>
         <run_address>0x6ff4</run_address>
         <size>0x60</size>
         <input_file_ref idref="fl-d"/>
      </object_component>
      <object_component id="oc-ec">
         <name>.text</name>
         <load_address>0x7054</load_address>
         <run_address>0x7054</run_address>
         <size>0x60</size>
         <input_file_ref idref="fl-ec"/>
      </object_component>
      <object_component id="oc-3fa">
         <name>.text</name>
         <load_address>0x70b4</load_address>
         <run_address>0x70b4</run_address>
         <size>0x5c</size>
         <input_file_ref idref="fl-105"/>
      </object_component>
      <object_component id="oc-1c4">
         <name>.text:SysCtlPeripheralEnable</name>
         <load_address>0x7110</load_address>
         <run_address>0x7110</run_address>
         <size>0x58</size>
         <input_file_ref idref="fl-114"/>
      </object_component>
      <object_component id="oc-3ef">
         <name>.text</name>
         <load_address>0x7168</load_address>
         <run_address>0x7168</run_address>
         <size>0x56</size>
         <input_file_ref idref="fl-102"/>
      </object_component>
      <object_component id="oc-82">
         <name>.text</name>
         <load_address>0x71c0</load_address>
         <run_address>0x71c0</run_address>
         <size>0x54</size>
         <input_file_ref idref="fl-d5"/>
      </object_component>
      <object_component id="oc-28f">
         <name>.text</name>
         <load_address>0x7214</load_address>
         <run_address>0x7214</run_address>
         <size>0x4c</size>
         <input_file_ref idref="fl-cc"/>
      </object_component>
      <object_component id="oc-270">
         <name>.text</name>
         <load_address>0x7260</load_address>
         <run_address>0x7260</run_address>
         <size>0x4c</size>
         <input_file_ref idref="fl-cd"/>
      </object_component>
      <object_component id="oc-124">
         <name>.text</name>
         <load_address>0x72ac</load_address>
         <run_address>0x72ac</run_address>
         <size>0x4c</size>
         <input_file_ref idref="fl-fb"/>
      </object_component>
      <object_component id="oc-3ea">
         <name>.text</name>
         <load_address>0x72f8</load_address>
         <run_address>0x72f8</run_address>
         <size>0x48</size>
         <input_file_ref idref="fl-ff"/>
      </object_component>
      <object_component id="oc-1d0">
         <name>.text:GPIOIntTypeSet</name>
         <load_address>0x7340</load_address>
         <run_address>0x7340</run_address>
         <size>0x44</size>
         <input_file_ref idref="fl-117"/>
      </object_component>
      <object_component id="oc-2d2">
         <name>.text:SSIConfigSetExpClk</name>
         <load_address>0x7384</load_address>
         <run_address>0x7384</run_address>
         <size>0x44</size>
         <input_file_ref idref="fl-115"/>
      </object_component>
      <object_component id="oc-26b">
         <name>.text</name>
         <load_address>0x73c8</load_address>
         <run_address>0x73c8</run_address>
         <size>0x44</size>
         <input_file_ref idref="fl-d9"/>
      </object_component>
      <object_component id="oc-1fc">
         <name>.text:UARTConfigSetExpClk</name>
         <load_address>0x740c</load_address>
         <run_address>0x740c</run_address>
         <size>0x42</size>
         <input_file_ref idref="fl-111"/>
      </object_component>
      <object_component id="oc-23">
         <name>.text</name>
         <load_address>0x7450</load_address>
         <run_address>0x7450</run_address>
         <size>0x40</size>
         <input_file_ref idref="fl-ce"/>
      </object_component>
      <object_component id="oc-1b0">
         <name>.text</name>
         <load_address>0x7490</load_address>
         <run_address>0x7490</run_address>
         <size>0x38</size>
         <input_file_ref idref="fl-df"/>
      </object_component>
      <object_component id="oc-285">
         <name>.text</name>
         <load_address>0x74c8</load_address>
         <run_address>0x74c8</run_address>
         <size>0x38</size>
         <input_file_ref idref="fl-e0"/>
      </object_component>
      <object_component id="oc-276">
         <name>.text</name>
         <load_address>0x7500</load_address>
         <run_address>0x7500</run_address>
         <size>0x38</size>
         <input_file_ref idref="fl-e3"/>
      </object_component>
      <object_component id="oc-169">
         <name>.text</name>
         <load_address>0x7538</load_address>
         <run_address>0x7538</run_address>
         <size>0x36</size>
         <input_file_ref idref="fl-f1"/>
      </object_component>
      <object_component id="oc-295">
         <name>.text</name>
         <load_address>0x756e</load_address>
         <run_address>0x756e</run_address>
         <size>0x36</size>
         <input_file_ref idref="fl-f2"/>
      </object_component>
      <object_component id="oc-260">
         <name>.text</name>
         <load_address>0x75a4</load_address>
         <run_address>0x75a4</run_address>
         <size>0x34</size>
         <input_file_ref idref="fl-e1"/>
      </object_component>
      <object_component id="oc-37c">
         <name>.text:GPIODirModeSet</name>
         <load_address>0x75d8</load_address>
         <run_address>0x75d8</run_address>
         <size>0x2e</size>
         <input_file_ref idref="fl-117"/>
      </object_component>
      <object_component id="oc-233">
         <name>.text</name>
         <load_address>0x7606</load_address>
         <run_address>0x7606</run_address>
         <size>0x2e</size>
         <input_file_ref idref="fl-e2"/>
      </object_component>
      <object_component id="oc-1e0">
         <name>.text:ADCSequenceConfigure</name>
         <load_address>0x7634</load_address>
         <run_address>0x7634</run_address>
         <size>0x2a</size>
         <input_file_ref idref="fl-119"/>
      </object_component>
      <object_component id="oc-20c">
         <name>.text:TimerConfigure</name>
         <load_address>0x7660</load_address>
         <run_address>0x7660</run_address>
         <size>0x24</size>
         <input_file_ref idref="fl-112"/>
      </object_component>
      <object_component id="oc-163">
         <name>.text</name>
         <load_address>0x7684</load_address>
         <run_address>0x7684</run_address>
         <size>0x24</size>
         <input_file_ref idref="fl-e5"/>
      </object_component>
      <object_component id="oc-4cb">
         <name>.text</name>
         <load_address>0x76a8</load_address>
         <run_address>0x76a8</run_address>
         <size>0x20</size>
         <input_file_ref idref="fl-104"/>
      </object_component>
      <object_component id="oc-28a">
         <name>.text</name>
         <load_address>0x76c8</load_address>
         <run_address>0x76c8</run_address>
         <size>0x20</size>
         <input_file_ref idref="fl-f6"/>
      </object_component>
      <object_component id="oc-392">
         <name>.text:UARTDisable</name>
         <load_address>0x76e8</load_address>
         <run_address>0x76e8</run_address>
         <size>0x1c</size>
         <input_file_ref idref="fl-111"/>
      </object_component>
      <object_component id="oc-406">
         <name>.text</name>
         <load_address>0x7704</load_address>
         <run_address>0x7704</run_address>
         <size>0x1a</size>
         <input_file_ref idref="fl-103"/>
      </object_component>
      <object_component id="oc-7c">
         <name>.text</name>
         <load_address>0x7720</load_address>
         <run_address>0x7720</run_address>
         <size>0x18</size>
         <input_file_ref idref="fl-f9"/>
      </object_component>
      <object_component id="oc-4da">
         <name>.text</name>
         <load_address>0x7738</load_address>
         <run_address>0x7738</run_address>
         <size>0x18</size>
         <input_file_ref idref="fl-ef"/>
      </object_component>
      <object_component id="oc-254">
         <name>.text</name>
         <load_address>0x7750</load_address>
         <run_address>0x7750</run_address>
         <size>0x16</size>
         <input_file_ref idref="fl-ee"/>
      </object_component>
      <object_component id="oc-a5">
         <name>.text</name>
         <load_address>0x7766</load_address>
         <run_address>0x7766</run_address>
         <size>0x16</size>
         <input_file_ref idref="fl-f0"/>
      </object_component>
      <object_component id="oc-208">
         <name>.text:UARTEnable</name>
         <load_address>0x777c</load_address>
         <run_address>0x777c</run_address>
         <size>0x14</size>
         <input_file_ref idref="fl-111"/>
      </object_component>
      <object_component id="oc-324">
         <name>.text</name>
         <load_address>0x7790</load_address>
         <run_address>0x7790</run_address>
         <size>0x14</size>
         <input_file_ref idref="fl-f7"/>
      </object_component>
      <object_component id="oc-3da">
         <name>.text</name>
         <load_address>0x77a4</load_address>
         <run_address>0x77a4</run_address>
         <size>0x14</size>
         <input_file_ref idref="fl-108"/>
      </object_component>
      <object_component id="oc-1dc">
         <name>.text:GPIOPinTypeADC</name>
         <load_address>0x77b8</load_address>
         <run_address>0x77b8</run_address>
         <size>0x12</size>
         <input_file_ref idref="fl-117"/>
      </object_component>
      <object_component id="oc-1cc">
         <name>.text:GPIOPinTypeGPIOOutput</name>
         <load_address>0x77ca</load_address>
         <run_address>0x77ca</run_address>
         <size>0x12</size>
         <input_file_ref idref="fl-117"/>
      </object_component>
      <object_component id="oc-2d6">
         <name>.text:GPIOPinTypeSSI</name>
         <load_address>0x77dc</load_address>
         <run_address>0x77dc</run_address>
         <size>0x12</size>
         <input_file_ref idref="fl-117"/>
      </object_component>
      <object_component id="oc-1f4">
         <name>.text:GPIOPinTypeUART</name>
         <load_address>0x77ee</load_address>
         <run_address>0x77ee</run_address>
         <size>0x12</size>
         <input_file_ref idref="fl-117"/>
      </object_component>
      <object_component id="oc-2de">
         <name>.text:SSIDataGetNonBlocking</name>
         <load_address>0x7800</load_address>
         <run_address>0x7800</run_address>
         <size>0x12</size>
         <input_file_ref idref="fl-115"/>
      </object_component>
      <object_component id="oc-210">
         <name>.text:TimerLoadSet</name>
         <load_address>0x7812</load_address>
         <run_address>0x7812</run_address>
         <size>0x12</size>
         <input_file_ref idref="fl-112"/>
      </object_component>
      <object_component id="oc-b9">
         <name>.text:UARTCharGetNonBlocking</name>
         <load_address>0x7824</load_address>
         <run_address>0x7824</run_address>
         <size>0x10</size>
         <input_file_ref idref="fl-111"/>
      </object_component>
      <object_component id="oc-1e8">
         <name>.text:ADCSequenceEnable</name>
         <load_address>0x7834</load_address>
         <run_address>0x7834</run_address>
         <size>0xe</size>
         <input_file_ref idref="fl-119"/>
      </object_component>
      <object_component id="oc-218">
         <name>.text:TimerEnable</name>
         <load_address>0x7842</load_address>
         <run_address>0x7842</run_address>
         <size>0xe</size>
         <input_file_ref idref="fl-112"/>
      </object_component>
      <object_component id="oc-17">
         <name>.text:decompress:none</name>
         <load_address>0x7850</load_address>
         <run_address>0x7850</run_address>
         <size>0xe</size>
         <input_file_ref idref="fl-d0"/>
      </object_component>
      <object_component id="oc-225">
         <name>.text:CPUcpsie</name>
         <load_address>0x785e</load_address>
         <run_address>0x785e</run_address>
         <size>0xc</size>
         <input_file_ref idref="fl-118"/>
      </object_component>
      <object_component id="oc-1d4">
         <name>.text:GPIOPinIntEnable</name>
         <load_address>0x786a</load_address>
         <run_address>0x786a</run_address>
         <size>0xc</size>
         <input_file_ref idref="fl-117"/>
      </object_component>
      <object_component id="oc-22a">
         <name>.text:SysTickValueGet</name>
         <load_address>0x7878</load_address>
         <run_address>0x7878</run_address>
         <size>0xc</size>
         <input_file_ref idref="fl-113"/>
      </object_component>
      <object_component id="oc-bd">
         <name>.text:UARTCharsAvail</name>
         <load_address>0x7884</load_address>
         <run_address>0x7884</run_address>
         <size>0xc</size>
         <input_file_ref idref="fl-111"/>
      </object_component>
      <object_component id="oc-1d">
         <name>.text:decompress:ZI</name>
         <load_address>0x7890</load_address>
         <run_address>0x7890</run_address>
         <size>0xc</size>
         <input_file_ref idref="fl-d1"/>
      </object_component>
      <object_component id="oc-2d">
         <name>.text</name>
         <load_address>0x789c</load_address>
         <run_address>0x789c</run_address>
         <size>0xc</size>
         <input_file_ref idref="fl-b"/>
      </object_component>
      <object_component id="oc-1ec">
         <name>.text:ADCIntClear</name>
         <load_address>0x78a8</load_address>
         <run_address>0x78a8</run_address>
         <size>0xa</size>
         <input_file_ref idref="fl-119"/>
      </object_component>
      <object_component id="oc-d5">
         <name>.text:IntMasterEnable</name>
         <load_address>0x78b2</load_address>
         <run_address>0x78b2</run_address>
         <size>0xa</size>
         <input_file_ref idref="fl-116"/>
      </object_component>
      <object_component id="oc-2c7">
         <name>.text:SSIDataPut</name>
         <load_address>0x78bc</load_address>
         <run_address>0x78bc</run_address>
         <size>0xa</size>
         <input_file_ref idref="fl-115"/>
      </object_component>
      <object_component id="oc-2ce">
         <name>.text:SSIDisable</name>
         <load_address>0x78c6</load_address>
         <run_address>0x78c6</run_address>
         <size>0xa</size>
         <input_file_ref idref="fl-115"/>
      </object_component>
      <object_component id="oc-2da">
         <name>.text:SSIEnable</name>
         <load_address>0x78d0</load_address>
         <run_address>0x78d0</run_address>
         <size>0xa</size>
         <input_file_ref idref="fl-115"/>
      </object_component>
      <object_component id="oc-1f0">
         <name>.text:UARTCharPut</name>
         <load_address>0x78da</load_address>
         <run_address>0x78da</run_address>
         <size>0xa</size>
         <input_file_ref idref="fl-111"/>
      </object_component>
      <object_component id="oc-204">
         <name>.text:UARTFIFOEnable</name>
         <load_address>0x78e4</load_address>
         <run_address>0x78e4</run_address>
         <size>0xa</size>
         <input_file_ref idref="fl-111"/>
      </object_component>
      <object_component id="oc-b1">
         <name>.text:UARTIntStatus</name>
         <load_address>0x78ee</load_address>
         <run_address>0x78ee</run_address>
         <size>0xa</size>
         <input_file_ref idref="fl-111"/>
      </object_component>
      <object_component id="oc-2bf">
         <name>.text:SSIBusy</name>
         <load_address>0x78f8</load_address>
         <run_address>0x78f8</run_address>
         <size>0x8</size>
         <input_file_ref idref="fl-115"/>
      </object_component>
      <object_component id="oc-214">
         <name>.text:TimerIntEnable</name>
         <load_address>0x7900</load_address>
         <run_address>0x7900</run_address>
         <size>0x8</size>
         <input_file_ref idref="fl-112"/>
      </object_component>
      <object_component id="oc-200">
         <name>.text:UARTIntEnable</name>
         <load_address>0x7908</load_address>
         <run_address>0x7908</run_address>
         <size>0x8</size>
         <input_file_ref idref="fl-111"/>
      </object_component>
      <object_component id="oc-4b0">
         <name>.text</name>
         <load_address>0x7910</load_address>
         <run_address>0x7910</run_address>
         <size>0x8</size>
         <input_file_ref idref="fl-10c"/>
      </object_component>
      <object_component id="oc-c1">
         <name>.text:GPIOPinIntClear</name>
         <load_address>0x7918</load_address>
         <run_address>0x7918</run_address>
         <size>0x6</size>
         <input_file_ref idref="fl-117"/>
      </object_component>
      <object_component id="oc-e7">
         <name>.text:GPIOPinRead</name>
         <load_address>0x791e</load_address>
         <run_address>0x791e</run_address>
         <size>0x6</size>
         <input_file_ref idref="fl-117"/>
      </object_component>
      <object_component id="oc-2c3">
         <name>.text:GPIOPinWrite</name>
         <load_address>0x7924</load_address>
         <run_address>0x7924</run_address>
         <size>0x6</size>
         <input_file_ref idref="fl-117"/>
      </object_component>
      <object_component id="oc-378">
         <name>.text:SysCtlDelay</name>
         <load_address>0x792a</load_address>
         <run_address>0x792a</run_address>
         <size>0x6</size>
         <input_file_ref idref="fl-114"/>
      </object_component>
      <object_component id="oc-25a">
         <name>.text</name>
         <load_address>0x7930</load_address>
         <run_address>0x7930</run_address>
         <size>0x6</size>
         <input_file_ref idref="fl-cb"/>
      </object_component>
      <object_component id="oc-c5">
         <name>.text:TimerIntClear</name>
         <load_address>0x7936</load_address>
         <run_address>0x7936</run_address>
         <size>0x4</size>
         <input_file_ref idref="fl-112"/>
      </object_component>
      <object_component id="oc-b5">
         <name>.text:UARTIntClear</name>
         <load_address>0x793a</load_address>
         <run_address>0x793a</run_address>
         <size>0x4</size>
         <input_file_ref idref="fl-111"/>
      </object_component>
      <object_component id="oc-70">
         <name>.text</name>
         <load_address>0x793e</load_address>
         <run_address>0x793e</run_address>
         <size>0x4</size>
         <input_file_ref idref="fl-ea"/>
      </object_component>
      <object_component id="oc-2ed">
         <name>.const:g_pucFont</name>
         <load_address>0x7948</load_address>
         <run_address>0x7948</run_address>
         <size>0x1e0</size>
         <input_file_ref idref="fl-9"/>
      </object_component>
      <object_component id="oc-3c5">
         <name>.const:.string:_ctypes_</name>
         <load_address>0x7b28</load_address>
         <run_address>0x7b28</run_address>
         <size>0x101</size>
         <input_file_ref idref="fl-d2"/>
      </object_component>
      <object_component id="oc-2e5">
         <name>.const:.string:pucCommand1$1</name>
         <load_address>0x7c29</load_address>
         <run_address>0x7c29</run_address>
         <size>0x3</size>
         <input_file_ref idref="fl-9"/>
      </object_component>
      <object_component id="oc-2e6">
         <name>.const:.string:pucCommand2$2</name>
         <load_address>0x7c2c</load_address>
         <run_address>0x7c2c</run_address>
         <size>0x3</size>
         <input_file_ref idref="fl-9"/>
      </object_component>
      <object_component id="oc-488">
         <name>.const:$O1$$</name>
         <load_address>0x7c30</load_address>
         <run_address>0x7c30</run_address>
         <size>0x98</size>
         <input_file_ref idref="fl-f3"/>
      </object_component>
      <object_component id="oc-383">
         <name>.const</name>
         <load_address>0x7cc8</load_address>
         <run_address>0x7cc8</run_address>
         <size>0x70</size>
         <input_file_ref idref="fl-116"/>
      </object_component>
      <object_component id="oc-38f">
         <name>.const:g_pulXtals</name>
         <load_address>0x7d38</load_address>
         <run_address>0x7d38</run_address>
         <size>0x6c</size>
         <input_file_ref idref="fl-114"/>
      </object_component>
      <object_component id="oc-2f0">
         <name>.const:.string:g_pucRIT128x96x4Init</name>
         <load_address>0x7da4</load_address>
         <run_address>0x7da4</run_address>
         <size>0x4f</size>
         <input_file_ref idref="fl-9"/>
      </object_component>
      <object_component id="oc-374">
         <name>.const</name>
         <load_address>0x7df4</load_address>
         <run_address>0x7df4</run_address>
         <size>0x40</size>
         <input_file_ref idref="fl-114"/>
      </object_component>
      <object_component id="oc-16f">
         <name>.const:.string:ucExpectedStackBytes$1</name>
         <load_address>0x7e34</load_address>
         <run_address>0x7e34</run_address>
         <size>0x14</size>
         <input_file_ref idref="fl-c"/>
      </object_component>
      <object_component id="oc-3ba">
         <name>.const:Zero</name>
         <load_address>0x7e48</load_address>
         <run_address>0x7e48</run_address>
         <size>0x10</size>
         <input_file_ref idref="fl-d4"/>
      </object_component>
      <object_component id="oc-2e7">
         <name>.const:.string:g_pucRIT128x96x4HorizontalInc</name>
         <load_address>0x7e58</load_address>
         <run_address>0x7e58</run_address>
         <size>0x2</size>
         <input_file_ref idref="fl-9"/>
      </object_component>
      <object_component id="oc-2ea">
         <name>.const:.string:g_pucRIT128x96x4VerticalInc</name>
         <load_address>0x7e5a</load_address>
         <run_address>0x7e5a</run_address>
         <size>0x2</size>
         <input_file_ref idref="fl-9"/>
      </object_component>
      <object_component id="oc-2f3">
         <name>.const:.string:pucCommand1$3</name>
         <load_address>0x7e5c</load_address>
         <run_address>0x7e5c</run_address>
         <size>0x2</size>
         <input_file_ref idref="fl-9"/>
      </object_component>
      <object_component id="oc-357">
         <name>.const</name>
         <load_address>0x7e5e</load_address>
         <run_address>0x7e5e</run_address>
         <size>0x2</size>
         <input_file_ref idref="fl-e"/>
      </object_component>
      <object_component id="oc-58f">
         <name>.cinit..data.load</name>
         <load_address>0x7e60</load_address>
         <run_address>0x7e60</run_address>
         <size>0x7a</size>
      </object_component>
      <object_component id="oc-58d">
         <name>__TI_handler_table</name>
         <load_address>0x7edc</load_address>
         <run_address>0x7edc</run_address>
         <size>0xc</size>
      </object_component>
      <object_component id="oc-590">
         <name>.cinit..bss.load</name>
         <load_address>0x7ee8</load_address>
         <run_address>0x7ee8</run_address>
         <size>0x8</size>
      </object_component>
      <object_component id="oc-58e">
         <name>__TI_cinit_table</name>
         <load_address>0x7ef0</load_address>
         <run_address>0x7ef0</run_address>
         <size>0x10</size>
      </object_component>
      <object_component id="oc-251">
         <name>.data</name>
         <load_address>0x20003dd8</load_address>
         <run_address>0x20003dd8</run_address>
         <size>0x14</size>
         <input_file_ref idref="fl-2"/>
      </object_component>
      <object_component id="oc-e3">
         <name>.data</name>
         <load_address>0x20003e14</load_address>
         <run_address>0x20003e14</run_address>
         <size>0x9</size>
         <input_file_ref idref="fl-7"/>
      </object_component>
      <object_component id="oc-91">
         <name>.data</name>
         <load_address>0x20003da8</load_address>
         <run_address>0x20003da8</run_address>
         <size>0x30</size>
         <input_file_ref idref="fl-c"/>
      </object_component>
      <object_component id="oc-34b">
         <name>.data</name>
         <load_address>0x20003e28</load_address>
         <run_address>0x20003e28</run_address>
         <size>0x8</size>
         <input_file_ref idref="fl-e"/>
      </object_component>
      <object_component id="oc-9b">
         <name>.data</name>
         <load_address>0x20003e30</load_address>
         <run_address>0x20003e30</run_address>
         <size>0x4</size>
         <input_file_ref idref="fl-f"/>
      </object_component>
      <object_component id="oc-305">
         <name>.data:_ftable</name>
         <load_address>0x20003be8</load_address>
         <run_address>0x20003be8</run_address>
         <size>0xf0</size>
         <input_file_ref idref="fl-d3"/>
      </object_component>
      <object_component id="oc-44a">
         <name>.data</name>
         <load_address>0x20003dec</load_address>
         <run_address>0x20003dec</run_address>
         <size>0x10</size>
         <input_file_ref idref="fl-d3"/>
      </object_component>
      <object_component id="oc-134">
         <name>.data:$O1$$</name>
         <load_address>0x20003dfc</load_address>
         <run_address>0x20003dfc</run_address>
         <size>0xc</size>
         <input_file_ref idref="fl-d5"/>
      </object_component>
      <object_component id="oc-4e0">
         <name>.data:$O1$$</name>
         <load_address>0x20003cd8</load_address>
         <run_address>0x20003cd8</run_address>
         <size>0xd0</size>
         <input_file_ref idref="fl-e4"/>
      </object_component>
      <object_component id="oc-39e">
         <name>.data:$O1$$</name>
         <load_address>0x20003e08</load_address>
         <run_address>0x20003e08</run_address>
         <size>0xc</size>
         <input_file_ref idref="fl-e7"/>
      </object_component>
      <object_component id="oc-88">
         <name>.data</name>
         <load_address>0x20003e3c</load_address>
         <run_address>0x20003e3c</run_address>
         <size>0x4</size>
         <input_file_ref idref="fl-ed"/>
      </object_component>
      <object_component id="oc-137">
         <name>.data:$O1$$</name>
         <load_address>0x20003e20</load_address>
         <run_address>0x20003e20</run_address>
         <size>0x8</size>
         <input_file_ref idref="fl-f7"/>
      </object_component>
      <object_component id="oc-48b">
         <name>.data</name>
         <load_address>0x20003e34</load_address>
         <run_address>0x20003e34</run_address>
         <size>0x4</size>
         <input_file_ref idref="fl-fc"/>
      </object_component>
      <object_component id="oc-556">
         <name>.data</name>
         <load_address>0x20003e38</load_address>
         <run_address>0x20003e38</run_address>
         <size>0x4</size>
         <input_file_ref idref="fl-10e"/>
      </object_component>
      <object_component id="oc-2cb">
         <name>.bss</name>
         <uninitialized>true</uninitialized>
         <run_address>0x20002bdc</run_address>
         <size>0x4</size>
         <input_file_ref idref="fl-9"/>
      </object_component>
      <object_component id="oc-2e2">
         <name>.bss:g_pucBuffer</name>
         <uninitialized>true</uninitialized>
         <run_address>0x20002bac</run_address>
         <size>0x8</size>
         <input_file_ref idref="fl-9"/>
      </object_component>
      <object_component id="oc-154">
         <name>.bss:pxReadyTasksLists</name>
         <uninitialized>true</uninitialized>
         <run_address>0x20002ab0</run_address>
         <size>0x64</size>
         <input_file_ref idref="fl-c"/>
      </object_component>
      <object_component id="oc-176">
         <name>.bss:xDelayedTaskList1</name>
         <uninitialized>true</uninitialized>
         <run_address>0x20002b48</run_address>
         <size>0x14</size>
         <input_file_ref idref="fl-c"/>
      </object_component>
      <object_component id="oc-179">
         <name>.bss:xDelayedTaskList2</name>
         <uninitialized>true</uninitialized>
         <run_address>0x20002b5c</run_address>
         <size>0x14</size>
         <input_file_ref idref="fl-c"/>
      </object_component>
      <object_component id="oc-15a">
         <name>.bss</name>
         <uninitialized>true</uninitialized>
         <run_address>0x20002bbc</run_address>
         <size>0x8</size>
         <input_file_ref idref="fl-c"/>
      </object_component>
      <object_component id="oc-160">
         <name>.bss:xPendingReadyList</name>
         <uninitialized>true</uninitialized>
         <run_address>0x20002b70</run_address>
         <size>0x14</size>
         <input_file_ref idref="fl-c"/>
      </object_component>
      <object_component id="oc-157">
         <name>.bss:xTasksWaitingTermination</name>
         <uninitialized>true</uninitialized>
         <run_address>0x20002b98</run_address>
         <size>0x14</size>
         <input_file_ref idref="fl-c"/>
      </object_component>
      <object_component id="oc-15d">
         <name>.bss:xSuspendedTaskList</name>
         <uninitialized>true</uninitialized>
         <run_address>0x20002b84</run_address>
         <size>0x14</size>
         <input_file_ref idref="fl-c"/>
      </object_component>
      <object_component id="oc-302">
         <name>.bss:cBuffer</name>
         <uninitialized>true</uninitialized>
         <run_address>0x20002b14</run_address>
         <size>0x34</size>
         <input_file_ref idref="fl-d"/>
      </object_component>
      <object_component id="oc-351">
         <name>.bss:xHeap</name>
         <uninitialized>true</uninitialized>
         <run_address>0x20000000</run_address>
         <size>0x2800</size>
         <input_file_ref idref="fl-e"/>
      </object_component>
      <object_component id="oc-34e">
         <name>.bss:xStart</name>
         <uninitialized>true</uninitialized>
         <run_address>0x20002bcc</run_address>
         <size>0x8</size>
         <input_file_ref idref="fl-e"/>
      </object_component>
      <object_component id="oc-354">
         <name>.bss:xEnd</name>
         <uninitialized>true</uninitialized>
         <run_address>0x20002bc4</run_address>
         <size>0x8</size>
         <input_file_ref idref="fl-e"/>
      </object_component>
      <object_component id="oc-544">
         <name>.bss:parmbuf</name>
         <uninitialized>true</uninitialized>
         <run_address>0x20002bb4</run_address>
         <size>0x8</size>
         <input_file_ref idref="fl-f4"/>
      </object_component>
      <object_component id="oc-55b">
         <name>.bss:_CIOBUF_</name>
         <uninitialized>true</uninitialized>
         <run_address>0x20002800</run_address>
         <size>0x120</size>
         <input_file_ref idref="fl-f5"/>
      </object_component>
      <object_component id="oc-e2">
         <name>.common:UART_char_data</name>
         <uninitialized>true</uninitialized>
         <run_address>0x200029c0</run_address>
         <size>0x78</size>
      </object_component>
      <object_component id="oc-df">
         <name>.common:UART_char_data_old</name>
         <uninitialized>true</uninitialized>
         <run_address>0x20002a38</run_address>
         <size>0x78</size>
      </object_component>
      <object_component id="oc-eb">
         <name>.common:button_data</name>
         <uninitialized>true</uninitialized>
         <run_address>0x20002bd4</run_address>
         <size>0x5</size>
      </object_component>
      <object_component id="oc-e6">
         <name>.common:xBinarySemaphore</name>
         <uninitialized>true</uninitialized>
         <run_address>0x20002be0</run_address>
         <size>0x4</size>
      </object_component>
      <object_component id="oc-f8">
         <name>.common:xQueueGPSDATA</name>
         <uninitialized>true</uninitialized>
         <run_address>0x20002be4</run_address>
         <size>0x4</size>
      </object_component>
      <object_component id="oc-564">
         <name>.common:__TI_tmpnams</name>
         <uninitialized>true</uninitialized>
         <run_address>0x20002920</run_address>
         <size>0xa0</size>
      </object_component>
      <object_component id="oc-2a">
         <name>.sysmem</name>
         <uninitialized>true</uninitialized>
         <run_address>0x200033e8</run_address>
         <size>0x8</size>
         <input_file_ref idref="fl-e7"/>
      </object_component>
      <object_component id="oc-592">
         <name>.sysmem</name>
         <uninitialized>true</uninitialized>
         <run_address>0x200033e8</run_address>
         <size>0x0</size>
      </object_component>
      <object_component id="oc-29">
         <name>.stack</name>
         <uninitialized>true</uninitialized>
         <run_address>0x20002be8</run_address>
         <size>0x0</size>
         <input_file_ref idref="fl-ce"/>
      </object_component>
      <object_component id="oc-591">
         <name>.stack</name>
         <uninitialized>true</uninitialized>
         <run_address>0x20002be8</run_address>
         <size>0x0</size>
      </object_component>
      <object_component id="oc-29c">
         <name>.debug_info</name>
         <load_address>0x0</load_address>
         <run_address>0x0</run_address>
         <size>0x2c1</size>
         <input_file_ref idref="fl-2"/>
      </object_component>
      <object_component id="oc-252">
         <name>.debug_info</name>
         <load_address>0x2c1</load_address>
         <run_address>0x2c1</run_address>
         <size>0x185</size>
         <input_file_ref idref="fl-2"/>
      </object_component>
      <object_component id="oc-da">
         <name>.debug_info</name>
         <load_address>0x446</load_address>
         <run_address>0x446</run_address>
         <size>0x11b2</size>
         <input_file_ref idref="fl-2"/>
      </object_component>
      <object_component id="oc-105">
         <name>.debug_info</name>
         <load_address>0x15f8</load_address>
         <run_address>0x15f8</run_address>
         <size>0x390</size>
         <input_file_ref idref="fl-2"/>
      </object_component>
      <object_component id="oc-337">
         <name>.debug_info</name>
         <load_address>0x1988</load_address>
         <run_address>0x1988</run_address>
         <size>0xc8</size>
         <input_file_ref idref="fl-2"/>
      </object_component>
      <object_component id="oc-100">
         <name>.debug_info</name>
         <load_address>0x1a50</load_address>
         <run_address>0x1a50</run_address>
         <size>0x8b</size>
         <input_file_ref idref="fl-2"/>
      </object_component>
      <object_component id="oc-1b7">
         <name>.debug_info</name>
         <load_address>0x1adb</load_address>
         <run_address>0x1adb</run_address>
         <size>0x18b</size>
         <input_file_ref idref="fl-2"/>
      </object_component>
      <object_component id="oc-2aa">
         <name>.debug_info</name>
         <load_address>0x1c66</load_address>
         <run_address>0x1c66</run_address>
         <size>0x2c</size>
         <input_file_ref idref="fl-2"/>
      </object_component>
      <object_component id="oc-2ba">
         <name>.debug_info</name>
         <load_address>0x1c92</load_address>
         <run_address>0x1c92</run_address>
         <size>0x4e</size>
         <input_file_ref idref="fl-2"/>
      </object_component>
      <object_component id="oc-1b6">
         <name>.debug_info</name>
         <load_address>0x1ce0</load_address>
         <run_address>0x1ce0</run_address>
         <size>0x183</size>
         <input_file_ref idref="fl-4"/>
      </object_component>
      <object_component id="oc-cb">
         <name>.debug_info</name>
         <load_address>0x1e63</load_address>
         <run_address>0x1e63</run_address>
         <size>0x13c1</size>
         <input_file_ref idref="fl-4"/>
      </object_component>
      <object_component id="oc-223">
         <name>.debug_info</name>
         <load_address>0x3224</load_address>
         <run_address>0x3224</run_address>
         <size>0x68e</size>
         <input_file_ref idref="fl-5"/>
      </object_component>
      <object_component id="oc-d1">
         <name>.debug_info</name>
         <load_address>0x38b2</load_address>
         <run_address>0x38b2</run_address>
         <size>0xb5e</size>
         <input_file_ref idref="fl-5"/>
      </object_component>
      <object_component id="oc-19a">
         <name>.debug_info</name>
         <load_address>0x4410</load_address>
         <run_address>0x4410</run_address>
         <size>0x110</size>
         <input_file_ref idref="fl-5"/>
      </object_component>
      <object_component id="oc-190">
         <name>.debug_info</name>
         <load_address>0x4520</load_address>
         <run_address>0x4520</run_address>
         <size>0x13a</size>
         <input_file_ref idref="fl-6"/>
      </object_component>
      <object_component id="oc-14f">
         <name>.debug_info</name>
         <load_address>0x465a</load_address>
         <run_address>0x465a</run_address>
         <size>0x442</size>
         <input_file_ref idref="fl-6"/>
      </object_component>
      <object_component id="oc-4d">
         <name>.debug_info</name>
         <load_address>0x4a9c</load_address>
         <run_address>0x4a9c</run_address>
         <size>0x84</size>
         <input_file_ref idref="fl-6"/>
      </object_component>
      <object_component id="oc-a0">
         <name>.debug_info</name>
         <load_address>0x4b20</load_address>
         <run_address>0x4b20</run_address>
         <size>0x2c</size>
         <input_file_ref idref="fl-6"/>
      </object_component>
      <object_component id="oc-182">
         <name>.debug_info</name>
         <load_address>0x4b4c</load_address>
         <run_address>0x4b4c</run_address>
         <size>0x2c</size>
         <input_file_ref idref="fl-6"/>
      </object_component>
      <object_component id="oc-18b">
         <name>.debug_info</name>
         <load_address>0x4b78</load_address>
         <run_address>0x4b78</run_address>
         <size>0x14c</size>
         <input_file_ref idref="fl-6"/>
      </object_component>
      <object_component id="oc-e0">
         <name>.debug_info</name>
         <load_address>0x4cc4</load_address>
         <run_address>0x4cc4</run_address>
         <size>0x8bb</size>
         <input_file_ref idref="fl-7"/>
      </object_component>
      <object_component id="oc-e4">
         <name>.debug_info</name>
         <load_address>0x557f</load_address>
         <run_address>0x557f</run_address>
         <size>0x105</size>
         <input_file_ref idref="fl-7"/>
      </object_component>
      <object_component id="oc-3f">
         <name>.debug_info</name>
         <load_address>0x5684</load_address>
         <run_address>0x5684</run_address>
         <size>0x100c</size>
         <input_file_ref idref="fl-7"/>
      </object_component>
      <object_component id="oc-2a5">
         <name>.debug_info</name>
         <load_address>0x6690</load_address>
         <run_address>0x6690</run_address>
         <size>0x2c</size>
         <input_file_ref idref="fl-7"/>
      </object_component>
      <object_component id="oc-2a0">
         <name>.debug_info</name>
         <load_address>0x66bc</load_address>
         <run_address>0x66bc</run_address>
         <size>0x2c</size>
         <input_file_ref idref="fl-7"/>
      </object_component>
      <object_component id="oc-17d">
         <name>.debug_info</name>
         <load_address>0x66e8</load_address>
         <run_address>0x66e8</run_address>
         <size>0x16d</size>
         <input_file_ref idref="fl-7"/>
      </object_component>
      <object_component id="oc-11b">
         <name>.debug_info</name>
         <load_address>0x6855</load_address>
         <run_address>0x6855</run_address>
         <size>0x2c</size>
         <input_file_ref idref="fl-7"/>
      </object_component>
      <object_component id="oc-199">
         <name>.debug_info</name>
         <load_address>0x6881</load_address>
         <run_address>0x6881</run_address>
         <size>0x59b</size>
         <input_file_ref idref="fl-8"/>
      </object_component>
      <object_component id="oc-ac">
         <name>.debug_info</name>
         <load_address>0x6e1c</load_address>
         <run_address>0x6e1c</run_address>
         <size>0x18f8</size>
         <input_file_ref idref="fl-8"/>
      </object_component>
      <object_component id="oc-194">
         <name>.debug_info</name>
         <load_address>0x8714</load_address>
         <run_address>0x8714</run_address>
         <size>0x123</size>
         <input_file_ref idref="fl-8"/>
      </object_component>
      <object_component id="oc-366">
         <name>.debug_info</name>
         <load_address>0x8837</load_address>
         <run_address>0x8837</run_address>
         <size>0xcc</size>
         <input_file_ref idref="fl-8"/>
      </object_component>
      <object_component id="oc-2f5">
         <name>.debug_info</name>
         <load_address>0x8903</load_address>
         <run_address>0x8903</run_address>
         <size>0x3af</size>
         <input_file_ref idref="fl-9"/>
      </object_component>
      <object_component id="oc-2cc">
         <name>.debug_info</name>
         <load_address>0x8cb2</load_address>
         <run_address>0x8cb2</run_address>
         <size>0xe1</size>
         <input_file_ref idref="fl-9"/>
      </object_component>
      <object_component id="oc-2e3">
         <name>.debug_info</name>
         <load_address>0x8d93</load_address>
         <run_address>0x8d93</run_address>
         <size>0xdf</size>
         <input_file_ref idref="fl-9"/>
      </object_component>
      <object_component id="oc-2eb">
         <name>.debug_info</name>
         <load_address>0x8e72</load_address>
         <run_address>0x8e72</run_address>
         <size>0xff</size>
         <input_file_ref idref="fl-9"/>
      </object_component>
      <object_component id="oc-2e8">
         <name>.debug_info</name>
         <load_address>0x8f71</load_address>
         <run_address>0x8f71</run_address>
         <size>0x103</size>
         <input_file_ref idref="fl-9"/>
      </object_component>
      <object_component id="oc-2ee">
         <name>.debug_info</name>
         <load_address>0x9074</load_address>
         <run_address>0x9074</run_address>
         <size>0xdb</size>
         <input_file_ref idref="fl-9"/>
      </object_component>
      <object_component id="oc-2f1">
         <name>.debug_info</name>
         <load_address>0x914f</load_address>
         <run_address>0x914f</run_address>
         <size>0xf1</size>
         <input_file_ref idref="fl-9"/>
      </object_component>
      <object_component id="oc-f3">
         <name>.debug_info</name>
         <load_address>0x9240</load_address>
         <run_address>0x9240</run_address>
         <size>0xc13</size>
         <input_file_ref idref="fl-9"/>
      </object_component>
      <object_component id="oc-46">
         <name>.debug_info</name>
         <load_address>0x9e53</load_address>
         <run_address>0x9e53</run_address>
         <size>0x218</size>
         <input_file_ref idref="fl-b"/>
      </object_component>
      <object_component id="oc-f">
         <name>.debug_info</name>
         <load_address>0xa06b</load_address>
         <run_address>0xa06b</run_address>
         <size>0xe2</size>
         <input_file_ref idref="fl-b"/>
      </object_component>
      <object_component id="oc-2f">
         <name>.debug_info</name>
         <load_address>0xa14d</load_address>
         <run_address>0xa14d</run_address>
         <size>0x1ed</size>
         <input_file_ref idref="fl-b"/>
      </object_component>
      <object_component id="oc-14d">
         <name>.debug_info</name>
         <load_address>0xa33a</load_address>
         <run_address>0xa33a</run_address>
         <size>0x606</size>
         <input_file_ref idref="fl-c"/>
      </object_component>
      <object_component id="oc-92">
         <name>.debug_info</name>
         <load_address>0xa940</load_address>
         <run_address>0xa940</run_address>
         <size>0x2e0</size>
         <input_file_ref idref="fl-c"/>
      </object_component>
      <object_component id="oc-155">
         <name>.debug_info</name>
         <load_address>0xac20</load_address>
         <run_address>0xac20</run_address>
         <size>0xe5</size>
         <input_file_ref idref="fl-c"/>
      </object_component>
      <object_component id="oc-177">
         <name>.debug_info</name>
         <load_address>0xad05</load_address>
         <run_address>0xad05</run_address>
         <size>0xe5</size>
         <input_file_ref idref="fl-c"/>
      </object_component>
      <object_component id="oc-17a">
         <name>.debug_info</name>
         <load_address>0xadea</load_address>
         <run_address>0xadea</run_address>
         <size>0xe5</size>
         <input_file_ref idref="fl-c"/>
      </object_component>
      <object_component id="oc-15b">
         <name>.debug_info</name>
         <load_address>0xaecf</load_address>
         <run_address>0xaecf</run_address>
[...]
         <name>minit</name>
         <value>0x3fa5</value>
         <object_component_ref idref="oc-21c"/>
      </symbol>
      <symbol id="sm-82c">
         <name>__aeabi_memset</name>
         <value>0x6b69</value>
         <object_component_ref idref="oc-5e"/>
      </symbol>
      <symbol id="sm-82d">
         <name>memset</name>
         <value>0x6b6f</value>
         <object_component_ref idref="oc-5e"/>
      </symbol>
      <symbol id="sm-82e">
         <name>__aeabi_memset8</name>
         <value>0x6b69</value>
         <object_component_ref idref="oc-5e"/>
      </symbol>
      <symbol id="sm-82f">
         <name>__aeabi_memset4</name>
         <value>0x6b69</value>
         <object_component_ref idref="oc-5e"/>
      </symbol>
      <symbol id="sm-830">
         <name>__aeabi_memclr8</name>
         <value>0x6b67</value>
         <object_component_ref idref="oc-5e"/>
      </symbol>
      <symbol id="sm-831">
         <name>__aeabi_memclr4</name>
         <value>0x6b67</value>
         <object_component_ref idref="oc-5e"/>
      </symbol>
      <symbol id="sm-832">
         <name>__aeabi_memclr</name>
         <value>0x6b67</value>
         <object_component_ref idref="oc-5e"/>
      </symbol>
      <symbol id="sm-83c">
         <name>__mpu_init</name>
         <value>0x11f3</value>
         <object_component_ref idref="oc-6a"/>
      </symbol>
      <symbol id="sm-846">
         <name>_system_pre_init</name>
         <value>0x793f</value>
         <object_component_ref idref="oc-70"/>
      </symbol>
      <symbol id="sm-85f">
         <name>printf</name>
         <value>0x6c59</value>
         <object_component_ref idref="oc-2f6"/>
      </symbol>
      <symbol id="sm-873">
         <name>sprintf</name>
         <value>0x7055</value>
         <object_component_ref idref="oc-ec"/>
      </symbol>
      <symbol id="sm-87b">
         <name>main_func_sp</name>
         <value>0x20003e3c</value>
         <object_component_ref idref="oc-88"/>
      </symbol>
      <symbol id="sm-88b">
         <name>strchr</name>
         <value>0x7751</value>
         <object_component_ref idref="oc-254"/>
      </symbol>
      <symbol id="sm-89a">
         <name>strcmp</name>
         <value>0x7739</value>
         <object_component_ref idref="oc-4da"/>
      </symbol>
      <symbol id="sm-8a8">
         <name>strcpy</name>
         <value>0x7767</value>
         <object_component_ref idref="oc-a5"/>
      </symbol>
      <symbol id="sm-8b8">
         <name>strncpy</name>
         <value>0x7539</value>
         <object_component_ref idref="oc-169"/>
      </symbol>
      <symbol id="sm-8cb">
         <name>strstr</name>
         <value>0x756f</value>
         <object_component_ref idref="oc-295"/>
      </symbol>
      <symbol id="sm-908">
         <name>strtold</name>
         <value>0x4d59</value>
         <object_component_ref idref="oc-3b1"/>
      </symbol>
      <symbol id="sm-909">
         <name>strtod</name>
         <value>0x4d59</value>
         <object_component_ref idref="oc-3b1"/>
      </symbol>
      <symbol id="sm-930">
         <name>HOSTgetenv</name>
         <value>0x498d</value>
         <object_component_ref idref="oc-51a"/>
      </symbol>
      <symbol id="sm-931">
         <name>HOSTrename</name>
         <value>0x4835</value>
         <object_component_ref idref="oc-51a"/>
      </symbol>
      <symbol id="sm-932">
         <name>HOSTclose</name>
         <value>0x49cb</value>
         <object_component_ref idref="oc-51a"/>
      </symbol>
      <symbol id="sm-933">
         <name>HOSTtime64</name>
         <value>0x47ad</value>
         <object_component_ref idref="oc-51a"/>
      </symbol>
      <symbol id="sm-934">
         <name>HOSTunlink</name>
         <value>0x4775</value>
         <object_component_ref idref="oc-51a"/>
      </symbol>
      <symbol id="sm-935">
         <name>HOSTlseek</name>
         <value>0x4931</value>
         <object_component_ref idref="oc-51a"/>
      </symbol>
      <symbol id="sm-936">
         <name>HOSTopen</name>
         <value>0x48df</value>
         <object_component_ref idref="oc-51a"/>
      </symbol>
      <symbol id="sm-937">
         <name>HOSTclock</name>
         <value>0x4a03</value>
         <object_component_ref idref="oc-51a"/>
      </symbol>
      <symbol id="sm-938">
         <name>HOSTwrite</name>
         <value>0x4729</value>
         <object_component_ref idref="oc-51a"/>
      </symbol>
      <symbol id="sm-939">
         <name>HOSTread</name>
         <value>0x4893</value>
         <object_component_ref idref="oc-51a"/>
      </symbol>
      <symbol id="sm-93a">
         <name>HOSTtime</name>
         <value>0x47fb</value>
         <object_component_ref idref="oc-51a"/>
      </symbol>
      <symbol id="sm-955">
         <name>__TI_readmsg</name>
         <value>0x6dcf</value>
         <object_component_ref idref="oc-53e"/>
      </symbol>
      <symbol id="sm-956">
         <name>C$$IO$$</name>
         <value>0x6dcb</value>
         <object_component_ref idref="oc-53e"/>
      </symbol>
      <symbol id="sm-957">
         <name>__CIOBUF_</name>
         <value>0x20002800</value>
         <object_component_ref idref="oc-55b"/>
      </symbol>
      <symbol id="sm-958">
         <name>__TI_writemsg</name>
         <value>0x6d9d</value>
         <object_component_ref idref="oc-53e"/>
      </symbol>
      <symbol id="sm-962">
         <name>__aeabi_ui2d</name>
         <value>0x76c9</value>
         <object_component_ref idref="oc-28a"/>
      </symbol>
      <symbol id="sm-97b">
         <name>_nop</name>
         <value>0x779f</value>
         <object_component_ref idref="oc-324"/>
      </symbol>
      <symbol id="sm-97c">
         <name>_lock</name>
         <value>0x20003e20</value>
         <object_component_ref idref="oc-137"/>
      </symbol>
      <symbol id="sm-97d">
         <name>_unlock</name>
         <value>0x20003e24</value>
         <object_component_ref idref="oc-137"/>
      </symbol>
      <symbol id="sm-97e">
         <name>_register_lock</name>
         <value>0x7797</value>
         <object_component_ref idref="oc-324"/>
      </symbol>
      <symbol id="sm-97f">
         <name>_register_unlock</name>
         <value>0x7791</value>
         <object_component_ref idref="oc-324"/>
      </symbol>
      <symbol id="sm-a80">
         <name>__TI_printfi</name>
         <value>0x91d</value>
         <object_component_ref idref="oc-2b2"/>
      </symbol>
      <symbol id="sm-a94">
         <name>_args_main</name>
         <value>0x7721</value>
         <object_component_ref idref="oc-7c"/>
      </symbol>
      <symbol id="sm-ab9">
         <name>__TI_auto_init</name>
         <value>0x6be1</value>
         <object_component_ref idref="oc-76"/>
      </symbol>
      <symbol id="sm-ad3">
         <name>copy_in</name>
         <value>0x72ad</value>
         <object_component_ref idref="oc-124"/>
      </symbol>
      <symbol id="sm-adb">
         <name>errno</name>
         <value>0x20003e34</value>
         <object_component_ref idref="oc-48b"/>
      </symbol>
      <symbol id="sm-af2">
         <name>__aeabi_dsub</name>
         <value>0x5905</value>
         <object_component_ref idref="oc-3f5"/>
      </symbol>
      <symbol id="sm-af3">
         <name>__aeabi_dadd</name>
         <value>0x590f</value>
         <object_component_ref idref="oc-3f5"/>
      </symbol>
      <symbol id="sm-b15">
         <name>__aeabi_cdcmpeq</name>
         <value>0x69e1</value>
         <object_component_ref idref="oc-3e0"/>
      </symbol>
      <symbol id="sm-b16">
         <name>__aeabi_cdcmple</name>
         <value>0x69e1</value>
         <object_component_ref idref="oc-3e0"/>
      </symbol>
      <symbol id="sm-b17">
         <name>__aeabi_cdrcmple</name>
         <value>0x6a67</value>
         <object_component_ref idref="oc-3e5"/>
      </symbol>
      <symbol id="sm-b21">
         <name>__aeabi_d2iz</name>
         <value>0x72f9</value>
         <object_component_ref idref="oc-3ea"/>
      </symbol>
      <symbol id="sm-b38">
         <name>putc</name>
         <value>0x682d</value>
         <object_component_ref idref="oc-436"/>
      </symbol>
      <symbol id="sm-b39">
         <name>fputc</name>
         <value>0x682d</value>
         <object_component_ref idref="oc-436"/>
      </symbol>
      <symbol id="sm-b3a">
         <name>putchar</name>
         <value>0x68b1</value>
         <object_component_ref idref="oc-436"/>
      </symbol>
      <symbol id="sm-b5c">
         <name>puts</name>
         <value>0x5e43</value>
         <object_component_ref idref="oc-43c"/>
      </symbol>
      <symbol id="sm-b5d">
         <name>fputs</name>
         <value>0x5d39</value>
         <object_component_ref idref="oc-43c"/>
      </symbol>
      <symbol id="sm-b6c">
         <name>ltoa</name>
         <value>0x7169</value>
         <object_component_ref idref="oc-3ef"/>
      </symbol>
      <symbol id="sm-b7c">
         <name>memccpy</name>
         <value>0x7705</value>
         <object_component_ref idref="oc-406"/>
      </symbol>
      <symbol id="sm-b8c">
         <name>memchr</name>
         <value>0x76a9</value>
         <object_component_ref idref="oc-4cb"/>
      </symbol>
      <symbol id="sm-ba7">
         <name>frexpl</name>
         <value>0x70b5</value>
         <object_component_ref idref="oc-3fa"/>
      </symbol>
      <symbol id="sm-ba8">
         <name>frexp</name>
         <value>0x70b5</value>
         <object_component_ref idref="oc-3fa"/>
      </symbol>
      <symbol id="sm-bc6">
         <name>scalbn</name>
         <value>0x6351</value>
         <object_component_ref idref="oc-400"/>
      </symbol>
      <symbol id="sm-bc7">
         <name>scalbnl</name>
         <value>0x6351</value>
         <object_component_ref idref="oc-400"/>
      </symbol>
      <symbol id="sm-bc8">
         <name>ldexpl</name>
         <value>0x6351</value>
         <object_component_ref idref="oc-400"/>
      </symbol>
      <symbol id="sm-bc9">
         <name>ldexp</name>
         <value>0x6351</value>
         <object_component_ref idref="oc-400"/>
      </symbol>
      <symbol id="sm-bd3">
         <name>_system_post_cinit</name>
         <value>0x34b3</value>
         <object_component_ref idref="oc-12a"/>
      </symbol>
      <symbol id="sm-be1">
         <name>strlen</name>
         <value>0x77a5</value>
         <object_component_ref idref="oc-3da"/>
      </symbol>
      <symbol id="sm-bfd">
         <name>__aeabi_uldivmod</name>
         <value>0x51b9</value>
         <object_component_ref idref="oc-3d5"/>
      </symbol>
      <symbol id="sm-c1b">
         <name>__TI_wrt_ok</name>
         <value>0x65b1</value>
         <object_component_ref idref="oc-4c3"/>
      </symbol>
      <symbol id="sm-c1c">
         <name>__TI_rd_ok</name>
         <value>0x6613</value>
         <object_component_ref idref="oc-4c3"/>
      </symbol>
      <symbol id="sm-c2e">
         <name>fseek</name>
         <value>0x6ed1</value>
         <object_component_ref idref="oc-504"/>
      </symbol>
      <symbol id="sm-c38">
         <name>copysign</name>
         <value>0x7911</value>
         <object_component_ref idref="oc-4b0"/>
      </symbol>
      <symbol id="sm-c39">
         <name>copysignl</name>
         <value>0x7911</value>
         <object_component_ref idref="oc-4b0"/>
      </symbol>
      <symbol id="sm-c55">
         <name>setvbuf</name>
         <value>0x6275</value>
         <object_component_ref idref="oc-50a"/>
      </symbol>
      <symbol id="sm-c87">
         <name>__TI_cleanup</name>
         <value>0x564d</value>
         <object_component_ref idref="oc-52b"/>
      </symbol>
      <symbol id="sm-c88">
         <name>freopen</name>
         <value>0x5679</value>
         <object_component_ref idref="oc-52b"/>
      </symbol>
      <symbol id="sm-c89">
         <name>fopen</name>
         <value>0x56a3</value>
         <object_component_ref idref="oc-52b"/>
      </symbol>
      <symbol id="sm-c9f">
         <name>__TI_closefile</name>
         <value>0x6795</value>
         <object_component_ref idref="oc-550"/>
      </symbol>
      <symbol id="sm-ca0">
         <name>fclose</name>
         <value>0x67fb</value>
         <object_component_ref idref="oc-550"/>
      </symbol>
      <symbol id="sm-cf8">
         <name>UARTConfigSetExpClk</name>
         <value>0x740d</value>
         <object_component_ref idref="oc-1fc"/>
      </symbol>
      <symbol id="sm-cf9">
         <name>UARTDisable</name>
         <value>0x76e9</value>
         <object_component_ref idref="oc-392"/>
      </symbol>
      <symbol id="sm-cfa">
         <name>UARTIntEnable</name>
         <value>0x7909</value>
         <object_component_ref idref="oc-200"/>
      </symbol>
      <symbol id="sm-cfb">
         <name>UARTCharsAvail</name>
         <value>0x7885</value>
         <object_component_ref idref="oc-bd"/>
      </symbol>
      <symbol id="sm-cfc">
         <name>UARTCharGetNonBlocking</name>
         <value>0x7825</value>
         <object_component_ref idref="oc-b9"/>
      </symbol>
      <symbol id="sm-cfd">
         <name>UARTCharPut</name>
         <value>0x78db</value>
         <object_component_ref idref="oc-1f0"/>
      </symbol>
      <symbol id="sm-cfe">
         <name>UARTEnable</name>
         <value>0x777d</value>
         <object_component_ref idref="oc-208"/>
      </symbol>
      <symbol id="sm-cff">
         <name>UARTFIFOEnable</name>
         <value>0x78e5</value>
         <object_component_ref idref="oc-204"/>
      </symbol>
      <symbol id="sm-d00">
         <name>UARTIntClear</name>
         <value>0x793b</value>
         <object_component_ref idref="oc-b5"/>
      </symbol>
      <symbol id="sm-d01">
         <name>UARTIntStatus</name>
         <value>0x78ef</value>
         <object_component_ref idref="oc-b1"/>
      </symbol>
      <symbol id="sm-d28">
         <name>TimerLoadSet</name>
         <value>0x7813</value>
         <object_component_ref idref="oc-210"/>
      </symbol>
      <symbol id="sm-d29">
         <name>TimerEnable</name>
         <value>0x7843</value>
         <object_component_ref idref="oc-218"/>
      </symbol>
      <symbol id="sm-d2a">
         <name>TimerIntEnable</name>
         <value>0x7901</value>
         <object_component_ref idref="oc-214"/>
      </symbol>
      <symbol id="sm-d2b">
         <name>TimerConfigure</name>
         <value>0x7661</value>
         <object_component_ref idref="oc-20c"/>
      </symbol>
      <symbol id="sm-d2c">
         <name>TimerIntClear</name>
         <value>0x7937</value>
         <object_component_ref idref="oc-c5"/>
      </symbol>
      <symbol id="sm-d36">
         <name>SysTickValueGet</name>
         <value>0x7879</value>
         <object_component_ref idref="oc-22a"/>
      </symbol>
      <symbol id="sm-dc0">
         <name>SysCtlClockSet</name>
         <value>0x5abd</value>
         <object_component_ref idref="oc-1c0"/>
      </symbol>
      <symbol id="sm-dc1">
         <name>SysCtlDelay</name>
         <value>0x792b</value>
         <object_component_ref idref="oc-378"/>
      </symbol>
      <symbol id="sm-dc2">
         <name>SysCtlPeripheralEnable</name>
         <value>0x7111</value>
         <object_component_ref idref="oc-1c4"/>
      </symbol>
      <symbol id="sm-dc3">
         <name>SysCtlClockGet</name>
         <value>0x53ad</value>
         <object_component_ref idref="oc-1f8"/>
      </symbol>
      <symbol id="sm-dc4">
         <name>SysCtlPeripheralReset</name>
         <value>0x6959</value>
         <object_component_ref idref="oc-1bc"/>
      </symbol>
      <symbol id="sm-df8">
         <name>SSIDataPut</name>
         <value>0x78bd</value>
         <object_component_ref idref="oc-2c7"/>
      </symbol>
      <symbol id="sm-df9">
         <name>SSIDataGetNonBlocking</name>
         <value>0x7801</value>
         <object_component_ref idref="oc-2de"/>
      </symbol>
      <symbol id="sm-dfa">
         <name>SSIConfigSetExpClk</name>
         <value>0x7385</value>
         <object_component_ref idref="oc-2d2"/>
      </symbol>
      <symbol id="sm-dfb">
         <name>SSIEnable</name>
         <value>0x78d1</value>
         <object_component_ref idref="oc-2da"/>
      </symbol>
      <symbol id="sm-dfc">
         <name>SSIBusy</name>
         <value>0x78f9</value>
         <object_component_ref idref="oc-2bf"/>
      </symbol>
      <symbol id="sm-dfd">
         <name>SSIDisable</name>
         <value>0x78c7</value>
         <object_component_ref idref="oc-2ce"/>
      </symbol>
      <symbol id="sm-e25">
         <name>IntEnable</name>
         <value>0x6e6d</value>
         <object_component_ref idref="oc-1d8"/>
      </symbol>
      <symbol id="sm-e26">
         <name>IntMasterEnable</name>
         <value>0x78b3</value>
         <object_component_ref idref="oc-d5"/>
      </symbol>
      <symbol id="sm-e89">
         <name>GPIOPinIntClear</name>
         <value>0x7919</value>
         <object_component_ref idref="oc-c1"/>
      </symbol>
      <symbol id="sm-e8a">
         <name>GPIOIntTypeSet</name>
         <value>0x7341</value>
         <object_component_ref idref="oc-1d0"/>
      </symbol>
      <symbol id="sm-e8b">
         <name>GPIOPinTypeADC</name>
         <value>0x77b9</value>
         <object_component_ref idref="oc-1dc"/>
      </symbol>
      <symbol id="sm-e8c">
         <name>GPIOPinIntEnable</name>
         <value>0x786b</value>
         <object_component_ref idref="oc-1d4"/>
      </symbol>
      <symbol id="sm-e8d">
         <name>GPIOPinTypeUART</name>
         <value>0x77ef</value>
         <object_component_ref idref="oc-1f4"/>
      </symbol>
      <symbol id="sm-e8e">
         <name>GPIOPinTypeGPIOOutput</name>
         <value>0x77cb</value>
         <object_component_ref idref="oc-1cc"/>
      </symbol>
      <symbol id="sm-e8f">
         <name>GPIOPinRead</name>
         <value>0x791f</value>
         <object_component_ref idref="oc-e7"/>
      </symbol>
      <symbol id="sm-e90">
         <name>GPIODirModeSet</name>
         <value>0x75d9</value>
         <object_component_ref idref="oc-37c"/>
      </symbol>
      <symbol id="sm-e91">
         <name>GPIOPinWrite</name>
         <value>0x7925</value>
         <object_component_ref idref="oc-2c3"/>
      </symbol>
      <symbol id="sm-e92">
         <name>GPIOPadConfigSet</name>
         <value>0x6421</value>
         <object_component_ref idref="oc-1c8"/>
      </symbol>
      <symbol id="sm-e93">
         <name>GPIOPinTypeSSI</name>
         <value>0x77dd</value>
         <object_component_ref idref="oc-2d6"/>
      </symbol>
      <symbol id="sm-e9b">
         <name>CPUcpsie</name>
         <value>0x785f</value>
         <object_component_ref idref="oc-225"/>
      </symbol>
      <symbol id="sm-eba">
         <name>ADCSequenceEnable</name>
         <value>0x7835</value>
         <object_component_ref idref="oc-1e8"/>
      </symbol>
      <symbol id="sm-ebb">
         <name>ADCSequenceConfigure</name>
         <value>0x7635</value>
         <object_component_ref idref="oc-1e0"/>
      </symbol>
      <symbol id="sm-ebc">
         <name>ADCSequenceStepConfigure</name>
         <value>0x6d2f</value>
         <object_component_ref idref="oc-1e4"/>
      </symbol>
      <symbol id="sm-ebd">
         <name>ADCIntClear</name>
         <value>0x78a9</value>
         <object_component_ref idref="oc-1ec"/>
      </symbol>
      <symbol id="sm-ebe">
         <name>__TI_static_base__</name>
         <value>0x0</value>
      </symbol>
      <symbol id="sm-ec1">
         <name>SHT$$INIT_ARRAY$$Limit</name>
         <value>0x0</value>
      </symbol>
      <symbol id="sm-ec2">
         <name>SHT$$INIT_ARRAY$$Base</name>
         <value>0x0</value>
      </symbol>
      <symbol id="sm-ec3">
         <name>remove</name>
         <value>0x4add</value>
      </symbol>
   </symbol_table>
   <title>Link successful</title>
</link_info>
