******************************************************************************
                  TI ARM Linker PC v16.6.0                     
******************************************************************************
>> Linked Wed Aug 03 11:27:33 2016

OUTPUT FILE NAME:   <RTOStest1.out>
ENTRY POINT SYMBOL: "_c_int00"  address: 00004bf1


MEMORY CONFIGURATION

         name            origin    length      used     unused   attr    fill
----------------------  --------  ---------  --------  --------  ----  --------
  FLASH                 00000000   00040000  0000530e  0003acf2  R  X
  SRAM                  20000000   00010000  00003d28  0000c2d8  RW X


SEGMENT ALLOCATION MAP

run origin  load origin   length   init length attrs members
----------  ----------- ---------- ----------- ----- -------
00000000    00000000    00005310   00005310    r-x
  00000000    00000000    000000f0   000000f0    r-- .intvecs
  000000f0    000000f0    00004d4e   00004d4e    r-x .text
  00004e40    00004e40    00000428   00000428    r-- .const
  00005268    00005268    000000a8   000000a8    r-- .cinit
20000000    20000000    00003d28   00000000    rw-
  20000000    20000000    00002ae8   00000000    rw- .bss
  20002ae8    20002ae8    00000800   00000000    rw- .stack
  200032e8    200032e8    00000800   00000000    rw- .sysmem
  20003ae8    20003ae8    00000240   00000000    rw- .data


SECTION ALLOCATION MAP

 output                                  attributes/
section   page    origin      length       input sections
--------  ----  ----------  ----------   ----------------
.intvecs   0    00000000    000000f0     
                  00000000    000000f0     startup_ccs.obj (.intvecs)

.text      0    000000f0    00004d4e     
                  000000f0    00001102     rtsv7M3_T_le_eabi.lib : _printfi.obj (.text)
                  000011f2    00000002                           : mpu_init.obj (.text)
                  000011f4    00000c74     tasks.obj (.text)
                  00001e68    00000510     rit128x96x4.obj (.text)
                  00002378    000003cc     rtsv7M3_T_le_eabi.lib : memory.obj (.text)
                  00002744    00000324                           : trgdrv.obj (.text)
                  00002a68    0000030c                           : lowlev.obj (.text)
                  00002d74    000001f4                           : ull_div_t2.obj (.text)
                  00002f68    000001d8     driverlib-cm3.lib : sysctl.obj (.text:SysCtlClockGet)
                  00003140    000001c4     rtsv7M3_T_le_eabi.lib : fopen.obj (.text)
                  00003304    000001bc     heap_2.obj (.text)
                  000034c0    000001b6     rtsv7M3_T_le_eabi.lib : fd_add_t2.obj (.text)
                  00003676    00000002                           : startup.obj (.text)
                  00003678    00000188     main.obj (.text)
                  00003800    00000144     driverlib-cm3.lib : sysctl.obj (.text:SysCtlClockSet)
                  00003944    00000136     rtsv7M3_T_le_eabi.lib : fd_div_t2.obj (.text)
                  00003a7a    00000002     --HOLE-- [fill = 0]
                  00003a7c    00000134                           : fputs.obj (.text)
                  00003bb0    0000012e     list.obj (.text)
                  00003cde    000000fc     rtsv7M3_T_le_eabi.lib : fd_mul_t2.obj (.text)
                  00003dda    00000002     --HOLE-- [fill = 0]
                  00003ddc    000000e4     port.obj (.text)
                  00003ec0    000000dc     rtsv7M3_T_le_eabi.lib : setvbuf.obj (.text)
                  00003f9c    000000d0                           : s_scalbn.obj (.text)
                  0000406c    000000c8     driverlib-cm3.lib : gpio.obj (.text:GPIOPadConfigSet)
                  00004134    000000c8     rtsv7M3_T_le_eabi.lib : fflush.obj (.text)
                  000041fc    000000ac                           : _io_perm.obj (.text)
                  000042a8    0000009c     portasm.obj (.text)
                  00004344    0000009c     rtsv7M3_T_le_eabi.lib : memcpy_t2.obj (.text)
                  000043e0    00000098                           : fclose.obj (.text)
                  00004478    00000098                           : fputc.obj (.text)
                  00004510    00000086                           : fd_cmp_t2.obj (.text:__aeabi_cdcmple)
                  00004596    00000086                           : fd_cmp_t2.obj (.text:__aeabi_cdrcmple)
                  0000461c    0000007a                           : memset_t2.obj (.text)
                  00004696    00000002     --HOLE-- [fill = 0]
                  00004698    00000070                           : autoinit.obj (.text)
                  00004708    00000070                           : printf.obj (.text)
                  00004778    00000068                           : trgmsg.obj (.text)
                  000047e0    00000066                           : copy_decompress_lzss.obj (.text:decompress:lzss)
                  00004846    00000002     --HOLE-- [fill = 0]
                  00004848    00000064                           : fseek.obj (.text)
                  000048ac    00000060     basic_io.obj (.text)
                  0000490c    00000060     rtsv7M3_T_le_eabi.lib : sprintf.obj (.text)
                  0000496c    0000005c                           : s_frexp.obj (.text)
                  000049c8    00000058     driverlib-cm3.lib : sysctl.obj (.text:SysCtlPeripheralEnable)
                  00004a20    00000056     rtsv7M3_T_le_eabi.lib : ltoa.obj (.text)
                  00004a76    00000002     --HOLE-- [fill = 0]
                  00004a78    00000054                           : exit.obj (.text)
                  00004acc    0000004c                           : atoi.obj (.text)
                  00004b18    0000004c                           : cpy_tbl.obj (.text)
                  00004b64    00000048                           : fd_toi_t2.obj (.text)
                  00004bac    00000044     driverlib-cm3.lib : ssi.obj (.text:SSIConfigSetExpClk)
                  00004bf0    00000040     rtsv7M3_T_le_eabi.lib : boot.obj (.text)
                  00004c30    00000036                           : strncpy.obj (.text)
                  00004c66    0000002e     driverlib-cm3.lib : gpio.obj (.text:GPIODirModeSet)
                  00004c94    0000002e     rtsv7M3_T_le_eabi.lib : i_tofd_t2.obj (.text)
                  00004cc2    00000024                           : memcmp.obj (.text)
                  00004ce6    00000020                           : memchr.obj (.text)
                  00004d06    0000001a                           : memccpy.obj (.text)
                  00004d20    00000018                           : args_main.obj (.text)
                  00004d38    00000018                           : strcmp.obj (.text)
                  00004d50    00000016                           : strchr.obj (.text)
                  00004d66    00000016                           : strcpy.obj (.text)
                  00004d7c    00000014                           : _lock.obj (.text)
                  00004d90    00000014                           : strlen.obj (.text)
                  00004da4    00000012     driverlib-cm3.lib : gpio.obj (.text:GPIOPinTypeGPIOOutput)
                  00004db6    00000012                       : gpio.obj (.text:GPIOPinTypeSSI)
                  00004dc8    00000012                       : ssi.obj (.text:SSIDataGetNonBlocking)
                  00004dda    0000000e     rtsv7M3_T_le_eabi.lib : copy_decompress_none.obj (.text:decompress:none)
                  00004de8    0000000c                           : copy_zero_init.obj (.text:decompress:ZI)
                  00004df4    0000000c     startup_ccs.obj (.text)
                  00004e00    0000000a     driverlib-cm3.lib : ssi.obj (.text:SSIDataPut)
                  00004e0a    0000000a                       : ssi.obj (.text:SSIDisable)
                  00004e14    0000000a                       : ssi.obj (.text:SSIEnable)
                  00004e1e    00000008                       : ssi.obj (.text:SSIBusy)
                  00004e26    00000008     rtsv7M3_T_le_eabi.lib : s_copysign.obj (.text)
                  00004e2e    00000006     driverlib-cm3.lib : gpio.obj (.text:GPIOPinWrite)
                  00004e34    00000006                       : sysctl.obj (.text:SysCtlDelay)
                  00004e3a    00000004     rtsv7M3_T_le_eabi.lib : pre_init.obj (.text)

.const     0    00004e40    00000428     
                  00004e40    000001e0     rit128x96x4.obj (.const:g_pucFont)
                  00005020    00000101     rtsv7M3_T_le_eabi.lib : ctype.obj (.const:.string:_ctypes_)
                  00005121    00000003     rit128x96x4.obj (.const:.string:pucCommand1$1)
                  00005124    0000006c     driverlib-cm3.lib : sysctl.obj (.const:g_pulXtals)
                  00005190    0000004f     rit128x96x4.obj (.const:.string:g_pucRIT128x96x4Init)
                  000051df    00000001     --HOLE-- [fill = 0]
                  000051e0    00000040     driverlib-cm3.lib : sysctl.obj (.const)
                  00005220    00000028     main.obj (.const:.string)
                  00005248    00000014     tasks.obj (.const:.string:ucExpectedStackBytes$1)
                  0000525c    00000003     rit128x96x4.obj (.const:.string:pucCommand2$2)
                  0000525f    00000002     rit128x96x4.obj (.const:.string:g_pucRIT128x96x4HorizontalInc)
                  00005261    00000002     rit128x96x4.obj (.const:.string:g_pucRIT128x96x4VerticalInc)
                  00005263    00000002     rit128x96x4.obj (.const:.string:pucCommand1$3)
                  00005265    00000001     --HOLE-- [fill = 0]
                  00005266    00000002     heap_2.obj (.const)

.cinit     0    00005268    000000a8     
                  00005268    0000007e     (.cinit..data.load) [load image, compression = lzss]
                  000052e6    00000002     --HOLE-- [fill = 0]
                  000052e8    0000000c     (__TI_handler_table)
                  000052f4    00000004     --HOLE-- [fill = 0]
                  000052f8    00000008     (.cinit..bss.load) [load image, compression = zero_init]
                  00005300    00000010     (__TI_cinit_table)

.bss       0    20000000    00002ae8     UNINITIALIZED
                  20000000    00002800     heap_2.obj (.bss:xHeap)
                  20002800    00000120     rtsv7M3_T_le_eabi.lib : trgmsg.obj (.bss:_CIOBUF_)
                  20002920    000000a0     (.common:__TI_tmpnams)
                  200029c0    00000064     tasks.obj (.bss:pxReadyTasksLists)
                  20002a24    00000034     basic_io.obj (.bss:cBuffer)
                  20002a58    00000014     tasks.obj (.bss:xDelayedTaskList1)
                  20002a6c    00000014     tasks.obj (.bss:xDelayedTaskList2)
                  20002a80    00000014     tasks.obj (.bss:xPendingReadyList)
                  20002a94    00000014     tasks.obj (.bss:xSuspendedTaskList)
                  20002aa8    00000014     tasks.obj (.bss:xTasksWaitingTermination)
                  20002abc    00000008     rit128x96x4.obj (.bss:g_pucBuffer)
                  20002ac4    00000008     rtsv7M3_T_le_eabi.lib : trgdrv.obj (.bss:parmbuf)
                  20002acc    00000008     tasks.obj (.bss)
                  20002ad4    00000008     heap_2.obj (.bss:xEnd)
                  20002adc    00000008     heap_2.obj (.bss:xStart)
                  20002ae4    00000004     rit128x96x4.obj (.bss)

.stack     0    20002ae8    00000800     UNINITIALIZED
                  20002ae8    00000800     --HOLE--

.sysmem    0    200032e8    00000800     UNINITIALIZED
                  200032e8    00000008     rtsv7M3_T_le_eabi.lib : memory.obj (.sysmem)
                  200032f0    000007f8     --HOLE--

.data      0    20003ae8    00000240     UNINITIALIZED
                  20003ae8    000000f0     rtsv7M3_T_le_eabi.lib : defs.obj (.data:_ftable)
                  20003bd8    000000d0                           : lowlev.obj (.data:$O1$$)
                  20003ca8    00000030     tasks.obj (.data)
                  20003cd8    00000010     rtsv7M3_T_le_eabi.lib : defs.obj (.data)
                  20003ce8    0000000c                           : exit.obj (.data:$O1$$)
                  20003cf4    0000000c                           : memory.obj (.data:$O1$$)
                  20003d00    00000008                           : _lock.obj (.data:$O1$$)
                  20003d08    00000008     heap_2.obj (.data)
                  20003d10    00000008     main.obj (.data)
                  20003d18    00000004     port.obj (.data)
                  20003d1c    00000004     rtsv7M3_T_le_eabi.lib : errno.obj (.data)
                  20003d20    00000004                           : fopen.obj (.data)
                  20003d24    00000004                           : stkdepth_vars.obj (.data)

MODULE SUMMARY

       Module                     code    ro data   rw data
       ------                     ----    -------   -------
    .\
       tasks.obj                  3188    20        256    
       rit128x96x4.obj            1296    571       12     
       main.obj                   392     40        8      
       list.obj                   302     0         0      
       startup_ccs.obj            12      240       0      
    +--+--------------------------+-------+---------+---------+
       Total:                     5190    871       276    
                                                           
    .\demo_code\
       basic_io.obj               96      0         52     
    +--+--------------------------+-------+---------+---------+
       Total:                     96      0         52     
                                                           
    .\portable\
       heap_2.obj                 444     2         10264  
       port.obj                   228     0         4      
       portasm.obj                156     0         0      
    +--+--------------------------+-------+---------+---------+
       Total:                     828     2         10268  
                                                           
    C:/ti/StellarisWare/driverlib/ccs-cm3/Debug/driverlib-cm3.lib
       sysctl.obj                 890     172       0      
       gpio.obj                   288     0         0      
       ssi.obj                    124     0         0      
    +--+--------------------------+-------+---------+---------+
       Total:                     1302    172       0      
                                                           
    C:\ti\ccsv6\tools\compiler\ti-cgt-arm_16.6.0.STS\lib\rtsv7M3_T_le_eabi.lib
       _printfi.obj               4354    0         0      
       lowlev.obj                 780     0         208    
       memory.obj                 972     0         12     
       trgdrv.obj                 804     0         8      
       ull_div_t2.obj             500     0         0      
       fopen.obj                  452     0         4      
       fd_add_t2.obj              438     0         0      
       defs.obj                   0       0         416    
       trgmsg.obj                 104     0         288    
       fd_div_t2.obj              310     0         0      
       fputs.obj                  308     0         0      
       fd_cmp_t2.obj              268     0         0      
       ctype.obj                  0       257       0      
       fd_mul_t2.obj              252     0         0      
       setvbuf.obj                220     0         0      
       s_scalbn.obj               208     0         0      
       fflush.obj                 200     0         0      
       _io_perm.obj               172     0         0      
       memcpy_t2.obj              156     0         0      
       fclose.obj                 152     0         0      
       fputc.obj                  152     0         0      
       memset_t2.obj              122     0         0      
       autoinit.obj               112     0         0      
       printf.obj                 112     0         0      
       copy_decompress_lzss.obj   102     0         0      
       fseek.obj                  100     0         0      
       exit.obj                   84      0         12     
       sprintf.obj                96      0         0      
       s_frexp.obj                92      0         0      
       ltoa.obj                   86      0         0      
       atoi.obj                   76      0         0      
       cpy_tbl.obj                76      0         0      
       fd_toi_t2.obj              72      0         0      
       boot.obj                   64      0         0      
       strncpy.obj                54      0         0      
       i_tofd_t2.obj              46      0         0      
       memcmp.obj                 36      0         0      
       memchr.obj                 32      0         0      
       _lock.obj                  20      0         8      
       memccpy.obj                26      0         0      
       args_main.obj              24      0         0      
       strcmp.obj                 24      0         0      
       strchr.obj                 22      0         0      
       strcpy.obj                 22      0         0      
       strlen.obj                 20      0         0      
       copy_decompress_none.obj   14      0         0      
       copy_zero_init.obj         12      0         0      
       s_copysign.obj             8       0         0      
       errno.obj                  0       0         4      
       pre_init.obj               4       0         0      
       stkdepth_vars.obj          0       0         4      
       mpu_init.obj               2       0         0      
       startup.obj                2       0         0      
    +--+--------------------------+-------+---------+---------+
       Total:                     12364   257       964    
                                                           
       Heap:                      0       0         2048   
       Stack:                     0       0         2048   
       Linker Generated:          0       162       0      
    +--+--------------------------+-------+---------+---------+
       Grand Total:               19780   1464      15656  


LINKER GENERATED COPY TABLES

__TI_cinit_table @ 00005300 records: 2, size/record: 8, table size: 16
	.data: load addr=00005268, load size=0000007e bytes, run addr=20003ae8, run size=00000240 bytes, compression=lzss
	.bss: load addr=000052f8, load size=00000008 bytes, run addr=20000000, run size=00002ae8 bytes, compression=zero_init


LINKER GENERATED HANDLER TABLE

__TI_handler_table @ 000052e8 records: 3, size/record: 4, table size: 12
	index: 0, handler: __TI_decompress_lzss
	index: 1, handler: __TI_decompress_none
	index: 2, handler: __TI_zero_init


GLOBAL SYMBOLS: SORTED ALPHABETICALLY BY Name 

address   name                           
-------   ----                           
00004a79  C$$EXIT                        
000047a7  C$$IO$$                        
00004c67  GPIODirModeSet                 
0000406d  GPIOPadConfigSet               
00004da5  GPIOPinTypeGPIOOutput          
00004db7  GPIOPinTypeSSI                 
00004e2f  GPIOPinWrite                   
00002a1f  HOSTclock                      
000029e7  HOSTclose                      
000029a9  HOSTgetenv                     
0000294d  HOSTlseek                      
000028fb  HOSTopen                       
000028af  HOSTread                       
00002851  HOSTrename                     
00002817  HOSTtime                       
000027c9  HOSTtime64                     
00002791  HOSTunlink                     
00002745  HOSTwrite                      
00001f71  RIT128x96x4Clear               
000021ef  RIT128x96x4Disable             
00002341  RIT128x96x4DisplayOff          
0000230d  RIT128x96x4DisplayOn           
00002195  RIT128x96x4Enable              
0000210d  RIT128x96x4ImageDraw           
00002269  RIT128x96x4Init                
00001fcd  RIT128x96x4StringDraw          
00004df5  ResetISR                       
UNDEFED   SHT$$INIT_ARRAY$$Base          
UNDEFED   SHT$$INIT_ARRAY$$Limit         
00004e1f  SSIBusy                        
00004bad  SSIConfigSetExpClk             
00004dc9  SSIDataGetNonBlocking          
00004e01  SSIDataPut                     
00004e0b  SSIDisable                     
00004e15  SSIEnable                      
00002f69  SysCtlClockGet                 
00003801  SysCtlClockSet                 
00004e35  SysCtlDelay                    
000049c9  SysCtlPeripheralEnable         
20002800  __CIOBUF_                      
200032e8  __STACK_END                    
00000800  __STACK_SIZE                   
20002be8  __STACK_TOP                    
00000800  __SYSMEM_SIZE                  
00005300  __TI_CINIT_Base                
00005310  __TI_CINIT_Limit               
000052e8  __TI_Handler_Table_Base        
000052f4  __TI_Handler_Table_Limit       
00004699  __TI_auto_init                 
00003209  __TI_cleanup                   
20003ce8  __TI_cleanup_ptr               
000043e1  __TI_closefile                 
000047e1  __TI_decompress_lzss           
00004ddb  __TI_decompress_none           
00004135  __TI_doflush                   
20003cec  __TI_dtors_ptr                 
20003cf0  __TI_enable_exit_profile_output
20003cd8  __TI_ft_end                    
ffffffff  __TI_pprof_out_hndl            
0000091d  __TI_printfi                   
ffffffff  __TI_prof_data_size            
ffffffff  __TI_prof_data_start           
0000425f  __TI_rd_ok                     
000047ab  __TI_readmsg                   
00000000  __TI_static_base__             
20002920  __TI_tmpnams                   
00004779  __TI_writemsg                  
000041fd  __TI_wrt_ok                    
00004de9  __TI_zero_init                 
00004511  __aeabi_cdcmpeq                
00004511  __aeabi_cdcmple                
00004597  __aeabi_cdrcmple               
00004b65  __aeabi_d2iz                   
000034cb  __aeabi_dadd                   
00003945  __aeabi_ddiv                   
00003cdf  __aeabi_dmul                   
000034c1  __aeabi_dsub                   
00004c95  __aeabi_i2d                    
0000461d  __aeabi_memclr                 
0000461d  __aeabi_memclr4                
0000461d  __aeabi_memclr8                
00004345  __aeabi_memcpy                 
00004345  __aeabi_memcpy4                
00004345  __aeabi_memcpy8                
0000461f  __aeabi_memset                 
0000461f  __aeabi_memset4                
0000461f  __aeabi_memset8                
20003ce4  __aeabi_stderr                 
20003cdc  __aeabi_stdin                  
20003ce0  __aeabi_stdout                 
00002d75  __aeabi_uldivmod               
ffffffff  __binit__                      
ffffffff  __c_args__                     
000011f3  __mpu_init                     
20002ae8  __stack                        
00004d21  _args_main                     
00004bf1  _c_int00                       
00005020  _ctypes_                       
20003ae8  _ftable                        
20003d00  _lock                          
00004d8b  _nop                           
00004d83  _register_lock                 
00004d7d  _register_unlock               
200032e8  _sys_memory                    
00003677  _system_post_cinit             
00004e3b  _system_pre_init               
20003d04  _unlock                        
00004a7d  abort                          
00002cc9  add_device                     
00004acd  atoi                           
ffffffff  binit                          
00002717  calloc                         
00002c79  close                          
00004b19  copy_in                        
00004e27  copysign                       
00004e27  copysignl                      
20003d1c  errno                          
00004a85  exit                           
00004447  fclose                         
00004181  fflush                         
0000325f  fopen                          
00004479  fputc                          
00003a7d  fputs                          
00002463  free                           
00003235  freopen                        
0000496d  frexp                          
0000496d  frexpl                         
00004849  fseek                          
00000000  g_pfnVectors                   
00003f9d  ldexp                          
00003f9d  ldexpl                         
00002c55  lseek                          
00004a21  ltoa                           
00003679  main                           
20003d24  main_func_sp                   
000023f9  malloc                         
0000262d  memalign                       
00004d07  memccpy                        
00004ce7  memchr                         
00004cc3  memcmp                         
00004345  memcpy                         
00004625  memset                         
00002379  minit                          
00002ba7  open                           
20003d10  pcTextForTask1                 
20003d14  pcTextForTask2                 
00004711  printf                         
00004479  putc                           
000044fd  putchar                        
00003b87  puts                           
00003305  pvPortMalloc                   
20003ca8  pxCurrentTCB                   
00003ddd  pxPortInitialiseStack          
00002b83  read                           
00002525  realloc                        
00002af9  remove                         
00002b5b  remove_device                  
00002b1d  rename                         
00003f9d  scalbn                         
00003f9d  scalbnl                        
00003ec1  setvbuf                        
0000490d  sprintf                        
00004d51  strchr                         
00004d39  strcmp                         
00004d67  strcpy                         
00004d91  strlen                         
00004c31  strncpy                        
00002af9  unlink                         
0000187d  uxTaskGetNumberOfTasks         
00001485  uxTaskPriorityGet              
000037b1  vApplicationIdleHook           
000037a5  vApplicationMallocFailedHook   
000037a7  vApplicationStackOverflowHook  
000037b3  vApplicationTickHook           
000036f1  vDisplayTask                   
00003bb1  vListInitialise                
00003be1  vListInitialiseItem            
00003c35  vListInsert                    
00003bf1  vListInsertEnd                 
00003c9b  vListRemove                    
000042f5  vPortClearInterruptMask        
00004333  vPortEnableVFP                 
00003e4d  vPortEndScheduler              
00003e59  vPortEnterCritical             
00003e69  vPortExitCritical              
00003437  vPortFree                      
0000349f  vPortInitialiseBlocks          
00004303  vPortSVCHandler                
000042e7  vPortSetInterruptMask          
00004321  vPortStartFirstTask            
00003e4f  vPortYieldFromISR              
000048ad  vPrintString                   
000048d1  vPrintStringAndNumber          
00001421  vTaskDelay                     
00001371  vTaskDelayUntil                
00001309  vTaskDelete                    
0000177d  vTaskEndScheduler              
000036c7  vTaskFunction                  
0000188d  vTaskIncrementTick             
00001b91  vTaskMissedYield               
000019f5  vTaskPlaceOnEventList          
00001dd9  vTaskPriorityDisinherit        
00001d4d  vTaskPriorityInherit           
000014c1  vTaskPrioritySet               
00001651  vTaskResume                    
00001af3  vTaskSetTimeOutState           
00001733  vTaskStartScheduler            
000015a9  vTaskSuspend                   
0000178f  vTaskSuspendAll                
00001935  vTaskSwitchContext             
00002a69  write                          
00003499  xPortGetFreeHeapSize           
000042ad  xPortPendSVHandler             
00003e25  xPortStartScheduler            
00003e7f  xPortSysTickHandler            
00001b19  xTaskCheckForTimeOut           
000011f5  xTaskGenericCreate             
00001d39  xTaskGetCurrentTaskHandle      
00001869  xTaskGetTickCount              
00001601  xTaskIsTaskSuspended           
00001a75  xTaskRemoveFromEventList       
00001799  xTaskResumeAll                 
000016c1  xTaskResumeFromISR             


GLOBAL SYMBOLS: SORTED BY Symbol Address 

address   name                           
-------   ----                           
00000000  __TI_static_base__             
00000000  g_pfnVectors                   
00000800  __STACK_SIZE                   
00000800  __SYSMEM_SIZE                  
0000091d  __TI_printfi                   
000011f3  __mpu_init                     
000011f5  xTaskGenericCreate             
00001309  vTaskDelete                    
00001371  vTaskDelayUntil                
00001421  vTaskDelay                     
00001485  uxTaskPriorityGet              
000014c1  vTaskPrioritySet               
000015a9  vTaskSuspend                   
00001601  xTaskIsTaskSuspended           
00001651  vTaskResume                    
000016c1  xTaskResumeFromISR             
00001733  vTaskStartScheduler            
0000177d  vTaskEndScheduler              
0000178f  vTaskSuspendAll                
00001799  xTaskResumeAll                 
00001869  xTaskGetTickCount              
0000187d  uxTaskGetNumberOfTasks         
0000188d  vTaskIncrementTick             
00001935  vTaskSwitchContext             
000019f5  vTaskPlaceOnEventList          
00001a75  xTaskRemoveFromEventList       
00001af3  vTaskSetTimeOutState           
00001b19  xTaskCheckForTimeOut           
00001b91  vTaskMissedYield               
00001d39  xTaskGetCurrentTaskHandle      
00001d4d  vTaskPriorityInherit           
00001dd9  vTaskPriorityDisinherit        
00001f71  RIT128x96x4Clear               
00001fcd  RIT128x96x4StringDraw          
0000210d  RIT128x96x4ImageDraw           
00002195  RIT128x96x4Enable              
000021ef  RIT128x96x4Disable             
00002269  RIT128x96x4Init                
0000230d  RIT128x96x4DisplayOn           
00002341  RIT128x96x4DisplayOff          
00002379  minit                          
000023f9  malloc                         
00002463  free                           
00002525  realloc                        
0000262d  memalign                       
00002717  calloc                         
00002745  HOSTwrite                      
00002791  HOSTunlink                     
000027c9  HOSTtime64                     
00002817  HOSTtime                       
00002851  HOSTrename                     
000028af  HOSTread                       
000028fb  HOSTopen                       
0000294d  HOSTlseek                      
000029a9  HOSTgetenv                     
000029e7  HOSTclose                      
00002a1f  HOSTclock                      
00002a69  write                          
00002af9  remove                         
00002af9  unlink                         
00002b1d  rename                         
00002b5b  remove_device                  
00002b83  read                           
00002ba7  open                           
00002c55  lseek                          
00002c79  close                          
00002cc9  add_device                     
00002d75  __aeabi_uldivmod               
00002f69  SysCtlClockGet                 
00003209  __TI_cleanup                   
00003235  freopen                        
0000325f  fopen                          
00003305  pvPortMalloc                   
00003437  vPortFree                      
00003499  xPortGetFreeHeapSize           
0000349f  vPortInitialiseBlocks          
000034c1  __aeabi_dsub                   
000034cb  __aeabi_dadd                   
00003677  _system_post_cinit             
00003679  main                           
000036c7  vTaskFunction                  
000036f1  vDisplayTask                   
000037a5  vApplicationMallocFailedHook   
000037a7  vApplicationStackOverflowHook  
000037b1  vApplicationIdleHook           
000037b3  vApplicationTickHook           
00003801  SysCtlClockSet                 
00003945  __aeabi_ddiv                   
00003a7d  fputs                          
00003b87  puts                           
00003bb1  vListInitialise                
00003be1  vListInitialiseItem            
00003bf1  vListInsertEnd                 
00003c35  vListInsert                    
00003c9b  vListRemove                    
00003cdf  __aeabi_dmul                   
00003ddd  pxPortInitialiseStack          
00003e25  xPortStartScheduler            
00003e4d  vPortEndScheduler              
00003e4f  vPortYieldFromISR              
00003e59  vPortEnterCritical             
00003e69  vPortExitCritical              
00003e7f  xPortSysTickHandler            
00003ec1  setvbuf                        
00003f9d  ldexp                          
00003f9d  ldexpl                         
00003f9d  scalbn                         
00003f9d  scalbnl                        
0000406d  GPIOPadConfigSet               
00004135  __TI_doflush                   
00004181  fflush                         
000041fd  __TI_wrt_ok                    
0000425f  __TI_rd_ok                     
000042ad  xPortPendSVHandler             
000042e7  vPortSetInterruptMask          
000042f5  vPortClearInterruptMask        
00004303  vPortSVCHandler                
00004321  vPortStartFirstTask            
00004333  vPortEnableVFP                 
00004345  __aeabi_memcpy                 
00004345  __aeabi_memcpy4                
00004345  __aeabi_memcpy8                
00004345  memcpy                         
000043e1  __TI_closefile                 
00004447  fclose                         
00004479  fputc                          
00004479  putc                           
000044fd  putchar                        
00004511  __aeabi_cdcmpeq                
00004511  __aeabi_cdcmple                
00004597  __aeabi_cdrcmple               
0000461d  __aeabi_memclr                 
0000461d  __aeabi_memclr4                
0000461d  __aeabi_memclr8                
0000461f  __aeabi_memset                 
0000461f  __aeabi_memset4                
0000461f  __aeabi_memset8                
00004625  memset                         
00004699  __TI_auto_init                 
00004711  printf                         
00004779  __TI_writemsg                  
000047a7  C$$IO$$                        
000047ab  __TI_readmsg                   
000047e1  __TI_decompress_lzss           
00004849  fseek                          
000048ad  vPrintString                   
000048d1  vPrintStringAndNumber          
0000490d  sprintf                        
0000496d  frexp                          
0000496d  frexpl                         
000049c9  SysCtlPeripheralEnable         
00004a21  ltoa                           
00004a79  C$$EXIT                        
00004a7d  abort                          
00004a85  exit                           
00004acd  atoi                           
00004b19  copy_in                        
00004b65  __aeabi_d2iz                   
00004bad  SSIConfigSetExpClk             
00004bf1  _c_int00                       
00004c31  strncpy                        
00004c67  GPIODirModeSet                 
00004c95  __aeabi_i2d                    
00004cc3  memcmp                         
00004ce7  memchr                         
00004d07  memccpy                        
00004d21  _args_main                     
00004d39  strcmp                         
00004d51  strchr                         
00004d67  strcpy                         
00004d7d  _register_unlock               
00004d83  _register_lock                 
00004d8b  _nop                           
00004d91  strlen                         
00004da5  GPIOPinTypeGPIOOutput          
00004db7  GPIOPinTypeSSI                 
00004dc9  SSIDataGetNonBlocking          
00004ddb  __TI_decompress_none           
00004de9  __TI_zero_init                 
00004df5  ResetISR                       
00004e01  SSIDataPut                     
00004e0b  SSIDisable                     
00004e15  SSIEnable                      
00004e1f  SSIBusy                        
00004e27  copysign                       
00004e27  copysignl                      
00004e2f  GPIOPinWrite                   
00004e35  SysCtlDelay                    
00004e3b  _system_pre_init               
00005020  _ctypes_                       
000052e8  __TI_Handler_Table_Base        
000052f4  __TI_Handler_Table_Limit       
00005300  __TI_CINIT_Base                
00005310  __TI_CINIT_Limit               
20002800  __CIOBUF_                      
20002920  __TI_tmpnams                   
20002ae8  __stack                        
20002be8  __STACK_TOP                    
200032e8  __STACK_END                    
200032e8  _sys_memory                    
20003ae8  _ftable                        
20003ca8  pxCurrentTCB                   
20003cd8  __TI_ft_end                    
20003cdc  __aeabi_stdin                  
20003ce0  __aeabi_stdout                 
20003ce4  __aeabi_stderr                 
20003ce8  __TI_cleanup_ptr               
20003cec  __TI_dtors_ptr                 
20003cf0  __TI_enable_exit_profile_output
20003d00  _lock                          
20003d04  _unlock                        
20003d10  pcTextForTask1                 
20003d14  pcTextForTask2                 
20003d1c  errno                          
20003d24  main_func_sp                   
ffffffff  __TI_pprof_out_hndl            
ffffffff  __TI_prof_data_size            
ffffffff  __TI_prof_data_start           
ffffffff  __binit__                      
ffffffff  __c_args__                     
ffffffff  binit                          
UNDEFED   SHT$$INIT_ARRAY$$Base          
UNDEFED   SHT$$INIT_ARRAY$$Limit         

[223 symbols]
