******************************************************************************
                  TI ARM Linker PC v16.6.0                     
******************************************************************************
>> Linked Fri Aug 05 16:31:03 2016

OUTPUT FILE NAME:   <RTOStest1.out>
ENTRY POINT SYMBOL: "_c_int00"  address: 000058e9


MEMORY CONFIGURATION

         name            origin    length      used     unused   attr    fill
----------------------  --------  ---------  --------  --------  ----  --------
  FLASH                 00000000   00040000  0000619c  00039e64  R  X
  SRAM                  20000000   00010000  00003d28  0000c2d8  RW X


SEGMENT ALLOCATION MAP

run origin  load origin   length   init length attrs members
----------  ----------- ---------- ----------- ----- -------
00000000    00000000    000061a0   000061a0    r-x
  00000000    00000000    000000f0   000000f0    r-- .intvecs
  000000f0    000000f0    00005b9c   00005b9c    r-x .text
  00005c8c    00005c8c    00000470   00000470    r-- .const
  00006100    00006100    000000a0   000000a0    r-- .cinit
20000000    20000000    00003d28   00000000    rw-
  20000000    20000000    00002af0   00000000    rw- .bss
  20002af0    20002af0    00000800   00000000    rw- .stack
  200032f0    200032f0    00000800   00000000    rw- .sysmem
  20003af0    20003af0    00000238   00000000    rw- .data


SECTION ALLOCATION MAP

 output                                  attributes/
section   page    origin      length       input sections
--------  ----  ----------  ----------   ----------------
.intvecs   0    00000000    000000f0     
                  00000000    000000f0     startup_ccs.obj (.intvecs)

.text      0    000000f0    00005b9c     
                  000000f0    00001102     rtsv7M3_T_le_eabi.lib : _printfi.obj (.text)
                  000011f2    00000002                           : mpu_init.obj (.text)
                  000011f4    00000c74     tasks.obj (.text)
                  00001e68    00000614     queue.obj (.text)
                  0000247c    00000510     rit128x96x4.obj (.text)
                  0000298c    000003cc     rtsv7M3_T_le_eabi.lib : memory.obj (.text)
                  00002d58    000003a4     main.obj (.text)
                  000030fc    00000324     rtsv7M3_T_le_eabi.lib : trgdrv.obj (.text)
                  00003420    0000030c                           : lowlev.obj (.text)
                  0000372c    000002e8     init.obj (.text)
                  00003a14    000001f4     rtsv7M3_T_le_eabi.lib : ull_div_t2.obj (.text)
                  00003c08    000001d8     driverlib-cm3.lib : sysctl.obj (.text:SysCtlClockGet)
                  00003de0    000001c4     rtsv7M3_T_le_eabi.lib : fopen.obj (.text)
                  00003fa4    000001bc     heap_2.obj (.text)
                  00004160    000001b6     rtsv7M3_T_le_eabi.lib : fd_add_t2.obj (.text)
                  00004316    00000002                           : startup.obj (.text)
                  00004318    00000144     driverlib-cm3.lib : sysctl.obj (.text:SysCtlClockSet)
                  0000445c    00000136     rtsv7M3_T_le_eabi.lib : fd_div_t2.obj (.text)
                  00004592    00000002     --HOLE-- [fill = 0]
                  00004594    00000134                           : fputs.obj (.text)
                  000046c8    0000012e     list.obj (.text)
                  000047f6    000000fc     rtsv7M3_T_le_eabi.lib : fd_mul_t2.obj (.text)
                  000048f2    00000002     --HOLE-- [fill = 0]
                  000048f4    000000e4     port.obj (.text)
                  000049d8    000000dc     rtsv7M3_T_le_eabi.lib : setvbuf.obj (.text)
                  00004ab4    000000d0                           : s_scalbn.obj (.text)
                  00004b84    000000c8     driverlib-cm3.lib : gpio.obj (.text:GPIOPadConfigSet)
                  00004c4c    000000c8     rtsv7M3_T_le_eabi.lib : fflush.obj (.text)
                  00004d14    000000ac                           : _io_perm.obj (.text)
                  00004dc0    0000009c     portasm.obj (.text)
                  00004e5c    0000009c     rtsv7M3_T_le_eabi.lib : memcpy_t2.obj (.text)
                  00004ef8    00000098                           : fclose.obj (.text)
                  00004f90    00000098                           : fputc.obj (.text)
                  00005028    00000088     driverlib-cm3.lib : sysctl.obj (.text:SysCtlPeripheralReset)
                  000050b0    00000086     rtsv7M3_T_le_eabi.lib : fd_cmp_t2.obj (.text:__aeabi_cdcmple)
                  00005136    00000086                           : fd_cmp_t2.obj (.text:__aeabi_cdrcmple)
                  000051bc    0000007a                           : memset_t2.obj (.text)
                  00005236    00000002     --HOLE-- [fill = 0]
                  00005238    00000070                           : autoinit.obj (.text)
                  000052a8    00000070                           : printf.obj (.text)
                  00005318    0000006c     driverlib-cm3.lib : adc.obj (.text:ADCSequenceStepConfigure)
                  00005384    00000068     rtsv7M3_T_le_eabi.lib : trgmsg.obj (.text)
                  000053ec    00000066                           : copy_decompress_lzss.obj (.text:decompress:lzss)
                  00005452    00000002     --HOLE-- [fill = 0]
                  00005454    00000064     driverlib-cm3.lib : interrupt.obj (.text:IntEnable)
                  000054b8    00000064     rtsv7M3_T_le_eabi.lib : fseek.obj (.text)
                  0000551c    00000060     basic_io.obj (.text)
                  0000557c    00000060     rtsv7M3_T_le_eabi.lib : sprintf.obj (.text)
                  000055dc    0000005c                           : s_frexp.obj (.text)
                  00005638    00000058     driverlib-cm3.lib : sysctl.obj (.text:SysCtlPeripheralEnable)
                  00005690    00000056     rtsv7M3_T_le_eabi.lib : ltoa.obj (.text)
                  000056e6    00000002     --HOLE-- [fill = 0]
                  000056e8    00000054                           : exit.obj (.text)
                  0000573c    0000004c                           : atoi.obj (.text)
                  00005788    0000004c                           : cpy_tbl.obj (.text)
                  000057d4    00000048                           : fd_toi_t2.obj (.text)
                  0000581c    00000044     driverlib-cm3.lib : gpio.obj (.text:GPIOIntTypeSet)
                  00005860    00000044                       : ssi.obj (.text:SSIConfigSetExpClk)
                  000058a4    00000042                       : uart.obj (.text:UARTConfigSetExpClk)
                  000058e6    00000002     --HOLE-- [fill = 0]
                  000058e8    00000040     rtsv7M3_T_le_eabi.lib : boot.obj (.text)
                  00005928    00000036                           : strncpy.obj (.text)
                  0000595e    0000002e     driverlib-cm3.lib : gpio.obj (.text:GPIODirModeSet)
                  0000598c    0000002e     rtsv7M3_T_le_eabi.lib : i_tofd_t2.obj (.text)
                  000059ba    0000002a     driverlib-cm3.lib : adc.obj (.text:ADCSequenceConfigure)
                  000059e4    00000024                       : timer.obj (.text:TimerConfigure)
                  00005a08    00000024     rtsv7M3_T_le_eabi.lib : memcmp.obj (.text)
                  00005a2c    00000020                           : memchr.obj (.text)
                  00005a4c    0000001c     driverlib-cm3.lib : uart.obj (.text:UARTDisable)
                  00005a68    0000001a     rtsv7M3_T_le_eabi.lib : memccpy.obj (.text)
                  00005a82    00000002     --HOLE-- [fill = 0]
                  00005a84    00000018                           : args_main.obj (.text)
                  00005a9c    00000018                           : strcmp.obj (.text)
                  00005ab4    00000016                           : strchr.obj (.text)
                  00005aca    00000016                           : strcpy.obj (.text)
                  00005ae0    00000014     driverlib-cm3.lib : uart.obj (.text:UARTEnable)
                  00005af4    00000014     rtsv7M3_T_le_eabi.lib : _lock.obj (.text)
                  00005b08    00000014                           : strlen.obj (.text)
                  00005b1c    00000012     driverlib-cm3.lib : gpio.obj (.text:GPIOPinTypeADC)
                  00005b2e    00000012                       : gpio.obj (.text:GPIOPinTypeGPIOOutput)
                  00005b40    00000012                       : gpio.obj (.text:GPIOPinTypeSSI)
                  00005b52    00000012                       : gpio.obj (.text:GPIOPinTypeUART)
                  00005b64    00000012                       : ssi.obj (.text:SSIDataGetNonBlocking)
                  00005b76    00000012                       : timer.obj (.text:TimerLoadSet)
                  00005b88    00000010                       : uart.obj (.text:UARTCharGetNonBlocking)
                  00005b98    0000000e                       : adc.obj (.text:ADCSequenceEnable)
                  00005ba6    0000000e                       : timer.obj (.text:TimerEnable)
                  00005bb4    0000000e     rtsv7M3_T_le_eabi.lib : copy_decompress_none.obj (.text:decompress:none)
                  00005bc2    0000000c     driverlib-cm3.lib : cpu.obj (.text:CPUcpsie)
                  00005bce    0000000c                       : gpio.obj (.text:GPIOPinIntEnable)
                  00005bda    0000000c                       : uart.obj (.text:UARTCharsAvail)
                  00005be6    0000000c     rtsv7M3_T_le_eabi.lib : copy_zero_init.obj (.text:decompress:ZI)
                  00005bf2    0000000c     startup_ccs.obj (.text)
                  00005bfe    0000000a     driverlib-cm3.lib : adc.obj (.text:ADCIntClear)
                  00005c08    0000000a                       : interrupt.obj (.text:IntMasterEnable)
                  00005c12    0000000a                       : ssi.obj (.text:SSIDataPut)
                  00005c1c    0000000a                       : ssi.obj (.text:SSIDisable)
                  00005c26    0000000a                       : ssi.obj (.text:SSIEnable)
                  00005c30    0000000a                       : uart.obj (.text:UARTCharPut)
                  00005c3a    0000000a                       : uart.obj (.text:UARTFIFOEnable)
                  00005c44    0000000a                       : uart.obj (.text:UARTIntStatus)
                  00005c4e    00000008                       : ssi.obj (.text:SSIBusy)
                  00005c56    00000008                       : timer.obj (.text:TimerIntEnable)
                  00005c5e    00000008                       : uart.obj (.text:UARTIntEnable)
                  00005c66    00000008     rtsv7M3_T_le_eabi.lib : s_copysign.obj (.text)
                  00005c6e    00000006     driverlib-cm3.lib : gpio.obj (.text:GPIOPinIntClear)
                  00005c74    00000006                       : gpio.obj (.text:GPIOPinWrite)
                  00005c7a    00000006                       : sysctl.obj (.text:SysCtlDelay)
                  00005c80    00000004                       : timer.obj (.text:TimerIntClear)
                  00005c84    00000004                       : uart.obj (.text:UARTIntClear)
                  00005c88    00000004     rtsv7M3_T_le_eabi.lib : pre_init.obj (.text)

.const     0    00005c8c    00000470     
                  00005c8c    000001e0     rit128x96x4.obj (.const:g_pucFont)
                  00005e6c    00000101     rtsv7M3_T_le_eabi.lib : ctype.obj (.const:.string:_ctypes_)
                  00005f6d    00000003     rit128x96x4.obj (.const:.string:pucCommand1$1)
                  00005f70    00000070     driverlib-cm3.lib : interrupt.obj (.const)
                  00005fe0    0000006c                       : sysctl.obj (.const:g_pulXtals)
                  0000604c    0000004f     rit128x96x4.obj (.const:.string:g_pucRIT128x96x4Init)
                  0000609b    00000001     --HOLE-- [fill = 0]
                  0000609c    00000040     driverlib-cm3.lib : sysctl.obj (.const)
                  000060dc    00000014     tasks.obj (.const:.string:ucExpectedStackBytes$1)
                  000060f0    00000003     rit128x96x4.obj (.const:.string:pucCommand2$2)
                  000060f3    00000002     rit128x96x4.obj (.const:.string:g_pucRIT128x96x4HorizontalInc)
                  000060f5    00000002     rit128x96x4.obj (.const:.string:g_pucRIT128x96x4VerticalInc)
                  000060f7    00000002     rit128x96x4.obj (.const:.string:pucCommand1$3)
                  000060f9    00000001     --HOLE-- [fill = 0]
                  000060fa    00000002     heap_2.obj (.const)

.cinit     0    00006100    000000a0     
                  00006100    0000007a     (.cinit..data.load) [load image, compression = lzss]
                  0000617a    00000002     --HOLE-- [fill = 0]
                  0000617c    0000000c     (__TI_handler_table)
                  00006188    00000008     (.cinit..bss.load) [load image, compression = zero_init]
                  00006190    00000010     (__TI_cinit_table)

.bss       0    20000000    00002af0     UNINITIALIZED
                  20000000    00002800     heap_2.obj (.bss:xHeap)
                  20002800    00000120     rtsv7M3_T_le_eabi.lib : trgmsg.obj (.bss:_CIOBUF_)
                  20002920    000000a0     (.common:__TI_tmpnams)
                  200029c0    00000064     tasks.obj (.bss:pxReadyTasksLists)
                  20002a24    00000034     basic_io.obj (.bss:cBuffer)
                  20002a58    00000014     tasks.obj (.bss:xDelayedTaskList1)
                  20002a6c    00000014     tasks.obj (.bss:xDelayedTaskList2)
                  20002a80    00000014     tasks.obj (.bss:xPendingReadyList)
                  20002a94    00000014     tasks.obj (.bss:xSuspendedTaskList)
                  20002aa8    00000014     tasks.obj (.bss:xTasksWaitingTermination)
                  20002abc    00000008     rit128x96x4.obj (.bss:g_pucBuffer)
                  20002ac4    00000008     rtsv7M3_T_le_eabi.lib : trgdrv.obj (.bss:parmbuf)
                  20002acc    00000008     tasks.obj (.bss)
                  20002ad4    00000008     heap_2.obj (.bss:xEnd)
                  20002adc    00000008     heap_2.obj (.bss:xStart)
                  20002ae4    00000004     rit128x96x4.obj (.bss)
                  20002ae8    00000004     (.common:xBinarySemaphore)
                  20002aec    00000004     (.common:xQueueGPS)

.stack     0    20002af0    00000800     UNINITIALIZED
                  20002af0    00000800     --HOLE--

.sysmem    0    200032f0    00000800     UNINITIALIZED
                  200032f0    00000008     rtsv7M3_T_le_eabi.lib : memory.obj (.sysmem)
                  200032f8    000007f8     --HOLE--

.data      0    20003af0    00000238     UNINITIALIZED
                  20003af0    000000f0     rtsv7M3_T_le_eabi.lib : defs.obj (.data:_ftable)
                  20003be0    000000d0                           : lowlev.obj (.data:$O1$$)
                  20003cb0    00000030     tasks.obj (.data)
                  20003ce0    00000010     rtsv7M3_T_le_eabi.lib : defs.obj (.data)
                  20003cf0    0000000c                           : exit.obj (.data:$O1$$)
                  20003cfc    0000000c                           : memory.obj (.data:$O1$$)
                  20003d08    00000008                           : _lock.obj (.data:$O1$$)
                  20003d10    00000008     heap_2.obj (.data)
                  20003d18    00000004     port.obj (.data)
                  20003d1c    00000004     rtsv7M3_T_le_eabi.lib : errno.obj (.data)
                  20003d20    00000004                           : fopen.obj (.data)
                  20003d24    00000004                           : stkdepth_vars.obj (.data)

MODULE SUMMARY

       Module                     code    ro data   rw data
       ------                     ----    -------   -------
    .\
       tasks.obj                  3188    20        256    
       rit128x96x4.obj            1296    571       12     
       queue.obj                  1556    0         0      
       main.obj                   932     0         8      
       init.obj                   744     0         0      
       list.obj                   302     0         0      
       startup_ccs.obj            12      240       0      
    +--+--------------------------+-------+---------+---------+
       Total:                     8030    831       276    
                                                           
    .\demo_code\
       basic_io.obj               96      0         52     
    +--+--------------------------+-------+---------+---------+
       Total:                     96      0         52     
                                                           
    .\portable\
       heap_2.obj                 444     2         10264  
       port.obj                   228     0         4      
       portasm.obj                156     0         0      
    +--+--------------------------+-------+---------+---------+
       Total:                     828     2         10268  
                                                           
    C:/ti/StellarisWare/driverlib/ccs-cm3/Debug/driverlib-cm3.lib
       sysctl.obj                 1026    172       0      
       gpio.obj                   410     0         0      
       interrupt.obj              110     112       0      
       uart.obj                   184     0         0      
       adc.obj                    174     0         0      
       ssi.obj                    124     0         0      
       timer.obj                  80      0         0      
       cpu.obj                    12      0         0      
    +--+--------------------------+-------+---------+---------+
       Total:                     2120    284       0      
                                                           
    C:\ti\ccsv6\tools\compiler\ti-cgt-arm_16.6.0.STS\lib\rtsv7M3_T_le_eabi.lib
       _printfi.obj               4354    0         0      
       lowlev.obj                 780     0         208    
       memory.obj                 972     0         12     
       trgdrv.obj                 804     0         8      
       ull_div_t2.obj             500     0         0      
       fopen.obj                  452     0         4      
       fd_add_t2.obj              438     0         0      
       defs.obj                   0       0         416    
       trgmsg.obj                 104     0         288    
       fd_div_t2.obj              310     0         0      
       fputs.obj                  308     0         0      
       fd_cmp_t2.obj              268     0         0      
       ctype.obj                  0       257       0      
       fd_mul_t2.obj              252     0         0      
       setvbuf.obj                220     0         0      
       s_scalbn.obj               208     0         0      
       fflush.obj                 200     0         0      
       _io_perm.obj               172     0         0      
       memcpy_t2.obj              156     0         0      
       fclose.obj                 152     0         0      
       fputc.obj                  152     0         0      
       memset_t2.obj              122     0         0      
       autoinit.obj               112     0         0      
       printf.obj                 112     0         0      
       copy_decompress_lzss.obj   102     0         0      
       fseek.obj                  100     0         0      
       exit.obj                   84      0         12     
       sprintf.obj                96      0         0      
       s_frexp.obj                92      0         0      
       ltoa.obj                   86      0         0      
       atoi.obj                   76      0         0      
       cpy_tbl.obj                76      0         0      
       fd_toi_t2.obj              72      0         0      
       boot.obj                   64      0         0      
       strncpy.obj                54      0         0      
       i_tofd_t2.obj              46      0         0      
       memcmp.obj                 36      0         0      
       memchr.obj                 32      0         0      
       _lock.obj                  20      0         8      
       memccpy.obj                26      0         0      
       args_main.obj              24      0         0      
       strcmp.obj                 24      0         0      
       strchr.obj                 22      0         0      
       strcpy.obj                 22      0         0      
       strlen.obj                 20      0         0      
       copy_decompress_none.obj   14      0         0      
       copy_zero_init.obj         12      0         0      
       s_copysign.obj             8       0         0      
       errno.obj                  0       0         4      
       pre_init.obj               4       0         0      
       stkdepth_vars.obj          0       0         4      
       mpu_init.obj               2       0         0      
       startup.obj                2       0         0      
    +--+--------------------------+-------+---------+---------+
       Total:                     12364   257       964    
                                                           
       Heap:                      0       0         2048   
       Stack:                     0       0         2048   
       Linker Generated:          0       158       0      
    +--+--------------------------+-------+---------+---------+
       Grand Total:               23438   1532      15656  


LINKER GENERATED COPY TABLES

__TI_cinit_table @ 00006190 records: 2, size/record: 8, table size: 16
	.data: load addr=00006100, load size=0000007a bytes, run addr=20003af0, run size=00000238 bytes, compression=lzss
	.bss: load addr=00006188, load size=00000008 bytes, run addr=20000000, run size=00002af0 bytes, compression=zero_init


LINKER GENERATED HANDLER TABLE

__TI_handler_table @ 0000617c records: 3, size/record: 4, table size: 12
	index: 0, handler: __TI_decompress_lzss
	index: 1, handler: __TI_decompress_none
	index: 2, handler: __TI_zero_init


GLOBAL SYMBOLS: SORTED ALPHABETICALLY BY Name 

address   name                           
-------   ----                           
00005bff  ADCIntClear                    
000059bb  ADCSequenceConfigure           
00005b99  ADCSequenceEnable              
00005319  ADCSequenceStepConfigure       
000056e9  C$$EXIT                        
000053b3  C$$IO$$                        
00005bc3  CPUcpsie                       
0000595f  GPIODirModeSet                 
0000581d  GPIOIntTypeSet                 
00004b85  GPIOPadConfigSet               
00005c6f  GPIOPinIntClear                
00005bcf  GPIOPinIntEnable               
00005b1d  GPIOPinTypeADC                 
00005b2f  GPIOPinTypeGPIOOutput          
00005b41  GPIOPinTypeSSI                 
00005b53  GPIOPinTypeUART                
00005c75  GPIOPinWrite                   
000033d7  HOSTclock                      
0000339f  HOSTclose                      
00003361  HOSTgetenv                     
00003305  HOSTlseek                      
000032b3  HOSTopen                       
00003267  HOSTread                       
00003209  HOSTrename                     
000031cf  HOSTtime                       
00003181  HOSTtime64                     
00003149  HOSTunlink                     
000030fd  HOSTwrite                      
00005455  IntEnable                      
00005c09  IntMasterEnable                
00002d89  PinChangeIntHandler            
00002585  RIT128x96x4Clear               
00002803  RIT128x96x4Disable             
00002955  RIT128x96x4DisplayOff          
00002921  RIT128x96x4DisplayOn           
000027a9  RIT128x96x4Enable              
00002721  RIT128x96x4ImageDraw           
0000287d  RIT128x96x4Init                
000025e1  RIT128x96x4StringDraw          
00005bf3  ResetISR                       
UNDEFED   SHT$$INIT_ARRAY$$Base          
UNDEFED   SHT$$INIT_ARRAY$$Limit         
00005c4f  SSIBusy                        
00005861  SSIConfigSetExpClk             
00005b65  SSIDataGetNonBlocking          
00005c13  SSIDataPut                     
00005c1d  SSIDisable                     
00005c27  SSIEnable                      
00003c09  SysCtlClockGet                 
00004319  SysCtlClockSet                 
00005c7b  SysCtlDelay                    
00005639  SysCtlPeripheralEnable         
00005029  SysCtlPeripheralReset          
00002d9d  Timer0IntHandler               
00002da9  Timer1IntHandler               
000059e5  TimerConfigure                 
00005ba7  TimerEnable                    
00005c81  TimerIntClear                  
00005c57  TimerIntEnable                 
00005b77  TimerLoadSet                   
00005b89  UARTCharGetNonBlocking         
00005c31  UARTCharPut                    
00005bdb  UARTCharsAvail                 
000058a5  UARTConfigSetExpClk            
00005a4d  UARTDisable                    
00005ae1  UARTEnable                     
00005c3b  UARTFIFOEnable                 
00005c85  UARTIntClear                   
00005c5f  UARTIntEnable                  
00002d59  UARTIntHandler                 
00005c45  UARTIntStatus                  
0000382d  UARTSend                       
20002800  __CIOBUF_                      
200032f0  __STACK_END                    
00000800  __STACK_SIZE                   
20002bf0  __STACK_TOP                    
00000800  __SYSMEM_SIZE                  
00006190  __TI_CINIT_Base                
000061a0  __TI_CINIT_Limit               
0000617c  __TI_Handler_Table_Base        
00006188  __TI_Handler_Table_Limit       
00005239  __TI_auto_init                 
00003ea9  __TI_cleanup                   
20003cf0  __TI_cleanup_ptr               
00004ef9  __TI_closefile                 
000053ed  __TI_decompress_lzss           
00005bb5  __TI_decompress_none           
00004c4d  __TI_doflush                   
20003cf4  __TI_dtors_ptr                 
20003cf8  __TI_enable_exit_profile_output
20003ce0  __TI_ft_end                    
ffffffff  __TI_pprof_out_hndl            
0000091d  __TI_printfi                   
ffffffff  __TI_prof_data_size            
ffffffff  __TI_prof_data_start           
00004d77  __TI_rd_ok                     
000053b7  __TI_readmsg                   
00000000  __TI_static_base__             
20002920  __TI_tmpnams                   
00005385  __TI_writemsg                  
00004d15  __TI_wrt_ok                    
00005be7  __TI_zero_init                 
000050b1  __aeabi_cdcmpeq                
000050b1  __aeabi_cdcmple                
00005137  __aeabi_cdrcmple               
000057d5  __aeabi_d2iz                   
0000416b  __aeabi_dadd                   
0000445d  __aeabi_ddiv                   
000047f7  __aeabi_dmul                   
00004161  __aeabi_dsub                   
0000598d  __aeabi_i2d                    
000051bd  __aeabi_memclr                 
000051bd  __aeabi_memclr4                
000051bd  __aeabi_memclr8                
00004e5d  __aeabi_memcpy                 
00004e5d  __aeabi_memcpy4                
00004e5d  __aeabi_memcpy8                
000051bf  __aeabi_memset                 
000051bf  __aeabi_memset4                
000051bf  __aeabi_memset8                
20003cec  __aeabi_stderr                 
20003ce4  __aeabi_stdin                  
20003ce8  __aeabi_stdout                 
00003a15  __aeabi_uldivmod               
ffffffff  __binit__                      
ffffffff  __c_args__                     
000011f3  __mpu_init                     
20002af0  __stack                        
00005a85  _args_main                     
000058e9  _c_int00                       
00005e6c  _ctypes_                       
20003af0  _ftable                        
20003d08  _lock                          
00005b03  _nop                           
00005afb  _register_lock                 
00005af5  _register_unlock               
200032f0  _sys_memory                    
00004317  _system_post_cinit             
00005c89  _system_pre_init               
20003d0c  _unlock                        
000056ed  abort                          
00003681  add_device                     
0000573d  atoi                           
ffffffff  binit                          
00002d2b  calloc                         
00003631  close                          
00005789  copy_in                        
00005c67  copysign                       
00005c67  copysignl                      
20003d1c  errno                          
000056f5  exit                           
00004f5f  fclose                         
00004c99  fflush                         
00003eff  fopen                          
00004f91  fputc                          
00004595  fputs                          
00002a77  free                           
00003ed5  freopen                        
000055dd  frexp                          
000055dd  frexpl                         
000054b9  fseek                          
00000000  g_pfnVectors                   
000037ed  initADC                        
0000394d  initCircBuf                    
00003769  initClock                      
00003875  initConsole                    
000037e3  initDisplay                    
00003773  initGPIO                       
00003797  initPin                        
000038e1  initTimer                      
00003993  init_acc_time                  
00003977  init_set_speed_data            
00004ab5  ldexp                          
00004ab5  ldexpl                         
0000360d  lseek                          
00005691  ltoa                           
00002db5  main                           
20003d24  main_func_sp                   
00002a0d  malloc                         
00002c41  memalign                       
00005a69  memccpy                        
00005a2d  memchr                         
00005a09  memcmp                         
00004e5d  memcpy                         
000051c5  memset                         
0000298d  minit                          
0000355f  open                           
000052b1  printf                         
00004f91  putc                           
00005015  putchar                        
0000469f  puts                           
00003fa5  pvPortMalloc                   
20003cb0  pxCurrentTCB                   
000048f5  pxPortInitialiseStack          
0000353b  read                           
00002b39  realloc                        
000034b1  remove                         
00003513  remove_device                  
000034d5  rename                         
0000372d  reset_peripheral               
00004ab5  scalbn                         
00004ab5  scalbnl                        
000049d9  setvbuf                        
0000557d  sprintf                        
00002e95  store_char                     
00005ab5  strchr                         
00005a9d  strcmp                         
00005acb  strcpy                         
00005b09  strlen                         
00005929  strncpy                        
000034b1  unlink                         
00002283  uxQueueMessagesWaiting         
00002299  uxQueueMessagesWaitingFromISR  
0000187d  uxTaskGetNumberOfTasks         
00001485  uxTaskPriorityGet              
00003023  vApplicationIdleHook           
00003017  vApplicationMallocFailedHook   
00003019  vApplicationStackOverflowHook  
00003025  vApplicationTickHook           
00002f65  vDisplayTask                   
00002e61  vFakeGPS                       
000046c9  vListInitialise                
000046f9  vListInitialiseItem            
0000474d  vListInsert                    
00004709  vListInsertEnd                 
000047b3  vListRemove                    
00004e0d  vPortClearInterruptMask        
00004e4b  vPortEnableVFP                 
00004965  vPortEndScheduler              
00004971  vPortEnterCritical             
00004981  vPortExitCritical              
000040d7  vPortFree                      
0000413f  vPortInitialiseBlocks          
00004e1b  vPortSVCHandler                
00004dff  vPortSetInterruptMask          
00004e39  vPortStartFirstTask            
00004967  vPortYieldFromISR              
0000551d  vPrintString                   
00005541  vPrintStringAndNumber          
000022ab  vQueueDelete                   
00002ef5  vReadGPS                       
00001421  vTaskDelay                     
00001371  vTaskDelayUntil                
00001309  vTaskDelete                    
0000177d  vTaskEndScheduler              
0000188d  vTaskIncrementTick             
00001b91  vTaskMissedYield               
000019f5  vTaskPlaceOnEventList          
00001dd9  vTaskPriorityDisinherit        
00001d4d  vTaskPriorityInherit           
000014c1  vTaskPrioritySet               
00001651  vTaskResume                    
00001af3  vTaskSetTimeOutState           
00001733  vTaskStartScheduler            
000015a9  vTaskSuspend                   
0000178f  vTaskSuspendAll                
00001935  vTaskSwitchContext             
00003421  write                          
20002ae8  xBinarySemaphore               
00004139  xPortGetFreeHeapSize           
00004dc5  xPortPendSVHandler             
0000493d  xPortStartScheduler            
00004997  xPortSysTickHandler            
00001e69  xQueueCreate                   
00001f77  xQueueCreateCountingSemaphore  
00001f0f  xQueueCreateMutex              
20002aec  xQueueGPS                      
000020e7  xQueueGenericReceive           
00001f95  xQueueGenericSend              
0000207d  xQueueGenericSendFromISR       
00002425  xQueueIsQueueEmptyFromISR      
0000245f  xQueueIsQueueFullFromISR       
0000221b  xQueueReceiveFromISR           
00001b19  xTaskCheckForTimeOut           
000011f5  xTaskGenericCreate             
00001d39  xTaskGetCurrentTaskHandle      
00001869  xTaskGetTickCount              
00001601  xTaskIsTaskSuspended           
00001a75  xTaskRemoveFromEventList       
00001799  xTaskResumeAll                 
000016c1  xTaskResumeFromISR             


GLOBAL SYMBOLS: SORTED BY Symbol Address 

address   name                           
-------   ----                           
00000000  __TI_static_base__             
00000000  g_pfnVectors                   
00000800  __STACK_SIZE                   
00000800  __SYSMEM_SIZE                  
0000091d  __TI_printfi                   
000011f3  __mpu_init                     
000011f5  xTaskGenericCreate             
00001309  vTaskDelete                    
00001371  vTaskDelayUntil                
00001421  vTaskDelay                     
00001485  uxTaskPriorityGet              
000014c1  vTaskPrioritySet               
000015a9  vTaskSuspend                   
00001601  xTaskIsTaskSuspended           
00001651  vTaskResume                    
000016c1  xTaskResumeFromISR             
00001733  vTaskStartScheduler            
0000177d  vTaskEndScheduler              
0000178f  vTaskSuspendAll                
00001799  xTaskResumeAll                 
00001869  xTaskGetTickCount              
0000187d  uxTaskGetNumberOfTasks         
0000188d  vTaskIncrementTick             
00001935  vTaskSwitchContext             
000019f5  vTaskPlaceOnEventList          
00001a75  xTaskRemoveFromEventList       
00001af3  vTaskSetTimeOutState           
00001b19  xTaskCheckForTimeOut           
00001b91  vTaskMissedYield               
00001d39  xTaskGetCurrentTaskHandle      
00001d4d  vTaskPriorityInherit           
00001dd9  vTaskPriorityDisinherit        
00001e69  xQueueCreate                   
00001f0f  xQueueCreateMutex              
00001f77  xQueueCreateCountingSemaphore  
00001f95  xQueueGenericSend              
0000207d  xQueueGenericSendFromISR       
000020e7  xQueueGenericReceive           
0000221b  xQueueReceiveFromISR           
00002283  uxQueueMessagesWaiting         
00002299  uxQueueMessagesWaitingFromISR  
000022ab  vQueueDelete                   
00002425  xQueueIsQueueEmptyFromISR      
0000245f  xQueueIsQueueFullFromISR       
00002585  RIT128x96x4Clear               
000025e1  RIT128x96x4StringDraw          
00002721  RIT128x96x4ImageDraw           
000027a9  RIT128x96x4Enable              
00002803  RIT128x96x4Disable             
0000287d  RIT128x96x4Init                
00002921  RIT128x96x4DisplayOn           
00002955  RIT128x96x4DisplayOff          
0000298d  minit                          
00002a0d  malloc                         
00002a77  free                           
00002b39  realloc                        
00002c41  memalign                       
00002d2b  calloc                         
00002d59  UARTIntHandler                 
00002d89  PinChangeIntHandler            
00002d9d  Timer0IntHandler               
00002da9  Timer1IntHandler               
00002db5  main                           
00002e61  vFakeGPS                       
00002e95  store_char                     
00002ef5  vReadGPS                       
00002f65  vDisplayTask                   
00003017  vApplicationMallocFailedHook   
00003019  vApplicationStackOverflowHook  
00003023  vApplicationIdleHook           
00003025  vApplicationTickHook           
000030fd  HOSTwrite                      
00003149  HOSTunlink                     
00003181  HOSTtime64                     
000031cf  HOSTtime                       
00003209  HOSTrename                     
00003267  HOSTread                       
000032b3  HOSTopen                       
00003305  HOSTlseek                      
00003361  HOSTgetenv                     
0000339f  HOSTclose                      
000033d7  HOSTclock                      
00003421  write                          
000034b1  remove                         
000034b1  unlink                         
000034d5  rename                         
00003513  remove_device                  
0000353b  read                           
0000355f  open                           
0000360d  lseek                          
00003631  close                          
00003681  add_device                     
0000372d  reset_peripheral               
00003769  initClock                      
00003773  initGPIO                       
00003797  initPin                        
000037e3  initDisplay                    
000037ed  initADC                        
0000382d  UARTSend                       
00003875  initConsole                    
000038e1  initTimer                      
0000394d  initCircBuf                    
00003977  init_set_speed_data            
00003993  init_acc_time                  
00003a15  __aeabi_uldivmod               
00003c09  SysCtlClockGet                 
00003ea9  __TI_cleanup                   
00003ed5  freopen                        
00003eff  fopen                          
00003fa5  pvPortMalloc                   
000040d7  vPortFree                      
00004139  xPortGetFreeHeapSize           
0000413f  vPortInitialiseBlocks          
00004161  __aeabi_dsub                   
0000416b  __aeabi_dadd                   
00004317  _system_post_cinit             
00004319  SysCtlClockSet                 
0000445d  __aeabi_ddiv                   
00004595  fputs                          
0000469f  puts                           
000046c9  vListInitialise                
000046f9  vListInitialiseItem            
00004709  vListInsertEnd                 
0000474d  vListInsert                    
000047b3  vListRemove                    
000047f7  __aeabi_dmul                   
000048f5  pxPortInitialiseStack          
0000493d  xPortStartScheduler            
00004965  vPortEndScheduler              
00004967  vPortYieldFromISR              
00004971  vPortEnterCritical             
00004981  vPortExitCritical              
00004997  xPortSysTickHandler            
000049d9  setvbuf                        
00004ab5  ldexp                          
00004ab5  ldexpl                         
00004ab5  scalbn                         
00004ab5  scalbnl                        
00004b85  GPIOPadConfigSet               
00004c4d  __TI_doflush                   
00004c99  fflush                         
00004d15  __TI_wrt_ok                    
00004d77  __TI_rd_ok                     
00004dc5  xPortPendSVHandler             
00004dff  vPortSetInterruptMask          
00004e0d  vPortClearInterruptMask        
00004e1b  vPortSVCHandler                
00004e39  vPortStartFirstTask            
00004e4b  vPortEnableVFP                 
00004e5d  __aeabi_memcpy                 
00004e5d  __aeabi_memcpy4                
00004e5d  __aeabi_memcpy8                
00004e5d  memcpy                         
00004ef9  __TI_closefile                 
00004f5f  fclose                         
00004f91  fputc                          
00004f91  putc                           
00005015  putchar                        
00005029  SysCtlPeripheralReset          
000050b1  __aeabi_cdcmpeq                
000050b1  __aeabi_cdcmple                
00005137  __aeabi_cdrcmple               
000051bd  __aeabi_memclr                 
000051bd  __aeabi_memclr4                
000051bd  __aeabi_memclr8                
000051bf  __aeabi_memset                 
000051bf  __aeabi_memset4                
000051bf  __aeabi_memset8                
000051c5  memset                         
00005239  __TI_auto_init                 
000052b1  printf                         
00005319  ADCSequenceStepConfigure       
00005385  __TI_writemsg                  
000053b3  C$$IO$$                        
000053b7  __TI_readmsg                   
000053ed  __TI_decompress_lzss           
00005455  IntEnable                      
000054b9  fseek                          
0000551d  vPrintString                   
00005541  vPrintStringAndNumber          
0000557d  sprintf                        
000055dd  frexp                          
000055dd  frexpl                         
00005639  SysCtlPeripheralEnable         
00005691  ltoa                           
000056e9  C$$EXIT                        
000056ed  abort                          
000056f5  exit                           
0000573d  atoi                           
00005789  copy_in                        
000057d5  __aeabi_d2iz                   
0000581d  GPIOIntTypeSet                 
00005861  SSIConfigSetExpClk             
000058a5  UARTConfigSetExpClk            
000058e9  _c_int00                       
00005929  strncpy                        
0000595f  GPIODirModeSet                 
0000598d  __aeabi_i2d                    
000059bb  ADCSequenceConfigure           
000059e5  TimerConfigure                 
00005a09  memcmp                         
00005a2d  memchr                         
00005a4d  UARTDisable                    
00005a69  memccpy                        
00005a85  _args_main                     
00005a9d  strcmp                         
00005ab5  strchr                         
00005acb  strcpy                         
00005ae1  UARTEnable                     
00005af5  _register_unlock               
00005afb  _register_lock                 
00005b03  _nop                           
00005b09  strlen                         
00005b1d  GPIOPinTypeADC                 
00005b2f  GPIOPinTypeGPIOOutput          
00005b41  GPIOPinTypeSSI                 
00005b53  GPIOPinTypeUART                
00005b65  SSIDataGetNonBlocking          
00005b77  TimerLoadSet                   
00005b89  UARTCharGetNonBlocking         
00005b99  ADCSequenceEnable              
00005ba7  TimerEnable                    
00005bb5  __TI_decompress_none           
00005bc3  CPUcpsie                       
00005bcf  GPIOPinIntEnable               
00005bdb  UARTCharsAvail                 
00005be7  __TI_zero_init                 
00005bf3  ResetISR                       
00005bff  ADCIntClear                    
00005c09  IntMasterEnable                
00005c13  SSIDataPut                     
00005c1d  SSIDisable                     
00005c27  SSIEnable                      
00005c31  UARTCharPut                    
00005c3b  UARTFIFOEnable                 
00005c45  UARTIntStatus                  
00005c4f  SSIBusy                        
00005c57  TimerIntEnable                 
00005c5f  UARTIntEnable                  
00005c67  copysign                       
00005c67  copysignl                      
00005c6f  GPIOPinIntClear                
00005c75  GPIOPinWrite                   
00005c7b  SysCtlDelay                    
00005c81  TimerIntClear                  
00005c85  UARTIntClear                   
00005c89  _system_pre_init               
00005e6c  _ctypes_                       
0000617c  __TI_Handler_Table_Base        
00006188  __TI_Handler_Table_Limit       
00006190  __TI_CINIT_Base                
000061a0  __TI_CINIT_Limit               
20002800  __CIOBUF_                      
20002920  __TI_tmpnams                   
20002ae8  xBinarySemaphore               
20002aec  xQueueGPS                      
20002af0  __stack                        
20002bf0  __STACK_TOP                    
200032f0  __STACK_END                    
200032f0  _sys_memory                    
20003af0  _ftable                        
20003cb0  pxCurrentTCB                   
20003ce0  __TI_ft_end                    
20003ce4  __aeabi_stdin                  
20003ce8  __aeabi_stdout                 
20003cec  __aeabi_stderr                 
20003cf0  __TI_cleanup_ptr               
20003cf4  __TI_dtors_ptr                 
20003cf8  __TI_enable_exit_profile_output
20003d08  _lock                          
20003d0c  _unlock                        
20003d1c  errno                          
20003d24  main_func_sp                   
ffffffff  __TI_pprof_out_hndl            
ffffffff  __TI_prof_data_size            
ffffffff  __TI_prof_data_start           
ffffffff  __binit__                      
ffffffff  __c_args__                     
ffffffff  binit                          
UNDEFED   SHT$$INIT_ARRAY$$Base          
UNDEFED   SHT$$INIT_ARRAY$$Limit         

[281 symbols]
