******************************************************************************
                  TI ARM Linker PC v16.6.0                     
******************************************************************************
>> Linked Wed Aug 10 15:29:07 2016

OUTPUT FILE NAME:   <RTOStest1.out>
ENTRY POINT SYMBOL: "_c_int00"  address: 00007945


MEMORY CONFIGURATION

         name            origin    length      used     unused   attr    fill
----------------------  --------  ---------  --------  --------  ----  --------
  FLASH                 00000000   00040000  000084a6  00037b5a  R  X
  SRAM                  20000000   00010000  0000455c  0000baa4  RW X


SEGMENT ALLOCATION MAP

run origin  load origin   length   init length attrs members
----------  ----------- ---------- ----------- ----- -------
00000000    00000000    000084a8   000084a8    r-x
  00000000    00000000    000000f0   000000f0    r-- .intvecs
  000000f0    000000f0    00007dfe   00007dfe    r-x .text
  00007ef0    00007ef0    00000518   00000518    r-- .const
  00008408    00008408    000000a0   000000a0    r-- .cinit
20000000    20000000    00004560   00000000    rw-
  20000000    20000000    00002c04   00000000    rw- .bss
  20002c04    20002c04    00000f00   00000000    rw- .stack
  20003b08    20003b08    00000800   00000000    rw- .sysmem
  20004308    20004308    00000258   00000000    rw- .data


SECTION ALLOCATION MAP

 output                                  attributes/
section   page    origin      length       input sections
--------  ----  ----------  ----------   ----------------
.intvecs   0    00000000    000000f0     
                  00000000    000000f0     startup_ccs.obj (.intvecs)

.text      0    000000f0    00007dfe     
                  000000f0    00001102     rtsv7M3_T_le_eabi.lib : _printfi.obj (.text)
                  000011f2    00000002                           : mpu_init.obj (.text)
                  000011f4    00000c74     tasks.obj (.text)
                  00001e68    000009a4     data_process.obj (.text)
                  0000280c    00000726     display.obj (.text)
                  00002f32    00000614     queue.obj (.text)
                  00003546    00000002     rtsv7M3_T_le_eabi.lib : startup.obj (.text)
                  00003548    000005f4     main.obj (.text)
                  00003b3c    00000510     rit128x96x4.obj (.text)
                  0000404c    0000047c     init.obj (.text)
                  000044c8    000003cc     rtsv7M3_T_le_eabi.lib : memory.obj (.text)
                  00004894    00000324                           : trgdrv.obj (.text)
                  00004bb8    0000030c                           : lowlev.obj (.text)
                  00004ec4    00000268     speed.obj (.text)
                  0000512c    0000023c     rtsv7M3_T_le_eabi.lib : strtod.obj (.text)
                  00005368    00000224                           : e_fmod.obj (.text)
                  0000558c    000001f4                           : ull_div_t2.obj (.text)
                  00005780    000001d8     driverlib-cm3.lib : sysctl.obj (.text:SysCtlClockGet)
                  00005958    000001c4     rtsv7M3_T_le_eabi.lib : fopen.obj (.text)
                  00005b1c    000001bc     heap_2.obj (.text)
                  00005cd8    000001b6     rtsv7M3_T_le_eabi.lib : fd_add_t2.obj (.text)
                  00005e8e    00000002     --HOLE-- [fill = 0]
                  00005e90    00000144     driverlib-cm3.lib : sysctl.obj (.text:SysCtlClockSet)
                  00005fd4    00000136     rtsv7M3_T_le_eabi.lib : fd_div_t2.obj (.text)
                  0000610a    00000002     --HOLE-- [fill = 0]
                  0000610c    00000134                           : fputs.obj (.text)
                  00006240    0000012e     list.obj (.text)
                  0000636e    00000002     --HOLE-- [fill = 0]
                  00006370    0000011c     debounce.obj (.text)
                  0000648c    000000fc     rtsv7M3_T_le_eabi.lib : fd_mul_t2.obj (.text)
                  00006588    000000fa                           : fs_add_t2.obj (.text)
                  00006682    00000002     --HOLE-- [fill = 0]
                  00006684    000000e4     port.obj (.text)
                  00006768    000000dc     rtsv7M3_T_le_eabi.lib : setvbuf.obj (.text)
                  00006844    000000d0                           : s_scalbn.obj (.text)
                  00006914    000000c8     driverlib-cm3.lib : gpio.obj (.text:GPIOPadConfigSet)
                  000069dc    000000c8     rtsv7M3_T_le_eabi.lib : fflush.obj (.text)
                  00006aa4    000000ac                           : _io_perm.obj (.text)
                  00006b50    0000009c     portasm.obj (.text)
                  00006bec    0000009c     rtsv7M3_T_le_eabi.lib : memcpy_t2.obj (.text)
                  00006c88    00000098                           : fclose.obj (.text)
                  00006d20    00000098                           : fputc.obj (.text)
                  00006db8    00000092                           : fs_div_t2.obj (.text)
                  00006e4a    00000002     --HOLE-- [fill = 0]
                  00006e4c    00000088     driverlib-cm3.lib : sysctl.obj (.text:SysCtlPeripheralReset)
                  00006ed4    00000086     rtsv7M3_T_le_eabi.lib : fd_cmp_t2.obj (.text:__aeabi_cdcmple)
                  00006f5a    00000086                           : fd_cmp_t2.obj (.text:__aeabi_cdrcmple)
                  00006fe0    0000007a                           : fs_mul_t2.obj (.text)
                  0000705a    0000007a                           : memset_t2.obj (.text)
                  000070d4    00000070                           : autoinit.obj (.text)
                  00007144    00000070                           : printf.obj (.text)
                  000071b4    0000006e                           : fd_tos_t2.obj (.text)
                  00007222    0000006c     driverlib-cm3.lib : adc.obj (.text:ADCSequenceStepConfigure)
                  0000728e    00000002     --HOLE-- [fill = 0]
                  00007290    00000068     rtsv7M3_T_le_eabi.lib : trgmsg.obj (.text)
                  000072f8    00000066                           : copy_decompress_lzss.obj (.text:decompress:lzss)
                  0000735e    00000002     --HOLE-- [fill = 0]
                  00007360    00000064     driverlib-cm3.lib : interrupt.obj (.text:IntEnable)
                  000073c4    00000064     rtsv7M3_T_le_eabi.lib : fseek.obj (.text)
                  00007428    00000060                           : fs_cmp_t2.obj (.text:__aeabi_cfcmple)
                  00007488    00000060                           : fs_cmp_t2.obj (.text:__aeabi_cfrcmple)
                  000074e8    00000060     basic_io.obj (.text)
                  00007548    00000060     rtsv7M3_T_le_eabi.lib : sprintf.obj (.text)
                  000075a8    0000005c                           : s_frexp.obj (.text)
                  00007604    00000058     driverlib-cm3.lib : sysctl.obj (.text:SysCtlPeripheralEnable)
                  0000765c    00000056     rtsv7M3_T_le_eabi.lib : ltoa.obj (.text)
                  000076b2    00000002     --HOLE-- [fill = 0]
                  000076b4    00000054                           : exit.obj (.text)
                  00007708    0000004c                           : atoi.obj (.text)
                  00007754    0000004c                           : atol.obj (.text)
                  000077a0    0000004c                           : cpy_tbl.obj (.text)
                  000077ec    00000048                           : fd_toi_t2.obj (.text)
                  00007834    00000044     driverlib-cm3.lib : gpio.obj (.text:GPIOIntTypeSet)
                  00007878    00000044                       : ssi.obj (.text:SSIConfigSetExpClk)
                  000078bc    00000044     rtsv7M3_T_le_eabi.lib : fd_tou_t2.obj (.text)
                  00007900    00000042     driverlib-cm3.lib : uart.obj (.text:UARTConfigSetExpClk)
                  00007942    00000002     --HOLE-- [fill = 0]
                  00007944    00000040     rtsv7M3_T_le_eabi.lib : boot.obj (.text)
                  00007984    00000038                           : fs_tod_t2.obj (.text)
                  000079bc    00000038                           : fs_toi_t2.obj (.text)
                  000079f4    00000038                           : i_tofs_t2.obj (.text)
                  00007a2c    00000036                           : strncpy.obj (.text)
                  00007a62    00000036                           : strstr.obj (.text)
                  00007a98    00000034                           : fs_tou_t2.obj (.text)
                  00007acc    0000002e     driverlib-cm3.lib : gpio.obj (.text:GPIODirModeSet)
                  00007afa    0000002e     rtsv7M3_T_le_eabi.lib : i_tofd_t2.obj (.text)
                  00007b28    0000002a     driverlib-cm3.lib : adc.obj (.text:ADCSequenceConfigure)
                  00007b52    00000028                       : pwm.obj (.text:PWMGenConfigure)
                  00007b7a    00000002     --HOLE-- [fill = 0]
                  00007b7c    00000024                       : timer.obj (.text:TimerConfigure)
                  00007ba0    00000024     rtsv7M3_T_le_eabi.lib : memcmp.obj (.text)
                  00007bc4    00000020                           : memchr.obj (.text)
                  00007be4    00000020                           : u_tofd_t2.obj (.text)
                  00007c04    0000001e     driverlib-cm3.lib : pwm.obj (.text:PWMPulseWidthSet)
                  00007c22    00000002     --HOLE-- [fill = 0]
                  00007c24    0000001c                       : uart.obj (.text:UARTDisable)
                  00007c40    0000001a     rtsv7M3_T_le_eabi.lib : memccpy.obj (.text)
                  00007c5a    00000002     --HOLE-- [fill = 0]
                  00007c5c    00000018                           : args_main.obj (.text)
                  00007c74    00000018                           : strcmp.obj (.text)
                  00007c8c    00000016     driverlib-cm3.lib : pwm.obj (.text:PWMOutputState)
                  00007ca2    00000016     rtsv7M3_T_le_eabi.lib : strchr.obj (.text)
                  00007cb8    00000016                           : strcpy.obj (.text)
                  00007cce    00000014     driverlib-cm3.lib : pwm.obj (.text:PWMGenPeriodSet)
                  00007ce2    00000002     --HOLE-- [fill = 0]
                  00007ce4    00000014                       : sysctl.obj (.text:SysCtlPWMClockSet)
                  00007cf8    00000014                       : uart.obj (.text:UARTEnable)
                  00007d0c    00000014     rtsv7M3_T_le_eabi.lib : _lock.obj (.text)
                  00007d20    00000014                           : strlen.obj (.text)
                  00007d34    00000012     driverlib-cm3.lib : gpio.obj (.text:GPIOPinTypeADC)
                  00007d46    00000012                       : gpio.obj (.text:GPIOPinTypeGPIOOutput)
                  00007d58    00000012                       : gpio.obj (.text:GPIOPinTypePWM)
                  00007d6a    00000012                       : gpio.obj (.text:GPIOPinTypeSSI)
                  00007d7c    00000012                       : gpio.obj (.text:GPIOPinTypeUART)
                  00007d8e    00000012                       : ssi.obj (.text:SSIDataGetNonBlocking)
                  00007da0    00000012                       : timer.obj (.text:TimerLoadSet)
                  00007db2    00000010                       : uart.obj (.text:UARTCharGetNonBlocking)
                  00007dc2    0000000e                       : adc.obj (.text:ADCSequenceEnable)
                  00007dd0    0000000e                       : timer.obj (.text:TimerEnable)
                  00007dde    0000000e     rtsv7M3_T_le_eabi.lib : copy_decompress_none.obj (.text:decompress:none)
                  00007dec    0000000c     driverlib-cm3.lib : cpu.obj (.text:CPUcpsid)
                  00007df8    0000000c                       : cpu.obj (.text:CPUcpsie)
                  00007e04    0000000c                       : gpio.obj (.text:GPIOPinIntEnable)
                  00007e10    0000000c                       : systick.obj (.text:SysTickValueGet)
                  00007e1c    0000000c                       : uart.obj (.text:UARTCharsAvail)
                  00007e28    0000000c     rtsv7M3_T_le_eabi.lib : copy_zero_init.obj (.text:decompress:ZI)
                  00007e34    0000000c     startup_ccs.obj (.text)
                  00007e40    0000000a     driverlib-cm3.lib : adc.obj (.text:ADCIntClear)
                  00007e4a    0000000a                       : interrupt.obj (.text:IntMasterDisable)
                  00007e54    0000000a                       : interrupt.obj (.text:IntMasterEnable)
                  00007e5e    0000000a                       : pwm.obj (.text:PWMGenEnable)
                  00007e68    0000000a                       : ssi.obj (.text:SSIDataPut)
                  00007e72    0000000a                       : ssi.obj (.text:SSIDisable)
                  00007e7c    0000000a                       : ssi.obj (.text:SSIEnable)
                  00007e86    0000000a                       : uart.obj (.text:UARTCharPut)
                  00007e90    0000000a                       : uart.obj (.text:UARTFIFOEnable)
                  00007e9a    0000000a                       : uart.obj (.text:UARTIntStatus)
                  00007ea4    00000008                       : ssi.obj (.text:SSIBusy)
                  00007eac    00000008                       : timer.obj (.text:TimerIntEnable)
                  00007eb4    00000008                       : uart.obj (.text:UARTIntEnable)
                  00007ebc    00000008     rtsv7M3_T_le_eabi.lib : s_copysign.obj (.text)
                  00007ec4    00000006     driverlib-cm3.lib : gpio.obj (.text:GPIOPinIntClear)
                  00007eca    00000006                       : gpio.obj (.text:GPIOPinRead)
                  00007ed0    00000006                       : gpio.obj (.text:GPIOPinWrite)
                  00007ed6    00000006                       : sysctl.obj (.text:SysCtlDelay)
                  00007edc    00000006     rtsv7M3_T_le_eabi.lib : atof.obj (.text)
                  00007ee2    00000004     driverlib-cm3.lib : timer.obj (.text:TimerIntClear)
                  00007ee6    00000004                       : uart.obj (.text:UARTIntClear)
                  00007eea    00000004     rtsv7M3_T_le_eabi.lib : pre_init.obj (.text)

.const     0    00007ef0    00000518     
                  00007ef0    000001e0     rit128x96x4.obj (.const:g_pucFont)
                  000080d0    00000101     rtsv7M3_T_le_eabi.lib : ctype.obj (.const:.string:_ctypes_)
                  000081d1    00000003     rit128x96x4.obj (.const:.string:pucCommand1$1)
                  000081d4    00000003     rit128x96x4.obj (.const:.string:pucCommand2$2)
                  000081d7    00000001     --HOLE-- [fill = 0]
                  000081d8    00000098     rtsv7M3_T_le_eabi.lib : strtod.obj (.const:$O1$$)
                  00008270    00000070     driverlib-cm3.lib : interrupt.obj (.const)
                  000082e0    0000006c                       : sysctl.obj (.const:g_pulXtals)
                  0000834c    0000004f     rit128x96x4.obj (.const:.string:g_pucRIT128x96x4Init)
                  0000839b    00000001     --HOLE-- [fill = 0]
                  0000839c    00000040     driverlib-cm3.lib : sysctl.obj (.const)
                  000083dc    00000014     tasks.obj (.const:.string:ucExpectedStackBytes$1)
                  000083f0    00000010     rtsv7M3_T_le_eabi.lib : e_fmod.obj (.const:Zero)
                  00008400    00000002     rit128x96x4.obj (.const:.string:g_pucRIT128x96x4HorizontalInc)
                  00008402    00000002     rit128x96x4.obj (.const:.string:g_pucRIT128x96x4VerticalInc)
                  00008404    00000002     rit128x96x4.obj (.const:.string:pucCommand1$3)
                  00008406    00000002     heap_2.obj (.const)

.cinit     0    00008408    000000a0     
                  00008408    0000007c     (.cinit..data.load) [load image, compression = lzss]
                  00008484    0000000c     (__TI_handler_table)
                  00008490    00000008     (.cinit..bss.load) [load image, compression = zero_init]
                  00008498    00000010     (__TI_cinit_table)

.bss       0    20000000    00002c04     UNINITIALIZED
                  20000000    00002800     heap_2.obj (.bss:xHeap)
                  20002800    00000120     rtsv7M3_T_le_eabi.lib : trgmsg.obj (.bss:_CIOBUF_)
                  20002920    000000a0     (.common:__TI_tmpnams)
                  200029c0    00000078     (.common:UART_char_data)
                  20002a38    00000078     (.common:UART_char_data_old)
                  20002ab0    00000064     tasks.obj (.bss:pxReadyTasksLists)
                  20002b14    00000034     basic_io.obj (.bss:cBuffer)
                  20002b48    00000014     tasks.obj (.bss:xDelayedTaskList1)
                  20002b5c    00000014     tasks.obj (.bss:xDelayedTaskList2)
                  20002b70    00000014     tasks.obj (.bss:xPendingReadyList)
                  20002b84    00000014     tasks.obj (.bss:xSuspendedTaskList)
                  20002b98    00000014     tasks.obj (.bss:xTasksWaitingTermination)
                  20002bac    00000008     rit128x96x4.obj (.bss:g_pucBuffer)
                  20002bb4    00000008     rtsv7M3_T_le_eabi.lib : trgdrv.obj (.bss:parmbuf)
                  20002bbc    00000008     tasks.obj (.bss)
                  20002bc4    00000008     heap_2.obj (.bss:xEnd)
                  20002bcc    00000008     heap_2.obj (.bss:xStart)
                  20002bd4    00000008     (.common:PWM_DATA)
                  20002bdc    00000008     (.common:encoder_1)
                  20002be4    00000004     rit128x96x4.obj (.bss)
                  20002be8    00000004     (.common:period)
                  20002bec    00000004     (.common:xBinarySemaphoreFilter)
                  20002bf0    00000004     (.common:xBinarySemaphoreGPS)
                  20002bf4    00000004     (.common:xQueueBuffedSpeed)
                  20002bf8    00000004     (.common:xQueueButtons)
                  20002bfc    00000004     (.common:xQueueGPSDATA)
                  20002c00    00000004     (.common:xQueueSpeed)

.stack     0    20002c04    00000f00     UNINITIALIZED
                  20002c04    00000f00     --HOLE--

.sysmem    0    20003b08    00000800     UNINITIALIZED
                  20003b08    00000008     rtsv7M3_T_le_eabi.lib : memory.obj (.sysmem)
                  20003b10    000007f8     --HOLE--

.data      0    20004308    00000258     UNINITIALIZED
                  20004308    000000f0     rtsv7M3_T_le_eabi.lib : defs.obj (.data:_ftable)
                  200043f8    000000d0                           : lowlev.obj (.data:$O1$$)
                  200044c8    00000030     tasks.obj (.data)
                  200044f8    00000014     data_process.obj (.data)
                  2000450c    00000010     rtsv7M3_T_le_eabi.lib : defs.obj (.data)
                  2000451c    0000000c                           : exit.obj (.data:$O1$$)
                  20004528    0000000c                           : memory.obj (.data:$O1$$)
                  20004534    0000000c     main.obj (.data)
                  20004540    00000008     rtsv7M3_T_le_eabi.lib : _lock.obj (.data:$O1$$)
                  20004548    00000008     heap_2.obj (.data)
                  20004550    00000004     port.obj (.data)
                  20004554    00000004     rtsv7M3_T_le_eabi.lib : errno.obj (.data)
                  20004558    00000004                           : fopen.obj (.data)
                  2000455c    00000004                           : stkdepth_vars.obj (.data)

MODULE SUMMARY

       Module                     code    ro data   rw data
       ------                     ----    -------   -------
    .\
       tasks.obj                  3188    20        256    
       data_process.obj           2468    0         20     
       rit128x96x4.obj            1296    571       12     
       display.obj                1830    0         0      
       main.obj                   1524    0         292    
       queue.obj                  1556    0         0      
       init.obj                   1148    0         4      
       speed.obj                  616     0         0      
       list.obj                   302     0         0      
       debounce.obj               284     0         0      
       startup_ccs.obj            12      240       0      
    +--+--------------------------+-------+---------+---------+
       Total:                     14224   831       584    
                                                           
    .\demo_code\
       basic_io.obj               96      0         52     
    +--+--------------------------+-------+---------+---------+
       Total:                     96      0         52     
                                                           
    .\portable\
       heap_2.obj                 444     2         10264  
       port.obj                   228     0         4      
       portasm.obj                156     0         0      
    +--+--------------------------+-------+---------+---------+
       Total:                     828     2         10268  
                                                           
    C:/ti/StellarisWare/driverlib/ccs-cm3/Debug/driverlib-cm3.lib
       sysctl.obj                 1046    172       0      
       gpio.obj                   434     0         0      
       interrupt.obj              120     112       0      
       uart.obj                   184     0         0      
       adc.obj                    174     0         0      
       ssi.obj                    124     0         0      
       pwm.obj                    122     0         0      
       timer.obj                  80      0         0      
       cpu.obj                    24      0         0      
       systick.obj                12      0         0      
    +--+--------------------------+-------+---------+---------+
       Total:                     2320    284       0      
                                                           
    C:\ti\ccsv6\tools\compiler\ti-cgt-arm_16.6.0.STS\lib\rtsv7M3_T_le_eabi.lib
       _printfi.obj               4354    0         0      
       lowlev.obj                 780     0         208    
       memory.obj                 972     0         12     
       trgdrv.obj                 804     0         8      
       strtod.obj                 572     152       0      
       e_fmod.obj                 548     16        0      
       ull_div_t2.obj             500     0         0      
       fopen.obj                  452     0         4      
       fd_add_t2.obj              438     0         0      
       defs.obj                   0       0         416    
       trgmsg.obj                 104     0         288    
       fd_div_t2.obj              310     0         0      
       fputs.obj                  308     0         0      
       fd_cmp_t2.obj              268     0         0      
       ctype.obj                  0       257       0      
       fd_mul_t2.obj              252     0         0      
       fs_add_t2.obj              250     0         0      
       setvbuf.obj                220     0         0      
       s_scalbn.obj               208     0         0      
       fflush.obj                 200     0         0      
       fs_cmp_t2.obj              192     0         0      
       _io_perm.obj               172     0         0      
       memcpy_t2.obj              156     0         0      
       fclose.obj                 152     0         0      
       fputc.obj                  152     0         0      
       fs_div_t2.obj              146     0         0      
       fs_mul_t2.obj              122     0         0      
       memset_t2.obj              122     0         0      
       autoinit.obj               112     0         0      
       printf.obj                 112     0         0      
       fd_tos_t2.obj              110     0         0      
       copy_decompress_lzss.obj   102     0         0      
       fseek.obj                  100     0         0      
       exit.obj                   84      0         12     
       sprintf.obj                96      0         0      
       s_frexp.obj                92      0         0      
       ltoa.obj                   86      0         0      
       atoi.obj                   76      0         0      
       atol.obj                   76      0         0      
       cpy_tbl.obj                76      0         0      
       fd_toi_t2.obj              72      0         0      
       fd_tou_t2.obj              68      0         0      
       boot.obj                   64      0         0      
       fs_tod_t2.obj              56      0         0      
       fs_toi_t2.obj              56      0         0      
       i_tofs_t2.obj              56      0         0      
       strncpy.obj                54      0         0      
       strstr.obj                 54      0         0      
       fs_tou_t2.obj              52      0         0      
       i_tofd_t2.obj              46      0         0      
       memcmp.obj                 36      0         0      
       memchr.obj                 32      0         0      
       u_tofd_t2.obj              32      0         0      
       _lock.obj                  20      0         8      
       memccpy.obj                26      0         0      
       args_main.obj              24      0         0      
       strcmp.obj                 24      0         0      
       strchr.obj                 22      0         0      
       strcpy.obj                 22      0         0      
       strlen.obj                 20      0         0      
       copy_decompress_none.obj   14      0         0      
       copy_zero_init.obj         12      0         0      
       s_copysign.obj             8       0         0      
       atof.obj                   6       0         0      
       errno.obj                  0       0         4      
       pre_init.obj               4       0         0      
       stkdepth_vars.obj          0       0         4      
       mpu_init.obj               2       0         0      
       startup.obj                2       0         0      
    +--+--------------------------+-------+---------+---------+
       Total:                     14760   425       964    
                                                           
       Heap:                      0       0         2048   
       Stack:                     0       0         3840   
       Linker Generated:          0       160       0      
    +--+--------------------------+-------+---------+---------+
       Grand Total:               32228   1702      17756  


LINKER GENERATED COPY TABLES

__TI_cinit_table @ 00008498 records: 2, size/record: 8, table size: 16
	.data: load addr=00008408, load size=0000007c bytes, run addr=20004308, run size=00000258 bytes, compression=lzss
	.bss: load addr=00008490, load size=00000008 bytes, run addr=20000000, run size=00002c04 bytes, compression=zero_init


LINKER GENERATED HANDLER TABLE

__TI_handler_table @ 00008484 records: 3, size/record: 4, table size: 12
	index: 0, handler: __TI_decompress_lzss
	index: 1, handler: __TI_decompress_none
	index: 2, handler: __TI_zero_init


GLOBAL SYMBOLS: SORTED ALPHABETICALLY BY Name 

address   name                           
-------   ----                           
00007e41  ADCIntClear                    
00007b29  ADCSequenceConfigure           
00007dc3  ADCSequenceEnable              
00007223  ADCSequenceStepConfigure       
000076b5  C$$EXIT                        
000072bf  C$$IO$$                        
00007ded  CPUcpsid                       
00007df9  CPUcpsie                       
00007acd  GPIODirModeSet                 
00007835  GPIOIntTypeSet                 
00006915  GPIOPadConfigSet               
00007ec5  GPIOPinIntClear                
00007e05  GPIOPinIntEnable               
00007ecb  GPIOPinRead                    
00007d35  GPIOPinTypeADC                 
00007d47  GPIOPinTypeGPIOOutput          
00007d59  GPIOPinTypePWM                 
00007d6b  GPIOPinTypeSSI                 
00007d7d  GPIOPinTypeUART                
00007ed1  GPIOPinWrite                   
00004b6f  HOSTclock                      
00004b37  HOSTclose                      
00004af9  HOSTgetenv                     
00004a9d  HOSTlseek                      
00004a4b  HOSTopen                       
000049ff  HOSTread                       
000049a1  HOSTrename                     
00004967  HOSTtime                       
00004919  HOSTtime64                     
000048e1  HOSTunlink                     
00004895  HOSTwrite                      
00007361  IntEnable                      
00007e4b  IntMasterDisable               
00007e55  IntMasterEnable                
00007b53  PWMGenConfigure                
00007e5f  PWMGenEnable                   
00007ccf  PWMGenPeriodSet                
00007c8d  PWMOutputState                 
00007c05  PWMPulseWidthSet               
20002bd4  PWM_DATA                       
000050c1  PWM_direction                  
00005099  PWM_duty                       
000035e5  PinChangeIntHandler            
00003c45  RIT128x96x4Clear               
00003ec3  RIT128x96x4Disable             
00004015  RIT128x96x4DisplayOff          
00003fe1  RIT128x96x4DisplayOn           
00003e69  RIT128x96x4Enable              
00003de1  RIT128x96x4ImageDraw           
00003f3d  RIT128x96x4Init                
00003ca1  RIT128x96x4StringDraw          
00007e35  ResetISR                       
UNDEFED   SHT$$INIT_ARRAY$$Base          
UNDEFED   SHT$$INIT_ARRAY$$Limit         
00007ea5  SSIBusy                        
00007879  SSIConfigSetExpClk             
00007d8f  SSIDataGetNonBlocking          
00007e69  SSIDataPut                     
00007e73  SSIDisable                     
00007e7d  SSIEnable                      
00005781  SysCtlClockGet                 
00005e91  SysCtlClockSet                 
00007ed7  SysCtlDelay                    
00007ce5  SysCtlPWMClockSet              
00007605  SysCtlPeripheralEnable         
00006e4d  SysCtlPeripheralReset          
00007e11  SysTickValueGet                
00003637  Timer0IntHandler               
00003643  Timer1IntHandler               
00007b7d  TimerConfigure                 
00007dd1  TimerEnable                    
00007ee3  TimerIntClear                  
00007ead  TimerIntEnable                 
00007da1  TimerLoadSet                   
00007db3  UARTCharGetNonBlocking         
00007e87  UARTCharPut                    
00007e1d  UARTCharsAvail                 
00007901  UARTConfigSetExpClk            
00007c25  UARTDisable                    
00007cf9  UARTEnable                     
00007e91  UARTFIFOEnable                 
00007ee7  UARTIntClear                   
00007eb5  UARTIntEnable                  
000035a3  UARTIntHandler                 
00007e9b  UARTIntStatus                  
00004279  UARTSend                       
200029c0  UART_char_data                 
20002a38  UART_char_data_old             
20002800  __CIOBUF_                      
20003b04  __STACK_END                    
00000f00  __STACK_SIZE                   
20002d04  __STACK_TOP                    
00000800  __SYSMEM_SIZE                  
00008498  __TI_CINIT_Base                
000084a8  __TI_CINIT_Limit               
00008484  __TI_Handler_Table_Base        
00008490  __TI_Handler_Table_Limit       
000070d5  __TI_auto_init                 
00005a21  __TI_cleanup                   
2000451c  __TI_cleanup_ptr               
00006c89  __TI_closefile                 
000072f9  __TI_decompress_lzss           
00007ddf  __TI_decompress_none           
000069dd  __TI_doflush                   
20004520  __TI_dtors_ptr                 
20004524  __TI_enable_exit_profile_output
2000450c  __TI_ft_end                    
ffffffff  __TI_pprof_out_hndl            
0000091d  __TI_printfi                   
ffffffff  __TI_prof_data_size            
ffffffff  __TI_prof_data_start           
00006b07  __TI_rd_ok                     
000072c3  __TI_readmsg                   
00000000  __TI_static_base__             
20002920  __TI_tmpnams                   
00007291  __TI_writemsg                  
00006aa5  __TI_wrt_ok                    
00007e29  __TI_zero_init                 
00006ed5  __aeabi_cdcmpeq                
00006ed5  __aeabi_cdcmple                
00006f5b  __aeabi_cdrcmple               
00007429  __aeabi_cfcmpeq                
00007429  __aeabi_cfcmple                
00007489  __aeabi_cfrcmple               
000071b5  __aeabi_d2f                    
000077ed  __aeabi_d2iz                   
000078bd  __aeabi_d2uiz                  
00005ce3  __aeabi_dadd                   
00005fd5  __aeabi_ddiv                   
0000648d  __aeabi_dmul                   
00005cd9  __aeabi_dsub                   
00007985  __aeabi_f2d                    
000079bd  __aeabi_f2iz                   
00007a99  __aeabi_f2uiz                  
0000658d  __aeabi_fadd                   
00006db9  __aeabi_fdiv                   
00006fe1  __aeabi_fmul                   
00006589  __aeabi_fsub                   
00007afb  __aeabi_i2d                    
000079f5  __aeabi_i2f                    
0000705b  __aeabi_memclr                 
0000705b  __aeabi_memclr4                
0000705b  __aeabi_memclr8                
00006bed  __aeabi_memcpy                 
00006bed  __aeabi_memcpy4                
00006bed  __aeabi_memcpy8                
0000705d  __aeabi_memset                 
0000705d  __aeabi_memset4                
0000705d  __aeabi_memset8                
20004518  __aeabi_stderr                 
20004510  __aeabi_stdin                  
20004514  __aeabi_stdout                 
00007be5  __aeabi_ui2d                   
0000558d  __aeabi_uldivmod               
ffffffff  __binit__                      
ffffffff  __c_args__                     
000011f3  __mpu_init                     
20002c04  __stack                        
00007c5d  _args_main                     
00007945  _c_int00                       
000080d0  _ctypes_                       
20004308  _ftable                        
20004540  _lock                          
00007d1b  _nop                           
00007d13  _register_lock                 
00007d0d  _register_unlock               
20003b08  _sys_memory                    
00003547  _system_post_cinit             
00007eeb  _system_pre_init               
20004544  _unlock                        
000076b9  abort                          
20004500  acceleration                   
00002b93  accleration_screen             
00004e19  add_device                     
00004f53  analysis_speed                 
00007edd  atof                           
00007709  atoi                           
00007755  atol                           
ffffffff  binit                          
200044f8  buffed_speed                   
200044fc  buffed_speed_1_old             
00001eff  calculate_accleration          
00001e6f  calculate_distance             
00004867  calloc                         
0000280d  clearDisplay                   
00004dc9  close                          
000077a1  copy_in                        
00007ebd  copysign                       
00007ebd  copysignl                      
00001f55  decode_GGA                     
00002351  decode_RMC                     
00002d15  display                        
20004504  distance                       
20002bdc  encoder_1                      
00004f9b  encoder_quad                   
000029d3  enter_fuel_display             
20004554  errno                          
000076c1  exit                           
00006cef  fclose                         
00006a29  fflush                         
00005369  fmod                           
00005369  fmodl                          
00005a77  fopen                          
00006d21  fputc                          
0000610d  fputs                          
000045b3  free                           
00005a4d  freopen                        
000075a9  frexp                          
000075a9  frexpl                         
000073c5  fseek                          
00000000  g_pfnVectors                   
20004534  index                          
0000410d  initADC                        
000043c5  initCircBuf                    
00004089  initClock                      
000042c1  initConsole                    
00004103  initDisplay                    
00004093  initGPIO                       
0000414d  initPWMchan                    
000040b7  initPin                        
00004351  initTimer                      
0000441d  init_acc_time                  
00002921  init_password                  
000043f5  init_set_speed_data            
0000640f  invert_bool                    
00006433  invert_button                  
20004508  last_time                      
00006845  ldexp                          
00006845  ldexpl                         
00004da5  lseek                          
0000765d  ltoa                           
0000364f  main                           
2000455c  main_func_sp                   
00004549  malloc                         
0000477d  memalign                       
00007c41  memccpy                        
00007bc5  memchr                         
00007ba1  memcmp                         
00006bed  memcpy                         
00007063  memset                         
000044c9  minit                          
00002aaf  no_fix_screen                  
00004cf7  open                           
0000288b  password_display               
20002be8  period                         
0000714d  printf                         
00006d21  putc                           
00006da5  putchar                        
00006217  puts                           
00005b1d  pvPortMalloc                   
200044c8  pxCurrentTCB                   
00006685  pxPortInitialiseStack          
00004cd3  read                           
00001eeb  read_acceleration              
00002815  read_button_screen             
00006371  read_buttons                   
00001e69  read_distance                  
00004675  realloc                        
00004c49  remove                         
00004cab  remove_device                  
00004c6d  rename                         
0000404d  reset_peripheral               
00002a19  review_fuel_display            
00006845  scalbn                         
00006845  scalbnl                        
00004209  send_data                      
2000453c  set_speed                      
00002939  set_speed_display              
00004ec5  set_speed_func                 
00006769  setvbuf                        
00005027  speed_feedback                 
00002769  split_data                     
00007549  sprintf                        
00003549  store_char                     
00004f09  store_speed                    
00007ca3  strchr                         
00007c75  strcmp                         
00007cb9  strcpy                         
00007d21  strlen                         
00007a2d  strncpy                        
00007a63  strstr                         
0000512d  strtod                         
0000512d  strtold                        
00004c49  unlink                         
0000334d  uxQueueMessagesWaiting         
00003363  uxQueueMessagesWaitingFromISR  
0000187d  uxTaskGetNumberOfTasks         
00001485  uxTaskPriorityGet              
00003ab5  vApplicationIdleHook           
00003aa9  vApplicationMallocFailedHook   
00003aab  vApplicationStackOverflowHook  
00003ab7  vApplicationTickHook           
00003809  vDebounceButtons               
000039b1  vDisplayTask                   
00003a75  vFakeGPS                       
000038b9  vFilterSpeed                   
00006241  vListInitialise                
00006271  vListInitialiseItem            
000062c5  vListInsert                    
00006281  vListInsertEnd                 
0000632b  vListRemove                    
00003841  vPWM                           
00006b9d  vPortClearInterruptMask        
00006bdb  vPortEnableVFP                 
000066f5  vPortEndScheduler              
00006701  vPortEnterCritical             
00006711  vPortExitCritical              
00005c4f  vPortFree                      
00005cb7  vPortInitialiseBlocks          
00006bab  vPortSVCHandler                
00006b8f  vPortSetInterruptMask          
00006bc9  vPortStartFirstTask            
000066f7  vPortYieldFromISR              
000074e9  vPrintString                   
0000750d  vPrintStringAndNumber          
00003375  vQueueDelete                   
00003789  vReadGPS                       
00001421  vTaskDelay                     
00001371  vTaskDelayUntil                
00001309  vTaskDelete                    
0000177d  vTaskEndScheduler              
0000188d  vTaskIncrementTick             
00001b91  vTaskMissedYield               
000019f5  vTaskPlaceOnEventList          
00001dd9  vTaskPriorityDisinherit        
00001d4d  vTaskPriorityInherit           
000014c1  vTaskPrioritySet               
00001651  vTaskResume                    
00001af3  vTaskSetTimeOutState           
00001733  vTaskStartScheduler            
000015a9  vTaskSuspend                   
0000178f  vTaskSuspendAll                
00001935  vTaskSwitchContext             
20004538  value                          
00004bb9  write                          
20002bec  xBinarySemaphoreFilter         
20002bf0  xBinarySemaphoreGPS            
00005cb1  xPortGetFreeHeapSize           
00006b55  xPortPendSVHandler             
000066cd  xPortStartScheduler            
00006727  xPortSysTickHandler            
20002bf4  xQueueBuffedSpeed              
20002bf8  xQueueButtons                  
00002f33  xQueueCreate                   
00003041  xQueueCreateCountingSemaphore  
00002fd9  xQueueCreateMutex              
20002bfc  xQueueGPSDATA                  
000031b1  xQueueGenericReceive           
0000305f  xQueueGenericSend              
00003147  xQueueGenericSendFromISR       
000034ef  xQueueIsQueueEmptyFromISR      
00003529  xQueueIsQueueFullFromISR       
000032e5  xQueueReceiveFromISR           
20002c00  xQueueSpeed                    
00001b19  xTaskCheckForTimeOut           
000011f5  xTaskGenericCreate             
00001d39  xTaskGetCurrentTaskHandle      
00001869  xTaskGetTickCount              
00001601  xTaskIsTaskSuspended           
00001a75  xTaskRemoveFromEventList       
00001799  xTaskResumeAll                 
000016c1  xTaskResumeFromISR             


GLOBAL SYMBOLS: SORTED BY Symbol Address 

address   name                           
-------   ----                           
00000000  __TI_static_base__             
00000000  g_pfnVectors                   
00000800  __SYSMEM_SIZE                  
0000091d  __TI_printfi                   
00000f00  __STACK_SIZE                   
000011f3  __mpu_init                     
000011f5  xTaskGenericCreate             
00001309  vTaskDelete                    
00001371  vTaskDelayUntil                
00001421  vTaskDelay                     
00001485  uxTaskPriorityGet              
000014c1  vTaskPrioritySet               
000015a9  vTaskSuspend                   
00001601  xTaskIsTaskSuspended           
00001651  vTaskResume                    
000016c1  xTaskResumeFromISR             
00001733  vTaskStartScheduler            
0000177d  vTaskEndScheduler              
0000178f  vTaskSuspendAll                
00001799  xTaskResumeAll                 
00001869  xTaskGetTickCount              
0000187d  uxTaskGetNumberOfTasks         
0000188d  vTaskIncrementTick             
00001935  vTaskSwitchContext             
000019f5  vTaskPlaceOnEventList          
00001a75  xTaskRemoveFromEventList       
00001af3  vTaskSetTimeOutState           
00001b19  xTaskCheckForTimeOut           
00001b91  vTaskMissedYield               
00001d39  xTaskGetCurrentTaskHandle      
00001d4d  vTaskPriorityInherit           
00001dd9  vTaskPriorityDisinherit        
00001e69  read_distance                  
00001e6f  calculate_distance             
00001eeb  read_acceleration              
00001eff  calculate_accleration          
00001f55  decode_GGA                     
00002351  decode_RMC                     
00002769  split_data                     
0000280d  clearDisplay                   
00002815  read_button_screen             
0000288b  password_display               
00002921  init_password                  
00002939  set_speed_display              
000029d3  enter_fuel_display             
00002a19  review_fuel_display            
00002aaf  no_fix_screen                  
00002b93  accleration_screen             
00002d15  display                        
00002f33  xQueueCreate                   
00002fd9  xQueueCreateMutex              
00003041  xQueueCreateCountingSemaphore  
0000305f  xQueueGenericSend              
00003147  xQueueGenericSendFromISR       
000031b1  xQueueGenericReceive           
000032e5  xQueueReceiveFromISR           
0000334d  uxQueueMessagesWaiting         
00003363  uxQueueMessagesWaitingFromISR  
00003375  vQueueDelete                   
000034ef  xQueueIsQueueEmptyFromISR      
00003529  xQueueIsQueueFullFromISR       
00003547  _system_post_cinit             
00003549  store_char                     
000035a3  UARTIntHandler                 
000035e5  PinChangeIntHandler            
00003637  Timer0IntHandler               
00003643  Timer1IntHandler               
0000364f  main                           
00003789  vReadGPS                       
00003809  vDebounceButtons               
00003841  vPWM                           
000038b9  vFilterSpeed                   
000039b1  vDisplayTask                   
00003a75  vFakeGPS                       
00003aa9  vApplicationMallocFailedHook   
00003aab  vApplicationStackOverflowHook  
00003ab5  vApplicationIdleHook           
00003ab7  vApplicationTickHook           
00003c45  RIT128x96x4Clear               
00003ca1  RIT128x96x4StringDraw          
00003de1  RIT128x96x4ImageDraw           
00003e69  RIT128x96x4Enable              
00003ec3  RIT128x96x4Disable             
00003f3d  RIT128x96x4Init                
00003fe1  RIT128x96x4DisplayOn           
00004015  RIT128x96x4DisplayOff          
0000404d  reset_peripheral               
00004089  initClock                      
00004093  initGPIO                       
000040b7  initPin                        
00004103  initDisplay                    
0000410d  initADC                        
0000414d  initPWMchan                    
00004209  send_data                      
00004279  UARTSend                       
000042c1  initConsole                    
00004351  initTimer                      
000043c5  initCircBuf                    
000043f5  init_set_speed_data            
0000441d  init_acc_time                  
000044c9  minit                          
00004549  malloc                         
000045b3  free                           
00004675  realloc                        
0000477d  memalign                       
00004867  calloc                         
00004895  HOSTwrite                      
000048e1  HOSTunlink                     
00004919  HOSTtime64                     
00004967  HOSTtime                       
000049a1  HOSTrename                     
000049ff  HOSTread                       
00004a4b  HOSTopen                       
00004a9d  HOSTlseek                      
00004af9  HOSTgetenv                     
00004b37  HOSTclose                      
00004b6f  HOSTclock                      
00004bb9  write                          
00004c49  remove                         
00004c49  unlink                         
00004c6d  rename                         
00004cab  remove_device                  
00004cd3  read                           
00004cf7  open                           
00004da5  lseek                          
00004dc9  close                          
00004e19  add_device                     
00004ec5  set_speed_func                 
00004f09  store_speed                    
00004f53  analysis_speed                 
00004f9b  encoder_quad                   
00005027  speed_feedback                 
00005099  PWM_duty                       
000050c1  PWM_direction                  
0000512d  strtod                         
0000512d  strtold                        
00005369  fmod                           
00005369  fmodl                          
0000558d  __aeabi_uldivmod               
00005781  SysCtlClockGet                 
00005a21  __TI_cleanup                   
00005a4d  freopen                        
00005a77  fopen                          
00005b1d  pvPortMalloc                   
00005c4f  vPortFree                      
00005cb1  xPortGetFreeHeapSize           
00005cb7  vPortInitialiseBlocks          
00005cd9  __aeabi_dsub                   
00005ce3  __aeabi_dadd                   
00005e91  SysCtlClockSet                 
00005fd5  __aeabi_ddiv                   
0000610d  fputs                          
00006217  puts                           
00006241  vListInitialise                
00006271  vListInitialiseItem            
00006281  vListInsertEnd                 
000062c5  vListInsert                    
0000632b  vListRemove                    
00006371  read_buttons                   
0000640f  invert_bool                    
00006433  invert_button                  
0000648d  __aeabi_dmul                   
00006589  __aeabi_fsub                   
0000658d  __aeabi_fadd                   
00006685  pxPortInitialiseStack          
000066cd  xPortStartScheduler            
000066f5  vPortEndScheduler              
000066f7  vPortYieldFromISR              
00006701  vPortEnterCritical             
00006711  vPortExitCritical              
00006727  xPortSysTickHandler            
00006769  setvbuf                        
00006845  ldexp                          
00006845  ldexpl                         
00006845  scalbn                         
00006845  scalbnl                        
00006915  GPIOPadConfigSet               
000069dd  __TI_doflush                   
00006a29  fflush                         
00006aa5  __TI_wrt_ok                    
00006b07  __TI_rd_ok                     
00006b55  xPortPendSVHandler             
00006b8f  vPortSetInterruptMask          
00006b9d  vPortClearInterruptMask        
00006bab  vPortSVCHandler                
00006bc9  vPortStartFirstTask            
00006bdb  vPortEnableVFP                 
00006bed  __aeabi_memcpy                 
00006bed  __aeabi_memcpy4                
00006bed  __aeabi_memcpy8                
00006bed  memcpy                         
00006c89  __TI_closefile                 
00006cef  fclose                         
00006d21  fputc                          
00006d21  putc                           
00006da5  putchar                        
00006db9  __aeabi_fdiv                   
00006e4d  SysCtlPeripheralReset          
00006ed5  __aeabi_cdcmpeq                
00006ed5  __aeabi_cdcmple                
00006f5b  __aeabi_cdrcmple               
00006fe1  __aeabi_fmul                   
0000705b  __aeabi_memclr                 
0000705b  __aeabi_memclr4                
0000705b  __aeabi_memclr8                
0000705d  __aeabi_memset                 
0000705d  __aeabi_memset4                
0000705d  __aeabi_memset8                
00007063  memset                         
000070d5  __TI_auto_init                 
0000714d  printf                         
000071b5  __aeabi_d2f                    
00007223  ADCSequenceStepConfigure       
00007291  __TI_writemsg                  
000072bf  C$$IO$$                        
000072c3  __TI_readmsg                   
000072f9  __TI_decompress_lzss           
00007361  IntEnable                      
000073c5  fseek                          
00007429  __aeabi_cfcmpeq                
00007429  __aeabi_cfcmple                
00007489  __aeabi_cfrcmple               
000074e9  vPrintString                   
0000750d  vPrintStringAndNumber          
00007549  sprintf                        
000075a9  frexp                          
000075a9  frexpl                         
00007605  SysCtlPeripheralEnable         
0000765d  ltoa                           
000076b5  C$$EXIT                        
000076b9  abort                          
000076c1  exit                           
00007709  atoi                           
00007755  atol                           
000077a1  copy_in                        
000077ed  __aeabi_d2iz                   
00007835  GPIOIntTypeSet                 
00007879  SSIConfigSetExpClk             
000078bd  __aeabi_d2uiz                  
00007901  UARTConfigSetExpClk            
00007945  _c_int00                       
00007985  __aeabi_f2d                    
000079bd  __aeabi_f2iz                   
000079f5  __aeabi_i2f                    
00007a2d  strncpy                        
00007a63  strstr                         
00007a99  __aeabi_f2uiz                  
00007acd  GPIODirModeSet                 
00007afb  __aeabi_i2d                    
00007b29  ADCSequenceConfigure           
00007b53  PWMGenConfigure                
00007b7d  TimerConfigure                 
00007ba1  memcmp                         
00007bc5  memchr                         
00007be5  __aeabi_ui2d                   
00007c05  PWMPulseWidthSet               
00007c25  UARTDisable                    
00007c41  memccpy                        
00007c5d  _args_main                     
00007c75  strcmp                         
00007c8d  PWMOutputState                 
00007ca3  strchr                         
00007cb9  strcpy                         
00007ccf  PWMGenPeriodSet                
00007ce5  SysCtlPWMClockSet              
00007cf9  UARTEnable                     
00007d0d  _register_unlock               
00007d13  _register_lock                 
00007d1b  _nop                           
00007d21  strlen                         
00007d35  GPIOPinTypeADC                 
00007d47  GPIOPinTypeGPIOOutput          
00007d59  GPIOPinTypePWM                 
00007d6b  GPIOPinTypeSSI                 
00007d7d  GPIOPinTypeUART                
00007d8f  SSIDataGetNonBlocking          
00007da1  TimerLoadSet                   
00007db3  UARTCharGetNonBlocking         
00007dc3  ADCSequenceEnable              
00007dd1  TimerEnable                    
00007ddf  __TI_decompress_none           
00007ded  CPUcpsid                       
00007df9  CPUcpsie                       
00007e05  GPIOPinIntEnable               
00007e11  SysTickValueGet                
00007e1d  UARTCharsAvail                 
00007e29  __TI_zero_init                 
00007e35  ResetISR                       
00007e41  ADCIntClear                    
00007e4b  IntMasterDisable               
00007e55  IntMasterEnable                
00007e5f  PWMGenEnable                   
00007e69  SSIDataPut                     
00007e73  SSIDisable                     
00007e7d  SSIEnable                      
00007e87  UARTCharPut                    
00007e91  UARTFIFOEnable                 
00007e9b  UARTIntStatus                  
00007ea5  SSIBusy                        
00007ead  TimerIntEnable                 
00007eb5  UARTIntEnable                  
00007ebd  copysign                       
00007ebd  copysignl                      
00007ec5  GPIOPinIntClear                
00007ecb  GPIOPinRead                    
00007ed1  GPIOPinWrite                   
00007ed7  SysCtlDelay                    
00007edd  atof                           
00007ee3  TimerIntClear                  
00007ee7  UARTIntClear                   
00007eeb  _system_pre_init               
000080d0  _ctypes_                       
00008484  __TI_Handler_Table_Base        
00008490  __TI_Handler_Table_Limit       
00008498  __TI_CINIT_Base                
000084a8  __TI_CINIT_Limit               
20002800  __CIOBUF_                      
20002920  __TI_tmpnams                   
200029c0  UART_char_data                 
20002a38  UART_char_data_old             
20002bd4  PWM_DATA                       
20002bdc  encoder_1                      
20002be8  period                         
20002bec  xBinarySemaphoreFilter         
20002bf0  xBinarySemaphoreGPS            
20002bf4  xQueueBuffedSpeed              
20002bf8  xQueueButtons                  
20002bfc  xQueueGPSDATA                  
20002c00  xQueueSpeed                    
20002c04  __stack                        
20002d04  __STACK_TOP                    
20003b04  __STACK_END                    
20003b08  _sys_memory                    
20004308  _ftable                        
200044c8  pxCurrentTCB                   
200044f8  buffed_speed                   
200044fc  buffed_speed_1_old             
20004500  acceleration                   
20004504  distance                       
20004508  last_time                      
2000450c  __TI_ft_end                    
20004510  __aeabi_stdin                  
20004514  __aeabi_stdout                 
20004518  __aeabi_stderr                 
2000451c  __TI_cleanup_ptr               
20004520  __TI_dtors_ptr                 
20004524  __TI_enable_exit_profile_output
20004534  index                          
20004538  value                          
2000453c  set_speed                      
20004540  _lock                          
20004544  _unlock                        
20004554  errno                          
2000455c  main_func_sp                   
ffffffff  __TI_pprof_out_hndl            
ffffffff  __TI_prof_data_size            
ffffffff  __TI_prof_data_start           
ffffffff  __binit__                      
ffffffff  __c_args__                     
ffffffff  binit                          
UNDEFED   SHT$$INIT_ARRAY$$Base          
UNDEFED   SHT$$INIT_ARRAY$$Limit         

[362 symbols]
