******************************************************************************
                  TI ARM Linker PC v16.6.0                     
******************************************************************************
>> Linked Mon Aug 15 08:32:49 2016

OUTPUT FILE NAME:   <RTOStest1.out>
ENTRY POINT SYMBOL: "_c_int00"  address: 00006c75


MEMORY CONFIGURATION

         name            origin    length      used     unused   attr    fill
----------------------  --------  ---------  --------  --------  ----  --------
  FLASH                 00000000   00040000  0000785a  000387a6  R  X
  SRAM                  20000000   00010000  00004a8a  0000b576  RW X


SEGMENT ALLOCATION MAP

run origin  load origin   length   init length attrs members
----------  ----------- ---------- ----------- ----- -------
00000000    00000000    00007860   00007860    r-x
  00000000    00000000    000000f0   000000f0    r-- .intvecs
  000000f0    000000f0    0000716e   0000716e    r-x .text
  00007260    00007260    000005b4   000005b4    r-- .const
  00007818    00007818    00000048   00000048    r-- .cinit
20000000    20000000    00004a8c   00000000    rw-
  20000000    20000000    00002a28   00000000    rw- .bss
  20002a28    20002a28    00000fff   00000000    rw- .stack
  20003a28    20003a28    00000fff   00000000    rw- .sysmem
  20004a28    20004a28    00000064   00000000    rw- .data


SECTION ALLOCATION MAP

 output                                  attributes/
section   page    origin      length       input sections
--------  ----  ----------  ----------   ----------------
.intvecs   0    00000000    000000f0     
                  00000000    000000f0     startup_ccs.obj (.intvecs)

.text      0    000000f0    0000716e     
                  000000f0    00001102     rtsv7M3_T_le_eabi.lib : _printfi.obj (.text)
                  000011f2    00000002                           : mpu_init.obj (.text)
                  000011f4    00000c74     tasks.obj (.text)
                  00001e68    000008b0     data_process.obj (.text)
                  00002718    00000732     display.obj (.text)
                  00002e4a    00000002     rtsv7M3_T_le_eabi.lib : startup.obj (.text)
                  00002e4c    00000724     main.obj (.text)
                  00003570    00000614     queue.obj (.text)
                  00003b84    00000510     rit128x96x4.obj (.text)
                  00004094    000003cc     rtsv7M3_T_le_eabi.lib : memory.obj (.text)
                  00004460    000003ac     init.obj (.text)
                  0000480c    0000023c     rtsv7M3_T_le_eabi.lib : strtod.obj (.text)
                  00004a48    00000224                           : e_fmod.obj (.text)
                  00004c6c    000001f4                           : ull_div_t2.obj (.text)
                  00004e60    000001d8     driverlib-cm3.lib : sysctl.obj (.text:SysCtlClockGet)
                  00005038    000001bc     heap_2.obj (.text)
                  000051f4    000001b6     rtsv7M3_T_le_eabi.lib : fd_add_t2.obj (.text)
                  000053aa    00000002     --HOLE-- [fill = 0]
                  000053ac    000001a8     speed.obj (.text)
                  00005554    0000015c     ADC_interface.obj (.text)
                  000056b0    0000014c     PWM_module.obj (.text)
                  000057fc    00000144     driverlib-cm3.lib : sysctl.obj (.text:SysCtlClockSet)
                  00005940    00000136     rtsv7M3_T_le_eabi.lib : fd_div_t2.obj (.text)
                  00005a76    0000012e     list.obj (.text)
                  00005ba4    0000011c     button_data.obj (.text)
                  00005cc0    000000fc     rtsv7M3_T_le_eabi.lib : fd_mul_t2.obj (.text)
                  00005dbc    000000fa                           : fs_add_t2.obj (.text)
                  00005eb6    00000002     --HOLE-- [fill = 0]
                  00005eb8    000000e4     port.obj (.text)
                  00005f9c    000000d0     rtsv7M3_T_le_eabi.lib : s_scalbn.obj (.text)
                  0000606c    000000c8     driverlib-cm3.lib : gpio.obj (.text:GPIOPadConfigSet)
                  00006134    0000009c     portasm.obj (.text)
                  000061d0    0000009c     rtsv7M3_T_le_eabi.lib : memcpy_t2.obj (.text)
                  0000626c    00000092                           : fs_div_t2.obj (.text)
                  000062fe    00000002     --HOLE-- [fill = 0]
                  00006300    00000088     driverlib-cm3.lib : sysctl.obj (.text:SysCtlPeripheralReset)
                  00006388    00000086     rtsv7M3_T_le_eabi.lib : fd_cmp_t2.obj (.text:__aeabi_cdcmple)
                  0000640e    00000086                           : fd_cmp_t2.obj (.text:__aeabi_cdrcmple)
                  00006494    0000007c     int_module.obj (.text)
                  00006510    0000007a     rtsv7M3_T_le_eabi.lib : fs_mul_t2.obj (.text)
                  0000658a    0000007a                           : memset_t2.obj (.text)
                  00006604    00000070                           : autoinit.obj (.text)
                  00006674    0000006e                           : fd_tos_t2.obj (.text)
                  000066e2    0000006c     driverlib-cm3.lib : adc.obj (.text:ADCSequenceStepConfigure)
                  0000674e    00000066     rtsv7M3_T_le_eabi.lib : copy_decompress_lzss.obj (.text:decompress:lzss)
                  000067b4    00000064     driverlib-cm3.lib : interrupt.obj (.text:IntEnable)
                  00006818    00000060     rtsv7M3_T_le_eabi.lib : fs_cmp_t2.obj (.text:__aeabi_cfrcmple)
                  00006878    00000060                           : sprintf.obj (.text)
                  000068d8    0000005c                           : s_frexp.obj (.text)
                  00006934    00000058     driverlib-cm3.lib : sysctl.obj (.text:SysCtlPeripheralEnable)
                  0000698c    00000056     rtsv7M3_T_le_eabi.lib : ltoa.obj (.text)
                  000069e2    00000002     --HOLE-- [fill = 0]
                  000069e4    00000054                           : exit.obj (.text)
                  00006a38    0000004c                           : atoi.obj (.text)
                  00006a84    0000004c                           : atol.obj (.text)
                  00006ad0    0000004c                           : cpy_tbl.obj (.text)
                  00006b1c    00000048                           : fd_toi_t2.obj (.text)
                  00006b64    00000044     driverlib-cm3.lib : gpio.obj (.text:GPIOIntTypeSet)
                  00006ba8    00000044                       : ssi.obj (.text:SSIConfigSetExpClk)
                  00006bec    00000044     rtsv7M3_T_le_eabi.lib : fd_tou_t2.obj (.text)
                  00006c30    00000042     driverlib-cm3.lib : uart.obj (.text:UARTConfigSetExpClk)
                  00006c72    00000002     --HOLE-- [fill = 0]
                  00006c74    00000040     rtsv7M3_T_le_eabi.lib : boot.obj (.text)
                  00006cb4    00000038                           : fs_tod_t2.obj (.text)
                  00006cec    00000038                           : fs_toi_t2.obj (.text)
                  00006d24    00000038                           : i_tofs_t2.obj (.text)
                  00006d5c    00000036                           : strncpy.obj (.text)
                  00006d92    00000036                           : strstr.obj (.text)
                  00006dc8    00000034                           : fs_tou_t2.obj (.text)
                  00006dfc    0000002e     driverlib-cm3.lib : adc.obj (.text:ADCIntStatus)
                  00006e2a    0000002e                       : gpio.obj (.text:GPIODirModeSet)
                  00006e58    0000002e     rtsv7M3_T_le_eabi.lib : i_tofd_t2.obj (.text)
                  00006e86    0000002a     driverlib-cm3.lib : adc.obj (.text:ADCSequenceConfigure)
                  00006eb0    00000028                       : pwm.obj (.text:PWMGenConfigure)
                  00006ed8    00000024                       : interrupt.obj (.text:IntPrioritySet)
                  00006efc    00000024                       : timer.obj (.text:TimerConfigure)
                  00006f20    00000024     rtsv7M3_T_le_eabi.lib : memcmp.obj (.text)
                  00006f44    00000020     driverlib-cm3.lib : adc.obj (.text:ADCSequenceDataGet)
                  00006f64    00000020     rtsv7M3_T_le_eabi.lib : u_tofd_t2.obj (.text)
                  00006f84    0000001e     driverlib-cm3.lib : pwm.obj (.text:PWMPulseWidthSet)
                  00006fa2    00000002     --HOLE-- [fill = 0]
                  00006fa4    0000001c                       : uart.obj (.text:UARTDisable)
                  00006fc0    0000001a     rtsv7M3_T_le_eabi.lib : memccpy.obj (.text)
                  00006fda    00000002     --HOLE-- [fill = 0]
                  00006fdc    00000018                           : args_main.obj (.text)
                  00006ff4    00000016     driverlib-cm3.lib : adc.obj (.text:ADCProcessorTrigger)
                  0000700a    00000016                       : pwm.obj (.text:PWMOutputState)
                  00007020    00000016     rtsv7M3_T_le_eabi.lib : strchr.obj (.text)
                  00007036    00000016                           : strcpy.obj (.text)
                  0000704c    00000014     driverlib-cm3.lib : pwm.obj (.text:PWMGenPeriodSet)
                  00007060    00000014                       : sysctl.obj (.text:SysCtlPWMClockSet)
                  00007074    00000014                       : uart.obj (.text:UARTEnable)
                  00007088    00000014     rtsv7M3_T_le_eabi.lib : _lock.obj (.text)
                  0000709c    00000014                           : strlen.obj (.text)
                  000070b0    00000012     driverlib-cm3.lib : gpio.obj (.text:GPIOPinTypeADC)
                  000070c2    00000012                       : gpio.obj (.text:GPIOPinTypeGPIOOutput)
                  000070d4    00000012                       : gpio.obj (.text:GPIOPinTypePWM)
                  000070e6    00000012                       : gpio.obj (.text:GPIOPinTypeSSI)
                  000070f8    00000012                       : gpio.obj (.text:GPIOPinTypeUART)
                  0000710a    00000012                       : ssi.obj (.text:SSIDataGetNonBlocking)
                  0000711c    00000012                       : timer.obj (.text:TimerLoadSet)
                  0000712e    00000010                       : uart.obj (.text:UARTCharGetNonBlocking)
                  0000713e    0000000e                       : adc.obj (.text:ADCSequenceEnable)
                  0000714c    0000000e                       : timer.obj (.text:TimerEnable)
                  0000715a    0000000e     rtsv7M3_T_le_eabi.lib : copy_decompress_none.obj (.text:decompress:none)
                  00007168    0000000c     driverlib-cm3.lib : cpu.obj (.text:CPUcpsid)
                  00007174    0000000c                       : cpu.obj (.text:CPUcpsie)
                  00007180    0000000c                       : gpio.obj (.text:GPIOPinIntEnable)
                  0000718c    0000000c                       : uart.obj (.text:UARTCharsAvail)
                  00007198    0000000c     rtsv7M3_T_le_eabi.lib : copy_zero_init.obj (.text:decompress:ZI)
                  000071a4    0000000c     startup_ccs.obj (.text)
                  000071b0    0000000a     driverlib-cm3.lib : adc.obj (.text:ADCIntClear)
                  000071ba    0000000a                       : interrupt.obj (.text:IntMasterDisable)
                  000071c4    0000000a                       : interrupt.obj (.text:IntMasterEnable)
                  000071ce    0000000a                       : pwm.obj (.text:PWMGenEnable)
                  000071d8    0000000a                       : ssi.obj (.text:SSIDataPut)
                  000071e2    0000000a                       : ssi.obj (.text:SSIDisable)
                  000071ec    0000000a                       : ssi.obj (.text:SSIEnable)
                  000071f6    0000000a                       : uart.obj (.text:UARTCharPut)
                  00007200    0000000a                       : uart.obj (.text:UARTFIFOEnable)
                  0000720a    0000000a                       : uart.obj (.text:UARTIntStatus)
                  00007214    00000008                       : ssi.obj (.text:SSIBusy)
                  0000721c    00000008                       : timer.obj (.text:TimerIntEnable)
                  00007224    00000008                       : uart.obj (.text:UARTIntEnable)
                  0000722c    00000008     rtsv7M3_T_le_eabi.lib : s_copysign.obj (.text)
                  00007234    00000006     driverlib-cm3.lib : gpio.obj (.text:GPIOPinIntClear)
                  0000723a    00000006                       : gpio.obj (.text:GPIOPinRead)
                  00007240    00000006                       : gpio.obj (.text:GPIOPinWrite)
                  00007246    00000006                       : sysctl.obj (.text:SysCtlDelay)
                  0000724c    00000006     rtsv7M3_T_le_eabi.lib : atof.obj (.text)
                  00007252    00000004     driverlib-cm3.lib : timer.obj (.text:TimerIntClear)
                  00007256    00000004                       : uart.obj (.text:UARTIntClear)
                  0000725a    00000004     rtsv7M3_T_le_eabi.lib : pre_init.obj (.text)

.const     0    00007260    000005b4     
                  00007260    000001e0     rit128x96x4.obj (.const:g_pucFont)
                  00007440    00000101     rtsv7M3_T_le_eabi.lib : ctype.obj (.const:.string:_ctypes_)
                  00007541    00000003     rit128x96x4.obj (.const:.string:pucCommand1$1)
                  00007544    0000009c     driverlib-cm3.lib : interrupt.obj (.const:g_pulRegs)
                  000075e0    00000098     rtsv7M3_T_le_eabi.lib : strtod.obj (.const:$O1$$)
                  00007678    00000070     driverlib-cm3.lib : interrupt.obj (.const)
                  000076e8    0000006c                       : sysctl.obj (.const:g_pulXtals)
                  00007754    0000004f     rit128x96x4.obj (.const:.string:g_pucRIT128x96x4Init)
                  000077a3    00000001     --HOLE-- [fill = 0]
                  000077a4    00000040     driverlib-cm3.lib : sysctl.obj (.const)
                  000077e4    00000014     tasks.obj (.const:.string:ucExpectedStackBytes$1)
                  000077f8    00000010     rtsv7M3_T_le_eabi.lib : e_fmod.obj (.const:Zero)
                  00007808    00000003     rit128x96x4.obj (.const:.string:pucCommand2$2)
                  0000780b    00000002     rit128x96x4.obj (.const:.string:g_pucRIT128x96x4HorizontalInc)
                  0000780d    00000002     rit128x96x4.obj (.const:.string:g_pucRIT128x96x4VerticalInc)
                  0000780f    00000002     rit128x96x4.obj (.const:.string:pucCommand1$3)
                  00007811    00000001     --HOLE-- [fill = 0]
                  00007812    00000002     heap_2.obj (.const)

.cinit     0    00007818    00000048     
                  00007818    00000024     (.cinit..data.load) [load image, compression = lzss]
                  0000783c    0000000c     (__TI_handler_table)
                  00007848    00000008     (.cinit..bss.load) [load image, compression = zero_init]
                  00007850    00000010     (__TI_cinit_table)

.bss       0    20000000    00002a28     UNINITIALIZED
                  20000000    00002800     heap_2.obj (.bss:xHeap)
                  20002800    00000078     (.common:UART_char_data)
                  20002878    00000078     (.common:UART_char_data_old)
                  200028f0    00000064     tasks.obj (.bss:pxReadyTasksLists)
                  20002954    00000014     tasks.obj (.bss:xDelayedTaskList1)
                  20002968    00000014     tasks.obj (.bss:xDelayedTaskList2)
                  2000297c    00000014     tasks.obj (.bss:xPendingReadyList)
                  20002990    00000014     tasks.obj (.bss:xSuspendedTaskList)
                  200029a4    00000014     tasks.obj (.bss:xTasksWaitingTermination)
                  200029b8    00000014     (.common:acc_time)
                  200029cc    00000008     rit128x96x4.obj (.bss:g_pucBuffer)
                  200029d4    00000008     tasks.obj (.bss)
                  200029dc    00000008     heap_2.obj (.bss:xEnd)
                  200029e4    00000008     heap_2.obj (.bss:xStart)
                  200029ec    00000004     rit128x96x4.obj (.bss)
                  200029f0    00000004     (.common:period)
                  200029f4    00000004     (.common:xBinarySemaphoreEncoder_1)
                  200029f8    00000004     (.common:xBinarySemaphoreFilter)
                  200029fc    00000004     (.common:xBinarySemaphoreGPS)
                  20002a00    00000004     (.common:xBinarySemaphoreGPSchar)
                  20002a04    00000004     (.common:xEncoder_1)
                  20002a08    00000004     (.common:xEncoder_raw_DATA)
                  20002a0c    00000004     (.common:xPWM_DATA)
                  20002a10    00000004     (.common:xPWM_speed_DATA)
                  20002a14    00000004     (.common:xQueueBuffedSpeed)
                  20002a18    00000004     (.common:xQueueButtons)
                  20002a1c    00000004     (.common:xQueueGPSDATA)
                  20002a20    00000004     (.common:xQueueSpeed)
                  20002a24    00000004     (.common:xUART_GPS_DATA)

.stack     0    20002a28    00000fff     UNINITIALIZED
                  20002a28    00000fff     --HOLE--

.sysmem    0    20003a28    00000fff     UNINITIALIZED
                  20003a28    00000008     rtsv7M3_T_le_eabi.lib : memory.obj (.sysmem)
                  20003a30    00000ff7     --HOLE--

.data      0    20004a28    00000064     UNINITIALIZED
                  20004a28    00000030     tasks.obj (.data)
                  20004a58    0000000c     rtsv7M3_T_le_eabi.lib : exit.obj (.data:$O1$$)
                  20004a64    0000000c                           : memory.obj (.data:$O1$$)
                  20004a70    00000008                           : _lock.obj (.data:$O1$$)
                  20004a78    00000008     heap_2.obj (.data)
                  20004a80    00000004     port.obj (.data)
                  20004a84    00000004     rtsv7M3_T_le_eabi.lib : errno.obj (.data)
                  20004a88    00000004                           : stkdepth_vars.obj (.data)

MODULE SUMMARY

       Module                     code    ro data   rw data
       ------                     ----    -------   -------
    .\
       tasks.obj                  3188    20        256    
       data_process.obj           2224    0         0      
       main.obj                   1828    0         304    
       rit128x96x4.obj            1296    571       12     
       display.obj                1842    0         0      
       queue.obj                  1556    0         0      
       init.obj                   940     0         4      
       speed.obj                  424     0         0      
       ADC_interface.obj          348     0         0      
       PWM_module.obj             332     0         0      
       list.obj                   302     0         0      
       button_data.obj            284     0         0      
       startup_ccs.obj            12      240       0      
       int_module.obj             124     0         8      
    +--+--------------------------+-------+---------+---------+
       Total:                     14700   831       584    
                                                           
    .\portable\
       heap_2.obj                 444     2         10264  
       port.obj                   228     0         4      
       portasm.obj                156     0         0      
    +--+--------------------------+-------+---------+---------+
       Total:                     828     2         10268  
                                                           
    C:/ti/StellarisWare/driverlib/ccs-cm3/Debug/driverlib-cm3.lib
       sysctl.obj                 1046    172       0      
       gpio.obj                   434     0         0      
       interrupt.obj              156     268       0      
       adc.obj                    274     0         0      
       uart.obj                   184     0         0      
       ssi.obj                    124     0         0      
       pwm.obj                    122     0         0      
       timer.obj                  80      0         0      
       cpu.obj                    24      0         0      
    +--+--------------------------+-------+---------+---------+
       Total:                     2444    440       0      
                                                           
    C:\ti\ccsv6\tools\compiler\ti-cgt-arm_16.6.0.STS\lib\rtsv7M3_T_le_eabi.lib
       _printfi.obj               4354    0         0      
       memory.obj                 972     0         12     
       strtod.obj                 572     152       0      
       e_fmod.obj                 548     16        0      
       ull_div_t2.obj             500     0         0      
       fd_add_t2.obj              438     0         0      
       fd_div_t2.obj              310     0         0      
       fd_cmp_t2.obj              268     0         0      
       ctype.obj                  0       257       0      
       fd_mul_t2.obj              252     0         0      
       fs_add_t2.obj              250     0         0      
       s_scalbn.obj               208     0         0      
       memcpy_t2.obj              156     0         0      
       fs_div_t2.obj              146     0         0      
       fs_mul_t2.obj              122     0         0      
       memset_t2.obj              122     0         0      
       autoinit.obj               112     0         0      
       fd_tos_t2.obj              110     0         0      
       copy_decompress_lzss.obj   102     0         0      
       exit.obj                   84      0         12     
       fs_cmp_t2.obj              96      0         0      
       sprintf.obj                96      0         0      
       s_frexp.obj                92      0         0      
       ltoa.obj                   86      0         0      
       atoi.obj                   76      0         0      
       atol.obj                   76      0         0      
       cpy_tbl.obj                76      0         0      
       fd_toi_t2.obj              72      0         0      
       fd_tou_t2.obj              68      0         0      
       boot.obj                   64      0         0      
       fs_tod_t2.obj              56      0         0      
       fs_toi_t2.obj              56      0         0      
       i_tofs_t2.obj              56      0         0      
       strncpy.obj                54      0         0      
       strstr.obj                 54      0         0      
       fs_tou_t2.obj              52      0         0      
       i_tofd_t2.obj              46      0         0      
       memcmp.obj                 36      0         0      
       u_tofd_t2.obj              32      0         0      
       _lock.obj                  20      0         8      
       memccpy.obj                26      0         0      
       args_main.obj              24      0         0      
       strchr.obj                 22      0         0      
       strcpy.obj                 22      0         0      
       strlen.obj                 20      0         0      
       copy_decompress_none.obj   14      0         0      
       copy_zero_init.obj         12      0         0      
       s_copysign.obj             8       0         0      
       atof.obj                   6       0         0      
       errno.obj                  0       0         4      
       pre_init.obj               4       0         0      
       stkdepth_vars.obj          0       0         4      
       mpu_init.obj               2       0         0      
       startup.obj                2       0         0      
    +--+--------------------------+-------+---------+---------+
       Total:                     11052   425       40     
                                                           
       Heap:                      0       0         4095   
       Stack:                     0       0         4095   
       Linker Generated:          0       72        0      
    +--+--------------------------+-------+---------+---------+
       Grand Total:               29024   1770      19082  


LINKER GENERATED COPY TABLES

__TI_cinit_table @ 00007850 records: 2, size/record: 8, table size: 16
	.data: load addr=00007818, load size=00000024 bytes, run addr=20004a28, run size=00000064 bytes, compression=lzss
	.bss: load addr=00007848, load size=00000008 bytes, run addr=20000000, run size=00002a28 bytes, compression=zero_init


LINKER GENERATED HANDLER TABLE

__TI_handler_table @ 0000783c records: 3, size/record: 4, table size: 12
	index: 0, handler: __TI_decompress_lzss
	index: 1, handler: __TI_decompress_none
	index: 2, handler: __TI_zero_init


GLOBAL SYMBOLS: SORTED ALPHABETICALLY BY Name 

address   name                           
-------   ----                           
000071b1  ADCIntClear                    
00006dfd  ADCIntStatus                   
00006ff5  ADCProcessorTrigger            
00006e87  ADCSequenceConfigure           
00006f45  ADCSequenceDataGet             
0000713f  ADCSequenceEnable              
000066e3  ADCSequenceStepConfigure       
000069e5  C$$EXIT                        
00007169  CPUcpsid                       
00007175  CPUcpsie                       
00006495  EncoderINT                     
00006e2b  GPIODirModeSet                 
00006b65  GPIOIntTypeSet                 
0000606d  GPIOPadConfigSet               
00007235  GPIOPinIntClear                
00007181  GPIOPinIntEnable               
0000723b  GPIOPinRead                    
000070b1  GPIOPinTypeADC                 
000070c3  GPIOPinTypeGPIOOutput          
000070d5  GPIOPinTypePWM                 
000070e7  GPIOPinTypeSSI                 
000070f9  GPIOPinTypeUART                
00007241  GPIOPinWrite                   
000067b5  IntEnable                      
000071bb  IntMasterDisable               
000071c5  IntMasterEnable                
00006ed9  IntPrioritySet                 
00006eb1  PWMGenConfigure                
000071cf  PWMGenEnable                   
0000704d  PWMGenPeriodSet                
0000700b  PWMOutputState                 
00006f85  PWMPulseWidthSet               
00005795  PWM_direction                  
0000576d  PWM_duty                       
00003c8d  RIT128x96x4Clear               
00003f0b  RIT128x96x4Disable             
0000405d  RIT128x96x4DisplayOff          
00004029  RIT128x96x4DisplayOn           
00003eb1  RIT128x96x4Enable              
00003e29  RIT128x96x4ImageDraw           
00003f85  RIT128x96x4Init                
00003ce9  RIT128x96x4StringDraw          
000071a5  ResetISR                       
UNDEFED   SHT$$INIT_ARRAY$$Base          
UNDEFED   SHT$$INIT_ARRAY$$Limit         
00007215  SSIBusy                        
00006ba9  SSIConfigSetExpClk             
0000710b  SSIDataGetNonBlocking          
000071d9  SSIDataPut                     
000071e3  SSIDisable                     
000071ed  SSIEnable                      
00004e61  SysCtlClockGet                 
000057fd  SysCtlClockSet                 
00007247  SysCtlDelay                    
00007061  SysCtlPWMClockSet              
00006935  SysCtlPeripheralEnable         
00006301  SysCtlPeripheralReset          
000064e5  Timer0IntHandler               
000064f1  Timer1IntHandler               
00006efd  TimerConfigure                 
0000714d  TimerEnable                    
00007253  TimerIntClear                  
0000721d  TimerIntEnable                 
0000711d  TimerLoadSet                   
0000712f  UARTCharGetNonBlocking         
000071f7  UARTCharPut                    
0000718d  UARTCharsAvail                 
00006c31  UARTConfigSetExpClk            
00006fa5  UARTDisable                    
00007075  UARTEnable                     
00007201  UARTFIFOEnable                 
00007257  UARTIntClear                   
00007225  UARTIntEnable                  
00002e4d  UARTIntHandler                 
0000720b  UARTIntStatus                  
00005555  UARTSend                       
20002800  UART_char_data                 
20002878  UART_char_data_old             
20003a27  __STACK_END                    
00000fff  __STACK_SIZE                   
20002b28  __STACK_TOP                    
00000fff  __SYSMEM_SIZE                  
00007850  __TI_CINIT_Base                
00007860  __TI_CINIT_Limit               
0000783c  __TI_Handler_Table_Base        
00007848  __TI_Handler_Table_Limit       
00006605  __TI_auto_init                 
20004a58  __TI_cleanup_ptr               
0000674f  __TI_decompress_lzss           
0000715b  __TI_decompress_none           
20004a5c  __TI_dtors_ptr                 
20004a60  __TI_enable_exit_profile_output
ffffffff  __TI_pprof_out_hndl            
0000091d  __TI_printfi                   
ffffffff  __TI_prof_data_size            
ffffffff  __TI_prof_data_start           
00000000  __TI_static_base__             
00007199  __TI_zero_init                 
00006389  __aeabi_cdcmpeq                
00006389  __aeabi_cdcmple                
0000640f  __aeabi_cdrcmple               
00006819  __aeabi_cfrcmple               
00006675  __aeabi_d2f                    
00006b1d  __aeabi_d2iz                   
00006bed  __aeabi_d2uiz                  
000051ff  __aeabi_dadd                   
00005941  __aeabi_ddiv                   
00005cc1  __aeabi_dmul                   
000051f5  __aeabi_dsub                   
00006cb5  __aeabi_f2d                    
00006ced  __aeabi_f2iz                   
00006dc9  __aeabi_f2uiz                  
00005dc1  __aeabi_fadd                   
0000626d  __aeabi_fdiv                   
00006511  __aeabi_fmul                   
00005dbd  __aeabi_fsub                   
00006e59  __aeabi_i2d                    
00006d25  __aeabi_i2f                    
0000658b  __aeabi_memclr                 
0000658b  __aeabi_memclr4                
0000658b  __aeabi_memclr8                
000061d1  __aeabi_memcpy                 
000061d1  __aeabi_memcpy4                
000061d1  __aeabi_memcpy8                
0000658d  __aeabi_memset                 
0000658d  __aeabi_memset4                
0000658d  __aeabi_memset8                
00006f65  __aeabi_ui2d                   
00004c6d  __aeabi_uldivmod               
ffffffff  __binit__                      
ffffffff  __c_args__                     
000011f3  __mpu_init                     
20002a28  __stack                        
00006fdd  _args_main                     
00006c75  _c_int00                       
00007440  _ctypes_                       
20004a70  _lock                          
00007097  _nop                           
0000708f  _register_lock                 
00007089  _register_unlock               
20003a28  _sys_memory                    
00002e4b  _system_post_cinit             
0000725b  _system_pre_init               
20004a74  _unlock                        
000069e9  abort                          
200029b8  acc_time                       
00002aab  accleration_screen             
00005475  analysis_speed                 
0000724d  atof                           
00006a39  atoi                           
00006a85  atol                           
ffffffff  binit                          
00004433  calloc                         
00002719  clearDisplay                   
00006ad1  copy_in                        
0000722d  copysign                       
0000722d  copysignl                      
00001e69  decode_GGA                     
0000225d  decode_RMC                     
00002c2b  display                        
000054bd  encoder_quad                   
000028e7  enter_fuel_display             
20004a84  errno                          
000069f1  exit                           
000056b1  find_dir                       
00004a49  fmod                           
00004a49  fmodl                          
0000417f  free                           
000068d9  frexp                          
000068d9  frexpl                         
00000000  g_pfnVectors                   
00004529  initADC                        
0000473d  initCircBuf                    
0000449d  initClock                      
00004625  initConsole                    
0000451f  initDisplay                    
000044a7  initGPIO                       
00004569  initPWMchan                    
000044cb  initPin                        
00004699  initTimer                      
00004783  init_acc_time                  
00002835  init_password                  
00004767  init_set_speed_data            
00005c43  invert_bool                    
00005c67  invert_button                  
00005f9d  ldexp                          
00005f9d  ldexpl                         
0000698d  ltoa                           
00002e7d  main                           
20004a88  main_func_sp                   
00004705  main_init                      
00004115  malloc                         
00004349  memalign                       
00006fc1  memccpy                        
00006f21  memcmp                         
000061d1  memcpy                         
00006593  memset                         
00004095  minit                          
000029c3  no_fix_screen                  
0000279f  password_display               
200029f0  period                         
00005039  pvPortMalloc                   
20004a28  pxCurrentTCB                   
00005eb9  pxPortInitialiseStack          
00002721  read_button_screen             
00005ba5  read_buttons                   
00004241  realloc                        
00004461  reset_peripheral               
0000292d  review_fuel_display            
0000560d  run_adc                        
00005f9d  scalbn                         
00005f9d  scalbnl                        
0000559d  send_data                      
0000284d  set_speed_display              
000053ad  set_speed_func                 
000056dd  speed_feedback                 
00002675  split_data                     
00006879  sprintf                        
00003043  store_char                     
0000542b  store_speed                    
00007021  strchr                         
00007037  strcpy                         
0000709d  strlen                         
00006d5d  strncpy                        
00006d93  strstr                         
0000480d  strtod                         
0000480d  strtold                        
0000398b  uxQueueMessagesWaiting         
000039a1  uxQueueMessagesWaitingFromISR  
0000187d  uxTaskGetNumberOfTasks         
00001485  uxTaskPriorityGet              
000034fd  vApplicationIdleHook           
000034f1  vApplicationMallocFailedHook   
000034f3  vApplicationStackOverflowHook  
000034ff  vApplicationTickHook           
000033bf  vDisplayTask                   
000031d1  vEncoder                       
000034bd  vFakeGPS                       
00003349  vFilterSpeed                   
00005a77  vListInitialise                
00005aa7  vListInitialiseItem            
00005afb  vListInsert                    
00005ab7  vListInsertEnd                 
00005b61  vListRemove                    
000032c1  vPWM                           
00006181  vPortClearInterruptMask        
000061bf  vPortEnableVFP                 
00005f29  vPortEndScheduler              
00005f35  vPortEnterCritical             
00005f45  vPortExitCritical              
0000516b  vPortFree                      
000051d3  vPortInitialiseBlocks          
0000618f  vPortSVCHandler                
00006173  vPortSetInterruptMask          
000061ad  vPortStartFirstTask            
00005f2b  vPortYieldFromISR              
000039b3  vQueueDelete                   
00003181  vReadButtons                   
000030fd  vReadGPS                       
000030bb  vReadGPSchar                   
00001421  vTaskDelay                     
00001371  vTaskDelayUntil                
00001309  vTaskDelete                    
0000177d  vTaskEndScheduler              
0000188d  vTaskIncrementTick             
00001b91  vTaskMissedYield               
000019f5  vTaskPlaceOnEventList          
00001dd9  vTaskPriorityDisinherit        
00001d4d  vTaskPriorityInherit           
000014c1  vTaskPrioritySet               
00001651  vTaskResume                    
00001af3  vTaskSetTimeOutState           
00001733  vTaskStartScheduler            
000015a9  vTaskSuspend                   
0000178f  vTaskSuspendAll                
00001935  vTaskSwitchContext             
200029f4  xBinarySemaphoreEncoder_1      
200029f8  xBinarySemaphoreFilter         
200029fc  xBinarySemaphoreGPS            
20002a00  xBinarySemaphoreGPSchar        
20002a04  xEncoder_1                     
20002a08  xEncoder_raw_DATA              
20002a0c  xPWM_DATA                      
20002a10  xPWM_speed_DATA                
000051cd  xPortGetFreeHeapSize           
00006139  xPortPendSVHandler             
00005f01  xPortStartScheduler            
00005f5b  xPortSysTickHandler            
20002a14  xQueueBuffedSpeed              
20002a18  xQueueButtons                  
00003571  xQueueCreate                   
0000367f  xQueueCreateCountingSemaphore  
00003617  xQueueCreateMutex              
20002a1c  xQueueGPSDATA                  
000037ef  xQueueGenericReceive           
0000369d  xQueueGenericSend              
00003785  xQueueGenericSendFromISR       
00003b2d  xQueueIsQueueEmptyFromISR      
00003b67  xQueueIsQueueFullFromISR       
00003923  xQueueReceiveFromISR           
20002a20  xQueueSpeed                    
00001b19  xTaskCheckForTimeOut           
000011f5  xTaskGenericCreate             
00001d39  xTaskGetCurrentTaskHandle      
00001869  xTaskGetTickCount              
00001601  xTaskIsTaskSuspended           
00001a75  xTaskRemoveFromEventList       
00001799  xTaskResumeAll                 
000016c1  xTaskResumeFromISR             
20002a24  xUART_GPS_DATA                 


GLOBAL SYMBOLS: SORTED BY Symbol Address 

address   name                           
-------   ----                           
00000000  __TI_static_base__             
00000000  g_pfnVectors                   
0000091d  __TI_printfi                   
00000fff  __STACK_SIZE                   
00000fff  __SYSMEM_SIZE                  
000011f3  __mpu_init                     
000011f5  xTaskGenericCreate             
00001309  vTaskDelete                    
00001371  vTaskDelayUntil                
00001421  vTaskDelay                     
00001485  uxTaskPriorityGet              
000014c1  vTaskPrioritySet               
000015a9  vTaskSuspend                   
00001601  xTaskIsTaskSuspended           
00001651  vTaskResume                    
000016c1  xTaskResumeFromISR             
00001733  vTaskStartScheduler            
0000177d  vTaskEndScheduler              
0000178f  vTaskSuspendAll                
00001799  xTaskResumeAll                 
00001869  xTaskGetTickCount              
0000187d  uxTaskGetNumberOfTasks         
0000188d  vTaskIncrementTick             
00001935  vTaskSwitchContext             
000019f5  vTaskPlaceOnEventList          
00001a75  xTaskRemoveFromEventList       
00001af3  vTaskSetTimeOutState           
00001b19  xTaskCheckForTimeOut           
00001b91  vTaskMissedYield               
00001d39  xTaskGetCurrentTaskHandle      
00001d4d  vTaskPriorityInherit           
00001dd9  vTaskPriorityDisinherit        
00001e69  decode_GGA                     
0000225d  decode_RMC                     
00002675  split_data                     
00002719  clearDisplay                   
00002721  read_button_screen             
0000279f  password_display               
00002835  init_password                  
0000284d  set_speed_display              
000028e7  enter_fuel_display             
0000292d  review_fuel_display            
000029c3  no_fix_screen                  
00002aab  accleration_screen             
00002c2b  display                        
00002e4b  _system_post_cinit             
00002e4d  UARTIntHandler                 
00002e7d  main                           
00003043  store_char                     
000030bb  vReadGPSchar                   
000030fd  vReadGPS                       
00003181  vReadButtons                   
000031d1  vEncoder                       
000032c1  vPWM                           
00003349  vFilterSpeed                   
000033bf  vDisplayTask                   
000034bd  vFakeGPS                       
000034f1  vApplicationMallocFailedHook   
000034f3  vApplicationStackOverflowHook  
000034fd  vApplicationIdleHook           
000034ff  vApplicationTickHook           
00003571  xQueueCreate                   
00003617  xQueueCreateMutex              
0000367f  xQueueCreateCountingSemaphore  
0000369d  xQueueGenericSend              
00003785  xQueueGenericSendFromISR       
000037ef  xQueueGenericReceive           
00003923  xQueueReceiveFromISR           
0000398b  uxQueueMessagesWaiting         
000039a1  uxQueueMessagesWaitingFromISR  
000039b3  vQueueDelete                   
00003b2d  xQueueIsQueueEmptyFromISR      
00003b67  xQueueIsQueueFullFromISR       
00003c8d  RIT128x96x4Clear               
00003ce9  RIT128x96x4StringDraw          
00003e29  RIT128x96x4ImageDraw           
00003eb1  RIT128x96x4Enable              
00003f0b  RIT128x96x4Disable             
00003f85  RIT128x96x4Init                
00004029  RIT128x96x4DisplayOn           
0000405d  RIT128x96x4DisplayOff          
00004095  minit                          
00004115  malloc                         
0000417f  free                           
00004241  realloc                        
00004349  memalign                       
00004433  calloc                         
00004461  reset_peripheral               
0000449d  initClock                      
000044a7  initGPIO                       
000044cb  initPin                        
0000451f  initDisplay                    
00004529  initADC                        
00004569  initPWMchan                    
00004625  initConsole                    
00004699  initTimer                      
00004705  main_init                      
0000473d  initCircBuf                    
00004767  init_set_speed_data            
00004783  init_acc_time                  
0000480d  strtod                         
0000480d  strtold                        
00004a49  fmod                           
00004a49  fmodl                          
00004c6d  __aeabi_uldivmod               
00004e61  SysCtlClockGet                 
00005039  pvPortMalloc                   
0000516b  vPortFree                      
000051cd  xPortGetFreeHeapSize           
000051d3  vPortInitialiseBlocks          
000051f5  __aeabi_dsub                   
000051ff  __aeabi_dadd                   
000053ad  set_speed_func                 
0000542b  store_speed                    
00005475  analysis_speed                 
000054bd  encoder_quad                   
00005555  UARTSend                       
0000559d  send_data                      
0000560d  run_adc                        
000056b1  find_dir                       
000056dd  speed_feedback                 
0000576d  PWM_duty                       
00005795  PWM_direction                  
000057fd  SysCtlClockSet                 
00005941  __aeabi_ddiv                   
00005a77  vListInitialise                
00005aa7  vListInitialiseItem            
00005ab7  vListInsertEnd                 
00005afb  vListInsert                    
00005b61  vListRemove                    
00005ba5  read_buttons                   
00005c43  invert_bool                    
00005c67  invert_button                  
00005cc1  __aeabi_dmul                   
00005dbd  __aeabi_fsub                   
00005dc1  __aeabi_fadd                   
00005eb9  pxPortInitialiseStack          
00005f01  xPortStartScheduler            
00005f29  vPortEndScheduler              
00005f2b  vPortYieldFromISR              
00005f35  vPortEnterCritical             
00005f45  vPortExitCritical              
00005f5b  xPortSysTickHandler            
00005f9d  ldexp                          
00005f9d  ldexpl                         
00005f9d  scalbn                         
00005f9d  scalbnl                        
0000606d  GPIOPadConfigSet               
00006139  xPortPendSVHandler             
00006173  vPortSetInterruptMask          
00006181  vPortClearInterruptMask        
0000618f  vPortSVCHandler                
000061ad  vPortStartFirstTask            
000061bf  vPortEnableVFP                 
000061d1  __aeabi_memcpy                 
000061d1  __aeabi_memcpy4                
000061d1  __aeabi_memcpy8                
000061d1  memcpy                         
0000626d  __aeabi_fdiv                   
00006301  SysCtlPeripheralReset          
00006389  __aeabi_cdcmpeq                
00006389  __aeabi_cdcmple                
0000640f  __aeabi_cdrcmple               
00006495  EncoderINT                     
000064e5  Timer0IntHandler               
000064f1  Timer1IntHandler               
00006511  __aeabi_fmul                   
0000658b  __aeabi_memclr                 
0000658b  __aeabi_memclr4                
0000658b  __aeabi_memclr8                
0000658d  __aeabi_memset                 
0000658d  __aeabi_memset4                
0000658d  __aeabi_memset8                
00006593  memset                         
00006605  __TI_auto_init                 
00006675  __aeabi_d2f                    
000066e3  ADCSequenceStepConfigure       
0000674f  __TI_decompress_lzss           
000067b5  IntEnable                      
00006819  __aeabi_cfrcmple               
00006879  sprintf                        
000068d9  frexp                          
000068d9  frexpl                         
00006935  SysCtlPeripheralEnable         
0000698d  ltoa                           
000069e5  C$$EXIT                        
000069e9  abort                          
000069f1  exit                           
00006a39  atoi                           
00006a85  atol                           
00006ad1  copy_in                        
00006b1d  __aeabi_d2iz                   
00006b65  GPIOIntTypeSet                 
00006ba9  SSIConfigSetExpClk             
00006bed  __aeabi_d2uiz                  
00006c31  UARTConfigSetExpClk            
00006c75  _c_int00                       
00006cb5  __aeabi_f2d                    
00006ced  __aeabi_f2iz                   
00006d25  __aeabi_i2f                    
00006d5d  strncpy                        
00006d93  strstr                         
00006dc9  __aeabi_f2uiz                  
00006dfd  ADCIntStatus                   
00006e2b  GPIODirModeSet                 
00006e59  __aeabi_i2d                    
00006e87  ADCSequenceConfigure           
00006eb1  PWMGenConfigure                
00006ed9  IntPrioritySet                 
00006efd  TimerConfigure                 
00006f21  memcmp                         
00006f45  ADCSequenceDataGet             
00006f65  __aeabi_ui2d                   
00006f85  PWMPulseWidthSet               
00006fa5  UARTDisable                    
00006fc1  memccpy                        
00006fdd  _args_main                     
00006ff5  ADCProcessorTrigger            
0000700b  PWMOutputState                 
00007021  strchr                         
00007037  strcpy                         
0000704d  PWMGenPeriodSet                
00007061  SysCtlPWMClockSet              
00007075  UARTEnable                     
00007089  _register_unlock               
0000708f  _register_lock                 
00007097  _nop                           
0000709d  strlen                         
000070b1  GPIOPinTypeADC                 
000070c3  GPIOPinTypeGPIOOutput          
000070d5  GPIOPinTypePWM                 
000070e7  GPIOPinTypeSSI                 
000070f9  GPIOPinTypeUART                
0000710b  SSIDataGetNonBlocking          
0000711d  TimerLoadSet                   
0000712f  UARTCharGetNonBlocking         
0000713f  ADCSequenceEnable              
0000714d  TimerEnable                    
0000715b  __TI_decompress_none           
00007169  CPUcpsid                       
00007175  CPUcpsie                       
00007181  GPIOPinIntEnable               
0000718d  UARTCharsAvail                 
00007199  __TI_zero_init                 
000071a5  ResetISR                       
000071b1  ADCIntClear                    
000071bb  IntMasterDisable               
000071c5  IntMasterEnable                
000071cf  PWMGenEnable                   
000071d9  SSIDataPut                     
000071e3  SSIDisable                     
000071ed  SSIEnable                      
000071f7  UARTCharPut                    
00007201  UARTFIFOEnable                 
0000720b  UARTIntStatus                  
00007215  SSIBusy                        
0000721d  TimerIntEnable                 
00007225  UARTIntEnable                  
0000722d  copysign                       
0000722d  copysignl                      
00007235  GPIOPinIntClear                
0000723b  GPIOPinRead                    
00007241  GPIOPinWrite                   
00007247  SysCtlDelay                    
0000724d  atof                           
00007253  TimerIntClear                  
00007257  UARTIntClear                   
0000725b  _system_pre_init               
00007440  _ctypes_                       
0000783c  __TI_Handler_Table_Base        
00007848  __TI_Handler_Table_Limit       
00007850  __TI_CINIT_Base                
00007860  __TI_CINIT_Limit               
20002800  UART_char_data                 
20002878  UART_char_data_old             
200029b8  acc_time                       
200029f0  period                         
200029f4  xBinarySemaphoreEncoder_1      
200029f8  xBinarySemaphoreFilter         
200029fc  xBinarySemaphoreGPS            
20002a00  xBinarySemaphoreGPSchar        
20002a04  xEncoder_1                     
20002a08  xEncoder_raw_DATA              
20002a0c  xPWM_DATA                      
20002a10  xPWM_speed_DATA                
20002a14  xQueueBuffedSpeed              
20002a18  xQueueButtons                  
20002a1c  xQueueGPSDATA                  
20002a20  xQueueSpeed                    
20002a24  xUART_GPS_DATA                 
20002a28  __stack                        
20002b28  __STACK_TOP                    
20003a27  __STACK_END                    
20003a28  _sys_memory                    
20004a28  pxCurrentTCB                   
20004a58  __TI_cleanup_ptr               
20004a5c  __TI_dtors_ptr                 
20004a60  __TI_enable_exit_profile_output
20004a70  _lock                          
20004a74  _unlock                        
20004a84  errno                          
20004a88  main_func_sp                   
ffffffff  __TI_pprof_out_hndl            
ffffffff  __TI_prof_data_size            
ffffffff  __TI_prof_data_start           
ffffffff  __binit__                      
ffffffff  __c_args__                     
ffffffff  binit                          
UNDEFED   SHT$$INIT_ARRAY$$Base          
UNDEFED   SHT$$INIT_ARRAY$$Limit         

[310 symbols]
