******************************************************************************
                  TI ARM Linker PC v16.6.0                     
******************************************************************************
>> Linked Sun Aug 14 14:10:48 2016

OUTPUT FILE NAME:   <RTOStest1.out>
ENTRY POINT SYMBOL: "_c_int00"  address: 00006cc9


MEMORY CONFIGURATION

         name            origin    length      used     unused   attr    fill
----------------------  --------  ---------  --------  --------  ----  --------
  FLASH                 00000000   00040000  000078ae  00038752  R  X
  SRAM                  20000000   00010000  0000499a  0000b666  RW X


SEGMENT ALLOCATION MAP

run origin  load origin   length   init length attrs members
----------  ----------- ---------- ----------- ----- -------
00000000    00000000    000078b8   000078b8    r-x
  00000000    00000000    000000f0   000000f0    r-- .intvecs
  000000f0    000000f0    000071c2   000071c2    r-x .text
  000072b8    000072b8    000005b4   000005b4    r-- .const
  00007870    00007870    00000048   00000048    r-- .cinit
20000000    20000000    0000499c   00000000    rw-
  20000000    20000000    00002938   00000000    rw- .bss
  20002938    20002938    00000fff   00000000    rw- .stack
  20003938    20003938    00000fff   00000000    rw- .sysmem
  20004938    20004938    00000064   00000000    rw- .data


SECTION ALLOCATION MAP

 output                                  attributes/
section   page    origin      length       input sections
--------  ----  ----------  ----------   ----------------
.intvecs   0    00000000    000000f0     
                  00000000    000000f0     startup_ccs.obj (.intvecs)

.text      0    000000f0    000071c2     
                  000000f0    00001102     rtsv7M3_T_le_eabi.lib : _printfi.obj (.text)
                  000011f2    00000002                           : mpu_init.obj (.text)
                  000011f4    00000c74     tasks.obj (.text)
                  00001e68    000008b0     data_process.obj (.text)
                  00002718    00000778     main.obj (.text)
                  00002e90    00000732     display.obj (.text)
                  000035c2    00000614     queue.obj (.text)
                  00003bd6    00000002     rtsv7M3_T_le_eabi.lib : startup.obj (.text)
                  00003bd8    00000510     rit128x96x4.obj (.text)
                  000040e8    000003cc     rtsv7M3_T_le_eabi.lib : memory.obj (.text)
                  000044b4    000003ac     init.obj (.text)
                  00004860    0000023c     rtsv7M3_T_le_eabi.lib : strtod.obj (.text)
                  00004a9c    00000224                           : e_fmod.obj (.text)
                  00004cc0    000001f4                           : ull_div_t2.obj (.text)
                  00004eb4    000001d8     driverlib-cm3.lib : sysctl.obj (.text:SysCtlClockGet)
                  0000508c    000001bc     heap_2.obj (.text)
                  00005248    000001b6     rtsv7M3_T_le_eabi.lib : fd_add_t2.obj (.text)
                  000053fe    00000002     --HOLE-- [fill = 0]
                  00005400    000001a8     speed.obj (.text)
                  000055a8    0000015c     ADC_interface.obj (.text)
                  00005704    0000014c     PWM_module.obj (.text)
                  00005850    00000144     driverlib-cm3.lib : sysctl.obj (.text:SysCtlClockSet)
                  00005994    00000136     rtsv7M3_T_le_eabi.lib : fd_div_t2.obj (.text)
                  00005aca    0000012e     list.obj (.text)
                  00005bf8    0000011c     button_data.obj (.text)
                  00005d14    000000fc     rtsv7M3_T_le_eabi.lib : fd_mul_t2.obj (.text)
                  00005e10    000000fa                           : fs_add_t2.obj (.text)
                  00005f0a    00000002     --HOLE-- [fill = 0]
                  00005f0c    000000e4     port.obj (.text)
                  00005ff0    000000d0     rtsv7M3_T_le_eabi.lib : s_scalbn.obj (.text)
                  000060c0    000000c8     driverlib-cm3.lib : gpio.obj (.text:GPIOPadConfigSet)
                  00006188    0000009c     portasm.obj (.text)
                  00006224    0000009c     rtsv7M3_T_le_eabi.lib : memcpy_t2.obj (.text)
                  000062c0    00000092                           : fs_div_t2.obj (.text)
                  00006352    00000002     --HOLE-- [fill = 0]
                  00006354    00000088     driverlib-cm3.lib : sysctl.obj (.text:SysCtlPeripheralReset)
                  000063dc    00000086     rtsv7M3_T_le_eabi.lib : fd_cmp_t2.obj (.text:__aeabi_cdcmple)
                  00006462    00000086                           : fd_cmp_t2.obj (.text:__aeabi_cdrcmple)
                  000064e8    0000007c     int_module.obj (.text)
                  00006564    0000007a     rtsv7M3_T_le_eabi.lib : fs_mul_t2.obj (.text)
                  000065de    0000007a                           : memset_t2.obj (.text)
                  00006658    00000070                           : autoinit.obj (.text)
                  000066c8    0000006e                           : fd_tos_t2.obj (.text)
                  00006736    0000006c     driverlib-cm3.lib : adc.obj (.text:ADCSequenceStepConfigure)
                  000067a2    00000066     rtsv7M3_T_le_eabi.lib : copy_decompress_lzss.obj (.text:decompress:lzss)
                  00006808    00000064     driverlib-cm3.lib : interrupt.obj (.text:IntEnable)
                  0000686c    00000060     rtsv7M3_T_le_eabi.lib : fs_cmp_t2.obj (.text:__aeabi_cfrcmple)
                  000068cc    00000060                           : sprintf.obj (.text)
                  0000692c    0000005c                           : s_frexp.obj (.text)
                  00006988    00000058     driverlib-cm3.lib : sysctl.obj (.text:SysCtlPeripheralEnable)
                  000069e0    00000056     rtsv7M3_T_le_eabi.lib : ltoa.obj (.text)
                  00006a36    00000002     --HOLE-- [fill = 0]
                  00006a38    00000054                           : exit.obj (.text)
                  00006a8c    0000004c                           : atoi.obj (.text)
                  00006ad8    0000004c                           : atol.obj (.text)
                  00006b24    0000004c                           : cpy_tbl.obj (.text)
                  00006b70    00000048                           : fd_toi_t2.obj (.text)
                  00006bb8    00000044     driverlib-cm3.lib : gpio.obj (.text:GPIOIntTypeSet)
                  00006bfc    00000044                       : ssi.obj (.text:SSIConfigSetExpClk)
                  00006c40    00000044     rtsv7M3_T_le_eabi.lib : fd_tou_t2.obj (.text)
                  00006c84    00000042     driverlib-cm3.lib : uart.obj (.text:UARTConfigSetExpClk)
                  00006cc6    00000002     --HOLE-- [fill = 0]
                  00006cc8    00000040     rtsv7M3_T_le_eabi.lib : boot.obj (.text)
                  00006d08    00000038                           : fs_tod_t2.obj (.text)
                  00006d40    00000038                           : fs_toi_t2.obj (.text)
                  00006d78    00000038                           : i_tofs_t2.obj (.text)
                  00006db0    00000036                           : strncpy.obj (.text)
                  00006de6    00000036                           : strstr.obj (.text)
                  00006e1c    00000034                           : fs_tou_t2.obj (.text)
                  00006e50    0000002e     driverlib-cm3.lib : adc.obj (.text:ADCIntStatus)
                  00006e7e    0000002e                       : gpio.obj (.text:GPIODirModeSet)
                  00006eac    0000002e     rtsv7M3_T_le_eabi.lib : i_tofd_t2.obj (.text)
                  00006eda    0000002a     driverlib-cm3.lib : adc.obj (.text:ADCSequenceConfigure)
                  00006f04    00000028                       : pwm.obj (.text:PWMGenConfigure)
                  00006f2c    00000024                       : interrupt.obj (.text:IntPrioritySet)
                  00006f50    00000024                       : timer.obj (.text:TimerConfigure)
                  00006f74    00000024     rtsv7M3_T_le_eabi.lib : memcmp.obj (.text)
                  00006f98    00000020     driverlib-cm3.lib : adc.obj (.text:ADCSequenceDataGet)
                  00006fb8    00000020     rtsv7M3_T_le_eabi.lib : u_tofd_t2.obj (.text)
                  00006fd8    0000001e     driverlib-cm3.lib : pwm.obj (.text:PWMPulseWidthSet)
                  00006ff6    00000002     --HOLE-- [fill = 0]
                  00006ff8    0000001c                       : uart.obj (.text:UARTDisable)
                  00007014    0000001a     rtsv7M3_T_le_eabi.lib : memccpy.obj (.text)
                  0000702e    00000002     --HOLE-- [fill = 0]
                  00007030    00000018                           : args_main.obj (.text)
                  00007048    00000016     driverlib-cm3.lib : adc.obj (.text:ADCProcessorTrigger)
                  0000705e    00000016                       : pwm.obj (.text:PWMOutputState)
                  00007074    00000016     rtsv7M3_T_le_eabi.lib : strchr.obj (.text)
                  0000708a    00000016                           : strcpy.obj (.text)
                  000070a0    00000014     driverlib-cm3.lib : pwm.obj (.text:PWMGenPeriodSet)
                  000070b4    00000014                       : sysctl.obj (.text:SysCtlPWMClockSet)
                  000070c8    00000014                       : uart.obj (.text:UARTEnable)
                  000070dc    00000014     rtsv7M3_T_le_eabi.lib : _lock.obj (.text)
                  000070f0    00000014                           : strlen.obj (.text)
                  00007104    00000012     driverlib-cm3.lib : gpio.obj (.text:GPIOPinTypeADC)
                  00007116    00000012                       : gpio.obj (.text:GPIOPinTypeGPIOOutput)
                  00007128    00000012                       : gpio.obj (.text:GPIOPinTypePWM)
                  0000713a    00000012                       : gpio.obj (.text:GPIOPinTypeSSI)
                  0000714c    00000012                       : gpio.obj (.text:GPIOPinTypeUART)
                  0000715e    00000012                       : ssi.obj (.text:SSIDataGetNonBlocking)
                  00007170    00000012                       : timer.obj (.text:TimerLoadSet)
                  00007182    00000010                       : uart.obj (.text:UARTCharGetNonBlocking)
                  00007192    0000000e                       : adc.obj (.text:ADCSequenceEnable)
                  000071a0    0000000e                       : timer.obj (.text:TimerEnable)
                  000071ae    0000000e     rtsv7M3_T_le_eabi.lib : copy_decompress_none.obj (.text:decompress:none)
                  000071bc    0000000c     driverlib-cm3.lib : cpu.obj (.text:CPUcpsid)
                  000071c8    0000000c                       : cpu.obj (.text:CPUcpsie)
                  000071d4    0000000c                       : gpio.obj (.text:GPIOPinIntEnable)
                  000071e0    0000000c                       : uart.obj (.text:UARTCharsAvail)
                  000071ec    0000000c     rtsv7M3_T_le_eabi.lib : copy_zero_init.obj (.text:decompress:ZI)
                  000071f8    0000000c     startup_ccs.obj (.text)
                  00007204    0000000a     driverlib-cm3.lib : adc.obj (.text:ADCIntClear)
                  0000720e    0000000a                       : interrupt.obj (.text:IntMasterDisable)
                  00007218    0000000a                       : interrupt.obj (.text:IntMasterEnable)
                  00007222    0000000a                       : pwm.obj (.text:PWMGenEnable)
                  0000722c    0000000a                       : ssi.obj (.text:SSIDataPut)
                  00007236    0000000a                       : ssi.obj (.text:SSIDisable)
                  00007240    0000000a                       : ssi.obj (.text:SSIEnable)
                  0000724a    0000000a                       : uart.obj (.text:UARTCharPut)
                  00007254    0000000a                       : uart.obj (.text:UARTFIFOEnable)
                  0000725e    0000000a                       : uart.obj (.text:UARTIntStatus)
                  00007268    00000008                       : ssi.obj (.text:SSIBusy)
                  00007270    00000008                       : timer.obj (.text:TimerIntEnable)
                  00007278    00000008                       : uart.obj (.text:UARTIntEnable)
                  00007280    00000008     rtsv7M3_T_le_eabi.lib : s_copysign.obj (.text)
                  00007288    00000006     driverlib-cm3.lib : gpio.obj (.text:GPIOPinIntClear)
                  0000728e    00000006                       : gpio.obj (.text:GPIOPinRead)
                  00007294    00000006                       : gpio.obj (.text:GPIOPinWrite)
                  0000729a    00000006                       : sysctl.obj (.text:SysCtlDelay)
                  000072a0    00000006     rtsv7M3_T_le_eabi.lib : atof.obj (.text)
                  000072a6    00000004     driverlib-cm3.lib : timer.obj (.text:TimerIntClear)
                  000072aa    00000004                       : uart.obj (.text:UARTIntClear)
                  000072ae    00000004     rtsv7M3_T_le_eabi.lib : pre_init.obj (.text)

.const     0    000072b8    000005b4     
                  000072b8    000001e0     rit128x96x4.obj (.const:g_pucFont)
                  00007498    00000101     rtsv7M3_T_le_eabi.lib : ctype.obj (.const:.string:_ctypes_)
                  00007599    00000003     rit128x96x4.obj (.const:.string:pucCommand1$1)
                  0000759c    0000009c     driverlib-cm3.lib : interrupt.obj (.const:g_pulRegs)
                  00007638    00000098     rtsv7M3_T_le_eabi.lib : strtod.obj (.const:$O1$$)
                  000076d0    00000070     driverlib-cm3.lib : interrupt.obj (.const)
                  00007740    0000006c                       : sysctl.obj (.const:g_pulXtals)
                  000077ac    0000004f     rit128x96x4.obj (.const:.string:g_pucRIT128x96x4Init)
                  000077fb    00000001     --HOLE-- [fill = 0]
                  000077fc    00000040     driverlib-cm3.lib : sysctl.obj (.const)
                  0000783c    00000014     tasks.obj (.const:.string:ucExpectedStackBytes$1)
                  00007850    00000010     rtsv7M3_T_le_eabi.lib : e_fmod.obj (.const:Zero)
                  00007860    00000003     rit128x96x4.obj (.const:.string:pucCommand2$2)
                  00007863    00000002     rit128x96x4.obj (.const:.string:g_pucRIT128x96x4HorizontalInc)
                  00007865    00000002     rit128x96x4.obj (.const:.string:g_pucRIT128x96x4VerticalInc)
                  00007867    00000002     rit128x96x4.obj (.const:.string:pucCommand1$3)
                  00007869    00000001     --HOLE-- [fill = 0]
                  0000786a    00000002     heap_2.obj (.const)

.cinit     0    00007870    00000048     
                  00007870    00000024     (.cinit..data.load) [load image, compression = lzss]
                  00007894    0000000c     (__TI_handler_table)
                  000078a0    00000008     (.cinit..bss.load) [load image, compression = zero_init]
                  000078a8    00000010     (__TI_cinit_table)

.bss       0    20000000    00002938     UNINITIALIZED
                  20000000    00002800     heap_2.obj (.bss:xHeap)
                  20002800    00000064     tasks.obj (.bss:pxReadyTasksLists)
                  20002864    00000014     tasks.obj (.bss:xDelayedTaskList1)
                  20002878    00000014     tasks.obj (.bss:xDelayedTaskList2)
                  2000288c    00000014     tasks.obj (.bss:xPendingReadyList)
                  200028a0    00000014     tasks.obj (.bss:xSuspendedTaskList)
                  200028b4    00000014     tasks.obj (.bss:xTasksWaitingTermination)
                  200028c8    00000014     (.common:acc_time)
                  200028dc    00000008     rit128x96x4.obj (.bss:g_pucBuffer)
                  200028e4    00000008     tasks.obj (.bss)
                  200028ec    00000008     heap_2.obj (.bss:xEnd)
                  200028f4    00000008     heap_2.obj (.bss:xStart)
                  200028fc    00000004     rit128x96x4.obj (.bss)
                  20002900    00000004     (.common:period)
                  20002904    00000004     (.common:xBinarySemaphoreEncoder_1)
                  20002908    00000004     (.common:xBinarySemaphoreFilter)
                  2000290c    00000004     (.common:xBinarySemaphoreGPS)
                  20002910    00000004     (.common:xBinarySemaphoreGPSchar)
                  20002914    00000004     (.common:xEncoder_1)
                  20002918    00000004     (.common:xEncoder_raw_DATA)
                  2000291c    00000004     (.common:xPWM_DATA)
                  20002920    00000004     (.common:xPWM_speed_DATA)
                  20002924    00000004     (.common:xQueueBuffedSpeed)
                  20002928    00000004     (.common:xQueueButtons)
                  2000292c    00000004     (.common:xQueueGPSDATA)
                  20002930    00000004     (.common:xQueueSpeed)
                  20002934    00000004     (.common:xUART_GPS_DATA)

.stack     0    20002938    00000fff     UNINITIALIZED
                  20002938    00000fff     --HOLE--

.sysmem    0    20003938    00000fff     UNINITIALIZED
                  20003938    00000008     rtsv7M3_T_le_eabi.lib : memory.obj (.sysmem)
                  20003940    00000ff7     --HOLE--

.data      0    20004938    00000064     UNINITIALIZED
                  20004938    00000030     tasks.obj (.data)
                  20004968    0000000c     rtsv7M3_T_le_eabi.lib : exit.obj (.data:$O1$$)
                  20004974    0000000c                           : memory.obj (.data:$O1$$)
                  20004980    00000008                           : _lock.obj (.data:$O1$$)
                  20004988    00000008     heap_2.obj (.data)
                  20004990    00000004     port.obj (.data)
                  20004994    00000004     rtsv7M3_T_le_eabi.lib : errno.obj (.data)
                  20004998    00000004                           : stkdepth_vars.obj (.data)

MODULE SUMMARY

       Module                     code    ro data   rw data
       ------                     ----    -------   -------
    .\
       tasks.obj                  3188    20        256    
       data_process.obj           2224    0         0      
       main.obj                   1912    0         64     
       rit128x96x4.obj            1296    571       12     
       display.obj                1842    0         0      
       queue.obj                  1556    0         0      
       init.obj                   940     0         4      
       speed.obj                  424     0         0      
       ADC_interface.obj          348     0         0      
       PWM_module.obj             332     0         0      
       list.obj                   302     0         0      
       button_data.obj            284     0         0      
       startup_ccs.obj            12      240       0      
       int_module.obj             124     0         8      
    +--+--------------------------+-------+---------+---------+
       Total:                     14784   831       344    
                                                           
    .\portable\
       heap_2.obj                 444     2         10264  
       port.obj                   228     0         4      
       portasm.obj                156     0         0      
    +--+--------------------------+-------+---------+---------+
       Total:                     828     2         10268  
                                                           
    C:/ti/StellarisWare/driverlib/ccs-cm3/Debug/driverlib-cm3.lib
       sysctl.obj                 1046    172       0      
       gpio.obj                   434     0         0      
       interrupt.obj              156     268       0      
       adc.obj                    274     0         0      
       uart.obj                   184     0         0      
       ssi.obj                    124     0         0      
       pwm.obj                    122     0         0      
       timer.obj                  80      0         0      
       cpu.obj                    24      0         0      
    +--+--------------------------+-------+---------+---------+
       Total:                     2444    440       0      
                                                           
    C:\ti\ccsv6\tools\compiler\ti-cgt-arm_16.6.0.STS\lib\rtsv7M3_T_le_eabi.lib
       _printfi.obj               4354    0         0      
       memory.obj                 972     0         12     
       strtod.obj                 572     152       0      
       e_fmod.obj                 548     16        0      
       ull_div_t2.obj             500     0         0      
       fd_add_t2.obj              438     0         0      
       fd_div_t2.obj              310     0         0      
       fd_cmp_t2.obj              268     0         0      
       ctype.obj                  0       257       0      
       fd_mul_t2.obj              252     0         0      
       fs_add_t2.obj              250     0         0      
       s_scalbn.obj               208     0         0      
       memcpy_t2.obj              156     0         0      
       fs_div_t2.obj              146     0         0      
       fs_mul_t2.obj              122     0         0      
       memset_t2.obj              122     0         0      
       autoinit.obj               112     0         0      
       fd_tos_t2.obj              110     0         0      
       copy_decompress_lzss.obj   102     0         0      
       exit.obj                   84      0         12     
       fs_cmp_t2.obj              96      0         0      
       sprintf.obj                96      0         0      
       s_frexp.obj                92      0         0      
       ltoa.obj                   86      0         0      
       atoi.obj                   76      0         0      
       atol.obj                   76      0         0      
       cpy_tbl.obj                76      0         0      
       fd_toi_t2.obj              72      0         0      
       fd_tou_t2.obj              68      0         0      
       boot.obj                   64      0         0      
       fs_tod_t2.obj              56      0         0      
       fs_toi_t2.obj              56      0         0      
       i_tofs_t2.obj              56      0         0      
       strncpy.obj                54      0         0      
       strstr.obj                 54      0         0      
       fs_tou_t2.obj              52      0         0      
       i_tofd_t2.obj              46      0         0      
       memcmp.obj                 36      0         0      
       u_tofd_t2.obj              32      0         0      
       _lock.obj                  20      0         8      
       memccpy.obj                26      0         0      
       args_main.obj              24      0         0      
       strchr.obj                 22      0         0      
       strcpy.obj                 22      0         0      
       strlen.obj                 20      0         0      
       copy_decompress_none.obj   14      0         0      
       copy_zero_init.obj         12      0         0      
       s_copysign.obj             8       0         0      
       atof.obj                   6       0         0      
       errno.obj                  0       0         4      
       pre_init.obj               4       0         0      
       stkdepth_vars.obj          0       0         4      
       mpu_init.obj               2       0         0      
       startup.obj                2       0         0      
    +--+--------------------------+-------+---------+---------+
       Total:                     11052   425       40     
                                                           
       Heap:                      0       0         4095   
       Stack:                     0       0         4095   
       Linker Generated:          0       72        0      
    +--+--------------------------+-------+---------+---------+
       Grand Total:               29108   1770      18842  


LINKER GENERATED COPY TABLES

__TI_cinit_table @ 000078a8 records: 2, size/record: 8, table size: 16
	.data: load addr=00007870, load size=00000024 bytes, run addr=20004938, run size=00000064 bytes, compression=lzss
	.bss: load addr=000078a0, load size=00000008 bytes, run addr=20000000, run size=00002938 bytes, compression=zero_init


LINKER GENERATED HANDLER TABLE

__TI_handler_table @ 00007894 records: 3, size/record: 4, table size: 12
	index: 0, handler: __TI_decompress_lzss
	index: 1, handler: __TI_decompress_none
	index: 2, handler: __TI_zero_init


GLOBAL SYMBOLS: SORTED ALPHABETICALLY BY Name 

address   name                           
-------   ----                           
00007205  ADCIntClear                    
00006e51  ADCIntStatus                   
00007049  ADCProcessorTrigger            
00006edb  ADCSequenceConfigure           
00006f99  ADCSequenceDataGet             
00007193  ADCSequenceEnable              
00006737  ADCSequenceStepConfigure       
00006a39  C$$EXIT                        
000071bd  CPUcpsid                       
000071c9  CPUcpsie                       
000064e9  EncoderINT                     
00006e7f  GPIODirModeSet                 
00006bb9  GPIOIntTypeSet                 
000060c1  GPIOPadConfigSet               
00007289  GPIOPinIntClear                
000071d5  GPIOPinIntEnable               
0000728f  GPIOPinRead                    
00007105  GPIOPinTypeADC                 
00007117  GPIOPinTypeGPIOOutput          
00007129  GPIOPinTypePWM                 
0000713b  GPIOPinTypeSSI                 
0000714d  GPIOPinTypeUART                
00007295  GPIOPinWrite                   
00006809  IntEnable                      
0000720f  IntMasterDisable               
00007219  IntMasterEnable                
00006f2d  IntPrioritySet                 
00006f05  PWMGenConfigure                
00007223  PWMGenEnable                   
000070a1  PWMGenPeriodSet                
0000705f  PWMOutputState                 
00006fd9  PWMPulseWidthSet               
000057e9  PWM_direction                  
000057c1  PWM_duty                       
00003ce1  RIT128x96x4Clear               
00003f5f  RIT128x96x4Disable             
000040b1  RIT128x96x4DisplayOff          
0000407d  RIT128x96x4DisplayOn           
00003f05  RIT128x96x4Enable              
00003e7d  RIT128x96x4ImageDraw           
00003fd9  RIT128x96x4Init                
00003d3d  RIT128x96x4StringDraw          
000071f9  ResetISR                       
UNDEFED   SHT$$INIT_ARRAY$$Base          
UNDEFED   SHT$$INIT_ARRAY$$Limit         
00007269  SSIBusy                        
00006bfd  SSIConfigSetExpClk             
0000715f  SSIDataGetNonBlocking          
0000722d  SSIDataPut                     
00007237  SSIDisable                     
00007241  SSIEnable                      
00004eb5  SysCtlClockGet                 
00005851  SysCtlClockSet                 
0000729b  SysCtlDelay                    
000070b5  SysCtlPWMClockSet              
00006989  SysCtlPeripheralEnable         
00006355  SysCtlPeripheralReset          
00006539  Timer0IntHandler               
00006545  Timer1IntHandler               
00006f51  TimerConfigure                 
000071a1  TimerEnable                    
000072a7  TimerIntClear                  
00007271  TimerIntEnable                 
00007171  TimerLoadSet                   
00007183  UARTCharGetNonBlocking         
0000724b  UARTCharPut                    
000071e1  UARTCharsAvail                 
00006c85  UARTConfigSetExpClk            
00006ff9  UARTDisable                    
000070c9  UARTEnable                     
00007255  UARTFIFOEnable                 
000072ab  UARTIntClear                   
00007279  UARTIntEnable                  
00002719  UARTIntHandler                 
0000725f  UARTIntStatus                  
000055a9  UARTSend                       
20003937  __STACK_END                    
00000fff  __STACK_SIZE                   
20002a38  __STACK_TOP                    
00000fff  __SYSMEM_SIZE                  
000078a8  __TI_CINIT_Base                
000078b8  __TI_CINIT_Limit               
00007894  __TI_Handler_Table_Base        
000078a0  __TI_Handler_Table_Limit       
00006659  __TI_auto_init                 
20004968  __TI_cleanup_ptr               
000067a3  __TI_decompress_lzss           
000071af  __TI_decompress_none           
2000496c  __TI_dtors_ptr                 
20004970  __TI_enable_exit_profile_output
ffffffff  __TI_pprof_out_hndl            
0000091d  __TI_printfi                   
ffffffff  __TI_prof_data_size            
ffffffff  __TI_prof_data_start           
00000000  __TI_static_base__             
000071ed  __TI_zero_init                 
000063dd  __aeabi_cdcmpeq                
000063dd  __aeabi_cdcmple                
00006463  __aeabi_cdrcmple               
0000686d  __aeabi_cfrcmple               
000066c9  __aeabi_d2f                    
00006b71  __aeabi_d2iz                   
00006c41  __aeabi_d2uiz                  
00005253  __aeabi_dadd                   
00005995  __aeabi_ddiv                   
00005d15  __aeabi_dmul                   
00005249  __aeabi_dsub                   
00006d09  __aeabi_f2d                    
00006d41  __aeabi_f2iz                   
00006e1d  __aeabi_f2uiz                  
00005e15  __aeabi_fadd                   
000062c1  __aeabi_fdiv                   
00006565  __aeabi_fmul                   
00005e11  __aeabi_fsub                   
00006ead  __aeabi_i2d                    
00006d79  __aeabi_i2f                    
000065df  __aeabi_memclr                 
000065df  __aeabi_memclr4                
000065df  __aeabi_memclr8                
00006225  __aeabi_memcpy                 
00006225  __aeabi_memcpy4                
00006225  __aeabi_memcpy8                
000065e1  __aeabi_memset                 
000065e1  __aeabi_memset4                
000065e1  __aeabi_memset8                
00006fb9  __aeabi_ui2d                   
00004cc1  __aeabi_uldivmod               
ffffffff  __binit__                      
ffffffff  __c_args__                     
000011f3  __mpu_init                     
20002938  __stack                        
00007031  _args_main                     
00006cc9  _c_int00                       
00007498  _ctypes_                       
20004980  _lock                          
000070eb  _nop                           
000070e3  _register_lock                 
000070dd  _register_unlock               
20003938  _sys_memory                    
00003bd7  _system_post_cinit             
000072af  _system_pre_init               
20004984  _unlock                        
00006a3d  abort                          
200028c8  acc_time                       
00003223  accleration_screen             
000054c9  analysis_speed                 
000072a1  atof                           
00006a8d  atoi                           
00006ad9  atol                           
ffffffff  binit                          
00004487  calloc                         
00002e91  clearDisplay                   
00006b25  copy_in                        
00007281  copysign                       
00007281  copysignl                      
00001e69  decode_GGA                     
0000225d  decode_RMC                     
000033a3  display                        
00005511  encoder_quad                   
0000305f  enter_fuel_display             
20004994  errno                          
00006a45  exit                           
00005705  find_dir                       
00004a9d  fmod                           
00004a9d  fmodl                          
000041d3  free                           
0000692d  frexp                          
0000692d  frexpl                         
00000000  g_pfnVectors                   
0000457d  initADC                        
00004791  initCircBuf                    
000044f1  initClock                      
00004679  initConsole                    
00004573  initDisplay                    
000044fb  initGPIO                       
000045bd  initPWMchan                    
0000451f  initPin                        
000046ed  initTimer                      
000047d7  init_acc_time                  
00002fad  init_password                  
000047bb  init_set_speed_data            
00005c97  invert_bool                    
00005cbb  invert_button                  
00005ff1  ldexp                          
00005ff1  ldexpl                         
000069e1  ltoa                           
00002749  main                           
20004998  main_func_sp                   
00004759  main_init                      
00004169  malloc                         
0000439d  memalign                       
00007015  memccpy                        
00006f75  memcmp                         
00006225  memcpy                         
000065e7  memset                         
000040e9  minit                          
0000313b  no_fix_screen                  
00002f17  password_display               
20002900  period                         
0000508d  pvPortMalloc                   
20004938  pxCurrentTCB                   
00005f0d  pxPortInitialiseStack          
00002e99  read_button_screen             
00005bf9  read_buttons                   
00004295  realloc                        
000044b5  reset_peripheral               
000030a5  review_fuel_display            
00005661  run_adc                        
00005ff1  scalbn                         
00005ff1  scalbnl                        
000055f1  send_data                      
00002fc5  set_speed_display              
00005401  set_speed_func                 
00005731  speed_feedback                 
00002675  split_data                     
000068cd  sprintf                        
0000292b  store_char                     
0000547f  store_speed                    
00007075  strchr                         
0000708b  strcpy                         
000070f1  strlen                         
00006db1  strncpy                        
00006de7  strstr                         
00004861  strtod                         
00004861  strtold                        
000039dd  uxQueueMessagesWaiting         
000039f3  uxQueueMessagesWaitingFromISR  
0000187d  uxTaskGetNumberOfTasks         
00001485  uxTaskPriorityGet              
00002e21  vApplicationIdleHook           
00002e15  vApplicationMallocFailedHook   
00002e17  vApplicationStackOverflowHook  
00002e23  vApplicationTickHook           
00002cd1  vDisplayTask                   
00002add  vEncoder                       
00002de1  vFakeGPS                       
00002c53  vFilterSpeed                   
00005acb  vListInitialise                
00005afb  vListInitialiseItem            
00005b4f  vListInsert                    
00005b0b  vListInsertEnd                 
00005bb5  vListRemove                    
00002bd5  vPWM                           
000061d5  vPortClearInterruptMask        
00006213  vPortEnableVFP                 
00005f7d  vPortEndScheduler              
00005f89  vPortEnterCritical             
00005f99  vPortExitCritical              
000051bf  vPortFree                      
00005227  vPortInitialiseBlocks          
000061e3  vPortSVCHandler                
000061c7  vPortSetInterruptMask          
00006201  vPortStartFirstTask            
00005f7f  vPortYieldFromISR              
00003a05  vQueueDelete                   
00002a9d  vReadButtons                   
000029f9  vReadGPS                       
000029ad  vReadGPSchar                   
00001421  vTaskDelay                     
00001371  vTaskDelayUntil                
00001309  vTaskDelete                    
0000177d  vTaskEndScheduler              
0000188d  vTaskIncrementTick             
00001b91  vTaskMissedYield               
000019f5  vTaskPlaceOnEventList          
00001dd9  vTaskPriorityDisinherit        
00001d4d  vTaskPriorityInherit           
000014c1  vTaskPrioritySet               
00001651  vTaskResume                    
00001af3  vTaskSetTimeOutState           
00001733  vTaskStartScheduler            
000015a9  vTaskSuspend                   
0000178f  vTaskSuspendAll                
00001935  vTaskSwitchContext             
20002904  xBinarySemaphoreEncoder_1      
20002908  xBinarySemaphoreFilter         
2000290c  xBinarySemaphoreGPS            
20002910  xBinarySemaphoreGPSchar        
20002914  xEncoder_1                     
20002918  xEncoder_raw_DATA              
2000291c  xPWM_DATA                      
20002920  xPWM_speed_DATA                
00005221  xPortGetFreeHeapSize           
0000618d  xPortPendSVHandler             
00005f55  xPortStartScheduler            
00005faf  xPortSysTickHandler            
20002924  xQueueBuffedSpeed              
20002928  xQueueButtons                  
000035c3  xQueueCreate                   
000036d1  xQueueCreateCountingSemaphore  
00003669  xQueueCreateMutex              
2000292c  xQueueGPSDATA                  
00003841  xQueueGenericReceive           
000036ef  xQueueGenericSend              
000037d7  xQueueGenericSendFromISR       
00003b7f  xQueueIsQueueEmptyFromISR      
00003bb9  xQueueIsQueueFullFromISR       
00003975  xQueueReceiveFromISR           
20002930  xQueueSpeed                    
00001b19  xTaskCheckForTimeOut           
000011f5  xTaskGenericCreate             
00001d39  xTaskGetCurrentTaskHandle      
00001869  xTaskGetTickCount              
00001601  xTaskIsTaskSuspended           
00001a75  xTaskRemoveFromEventList       
00001799  xTaskResumeAll                 
000016c1  xTaskResumeFromISR             
20002934  xUART_GPS_DATA                 


GLOBAL SYMBOLS: SORTED BY Symbol Address 

address   name                           
-------   ----                           
00000000  __TI_static_base__             
00000000  g_pfnVectors                   
0000091d  __TI_printfi                   
00000fff  __STACK_SIZE                   
00000fff  __SYSMEM_SIZE                  
000011f3  __mpu_init                     
000011f5  xTaskGenericCreate             
00001309  vTaskDelete                    
00001371  vTaskDelayUntil                
00001421  vTaskDelay                     
00001485  uxTaskPriorityGet              
000014c1  vTaskPrioritySet               
000015a9  vTaskSuspend                   
00001601  xTaskIsTaskSuspended           
00001651  vTaskResume                    
000016c1  xTaskResumeFromISR             
00001733  vTaskStartScheduler            
0000177d  vTaskEndScheduler              
0000178f  vTaskSuspendAll                
00001799  xTaskResumeAll                 
00001869  xTaskGetTickCount              
0000187d  uxTaskGetNumberOfTasks         
0000188d  vTaskIncrementTick             
00001935  vTaskSwitchContext             
000019f5  vTaskPlaceOnEventList          
00001a75  xTaskRemoveFromEventList       
00001af3  vTaskSetTimeOutState           
00001b19  xTaskCheckForTimeOut           
00001b91  vTaskMissedYield               
00001d39  xTaskGetCurrentTaskHandle      
00001d4d  vTaskPriorityInherit           
00001dd9  vTaskPriorityDisinherit        
00001e69  decode_GGA                     
0000225d  decode_RMC                     
00002675  split_data                     
00002719  UARTIntHandler                 
00002749  main                           
0000292b  store_char                     
000029ad  vReadGPSchar                   
000029f9  vReadGPS                       
00002a9d  vReadButtons                   
00002add  vEncoder                       
00002bd5  vPWM                           
00002c53  vFilterSpeed                   
00002cd1  vDisplayTask                   
00002de1  vFakeGPS                       
00002e15  vApplicationMallocFailedHook   
00002e17  vApplicationStackOverflowHook  
00002e21  vApplicationIdleHook           
00002e23  vApplicationTickHook           
00002e91  clearDisplay                   
00002e99  read_button_screen             
00002f17  password_display               
00002fad  init_password                  
00002fc5  set_speed_display              
0000305f  enter_fuel_display             
000030a5  review_fuel_display            
0000313b  no_fix_screen                  
00003223  accleration_screen             
000033a3  display                        
000035c3  xQueueCreate                   
00003669  xQueueCreateMutex              
000036d1  xQueueCreateCountingSemaphore  
000036ef  xQueueGenericSend              
000037d7  xQueueGenericSendFromISR       
00003841  xQueueGenericReceive           
00003975  xQueueReceiveFromISR           
000039dd  uxQueueMessagesWaiting         
000039f3  uxQueueMessagesWaitingFromISR  
00003a05  vQueueDelete                   
00003b7f  xQueueIsQueueEmptyFromISR      
00003bb9  xQueueIsQueueFullFromISR       
00003bd7  _system_post_cinit             
00003ce1  RIT128x96x4Clear               
00003d3d  RIT128x96x4StringDraw          
00003e7d  RIT128x96x4ImageDraw           
00003f05  RIT128x96x4Enable              
00003f5f  RIT128x96x4Disable             
00003fd9  RIT128x96x4Init                
0000407d  RIT128x96x4DisplayOn           
000040b1  RIT128x96x4DisplayOff          
000040e9  minit                          
00004169  malloc                         
000041d3  free                           
00004295  realloc                        
0000439d  memalign                       
00004487  calloc                         
000044b5  reset_peripheral               
000044f1  initClock                      
000044fb  initGPIO                       
0000451f  initPin                        
00004573  initDisplay                    
0000457d  initADC                        
000045bd  initPWMchan                    
00004679  initConsole                    
000046ed  initTimer                      
00004759  main_init                      
00004791  initCircBuf                    
000047bb  init_set_speed_data            
000047d7  init_acc_time                  
00004861  strtod                         
00004861  strtold                        
00004a9d  fmod                           
00004a9d  fmodl                          
00004cc1  __aeabi_uldivmod               
00004eb5  SysCtlClockGet                 
0000508d  pvPortMalloc                   
000051bf  vPortFree                      
00005221  xPortGetFreeHeapSize           
00005227  vPortInitialiseBlocks          
00005249  __aeabi_dsub                   
00005253  __aeabi_dadd                   
00005401  set_speed_func                 
0000547f  store_speed                    
000054c9  analysis_speed                 
00005511  encoder_quad                   
000055a9  UARTSend                       
000055f1  send_data                      
00005661  run_adc                        
00005705  find_dir                       
00005731  speed_feedback                 
000057c1  PWM_duty                       
000057e9  PWM_direction                  
00005851  SysCtlClockSet                 
00005995  __aeabi_ddiv                   
00005acb  vListInitialise                
00005afb  vListInitialiseItem            
00005b0b  vListInsertEnd                 
00005b4f  vListInsert                    
00005bb5  vListRemove                    
00005bf9  read_buttons                   
00005c97  invert_bool                    
00005cbb  invert_button                  
00005d15  __aeabi_dmul                   
00005e11  __aeabi_fsub                   
00005e15  __aeabi_fadd                   
00005f0d  pxPortInitialiseStack          
00005f55  xPortStartScheduler            
00005f7d  vPortEndScheduler              
00005f7f  vPortYieldFromISR              
00005f89  vPortEnterCritical             
00005f99  vPortExitCritical              
00005faf  xPortSysTickHandler            
00005ff1  ldexp                          
00005ff1  ldexpl                         
00005ff1  scalbn                         
00005ff1  scalbnl                        
000060c1  GPIOPadConfigSet               
0000618d  xPortPendSVHandler             
000061c7  vPortSetInterruptMask          
000061d5  vPortClearInterruptMask        
000061e3  vPortSVCHandler                
00006201  vPortStartFirstTask            
00006213  vPortEnableVFP                 
00006225  __aeabi_memcpy                 
00006225  __aeabi_memcpy4                
00006225  __aeabi_memcpy8                
00006225  memcpy                         
000062c1  __aeabi_fdiv                   
00006355  SysCtlPeripheralReset          
000063dd  __aeabi_cdcmpeq                
000063dd  __aeabi_cdcmple                
00006463  __aeabi_cdrcmple               
000064e9  EncoderINT                     
00006539  Timer0IntHandler               
00006545  Timer1IntHandler               
00006565  __aeabi_fmul                   
000065df  __aeabi_memclr                 
000065df  __aeabi_memclr4                
000065df  __aeabi_memclr8                
000065e1  __aeabi_memset                 
000065e1  __aeabi_memset4                
000065e1  __aeabi_memset8                
000065e7  memset                         
00006659  __TI_auto_init                 
000066c9  __aeabi_d2f                    
00006737  ADCSequenceStepConfigure       
000067a3  __TI_decompress_lzss           
00006809  IntEnable                      
0000686d  __aeabi_cfrcmple               
000068cd  sprintf                        
0000692d  frexp                          
0000692d  frexpl                         
00006989  SysCtlPeripheralEnable         
000069e1  ltoa                           
00006a39  C$$EXIT                        
00006a3d  abort                          
00006a45  exit                           
00006a8d  atoi                           
00006ad9  atol                           
00006b25  copy_in                        
00006b71  __aeabi_d2iz                   
00006bb9  GPIOIntTypeSet                 
00006bfd  SSIConfigSetExpClk             
00006c41  __aeabi_d2uiz                  
00006c85  UARTConfigSetExpClk            
00006cc9  _c_int00                       
00006d09  __aeabi_f2d                    
00006d41  __aeabi_f2iz                   
00006d79  __aeabi_i2f                    
00006db1  strncpy                        
00006de7  strstr                         
00006e1d  __aeabi_f2uiz                  
00006e51  ADCIntStatus                   
00006e7f  GPIODirModeSet                 
00006ead  __aeabi_i2d                    
00006edb  ADCSequenceConfigure           
00006f05  PWMGenConfigure                
00006f2d  IntPrioritySet                 
00006f51  TimerConfigure                 
00006f75  memcmp                         
00006f99  ADCSequenceDataGet             
00006fb9  __aeabi_ui2d                   
00006fd9  PWMPulseWidthSet               
00006ff9  UARTDisable                    
00007015  memccpy                        
00007031  _args_main                     
00007049  ADCProcessorTrigger            
0000705f  PWMOutputState                 
00007075  strchr                         
0000708b  strcpy                         
000070a1  PWMGenPeriodSet                
000070b5  SysCtlPWMClockSet              
000070c9  UARTEnable                     
000070dd  _register_unlock               
000070e3  _register_lock                 
000070eb  _nop                           
000070f1  strlen                         
00007105  GPIOPinTypeADC                 
00007117  GPIOPinTypeGPIOOutput          
00007129  GPIOPinTypePWM                 
0000713b  GPIOPinTypeSSI                 
0000714d  GPIOPinTypeUART                
0000715f  SSIDataGetNonBlocking          
00007171  TimerLoadSet                   
00007183  UARTCharGetNonBlocking         
00007193  ADCSequenceEnable              
000071a1  TimerEnable                    
000071af  __TI_decompress_none           
000071bd  CPUcpsid                       
000071c9  CPUcpsie                       
000071d5  GPIOPinIntEnable               
000071e1  UARTCharsAvail                 
000071ed  __TI_zero_init                 
000071f9  ResetISR                       
00007205  ADCIntClear                    
0000720f  IntMasterDisable               
00007219  IntMasterEnable                
00007223  PWMGenEnable                   
0000722d  SSIDataPut                     
00007237  SSIDisable                     
00007241  SSIEnable                      
0000724b  UARTCharPut                    
00007255  UARTFIFOEnable                 
0000725f  UARTIntStatus                  
00007269  SSIBusy                        
00007271  TimerIntEnable                 
00007279  UARTIntEnable                  
00007281  copysign                       
00007281  copysignl                      
00007289  GPIOPinIntClear                
0000728f  GPIOPinRead                    
00007295  GPIOPinWrite                   
0000729b  SysCtlDelay                    
000072a1  atof                           
000072a7  TimerIntClear                  
000072ab  UARTIntClear                   
000072af  _system_pre_init               
00007498  _ctypes_                       
00007894  __TI_Handler_Table_Base        
000078a0  __TI_Handler_Table_Limit       
000078a8  __TI_CINIT_Base                
000078b8  __TI_CINIT_Limit               
200028c8  acc_time                       
20002900  period                         
20002904  xBinarySemaphoreEncoder_1      
20002908  xBinarySemaphoreFilter         
2000290c  xBinarySemaphoreGPS            
20002910  xBinarySemaphoreGPSchar        
20002914  xEncoder_1                     
20002918  xEncoder_raw_DATA              
2000291c  xPWM_DATA                      
20002920  xPWM_speed_DATA                
20002924  xQueueBuffedSpeed              
20002928  xQueueButtons                  
2000292c  xQueueGPSDATA                  
20002930  xQueueSpeed                    
20002934  xUART_GPS_DATA                 
20002938  __stack                        
20002a38  __STACK_TOP                    
20003937  __STACK_END                    
20003938  _sys_memory                    
20004938  pxCurrentTCB                   
20004968  __TI_cleanup_ptr               
2000496c  __TI_dtors_ptr                 
20004970  __TI_enable_exit_profile_output
20004980  _lock                          
20004984  _unlock                        
20004994  errno                          
20004998  main_func_sp                   
ffffffff  __TI_pprof_out_hndl            
ffffffff  __TI_prof_data_size            
ffffffff  __TI_prof_data_start           
ffffffff  __binit__                      
ffffffff  __c_args__                     
ffffffff  binit                          
UNDEFED   SHT$$INIT_ARRAY$$Base          
UNDEFED   SHT$$INIT_ARRAY$$Limit         

[308 symbols]
