******************************************************************************
                  TI ARM Linker PC v16.6.0                     
******************************************************************************
>> Linked Fri Aug 12 16:48:28 2016

OUTPUT FILE NAME:   <RTOStest1.out>
ENTRY POINT SYMBOL: "_c_int00"  address: 00006d29


MEMORY CONFIGURATION

         name            origin    length      used     unused   attr    fill
----------------------  --------  ---------  --------  --------  ----  --------
  FLASH                 00000000   00040000  0000791a  000386e6  R  X
  SRAM                  20000000   00010000  00004aaa  0000b556  RW X


SEGMENT ALLOCATION MAP

run origin  load origin   length   init length attrs members
----------  ----------- ---------- ----------- ----- -------
00000000    00000000    00007920   00007920    r-x
  00000000    00000000    000000f0   000000f0    r-- .intvecs
  000000f0    000000f0    0000722e   0000722e    r-x .text
  00007320    00007320    000005b4   000005b4    r-- .const
  000078d8    000078d8    00000048   00000048    r-- .cinit
20000000    20000000    00004ab0   00000000    rw-
  20000000    20000000    00002a24   00000000    rw- .bss
  20002a24    20002a24    00000fff   00000000    rw- .stack
  20003a28    20003a28    00000fff   00000000    rw- .sysmem
  20004a28    20004a28    00000088   00000000    rw- .data


SECTION ALLOCATION MAP

 output                                  attributes/
section   page    origin      length       input sections
--------  ----  ----------  ----------   ----------------
.intvecs   0    00000000    000000f0     
                  00000000    000000f0     startup_ccs.obj (.intvecs)

.text      0    000000f0    0000722e     
                  000000f0    00001102     rtsv7M3_T_le_eabi.lib : _printfi.obj (.text)
                  000011f2    00000002                           : mpu_init.obj (.text)
                  000011f4    00000c74     tasks.obj (.text)
                  00001e68    000009a4     data_process.obj (.text)
                  0000280c    00000780     main.obj (.text)
                  00002f8c    00000732     display.obj (.text)
                  000036be    00000614     queue.obj (.text)
                  00003cd2    00000002     rtsv7M3_T_le_eabi.lib : startup.obj (.text)
                  00003cd4    00000510     rit128x96x4.obj (.text)
                  000041e4    0000048c     init.obj (.text)
                  00004670    000003cc     rtsv7M3_T_le_eabi.lib : memory.obj (.text)
                  00004a3c    000002f0     speed.obj (.text)
                  00004d2c    0000023c     rtsv7M3_T_le_eabi.lib : strtod.obj (.text)
                  00004f68    00000224                           : e_fmod.obj (.text)
                  0000518c    000001f4                           : ull_div_t2.obj (.text)
                  00005380    000001d8     driverlib-cm3.lib : sysctl.obj (.text:SysCtlClockGet)
                  00005558    000001bc     heap_2.obj (.text)
                  00005714    000001b6     rtsv7M3_T_le_eabi.lib : fd_add_t2.obj (.text)
                  000058ca    00000002     --HOLE-- [fill = 0]
                  000058cc    00000144     driverlib-cm3.lib : sysctl.obj (.text:SysCtlClockSet)
                  00005a10    00000136     rtsv7M3_T_le_eabi.lib : fd_div_t2.obj (.text)
                  00005b46    0000012e     list.obj (.text)
                  00005c74    0000011c     debounce.obj (.text)
                  00005d90    000000fc     rtsv7M3_T_le_eabi.lib : fd_mul_t2.obj (.text)
                  00005e8c    000000fa                           : fs_add_t2.obj (.text)
                  00005f86    00000002     --HOLE-- [fill = 0]
                  00005f88    000000e4     port.obj (.text)
                  0000606c    000000d0     rtsv7M3_T_le_eabi.lib : s_scalbn.obj (.text)
                  0000613c    000000c8     driverlib-cm3.lib : gpio.obj (.text:GPIOPadConfigSet)
                  00006204    0000009c     portasm.obj (.text)
                  000062a0    0000009c     rtsv7M3_T_le_eabi.lib : memcpy_t2.obj (.text)
                  0000633c    00000092                           : fs_div_t2.obj (.text)
                  000063ce    00000002     --HOLE-- [fill = 0]
                  000063d0    00000088     driverlib-cm3.lib : sysctl.obj (.text:SysCtlPeripheralReset)
                  00006458    00000086     rtsv7M3_T_le_eabi.lib : fd_cmp_t2.obj (.text:__aeabi_cdcmple)
                  000064de    00000086                           : fd_cmp_t2.obj (.text:__aeabi_cdrcmple)
                  00006564    0000007a                           : fs_mul_t2.obj (.text)
                  000065de    0000007a                           : memset_t2.obj (.text)
                  00006658    00000070                           : autoinit.obj (.text)
                  000066c8    0000006e                           : fd_tos_t2.obj (.text)
                  00006736    0000006c     driverlib-cm3.lib : adc.obj (.text:ADCSequenceStepConfigure)
                  000067a2    00000066     rtsv7M3_T_le_eabi.lib : copy_decompress_lzss.obj (.text:decompress:lzss)
                  00006808    00000064     driverlib-cm3.lib : interrupt.obj (.text:IntEnable)
                  0000686c    00000060     rtsv7M3_T_le_eabi.lib : fs_cmp_t2.obj (.text:__aeabi_cfcmple)
                  000068cc    00000060                           : fs_cmp_t2.obj (.text:__aeabi_cfrcmple)
                  0000692c    00000060                           : sprintf.obj (.text)
                  0000698c    0000005c                           : s_frexp.obj (.text)
                  000069e8    00000058     driverlib-cm3.lib : sysctl.obj (.text:SysCtlPeripheralEnable)
                  00006a40    00000056     rtsv7M3_T_le_eabi.lib : ltoa.obj (.text)
                  00006a96    00000002     --HOLE-- [fill = 0]
                  00006a98    00000054                           : exit.obj (.text)
                  00006aec    0000004c                           : atoi.obj (.text)
                  00006b38    0000004c                           : atol.obj (.text)
                  00006b84    0000004c                           : cpy_tbl.obj (.text)
                  00006bd0    00000048                           : fd_toi_t2.obj (.text)
                  00006c18    00000044     driverlib-cm3.lib : gpio.obj (.text:GPIOIntTypeSet)
                  00006c5c    00000044                       : ssi.obj (.text:SSIConfigSetExpClk)
                  00006ca0    00000044     rtsv7M3_T_le_eabi.lib : fd_tou_t2.obj (.text)
                  00006ce4    00000042     driverlib-cm3.lib : uart.obj (.text:UARTConfigSetExpClk)
                  00006d26    00000002     --HOLE-- [fill = 0]
                  00006d28    00000040     rtsv7M3_T_le_eabi.lib : boot.obj (.text)
                  00006d68    00000038                           : fs_tod_t2.obj (.text)
                  00006da0    00000038                           : fs_toi_t2.obj (.text)
                  00006dd8    00000038                           : i_tofs_t2.obj (.text)
                  00006e10    00000036                           : strncpy.obj (.text)
                  00006e46    00000036                           : strstr.obj (.text)
                  00006e7c    00000034                           : fs_tou_t2.obj (.text)
                  00006eb0    0000002e     driverlib-cm3.lib : adc.obj (.text:ADCIntStatus)
                  00006ede    0000002e                       : gpio.obj (.text:GPIODirModeSet)
                  00006f0c    0000002e     rtsv7M3_T_le_eabi.lib : i_tofd_t2.obj (.text)
                  00006f3a    0000002a     driverlib-cm3.lib : adc.obj (.text:ADCSequenceConfigure)
                  00006f64    00000028                       : pwm.obj (.text:PWMGenConfigure)
                  00006f8c    00000024                       : interrupt.obj (.text:IntPrioritySet)
                  00006fb0    00000024                       : timer.obj (.text:TimerConfigure)
                  00006fd4    00000024     rtsv7M3_T_le_eabi.lib : memcmp.obj (.text)
                  00006ff8    00000020     driverlib-cm3.lib : adc.obj (.text:ADCSequenceDataGet)
                  00007018    00000020     rtsv7M3_T_le_eabi.lib : u_tofd_t2.obj (.text)
                  00007038    0000001e     driverlib-cm3.lib : pwm.obj (.text:PWMPulseWidthSet)
                  00007056    00000002     --HOLE-- [fill = 0]
                  00007058    0000001c                       : uart.obj (.text:UARTDisable)
                  00007074    0000001a     rtsv7M3_T_le_eabi.lib : memccpy.obj (.text)
                  0000708e    00000002     --HOLE-- [fill = 0]
                  00007090    00000018                           : args_main.obj (.text)
                  000070a8    00000016     driverlib-cm3.lib : adc.obj (.text:ADCProcessorTrigger)
                  000070be    00000016                       : pwm.obj (.text:PWMOutputState)
                  000070d4    00000016     rtsv7M3_T_le_eabi.lib : strchr.obj (.text)
                  000070ea    00000016                           : strcpy.obj (.text)
                  00007100    00000014     driverlib-cm3.lib : pwm.obj (.text:PWMGenPeriodSet)
                  00007114    00000014                       : sysctl.obj (.text:SysCtlPWMClockSet)
                  00007128    00000014                       : uart.obj (.text:UARTEnable)
                  0000713c    00000014     rtsv7M3_T_le_eabi.lib : _lock.obj (.text)
                  00007150    00000014                           : strlen.obj (.text)
                  00007164    00000012     driverlib-cm3.lib : gpio.obj (.text:GPIOPinTypeADC)
                  00007176    00000012                       : gpio.obj (.text:GPIOPinTypeGPIOOutput)
                  00007188    00000012                       : gpio.obj (.text:GPIOPinTypePWM)
                  0000719a    00000012                       : gpio.obj (.text:GPIOPinTypeSSI)
                  000071ac    00000012                       : gpio.obj (.text:GPIOPinTypeUART)
                  000071be    00000012                       : ssi.obj (.text:SSIDataGetNonBlocking)
                  000071d0    00000012                       : timer.obj (.text:TimerLoadSet)
                  000071e2    00000010                       : uart.obj (.text:UARTCharGetNonBlocking)
                  000071f2    0000000e                       : adc.obj (.text:ADCSequenceEnable)
                  00007200    0000000e                       : timer.obj (.text:TimerEnable)
                  0000720e    0000000e     rtsv7M3_T_le_eabi.lib : copy_decompress_none.obj (.text:decompress:none)
                  0000721c    0000000c     driverlib-cm3.lib : cpu.obj (.text:CPUcpsid)
                  00007228    0000000c                       : cpu.obj (.text:CPUcpsie)
                  00007234    0000000c                       : gpio.obj (.text:GPIOPinIntEnable)
                  00007240    0000000c                       : systick.obj (.text:SysTickValueGet)
                  0000724c    0000000c                       : uart.obj (.text:UARTCharsAvail)
                  00007258    0000000c     rtsv7M3_T_le_eabi.lib : copy_zero_init.obj (.text:decompress:ZI)
                  00007264    0000000c     startup_ccs.obj (.text)
                  00007270    0000000a     driverlib-cm3.lib : adc.obj (.text:ADCIntClear)
                  0000727a    0000000a                       : interrupt.obj (.text:IntMasterDisable)
                  00007284    0000000a                       : interrupt.obj (.text:IntMasterEnable)
                  0000728e    0000000a                       : pwm.obj (.text:PWMGenEnable)
                  00007298    0000000a                       : ssi.obj (.text:SSIDataPut)
                  000072a2    0000000a                       : ssi.obj (.text:SSIDisable)
                  000072ac    0000000a                       : ssi.obj (.text:SSIEnable)
                  000072b6    0000000a                       : uart.obj (.text:UARTCharPut)
                  000072c0    0000000a                       : uart.obj (.text:UARTFIFOEnable)
                  000072ca    0000000a                       : uart.obj (.text:UARTIntStatus)
                  000072d4    00000008                       : ssi.obj (.text:SSIBusy)
                  000072dc    00000008                       : timer.obj (.text:TimerIntEnable)
                  000072e4    00000008                       : uart.obj (.text:UARTIntEnable)
                  000072ec    00000008     rtsv7M3_T_le_eabi.lib : s_copysign.obj (.text)
                  000072f4    00000006     driverlib-cm3.lib : gpio.obj (.text:GPIOPinIntClear)
                  000072fa    00000006                       : gpio.obj (.text:GPIOPinRead)
                  00007300    00000006                       : gpio.obj (.text:GPIOPinWrite)
                  00007306    00000006                       : sysctl.obj (.text:SysCtlDelay)
                  0000730c    00000006     rtsv7M3_T_le_eabi.lib : atof.obj (.text)
                  00007312    00000004     driverlib-cm3.lib : timer.obj (.text:TimerIntClear)
                  00007316    00000004                       : uart.obj (.text:UARTIntClear)
                  0000731a    00000004     rtsv7M3_T_le_eabi.lib : pre_init.obj (.text)

.const     0    00007320    000005b4     
                  00007320    000001e0     rit128x96x4.obj (.const:g_pucFont)
                  00007500    00000101     rtsv7M3_T_le_eabi.lib : ctype.obj (.const:.string:_ctypes_)
                  00007601    00000003     rit128x96x4.obj (.const:.string:pucCommand1$1)
                  00007604    0000009c     driverlib-cm3.lib : interrupt.obj (.const:g_pulRegs)
                  000076a0    00000098     rtsv7M3_T_le_eabi.lib : strtod.obj (.const:$O1$$)
                  00007738    00000070     driverlib-cm3.lib : interrupt.obj (.const)
                  000077a8    0000006c                       : sysctl.obj (.const:g_pulXtals)
                  00007814    0000004f     rit128x96x4.obj (.const:.string:g_pucRIT128x96x4Init)
                  00007863    00000001     --HOLE-- [fill = 0]
                  00007864    00000040     driverlib-cm3.lib : sysctl.obj (.const)
                  000078a4    00000014     tasks.obj (.const:.string:ucExpectedStackBytes$1)
                  000078b8    00000010     rtsv7M3_T_le_eabi.lib : e_fmod.obj (.const:Zero)
                  000078c8    00000003     rit128x96x4.obj (.const:.string:pucCommand2$2)
                  000078cb    00000002     rit128x96x4.obj (.const:.string:g_pucRIT128x96x4HorizontalInc)
                  000078cd    00000002     rit128x96x4.obj (.const:.string:g_pucRIT128x96x4VerticalInc)
                  000078cf    00000002     rit128x96x4.obj (.const:.string:pucCommand1$3)
                  000078d1    00000001     --HOLE-- [fill = 0]
                  000078d2    00000002     heap_2.obj (.const)

.cinit     0    000078d8    00000048     
                  000078d8    00000024     (.cinit..data.load) [load image, compression = lzss]
                  000078fc    0000000c     (__TI_handler_table)
                  00007908    00000008     (.cinit..bss.load) [load image, compression = zero_init]
                  00007910    00000010     (__TI_cinit_table)

.bss       0    20000000    00002a24     UNINITIALIZED
                  20000000    00002800     heap_2.obj (.bss:xHeap)
                  20002800    00000078     (.common:UART_char_data)
                  20002878    00000078     (.common:UART_char_data_old)
                  200028f0    00000064     tasks.obj (.bss:pxReadyTasksLists)
                  20002954    00000014     tasks.obj (.bss:xDelayedTaskList1)
                  20002968    00000014     tasks.obj (.bss:xDelayedTaskList2)
                  2000297c    00000014     tasks.obj (.bss:xPendingReadyList)
                  20002990    00000014     tasks.obj (.bss:xSuspendedTaskList)
                  200029a4    00000014     tasks.obj (.bss:xTasksWaitingTermination)
                  200029b8    00000014     (.common:acc_time)
                  200029cc    00000008     rit128x96x4.obj (.bss:g_pucBuffer)
                  200029d4    00000008     tasks.obj (.bss)
                  200029dc    00000008     heap_2.obj (.bss:xEnd)
                  200029e4    00000008     heap_2.obj (.bss:xStart)
                  200029ec    00000008     (.common:PWM_DATA)
                  200029f4    00000004     rit128x96x4.obj (.bss)
                  200029f8    00000004     (.common:period)
                  200029fc    00000004     (.common:ul_A_Val)
                  20002a00    00000004     (.common:ul_B_Val)
                  20002a04    00000004     (.common:xBinarySemaphoreEncoder_1)
                  20002a08    00000004     (.common:xBinarySemaphoreFilter)
                  20002a0c    00000004     (.common:xBinarySemaphoreGPS)
                  20002a10    00000004     (.common:xEncoder_1)
                  20002a14    00000004     (.common:xQueueBuffedSpeed)
                  20002a18    00000004     (.common:xQueueButtonsDislpay)
                  20002a1c    00000004     (.common:xQueueGPSDATA)
                  20002a20    00000004     (.common:xQueueSpeed)

.stack     0    20002a24    00000fff     UNINITIALIZED
                  20002a24    00000fff     --HOLE--

.sysmem    0    20003a28    00000fff     UNINITIALIZED
                  20003a28    00000008     rtsv7M3_T_le_eabi.lib : memory.obj (.sysmem)
                  20003a30    00000ff7     --HOLE--

.data      0    20004a28    00000088     UNINITIALIZED
                  20004a28    00000030     tasks.obj (.data)
                  20004a58    00000014     data_process.obj (.data)
                  20004a6c    00000010     main.obj (.data)
                  20004a7c    0000000c     rtsv7M3_T_le_eabi.lib : exit.obj (.data:$O1$$)
                  20004a88    0000000c                           : memory.obj (.data:$O1$$)
                  20004a94    00000008                           : _lock.obj (.data:$O1$$)
                  20004a9c    00000008     heap_2.obj (.data)
                  20004aa4    00000004     port.obj (.data)
                  20004aa8    00000004     rtsv7M3_T_le_eabi.lib : errno.obj (.data)
                  20004aac    00000004                           : stkdepth_vars.obj (.data)

MODULE SUMMARY

       Module                     code    ro data   rw data
       ------                     ----    -------   -------
    .\
       tasks.obj                  3188    20        256    
       data_process.obj           2468    0         20     
       main.obj                   1920    0         324    
       rit128x96x4.obj            1296    571       12     
       display.obj                1842    0         0      
       queue.obj                  1556    0         0      
       init.obj                   1164    0         4      
       speed.obj                  752     0         0      
       list.obj                   302     0         0      
       debounce.obj               284     0         0      
       startup_ccs.obj            12      240       0      
    +--+--------------------------+-------+---------+---------+
       Total:                     14784   831       616    
                                                           
    .\portable\
       heap_2.obj                 444     2         10264  
       port.obj                   228     0         4      
       portasm.obj                156     0         0      
    +--+--------------------------+-------+---------+---------+
       Total:                     828     2         10268  
                                                           
    C:/ti/StellarisWare/driverlib/ccs-cm3/Debug/driverlib-cm3.lib
       sysctl.obj                 1046    172       0      
       gpio.obj                   434     0         0      
       interrupt.obj              156     268       0      
       adc.obj                    274     0         0      
       uart.obj                   184     0         0      
       ssi.obj                    124     0         0      
       pwm.obj                    122     0         0      
       timer.obj                  80      0         0      
       cpu.obj                    24      0         0      
       systick.obj                12      0         0      
    +--+--------------------------+-------+---------+---------+
       Total:                     2456    440       0      
                                                           
    C:\ti\ccsv6\tools\compiler\ti-cgt-arm_16.6.0.STS\lib\rtsv7M3_T_le_eabi.lib
       _printfi.obj               4354    0         0      
       memory.obj                 972     0         12     
       strtod.obj                 572     152       0      
       e_fmod.obj                 548     16        0      
       ull_div_t2.obj             500     0         0      
       fd_add_t2.obj              438     0         0      
       fd_div_t2.obj              310     0         0      
       fd_cmp_t2.obj              268     0         0      
       ctype.obj                  0       257       0      
       fd_mul_t2.obj              252     0         0      
       fs_add_t2.obj              250     0         0      
       s_scalbn.obj               208     0         0      
       fs_cmp_t2.obj              192     0         0      
       memcpy_t2.obj              156     0         0      
       fs_div_t2.obj              146     0         0      
       fs_mul_t2.obj              122     0         0      
       memset_t2.obj              122     0         0      
       autoinit.obj               112     0         0      
       fd_tos_t2.obj              110     0         0      
       copy_decompress_lzss.obj   102     0         0      
       exit.obj                   84      0         12     
       sprintf.obj                96      0         0      
       s_frexp.obj                92      0         0      
       ltoa.obj                   86      0         0      
       atoi.obj                   76      0         0      
       atol.obj                   76      0         0      
       cpy_tbl.obj                76      0         0      
       fd_toi_t2.obj              72      0         0      
       fd_tou_t2.obj              68      0         0      
       boot.obj                   64      0         0      
       fs_tod_t2.obj              56      0         0      
       fs_toi_t2.obj              56      0         0      
       i_tofs_t2.obj              56      0         0      
       strncpy.obj                54      0         0      
       strstr.obj                 54      0         0      
       fs_tou_t2.obj              52      0         0      
       i_tofd_t2.obj              46      0         0      
       memcmp.obj                 36      0         0      
       u_tofd_t2.obj              32      0         0      
       _lock.obj                  20      0         8      
       memccpy.obj                26      0         0      
       args_main.obj              24      0         0      
       strchr.obj                 22      0         0      
       strcpy.obj                 22      0         0      
       strlen.obj                 20      0         0      
       copy_decompress_none.obj   14      0         0      
       copy_zero_init.obj         12      0         0      
       s_copysign.obj             8       0         0      
       atof.obj                   6       0         0      
       errno.obj                  0       0         4      
       pre_init.obj               4       0         0      
       stkdepth_vars.obj          0       0         4      
       mpu_init.obj               2       0         0      
       startup.obj                2       0         0      
    +--+--------------------------+-------+---------+---------+
       Total:                     11148   425       40     
                                                           
       Heap:                      0       0         4095   
       Stack:                     0       0         4095   
       Linker Generated:          0       72        0      
    +--+--------------------------+-------+---------+---------+
       Grand Total:               29216   1770      19114  


LINKER GENERATED COPY TABLES

__TI_cinit_table @ 00007910 records: 2, size/record: 8, table size: 16
	.data: load addr=000078d8, load size=00000024 bytes, run addr=20004a28, run size=00000088 bytes, compression=lzss
	.bss: load addr=00007908, load size=00000008 bytes, run addr=20000000, run size=00002a24 bytes, compression=zero_init


LINKER GENERATED HANDLER TABLE

__TI_handler_table @ 000078fc records: 3, size/record: 4, table size: 12
	index: 0, handler: __TI_decompress_lzss
	index: 1, handler: __TI_decompress_none
	index: 2, handler: __TI_zero_init


GLOBAL SYMBOLS: SORTED ALPHABETICALLY BY Name 

address   name                           
-------   ----                           
00007271  ADCIntClear                    
00006eb1  ADCIntStatus                   
000070a9  ADCProcessorTrigger            
00006f3b  ADCSequenceConfigure           
00006ff9  ADCSequenceDataGet             
000071f3  ADCSequenceEnable              
00006737  ADCSequenceStepConfigure       
00006a99  C$$EXIT                        
0000721d  CPUcpsid                       
00007229  CPUcpsie                       
000028a9  EncoderINT                     
00006edf  GPIODirModeSet                 
00006c19  GPIOIntTypeSet                 
0000613d  GPIOPadConfigSet               
000072f5  GPIOPinIntClear                
00007235  GPIOPinIntEnable               
000072fb  GPIOPinRead                    
00007165  GPIOPinTypeADC                 
00007177  GPIOPinTypeGPIOOutput          
00007189  GPIOPinTypePWM                 
0000719b  GPIOPinTypeSSI                 
000071ad  GPIOPinTypeUART                
00007301  GPIOPinWrite                   
00006809  IntEnable                      
0000727b  IntMasterDisable               
00007285  IntMasterEnable                
00006f8d  IntPrioritySet                 
00006f65  PWMGenConfigure                
0000728f  PWMGenEnable                   
00007101  PWMGenPeriodSet                
000070bf  PWMOutputState                 
00007039  PWMPulseWidthSet               
200029ec  PWM_DATA                       
00004cb9  PWM_direction                  
00004c91  PWM_duty                       
00003ddd  RIT128x96x4Clear               
0000405b  RIT128x96x4Disable             
000041ad  RIT128x96x4DisplayOff          
00004179  RIT128x96x4DisplayOn           
00004001  RIT128x96x4Enable              
00003f79  RIT128x96x4ImageDraw           
000040d5  RIT128x96x4Init                
00003e39  RIT128x96x4StringDraw          
00007265  ResetISR                       
UNDEFED   SHT$$INIT_ARRAY$$Base          
UNDEFED   SHT$$INIT_ARRAY$$Limit         
000072d5  SSIBusy                        
00006c5d  SSIConfigSetExpClk             
000071bf  SSIDataGetNonBlocking          
00007299  SSIDataPut                     
000072a3  SSIDisable                     
000072ad  SSIEnable                      
00005381  SysCtlClockGet                 
000058cd  SysCtlClockSet                 
00007307  SysCtlDelay                    
00007115  SysCtlPWMClockSet              
000069e9  SysCtlPeripheralEnable         
000063d1  SysCtlPeripheralReset          
00007241  SysTickValueGet                
000028f7  Timer0IntHandler               
00002903  Timer1IntHandler               
00006fb1  TimerConfigure                 
00007201  TimerEnable                    
00007313  TimerIntClear                  
000072dd  TimerIntEnable                 
000071d1  TimerLoadSet                   
000071e3  UARTCharGetNonBlocking         
000072b7  UARTCharPut                    
0000724d  UARTCharsAvail                 
00006ce5  UARTConfigSetExpClk            
00007059  UARTDisable                    
00007129  UARTEnable                     
000072c1  UARTFIFOEnable                 
00007317  UARTIntClear                   
000072e5  UARTIntEnable                  
00002867  UARTIntHandler                 
000072cb  UARTIntStatus                  
00004419  UARTSend                       
20002800  UART_char_data                 
20002878  UART_char_data_old             
20003a23  __STACK_END                    
00000fff  __STACK_SIZE                   
20002b24  __STACK_TOP                    
00000fff  __SYSMEM_SIZE                  
00007910  __TI_CINIT_Base                
00007920  __TI_CINIT_Limit               
000078fc  __TI_Handler_Table_Base        
00007908  __TI_Handler_Table_Limit       
00006659  __TI_auto_init                 
20004a7c  __TI_cleanup_ptr               
000067a3  __TI_decompress_lzss           
0000720f  __TI_decompress_none           
20004a80  __TI_dtors_ptr                 
20004a84  __TI_enable_exit_profile_output
ffffffff  __TI_pprof_out_hndl            
0000091d  __TI_printfi                   
ffffffff  __TI_prof_data_size            
ffffffff  __TI_prof_data_start           
00000000  __TI_static_base__             
00007259  __TI_zero_init                 
00006459  __aeabi_cdcmpeq                
00006459  __aeabi_cdcmple                
000064df  __aeabi_cdrcmple               
0000686d  __aeabi_cfcmpeq                
0000686d  __aeabi_cfcmple                
000068cd  __aeabi_cfrcmple               
000066c9  __aeabi_d2f                    
00006bd1  __aeabi_d2iz                   
00006ca1  __aeabi_d2uiz                  
0000571f  __aeabi_dadd                   
00005a11  __aeabi_ddiv                   
00005d91  __aeabi_dmul                   
00005715  __aeabi_dsub                   
00006d69  __aeabi_f2d                    
00006da1  __aeabi_f2iz                   
00006e7d  __aeabi_f2uiz                  
00005e91  __aeabi_fadd                   
0000633d  __aeabi_fdiv                   
00006565  __aeabi_fmul                   
00005e8d  __aeabi_fsub                   
00006f0d  __aeabi_i2d                    
00006dd9  __aeabi_i2f                    
000065df  __aeabi_memclr                 
000065df  __aeabi_memclr4                
000065df  __aeabi_memclr8                
000062a1  __aeabi_memcpy                 
000062a1  __aeabi_memcpy4                
000062a1  __aeabi_memcpy8                
000065e1  __aeabi_memset                 
000065e1  __aeabi_memset4                
000065e1  __aeabi_memset8                
00007019  __aeabi_ui2d                   
0000518d  __aeabi_uldivmod               
ffffffff  __binit__                      
ffffffff  __c_args__                     
000011f3  __mpu_init                     
20002a24  __stack                        
00007091  _args_main                     
00006d29  _c_int00                       
00007500  _ctypes_                       
20004a94  _lock                          
0000714b  _nop                           
00007143  _register_lock                 
0000713d  _register_unlock               
20003a28  _sys_memory                    
00003cd3  _system_post_cinit             
0000731b  _system_pre_init               
20004a98  _unlock                        
00006a9d  abort                          
200029b8  acc_time                       
20004a60  acceleration                   
0000331f  accleration_screen             
00004b05  analysis_speed                 
0000730d  atof                           
00006aed  atoi                           
00006b39  atol                           
ffffffff  binit                          
20004a58  buffed_speed                   
20004a5c  buffed_speed_1_old             
00001eff  calculate_accleration          
00001e6f  calculate_distance             
00004a0f  calloc                         
00002f8d  clearDisplay                   
00006b85  copy_in                        
000072ed  copysign                       
000072ed  copysignl                      
00001f55  decode_GGA                     
00002351  decode_RMC                     
0000349f  display                        
20004a64  distance                       
00004b4d  encoder_quad                   
0000315b  enter_fuel_display             
20004aa8  errno                          
00006aa5  exit                           
00004bd9  find_dir                       
00004f69  fmod                           
00004f69  fmodl                          
0000475b  free                           
0000698d  frexp                          
0000698d  frexpl                         
00000000  g_pfnVectors                   
20004a6c  index                          
000042ad  initADC                        
0000456d  initCircBuf                    
00004221  initClock                      
00004461  initConsole                    
000042a3  initDisplay                    
0000422b  initGPIO                       
000042ed  initPWMchan                    
0000424f  initPin                        
000044f9  initTimer                      
000045c5  init_acc_time                  
000030a9  init_password                  
000045a5  init_set_speed_data            
00005d13  invert_bool                    
00005d37  invert_button                  
20004a68  last_time                      
0000606d  ldexp                          
0000606d  ldexpl                         
00006a41  ltoa                           
0000290f  main                           
20004aac  main_func_sp                   
000046f1  malloc                         
00004925  memalign                       
00007075  memccpy                        
00006fd5  memcmp                         
000062a1  memcpy                         
000065e7  memset                         
00004671  minit                          
00003237  no_fix_screen                  
00003013  password_display               
200029f8  period                         
00005559  pvPortMalloc                   
20004a28  pxCurrentTCB                   
00005f89  pxPortInitialiseStack          
00001eeb  read_acceleration              
00002f95  read_button_screen             
00005c75  read_buttons                   
00001e69  read_distance                  
0000481d  realloc                        
000041e5  reset_peripheral               
000031a1  review_fuel_display            
00002e7d  run_adc                        
0000606d  scalbn                         
0000606d  scalbnl                        
000043a9  send_data                      
20004a74  set_speed_G                    
000030c1  set_speed_display              
00004a3d  set_speed_func                 
20004a78  speed_G                        
00004c05  speed_feedback                 
00002769  split_data                     
0000692d  sprintf                        
0000280d  store_char                     
00004abb  store_speed                    
000070d5  strchr                         
000070eb  strcpy                         
00007151  strlen                         
00006e11  strncpy                        
00006e47  strstr                         
00004d2d  strtod                         
00004d2d  strtold                        
200029fc  ul_A_Val                       
20002a00  ul_B_Val                       
00003ad9  uxQueueMessagesWaiting         
00003aef  uxQueueMessagesWaitingFromISR  
0000187d  uxTaskGetNumberOfTasks         
00001485  uxTaskPriorityGet              
00002f11  vApplicationIdleHook           
00002f05  vApplicationMallocFailedHook   
00002f07  vApplicationStackOverflowHook  
00002f13  vApplicationTickHook           
00002b4d  vDebounceButtons               
00002d75  vDisplayTask                   
00002b85  vEncoder                       
00002ec5  vFakeGPS                       
00002c95  vFilterSpeed                   
00005b47  vListInitialise                
00005b77  vListInitialiseItem            
00005bcb  vListInsert                    
00005b87  vListInsertEnd                 
00005c31  vListRemove                    
00002be9  vPWM                           
00006251  vPortClearInterruptMask        
0000628f  vPortEnableVFP                 
00005ff9  vPortEndScheduler              
00006005  vPortEnterCritical             
00006015  vPortExitCritical              
0000568b  vPortFree                      
000056f3  vPortInitialiseBlocks          
0000625f  vPortSVCHandler                
00006243  vPortSetInterruptMask          
0000627d  vPortStartFirstTask            
00005ffb  vPortYieldFromISR              
00003b01  vQueueDelete                   
00002ac1  vReadGPS                       
00001421  vTaskDelay                     
00001371  vTaskDelayUntil                
00001309  vTaskDelete                    
0000177d  vTaskEndScheduler              
0000188d  vTaskIncrementTick             
00001b91  vTaskMissedYield               
000019f5  vTaskPlaceOnEventList          
00001dd9  vTaskPriorityDisinherit        
00001d4d  vTaskPriorityInherit           
000014c1  vTaskPrioritySet               
00001651  vTaskResume                    
00001af3  vTaskSetTimeOutState           
00001733  vTaskStartScheduler            
000015a9  vTaskSuspend                   
0000178f  vTaskSuspendAll                
00001935  vTaskSwitchContext             
20004a70  value                          
20002a04  xBinarySemaphoreEncoder_1      
20002a08  xBinarySemaphoreFilter         
20002a0c  xBinarySemaphoreGPS            
20002a10  xEncoder_1                     
000056ed  xPortGetFreeHeapSize           
00006209  xPortPendSVHandler             
00005fd1  xPortStartScheduler            
0000602b  xPortSysTickHandler            
20002a14  xQueueBuffedSpeed              
20002a18  xQueueButtonsDislpay           
000036bf  xQueueCreate                   
000037cd  xQueueCreateCountingSemaphore  
00003765  xQueueCreateMutex              
20002a1c  xQueueGPSDATA                  
0000393d  xQueueGenericReceive           
000037eb  xQueueGenericSend              
000038d3  xQueueGenericSendFromISR       
00003c7b  xQueueIsQueueEmptyFromISR      
00003cb5  xQueueIsQueueFullFromISR       
00003a71  xQueueReceiveFromISR           
20002a20  xQueueSpeed                    
00001b19  xTaskCheckForTimeOut           
000011f5  xTaskGenericCreate             
00001d39  xTaskGetCurrentTaskHandle      
00001869  xTaskGetTickCount              
00001601  xTaskIsTaskSuspended           
00001a75  xTaskRemoveFromEventList       
00001799  xTaskResumeAll                 
000016c1  xTaskResumeFromISR             


GLOBAL SYMBOLS: SORTED BY Symbol Address 

address   name                           
-------   ----                           
00000000  __TI_static_base__             
00000000  g_pfnVectors                   
0000091d  __TI_printfi                   
00000fff  __STACK_SIZE                   
00000fff  __SYSMEM_SIZE                  
000011f3  __mpu_init                     
000011f5  xTaskGenericCreate             
00001309  vTaskDelete                    
00001371  vTaskDelayUntil                
00001421  vTaskDelay                     
00001485  uxTaskPriorityGet              
000014c1  vTaskPrioritySet               
000015a9  vTaskSuspend                   
00001601  xTaskIsTaskSuspended           
00001651  vTaskResume                    
000016c1  xTaskResumeFromISR             
00001733  vTaskStartScheduler            
0000177d  vTaskEndScheduler              
0000178f  vTaskSuspendAll                
00001799  xTaskResumeAll                 
00001869  xTaskGetTickCount              
0000187d  uxTaskGetNumberOfTasks         
0000188d  vTaskIncrementTick             
00001935  vTaskSwitchContext             
000019f5  vTaskPlaceOnEventList          
00001a75  xTaskRemoveFromEventList       
00001af3  vTaskSetTimeOutState           
00001b19  xTaskCheckForTimeOut           
00001b91  vTaskMissedYield               
00001d39  xTaskGetCurrentTaskHandle      
00001d4d  vTaskPriorityInherit           
00001dd9  vTaskPriorityDisinherit        
00001e69  read_distance                  
00001e6f  calculate_distance             
00001eeb  read_acceleration              
00001eff  calculate_accleration          
00001f55  decode_GGA                     
00002351  decode_RMC                     
00002769  split_data                     
0000280d  store_char                     
00002867  UARTIntHandler                 
000028a9  EncoderINT                     
000028f7  Timer0IntHandler               
00002903  Timer1IntHandler               
0000290f  main                           
00002ac1  vReadGPS                       
00002b4d  vDebounceButtons               
00002b85  vEncoder                       
00002be9  vPWM                           
00002c95  vFilterSpeed                   
00002d75  vDisplayTask                   
00002e7d  run_adc                        
00002ec5  vFakeGPS                       
00002f05  vApplicationMallocFailedHook   
00002f07  vApplicationStackOverflowHook  
00002f11  vApplicationIdleHook           
00002f13  vApplicationTickHook           
00002f8d  clearDisplay                   
00002f95  read_button_screen             
00003013  password_display               
000030a9  init_password                  
000030c1  set_speed_display              
0000315b  enter_fuel_display             
000031a1  review_fuel_display            
00003237  no_fix_screen                  
0000331f  accleration_screen             
0000349f  display                        
000036bf  xQueueCreate                   
00003765  xQueueCreateMutex              
000037cd  xQueueCreateCountingSemaphore  
000037eb  xQueueGenericSend              
000038d3  xQueueGenericSendFromISR       
0000393d  xQueueGenericReceive           
00003a71  xQueueReceiveFromISR           
00003ad9  uxQueueMessagesWaiting         
00003aef  uxQueueMessagesWaitingFromISR  
00003b01  vQueueDelete                   
00003c7b  xQueueIsQueueEmptyFromISR      
00003cb5  xQueueIsQueueFullFromISR       
00003cd3  _system_post_cinit             
00003ddd  RIT128x96x4Clear               
00003e39  RIT128x96x4StringDraw          
00003f79  RIT128x96x4ImageDraw           
00004001  RIT128x96x4Enable              
0000405b  RIT128x96x4Disable             
000040d5  RIT128x96x4Init                
00004179  RIT128x96x4DisplayOn           
000041ad  RIT128x96x4DisplayOff          
000041e5  reset_peripheral               
00004221  initClock                      
0000422b  initGPIO                       
0000424f  initPin                        
000042a3  initDisplay                    
000042ad  initADC                        
000042ed  initPWMchan                    
000043a9  send_data                      
00004419  UARTSend                       
00004461  initConsole                    
000044f9  initTimer                      
0000456d  initCircBuf                    
000045a5  init_set_speed_data            
000045c5  init_acc_time                  
00004671  minit                          
000046f1  malloc                         
0000475b  free                           
0000481d  realloc                        
00004925  memalign                       
00004a0f  calloc                         
00004a3d  set_speed_func                 
00004abb  store_speed                    
00004b05  analysis_speed                 
00004b4d  encoder_quad                   
00004bd9  find_dir                       
00004c05  speed_feedback                 
00004c91  PWM_duty                       
00004cb9  PWM_direction                  
00004d2d  strtod                         
00004d2d  strtold                        
00004f69  fmod                           
00004f69  fmodl                          
0000518d  __aeabi_uldivmod               
00005381  SysCtlClockGet                 
00005559  pvPortMalloc                   
0000568b  vPortFree                      
000056ed  xPortGetFreeHeapSize           
000056f3  vPortInitialiseBlocks          
00005715  __aeabi_dsub                   
0000571f  __aeabi_dadd                   
000058cd  SysCtlClockSet                 
00005a11  __aeabi_ddiv                   
00005b47  vListInitialise                
00005b77  vListInitialiseItem            
00005b87  vListInsertEnd                 
00005bcb  vListInsert                    
00005c31  vListRemove                    
00005c75  read_buttons                   
00005d13  invert_bool                    
00005d37  invert_button                  
00005d91  __aeabi_dmul                   
00005e8d  __aeabi_fsub                   
00005e91  __aeabi_fadd                   
00005f89  pxPortInitialiseStack          
00005fd1  xPortStartScheduler            
00005ff9  vPortEndScheduler              
00005ffb  vPortYieldFromISR              
00006005  vPortEnterCritical             
00006015  vPortExitCritical              
0000602b  xPortSysTickHandler            
0000606d  ldexp                          
0000606d  ldexpl                         
0000606d  scalbn                         
0000606d  scalbnl                        
0000613d  GPIOPadConfigSet               
00006209  xPortPendSVHandler             
00006243  vPortSetInterruptMask          
00006251  vPortClearInterruptMask        
0000625f  vPortSVCHandler                
0000627d  vPortStartFirstTask            
0000628f  vPortEnableVFP                 
000062a1  __aeabi_memcpy                 
000062a1  __aeabi_memcpy4                
000062a1  __aeabi_memcpy8                
000062a1  memcpy                         
0000633d  __aeabi_fdiv                   
000063d1  SysCtlPeripheralReset          
00006459  __aeabi_cdcmpeq                
00006459  __aeabi_cdcmple                
000064df  __aeabi_cdrcmple               
00006565  __aeabi_fmul                   
000065df  __aeabi_memclr                 
000065df  __aeabi_memclr4                
000065df  __aeabi_memclr8                
000065e1  __aeabi_memset                 
000065e1  __aeabi_memset4                
000065e1  __aeabi_memset8                
000065e7  memset                         
00006659  __TI_auto_init                 
000066c9  __aeabi_d2f                    
00006737  ADCSequenceStepConfigure       
000067a3  __TI_decompress_lzss           
00006809  IntEnable                      
0000686d  __aeabi_cfcmpeq                
0000686d  __aeabi_cfcmple                
000068cd  __aeabi_cfrcmple               
0000692d  sprintf                        
0000698d  frexp                          
0000698d  frexpl                         
000069e9  SysCtlPeripheralEnable         
00006a41  ltoa                           
00006a99  C$$EXIT                        
00006a9d  abort                          
00006aa5  exit                           
00006aed  atoi                           
00006b39  atol                           
00006b85  copy_in                        
00006bd1  __aeabi_d2iz                   
00006c19  GPIOIntTypeSet                 
00006c5d  SSIConfigSetExpClk             
00006ca1  __aeabi_d2uiz                  
00006ce5  UARTConfigSetExpClk            
00006d29  _c_int00                       
00006d69  __aeabi_f2d                    
00006da1  __aeabi_f2iz                   
00006dd9  __aeabi_i2f                    
00006e11  strncpy                        
00006e47  strstr                         
00006e7d  __aeabi_f2uiz                  
00006eb1  ADCIntStatus                   
00006edf  GPIODirModeSet                 
00006f0d  __aeabi_i2d                    
00006f3b  ADCSequenceConfigure           
00006f65  PWMGenConfigure                
00006f8d  IntPrioritySet                 
00006fb1  TimerConfigure                 
00006fd5  memcmp                         
00006ff9  ADCSequenceDataGet             
00007019  __aeabi_ui2d                   
00007039  PWMPulseWidthSet               
00007059  UARTDisable                    
00007075  memccpy                        
00007091  _args_main                     
000070a9  ADCProcessorTrigger            
000070bf  PWMOutputState                 
000070d5  strchr                         
000070eb  strcpy                         
00007101  PWMGenPeriodSet                
00007115  SysCtlPWMClockSet              
00007129  UARTEnable                     
0000713d  _register_unlock               
00007143  _register_lock                 
0000714b  _nop                           
00007151  strlen                         
00007165  GPIOPinTypeADC                 
00007177  GPIOPinTypeGPIOOutput          
00007189  GPIOPinTypePWM                 
0000719b  GPIOPinTypeSSI                 
000071ad  GPIOPinTypeUART                
000071bf  SSIDataGetNonBlocking          
000071d1  TimerLoadSet                   
000071e3  UARTCharGetNonBlocking         
000071f3  ADCSequenceEnable              
00007201  TimerEnable                    
0000720f  __TI_decompress_none           
0000721d  CPUcpsid                       
00007229  CPUcpsie                       
00007235  GPIOPinIntEnable               
00007241  SysTickValueGet                
0000724d  UARTCharsAvail                 
00007259  __TI_zero_init                 
00007265  ResetISR                       
00007271  ADCIntClear                    
0000727b  IntMasterDisable               
00007285  IntMasterEnable                
0000728f  PWMGenEnable                   
00007299  SSIDataPut                     
000072a3  SSIDisable                     
000072ad  SSIEnable                      
000072b7  UARTCharPut                    
000072c1  UARTFIFOEnable                 
000072cb  UARTIntStatus                  
000072d5  SSIBusy                        
000072dd  TimerIntEnable                 
000072e5  UARTIntEnable                  
000072ed  copysign                       
000072ed  copysignl                      
000072f5  GPIOPinIntClear                
000072fb  GPIOPinRead                    
00007301  GPIOPinWrite                   
00007307  SysCtlDelay                    
0000730d  atof                           
00007313  TimerIntClear                  
00007317  UARTIntClear                   
0000731b  _system_pre_init               
00007500  _ctypes_                       
000078fc  __TI_Handler_Table_Base        
00007908  __TI_Handler_Table_Limit       
00007910  __TI_CINIT_Base                
00007920  __TI_CINIT_Limit               
20002800  UART_char_data                 
20002878  UART_char_data_old             
200029b8  acc_time                       
200029ec  PWM_DATA                       
200029f8  period                         
200029fc  ul_A_Val                       
20002a00  ul_B_Val                       
20002a04  xBinarySemaphoreEncoder_1      
20002a08  xBinarySemaphoreFilter         
20002a0c  xBinarySemaphoreGPS            
20002a10  xEncoder_1                     
20002a14  xQueueBuffedSpeed              
20002a18  xQueueButtonsDislpay           
20002a1c  xQueueGPSDATA                  
20002a20  xQueueSpeed                    
20002a24  __stack                        
20002b24  __STACK_TOP                    
20003a23  __STACK_END                    
20003a28  _sys_memory                    
20004a28  pxCurrentTCB                   
20004a58  buffed_speed                   
20004a5c  buffed_speed_1_old             
20004a60  acceleration                   
20004a64  distance                       
20004a68  last_time                      
20004a6c  index                          
20004a70  value                          
20004a74  set_speed_G                    
20004a78  speed_G                        
20004a7c  __TI_cleanup_ptr               
20004a80  __TI_dtors_ptr                 
20004a84  __TI_enable_exit_profile_output
20004a94  _lock                          
20004a98  _unlock                        
20004aa8  errno                          
20004aac  main_func_sp                   
ffffffff  __TI_pprof_out_hndl            
ffffffff  __TI_prof_data_size            
ffffffff  __TI_prof_data_start           
ffffffff  __binit__                      
ffffffff  __c_args__                     
ffffffff  binit                          
UNDEFED   SHT$$INIT_ARRAY$$Base          
UNDEFED   SHT$$INIT_ARRAY$$Limit         

[322 symbols]
