******************************************************************************
                  TI ARM Linker PC v16.6.0                     
******************************************************************************
>> Linked Sat Aug 06 10:00:27 2016

OUTPUT FILE NAME:   <RTOStest1.out>
ENTRY POINT SYMBOL: "_c_int00"  address: 00006b35


MEMORY CONFIGURATION

         name            origin    length      used     unused   attr    fill
----------------------  --------  ---------  --------  --------  ----  --------
  FLASH                 00000000   00040000  00007610  000389f0  R  X
  SRAM                  20000000   00010000  00003e92  0000c16e  RW X


SEGMENT ALLOCATION MAP

run origin  load origin   length   init length attrs members
----------  ----------- ---------- ----------- ----- -------
00000000    00000000    00007610   00007610    r-x
  00000000    00000000    000000f0   000000f0    r-- .intvecs
  000000f0    000000f0    00006f30   00006f30    r-x .text
  00007020    00007020    00000540   00000540    r-- .const
  00007560    00007560    000000b0   000000b0    r-- .cinit
20000000    20000000    00003e98   00000000    rw-
  20000000    20000000    00002c02   00000000    rw- .bss
  20002c04    20002c04    00000800   00000000    rw- .stack
  20003408    20003408    00000800   00000000    rw- .sysmem
  20003c08    20003c08    00000290   00000000    rw- .data


SECTION ALLOCATION MAP

 output                                  attributes/
section   page    origin      length       input sections
--------  ----  ----------  ----------   ----------------
.intvecs   0    00000000    000000f0     
                  00000000    000000f0     startup_ccs.obj (.intvecs)

.text      0    000000f0    00006f30     
                  000000f0    00001102     rtsv7M3_T_le_eabi.lib : _printfi.obj (.text)
                  000011f2    00000002                           : mpu_init.obj (.text)
                  000011f4    00000c74     tasks.obj (.text)
                  00001e68    00000a84     data_process.obj (.text)
                  000028ec    00000614     queue.obj (.text)
                  00002f00    00000510     rit128x96x4.obj (.text)
                  00003410    000003cc     rtsv7M3_T_le_eabi.lib : memory.obj (.text)
                  000037dc    00000348     main.obj (.text)
                  00003b24    00000324     rtsv7M3_T_le_eabi.lib : trgdrv.obj (.text)
                  00003e48    0000030c                           : lowlev.obj (.text)
                  00004154    000002e8     init.obj (.text)
                  0000443c    0000023c     rtsv7M3_T_le_eabi.lib : strtod.obj (.text)
                  00004678    00000224                           : e_fmod.obj (.text)
                  0000489c    000001f4                           : ull_div_t2.obj (.text)
                  00004a90    000001d8     driverlib-cm3.lib : sysctl.obj (.text:SysCtlClockGet)
                  00004c68    000001c4     rtsv7M3_T_le_eabi.lib : fopen.obj (.text)
                  00004e2c    000001bc     heap_2.obj (.text)
                  00004fe8    000001b6     rtsv7M3_T_le_eabi.lib : fd_add_t2.obj (.text)
                  0000519e    00000002                           : startup.obj (.text)
                  000051a0    00000144     driverlib-cm3.lib : sysctl.obj (.text:SysCtlClockSet)
                  000052e4    00000136     rtsv7M3_T_le_eabi.lib : fd_div_t2.obj (.text)
                  0000541a    00000002     --HOLE-- [fill = 0]
                  0000541c    00000134                           : fputs.obj (.text)
                  00005550    0000012e     list.obj (.text)
                  0000567e    000000fc     rtsv7M3_T_le_eabi.lib : fd_mul_t2.obj (.text)
                  0000577a    000000fa                           : fs_add_t2.obj (.text)
                  00005874    000000e4     port.obj (.text)
                  00005958    000000dc     rtsv7M3_T_le_eabi.lib : setvbuf.obj (.text)
                  00005a34    000000d0                           : s_scalbn.obj (.text)
                  00005b04    000000c8     driverlib-cm3.lib : gpio.obj (.text:GPIOPadConfigSet)
                  00005bcc    000000c8     rtsv7M3_T_le_eabi.lib : fflush.obj (.text)
                  00005c94    000000ac                           : _io_perm.obj (.text)
                  00005d40    0000009c     portasm.obj (.text)
                  00005ddc    0000009c     rtsv7M3_T_le_eabi.lib : memcpy_t2.obj (.text)
                  00005e78    00000098                           : fclose.obj (.text)
                  00005f10    00000098                           : fputc.obj (.text)
                  00005fa8    00000092                           : fs_div_t2.obj (.text)
                  0000603a    00000002     --HOLE-- [fill = 0]
                  0000603c    00000088     driverlib-cm3.lib : sysctl.obj (.text:SysCtlPeripheralReset)
                  000060c4    00000086     rtsv7M3_T_le_eabi.lib : fd_cmp_t2.obj (.text:__aeabi_cdcmple)
                  0000614a    00000086                           : fd_cmp_t2.obj (.text:__aeabi_cdrcmple)
                  000061d0    0000007a                           : fs_mul_t2.obj (.text)
                  0000624a    0000007a                           : memset_t2.obj (.text)
                  000062c4    00000070                           : autoinit.obj (.text)
                  00006334    00000070                           : printf.obj (.text)
                  000063a4    0000006e                           : fd_tos_t2.obj (.text)
                  00006412    0000006c     driverlib-cm3.lib : adc.obj (.text:ADCSequenceStepConfigure)
                  0000647e    00000002     --HOLE-- [fill = 0]
                  00006480    00000068     rtsv7M3_T_le_eabi.lib : trgmsg.obj (.text)
                  000064e8    00000066                           : copy_decompress_lzss.obj (.text:decompress:lzss)
                  0000654e    00000002     --HOLE-- [fill = 0]
                  00006550    00000064     driverlib-cm3.lib : interrupt.obj (.text:IntEnable)
                  000065b4    00000064     rtsv7M3_T_le_eabi.lib : fseek.obj (.text)
                  00006618    00000060                           : fs_cmp_t2.obj (.text:__aeabi_cfcmple)
                  00006678    00000060                           : fs_cmp_t2.obj (.text:__aeabi_cfrcmple)
                  000066d8    00000060     basic_io.obj (.text)
                  00006738    00000060     rtsv7M3_T_le_eabi.lib : sprintf.obj (.text)
                  00006798    0000005c                           : s_frexp.obj (.text)
                  000067f4    00000058     driverlib-cm3.lib : sysctl.obj (.text:SysCtlPeripheralEnable)
                  0000684c    00000056     rtsv7M3_T_le_eabi.lib : ltoa.obj (.text)
                  000068a2    00000002     --HOLE-- [fill = 0]
                  000068a4    00000054                           : exit.obj (.text)
                  000068f8    0000004c                           : atoi.obj (.text)
                  00006944    0000004c                           : atol.obj (.text)
                  00006990    0000004c                           : cpy_tbl.obj (.text)
                  000069dc    00000048                           : fd_toi_t2.obj (.text)
                  00006a24    00000044     driverlib-cm3.lib : gpio.obj (.text:GPIOIntTypeSet)
                  00006a68    00000044                       : ssi.obj (.text:SSIConfigSetExpClk)
                  00006aac    00000044     rtsv7M3_T_le_eabi.lib : fd_tou_t2.obj (.text)
                  00006af0    00000042     driverlib-cm3.lib : uart.obj (.text:UARTConfigSetExpClk)
                  00006b32    00000002     --HOLE-- [fill = 0]
                  00006b34    00000040     rtsv7M3_T_le_eabi.lib : boot.obj (.text)
                  00006b74    00000038                           : fs_tod_t2.obj (.text)
                  00006bac    00000038                           : fs_toi_t2.obj (.text)
                  00006be4    00000038                           : i_tofs_t2.obj (.text)
                  00006c1c    00000036                           : strncpy.obj (.text)
                  00006c52    00000036                           : strstr.obj (.text)
                  00006c88    00000034                           : fs_tou_t2.obj (.text)
                  00006cbc    0000002e     driverlib-cm3.lib : gpio.obj (.text:GPIODirModeSet)
                  00006cea    0000002e     rtsv7M3_T_le_eabi.lib : i_tofd_t2.obj (.text)
                  00006d18    0000002a     driverlib-cm3.lib : adc.obj (.text:ADCSequenceConfigure)
                  00006d42    00000002     --HOLE-- [fill = 0]
                  00006d44    00000024                       : timer.obj (.text:TimerConfigure)
                  00006d68    00000024     rtsv7M3_T_le_eabi.lib : memcmp.obj (.text)
                  00006d8c    00000020                           : memchr.obj (.text)
                  00006dac    00000020                           : u_tofd_t2.obj (.text)
                  00006dcc    0000001c     driverlib-cm3.lib : uart.obj (.text:UARTDisable)
                  00006de8    0000001a     rtsv7M3_T_le_eabi.lib : memccpy.obj (.text)
                  00006e02    00000002     --HOLE-- [fill = 0]
                  00006e04    00000018                           : args_main.obj (.text)
                  00006e1c    00000018                           : strcmp.obj (.text)
                  00006e34    00000016                           : strchr.obj (.text)
                  00006e4a    00000016                           : strcpy.obj (.text)
                  00006e60    00000014     driverlib-cm3.lib : uart.obj (.text:UARTEnable)
                  00006e74    00000014     rtsv7M3_T_le_eabi.lib : _lock.obj (.text)
                  00006e88    00000014                           : strlen.obj (.text)
                  00006e9c    00000012     driverlib-cm3.lib : gpio.obj (.text:GPIOPinTypeADC)
                  00006eae    00000012                       : gpio.obj (.text:GPIOPinTypeGPIOOutput)
                  00006ec0    00000012                       : gpio.obj (.text:GPIOPinTypeSSI)
                  00006ed2    00000012                       : gpio.obj (.text:GPIOPinTypeUART)
                  00006ee4    00000012                       : ssi.obj (.text:SSIDataGetNonBlocking)
                  00006ef6    00000012                       : timer.obj (.text:TimerLoadSet)
                  00006f08    00000010                       : uart.obj (.text:UARTCharGetNonBlocking)
                  00006f18    0000000e                       : adc.obj (.text:ADCSequenceEnable)
                  00006f26    0000000e                       : timer.obj (.text:TimerEnable)
                  00006f34    0000000e     rtsv7M3_T_le_eabi.lib : copy_decompress_none.obj (.text:decompress:none)
                  00006f42    0000000c     driverlib-cm3.lib : cpu.obj (.text:CPUcpsie)
                  00006f4e    0000000c                       : gpio.obj (.text:GPIOPinIntEnable)
                  00006f5a    00000002     --HOLE-- [fill = 0]
                  00006f5c    0000000c                       : systick.obj (.text:SysTickValueGet)
                  00006f68    0000000c                       : uart.obj (.text:UARTCharsAvail)
                  00006f74    0000000c     rtsv7M3_T_le_eabi.lib : copy_zero_init.obj (.text:decompress:ZI)
                  00006f80    0000000c     startup_ccs.obj (.text)
                  00006f8c    0000000a     driverlib-cm3.lib : adc.obj (.text:ADCIntClear)
                  00006f96    0000000a                       : interrupt.obj (.text:IntMasterEnable)
                  00006fa0    0000000a                       : ssi.obj (.text:SSIDataPut)
                  00006faa    0000000a                       : ssi.obj (.text:SSIDisable)
                  00006fb4    0000000a                       : ssi.obj (.text:SSIEnable)
                  00006fbe    0000000a                       : uart.obj (.text:UARTCharPut)
                  00006fc8    0000000a                       : uart.obj (.text:UARTFIFOEnable)
                  00006fd2    0000000a                       : uart.obj (.text:UARTIntStatus)
                  00006fdc    00000008                       : ssi.obj (.text:SSIBusy)
                  00006fe4    00000008                       : timer.obj (.text:TimerIntEnable)
                  00006fec    00000008                       : uart.obj (.text:UARTIntEnable)
                  00006ff4    00000008     rtsv7M3_T_le_eabi.lib : s_copysign.obj (.text)
                  00006ffc    00000006     driverlib-cm3.lib : gpio.obj (.text:GPIOPinIntClear)
                  00007002    00000006                       : gpio.obj (.text:GPIOPinWrite)
                  00007008    00000006                       : sysctl.obj (.text:SysCtlDelay)
                  0000700e    00000006     rtsv7M3_T_le_eabi.lib : atof.obj (.text)
                  00007014    00000004     driverlib-cm3.lib : timer.obj (.text:TimerIntClear)
                  00007018    00000004                       : uart.obj (.text:UARTIntClear)
                  0000701c    00000004     rtsv7M3_T_le_eabi.lib : pre_init.obj (.text)

.const     0    00007020    00000540     
                  00007020    000001e0     rit128x96x4.obj (.const:g_pucFont)
                  00007200    00000101     rtsv7M3_T_le_eabi.lib : ctype.obj (.const:.string:_ctypes_)
                  00007301    00000003     rit128x96x4.obj (.const:.string:pucCommand1$1)
                  00007304    00000003     rit128x96x4.obj (.const:.string:pucCommand2$2)
                  00007307    00000001     --HOLE-- [fill = 0]
                  00007308    00000098     rtsv7M3_T_le_eabi.lib : strtod.obj (.const:$O1$$)
                  000073a0    00000070     driverlib-cm3.lib : interrupt.obj (.const)
                  00007410    0000006c                       : sysctl.obj (.const:g_pulXtals)
                  0000747c    0000004f     rit128x96x4.obj (.const:.string:g_pucRIT128x96x4Init)
                  000074cb    00000001     --HOLE-- [fill = 0]
                  000074cc    00000040     driverlib-cm3.lib : sysctl.obj (.const)
                  0000750c    00000028     main.obj (.const:.string)
                  00007534    00000014     tasks.obj (.const:.string:ucExpectedStackBytes$1)
                  00007548    00000010     rtsv7M3_T_le_eabi.lib : e_fmod.obj (.const:Zero)
                  00007558    00000002     rit128x96x4.obj (.const:.string:g_pucRIT128x96x4HorizontalInc)
                  0000755a    00000002     rit128x96x4.obj (.const:.string:g_pucRIT128x96x4VerticalInc)
                  0000755c    00000002     rit128x96x4.obj (.const:.string:pucCommand1$3)
                  0000755e    00000002     heap_2.obj (.const)

.cinit     0    00007560    000000b0     
                  00007560    00000085     (.cinit..data.load) [load image, compression = lzss]
                  000075e5    00000003     --HOLE-- [fill = 0]
                  000075e8    0000000c     (__TI_handler_table)
                  000075f4    00000004     --HOLE-- [fill = 0]
                  000075f8    00000008     (.cinit..bss.load) [load image, compression = zero_init]
                  00007600    00000010     (__TI_cinit_table)

.bss       0    20000000    00002c02     UNINITIALIZED
                  20000000    00002800     heap_2.obj (.bss:xHeap)
                  20002800    00000120     rtsv7M3_T_le_eabi.lib : trgmsg.obj (.bss:_CIOBUF_)
                  20002920    000000a0     (.common:__TI_tmpnams)
                  200029c0    00000078     (.common:UART_char_data)
                  20002a38    00000078     (.common:UART_char_data_old)
                  20002ab0    00000064     tasks.obj (.bss:pxReadyTasksLists)
                  20002b14    00000034     basic_io.obj (.bss:cBuffer)
                  20002b48    00000014     tasks.obj (.bss:xDelayedTaskList1)
                  20002b5c    00000014     tasks.obj (.bss:xDelayedTaskList2)
                  20002b70    00000014     tasks.obj (.bss:xPendingReadyList)
                  20002b84    00000014     tasks.obj (.bss:xSuspendedTaskList)
                  20002b98    00000014     tasks.obj (.bss:xTasksWaitingTermination)
                  20002bac    00000014     (.common:speed_array)
                  20002bc0    00000008     rit128x96x4.obj (.bss:g_pucBuffer)
                  20002bc8    00000008     rtsv7M3_T_le_eabi.lib : trgdrv.obj (.bss:parmbuf)
                  20002bd0    00000008     tasks.obj (.bss)
                  20002bd8    00000008     heap_2.obj (.bss:xEnd)
                  20002be0    00000008     heap_2.obj (.bss:xStart)
                  20002be8    00000008     (.common:location)
                  20002bf0    00000008     (.common:real_time)
                  20002bf8    00000004     rit128x96x4.obj (.bss)
                  20002bfc    00000004     (.common:xBinarySemaphore)
                  20002c00    00000001     (.common:lat)
                  20002c01    00000001     (.common:lon)

.stack     0    20002c04    00000800     UNINITIALIZED
                  20002c04    00000800     --HOLE--

.sysmem    0    20003408    00000800     UNINITIALIZED
                  20003408    00000008     rtsv7M3_T_le_eabi.lib : memory.obj (.sysmem)
                  20003410    000007f8     --HOLE--

.data      0    20003c08    00000290     UNINITIALIZED
                  20003c08    000000f0     rtsv7M3_T_le_eabi.lib : defs.obj (.data:_ftable)
                  20003cf8    000000d0                           : lowlev.obj (.data:$O1$$)
                  20003dc8    00000048     data_process.obj (.data)
                  20003e10    00000030     tasks.obj (.data)
                  20003e40    00000010     main.obj (.data)
                  20003e50    00000010     rtsv7M3_T_le_eabi.lib : defs.obj (.data)
                  20003e60    0000000c                           : exit.obj (.data:$O1$$)
                  20003e6c    0000000c                           : memory.obj (.data:$O1$$)
                  20003e78    00000008                           : _lock.obj (.data:$O1$$)
                  20003e80    00000008     heap_2.obj (.data)
                  20003e88    00000004     port.obj (.data)
                  20003e8c    00000004     rtsv7M3_T_le_eabi.lib : errno.obj (.data)
                  20003e90    00000004                           : fopen.obj (.data)
                  20003e94    00000004                           : stkdepth_vars.obj (.data)

MODULE SUMMARY

       Module                     code    ro data   rw data
       ------                     ----    -------   -------
    .\
       tasks.obj                  3188    20        256    
       data_process.obj           2692    0         110    
       rit128x96x4.obj            1296    571       12     
       queue.obj                  1556    0         0      
       main.obj                   840     40        260    
       init.obj                   744     0         0      
       list.obj                   302     0         0      
       startup_ccs.obj            12      240       0      
    +--+--------------------------+-------+---------+---------+
       Total:                     10630   871       638    
                                                           
    .\demo_code\
       basic_io.obj               96      0         52     
    +--+--------------------------+-------+---------+---------+
       Total:                     96      0         52     
                                                           
    .\portable\
       heap_2.obj                 444     2         10264  
       port.obj                   228     0         4      
       portasm.obj                156     0         0      
    +--+--------------------------+-------+---------+---------+
       Total:                     828     2         10268  
                                                           
    C:/ti/StellarisWare/driverlib/ccs-cm3/Debug/driverlib-cm3.lib
       sysctl.obj                 1026    172       0      
       gpio.obj                   410     0         0      
       interrupt.obj              110     112       0      
       uart.obj                   184     0         0      
       adc.obj                    174     0         0      
       ssi.obj                    124     0         0      
       timer.obj                  80      0         0      
       cpu.obj                    12      0         0      
       systick.obj                12      0         0      
    +--+--------------------------+-------+---------+---------+
       Total:                     2132    284       0      
                                                           
    C:\ti\ccsv6\tools\compiler\ti-cgt-arm_16.6.0.STS\lib\rtsv7M3_T_le_eabi.lib
       _printfi.obj               4354    0         0      
       lowlev.obj                 780     0         208    
       memory.obj                 972     0         12     
       trgdrv.obj                 804     0         8      
       strtod.obj                 572     152       0      
       e_fmod.obj                 548     16        0      
       ull_div_t2.obj             500     0         0      
       fopen.obj                  452     0         4      
       fd_add_t2.obj              438     0         0      
       defs.obj                   0       0         416    
       trgmsg.obj                 104     0         288    
       fd_div_t2.obj              310     0         0      
       fputs.obj                  308     0         0      
       fd_cmp_t2.obj              268     0         0      
       ctype.obj                  0       257       0      
       fd_mul_t2.obj              252     0         0      
       fs_add_t2.obj              250     0         0      
       setvbuf.obj                220     0         0      
       s_scalbn.obj               208     0         0      
       fflush.obj                 200     0         0      
       fs_cmp_t2.obj              192     0         0      
       _io_perm.obj               172     0         0      
       memcpy_t2.obj              156     0         0      
       fclose.obj                 152     0         0      
       fputc.obj                  152     0         0      
       fs_div_t2.obj              146     0         0      
       fs_mul_t2.obj              122     0         0      
       memset_t2.obj              122     0         0      
       autoinit.obj               112     0         0      
       printf.obj                 112     0         0      
       fd_tos_t2.obj              110     0         0      
       copy_decompress_lzss.obj   102     0         0      
       fseek.obj                  100     0         0      
       exit.obj                   84      0         12     
       sprintf.obj                96      0         0      
       s_frexp.obj                92      0         0      
       ltoa.obj                   86      0         0      
       atoi.obj                   76      0         0      
       atol.obj                   76      0         0      
       cpy_tbl.obj                76      0         0      
       fd_toi_t2.obj              72      0         0      
       fd_tou_t2.obj              68      0         0      
       boot.obj                   64      0         0      
       fs_tod_t2.obj              56      0         0      
       fs_toi_t2.obj              56      0         0      
       i_tofs_t2.obj              56      0         0      
       strncpy.obj                54      0         0      
       strstr.obj                 54      0         0      
       fs_tou_t2.obj              52      0         0      
       i_tofd_t2.obj              46      0         0      
       memcmp.obj                 36      0         0      
       memchr.obj                 32      0         0      
       u_tofd_t2.obj              32      0         0      
       _lock.obj                  20      0         8      
       memccpy.obj                26      0         0      
       args_main.obj              24      0         0      
       strcmp.obj                 24      0         0      
       strchr.obj                 22      0         0      
       strcpy.obj                 22      0         0      
       strlen.obj                 20      0         0      
       copy_decompress_none.obj   14      0         0      
       copy_zero_init.obj         12      0         0      
       s_copysign.obj             8       0         0      
       atof.obj                   6       0         0      
       errno.obj                  0       0         4      
       pre_init.obj               4       0         0      
       stkdepth_vars.obj          0       0         4      
       mpu_init.obj               2       0         0      
       startup.obj                2       0         0      
    +--+--------------------------+-------+---------+---------+
       Total:                     14760   425       964    
                                                           
       Heap:                      0       0         2048   
       Stack:                     0       0         2048   
       Linker Generated:          0       169       0      
    +--+--------------------------+-------+---------+---------+
       Grand Total:               28446   1751      16018  


LINKER GENERATED COPY TABLES

__TI_cinit_table @ 00007600 records: 2, size/record: 8, table size: 16
	.data: load addr=00007560, load size=00000085 bytes, run addr=20003c08, run size=00000290 bytes, compression=lzss
	.bss: load addr=000075f8, load size=00000008 bytes, run addr=20000000, run size=00002c02 bytes, compression=zero_init


LINKER GENERATED HANDLER TABLE

__TI_handler_table @ 000075e8 records: 3, size/record: 4, table size: 12
	index: 0, handler: __TI_decompress_lzss
	index: 1, handler: __TI_decompress_none
	index: 2, handler: __TI_zero_init


GLOBAL SYMBOLS: SORTED ALPHABETICALLY BY Name 

address   name                           
-------   ----                           
00006f8d  ADCIntClear                    
00006d19  ADCSequenceConfigure           
00006f19  ADCSequenceEnable              
00006413  ADCSequenceStepConfigure       
000068a5  C$$EXIT                        
000064af  C$$IO$$                        
00006f43  CPUcpsie                       
00006cbd  GPIODirModeSet                 
00006a25  GPIOIntTypeSet                 
00005b05  GPIOPadConfigSet               
00006ffd  GPIOPinIntClear                
00006f4f  GPIOPinIntEnable               
00006e9d  GPIOPinTypeADC                 
00006eaf  GPIOPinTypeGPIOOutput          
00006ec1  GPIOPinTypeSSI                 
00006ed3  GPIOPinTypeUART                
00007003  GPIOPinWrite                   
20003e4c  GPS_RUN                        
20003e04  HDOP                           
00003dff  HOSTclock                      
00003dc7  HOSTclose                      
00003d89  HOSTgetenv                     
00003d2d  HOSTlseek                      
00003cdb  HOSTopen                       
00003c8f  HOSTread                       
00003c31  HOSTrename                     
00003bf7  HOSTtime                       
00003ba9  HOSTtime64                     
00003b71  HOSTunlink                     
00003b25  HOSTwrite                      
00006551  IntEnable                      
00006f97  IntMasterEnable                
00003879  PinChangeIntHandler            
00003009  RIT128x96x4Clear               
00003287  RIT128x96x4Disable             
000033d9  RIT128x96x4DisplayOff          
000033a5  RIT128x96x4DisplayOn           
0000322d  RIT128x96x4Enable              
000031a5  RIT128x96x4ImageDraw           
00003301  RIT128x96x4Init                
00003065  RIT128x96x4StringDraw          
00006f81  ResetISR                       
UNDEFED   SHT$$INIT_ARRAY$$Base          
UNDEFED   SHT$$INIT_ARRAY$$Limit         
00006fdd  SSIBusy                        
00006a69  SSIConfigSetExpClk             
00006ee5  SSIDataGetNonBlocking          
00006fa1  SSIDataPut                     
00006fab  SSIDisable                     
00006fb5  SSIEnable                      
00004a91  SysCtlClockGet                 
000051a1  SysCtlClockSet                 
00007009  SysCtlDelay                    
000067f5  SysCtlPeripheralEnable         
0000603d  SysCtlPeripheralReset          
00006f5d  SysTickValueGet                
0000388d  Timer0IntHandler               
00003899  Timer1IntHandler               
00006d45  TimerConfigure                 
00006f27  TimerEnable                    
00007015  TimerIntClear                  
00006fe5  TimerIntEnable                 
00006ef7  TimerLoadSet                   
00006f09  UARTCharGetNonBlocking         
00006fbf  UARTCharPut                    
00006f69  UARTCharsAvail                 
00006af1  UARTConfigSetExpClk            
00006dcd  UARTDisable                    
00006e61  UARTEnable                     
00006fc9  UARTFIFOEnable                 
00007019  UARTIntClear                   
00006fed  UARTIntEnable                  
00003837  UARTIntHandler                 
00006fd3  UARTIntStatus                  
00004255  UARTSend                       
200029c0  UART_char_data                 
20002a38  UART_char_data_old             
20002800  __CIOBUF_                      
20003404  __STACK_END                    
00000800  __STACK_SIZE                   
20002d04  __STACK_TOP                    
00000800  __SYSMEM_SIZE                  
00007600  __TI_CINIT_Base                
00007610  __TI_CINIT_Limit               
000075e8  __TI_Handler_Table_Base        
000075f4  __TI_Handler_Table_Limit       
000062c5  __TI_auto_init                 
00004d31  __TI_cleanup                   
20003e60  __TI_cleanup_ptr               
00005e79  __TI_closefile                 
000064e9  __TI_decompress_lzss           
00006f35  __TI_decompress_none           
00005bcd  __TI_doflush                   
20003e64  __TI_dtors_ptr                 
20003e68  __TI_enable_exit_profile_output
20003e50  __TI_ft_end                    
ffffffff  __TI_pprof_out_hndl            
0000091d  __TI_printfi                   
ffffffff  __TI_prof_data_size            
ffffffff  __TI_prof_data_start           
00005cf7  __TI_rd_ok                     
000064b3  __TI_readmsg                   
00000000  __TI_static_base__             
20002920  __TI_tmpnams                   
00006481  __TI_writemsg                  
00005c95  __TI_wrt_ok                    
00006f75  __TI_zero_init                 
000060c5  __aeabi_cdcmpeq                
000060c5  __aeabi_cdcmple                
0000614b  __aeabi_cdrcmple               
00006619  __aeabi_cfcmpeq                
00006619  __aeabi_cfcmple                
00006679  __aeabi_cfrcmple               
000063a5  __aeabi_d2f                    
000069dd  __aeabi_d2iz                   
00006aad  __aeabi_d2uiz                  
00004ff3  __aeabi_dadd                   
000052e5  __aeabi_ddiv                   
0000567f  __aeabi_dmul                   
00004fe9  __aeabi_dsub                   
00006b75  __aeabi_f2d                    
00006bad  __aeabi_f2iz                   
00006c89  __aeabi_f2uiz                  
0000577f  __aeabi_fadd                   
00005fa9  __aeabi_fdiv                   
000061d1  __aeabi_fmul                   
0000577b  __aeabi_fsub                   
00006ceb  __aeabi_i2d                    
00006be5  __aeabi_i2f                    
0000624b  __aeabi_memclr                 
0000624b  __aeabi_memclr4                
0000624b  __aeabi_memclr8                
00005ddd  __aeabi_memcpy                 
00005ddd  __aeabi_memcpy4                
00005ddd  __aeabi_memcpy8                
0000624d  __aeabi_memset                 
0000624d  __aeabi_memset4                
0000624d  __aeabi_memset8                
20003e5c  __aeabi_stderr                 
20003e54  __aeabi_stdin                  
20003e58  __aeabi_stdout                 
00006dad  __aeabi_ui2d                   
0000489d  __aeabi_uldivmod               
ffffffff  __binit__                      
ffffffff  __c_args__                     
000011f3  __mpu_init                     
20002c04  __stack                        
00006e05  _args_main                     
00006b35  _c_int00                       
00007200  _ctypes_                       
20003c08  _ftable                        
20003e78  _lock                          
00006e83  _nop                           
00006e7b  _register_lock                 
00006e75  _register_unlock               
20003408  _sys_memory                    
0000519f  _system_post_cinit             
0000701d  _system_pre_init               
20003e7c  _unlock                        
000068a9  abort                          
20003dd8  acceleration                   
000040a9  add_device                     
20003e0c  altitude                       
20003dd4  angle                          
0000700f  atof                           
000068f9  atoi                           
00006945  atol                           
ffffffff  binit                          
20003dcc  buffed_speed                   
20003dd0  buffed_speed_1_old             
00001f2d  calculate_accleration          
00001e9d  calculate_distance             
000037af  calloc                         
00004059  close                          
00006991  copy_in                        
00006ff5  copysign                       
00006ff5  copysignl                      
20003dfc  count                          
00001f9d  decode_GGA                     
000023c9  decode_RMC                     
20003de4  distance                       
20003e8c  errno                          
000068b1  exit                           
00005edf  fclose                         
00005c19  fflush                         
20003df8  fix                            
20003df9  fixquality                     
00004679  fmod                           
00004679  fmodl                          
00004d87  fopen                          
00005f11  fputc                          
0000541d  fputs                          
000034fb  free                           
00004d5d  freopen                        
00006799  frexp                          
00006799  frexpl                         
000065b5  fseek                          
00000000  g_pfnVectors                   
20003e08  geoidheight                    
00001e69  get_speed                      
20003e48  index                          
00004215  initADC                        
00004375  initCircBuf                    
00004191  initClock                      
0000429d  initConsole                    
0000420b  initDisplay                    
0000419b  initGPIO                       
000041bf  initPin                        
00004309  initTimer                      
000043bb  init_acc_time                  
0000439f  init_set_speed_data            
20003e00  last_time                      
20002c00  lat                            
20003ddc  latitude                       
20003df0  latitudeDegrees                
20003de8  latitude_fixed                 
00005a35  ldexp                          
00005a35  ldexpl                         
20002be8  location                       
20002c01  lon                            
20003de0  longitude                      
20003df4  longitudeDegrees               
20003dec  longitude_fixed                
00004035  lseek                          
0000684d  ltoa                           
000038a5  main                           
20003e94  main_func_sp                   
00003491  malloc                         
000036c5  memalign                       
00006de9  memccpy                        
00006d8d  memchr                         
00006d69  memcmp                         
00005ddd  memcpy                         
00006253  memset                         
00003411  minit                          
00003f87  open                           
20003e40  pcTextForTask1                 
20003e44  pcTextForTask2                 
0000633d  printf                         
00005f11  putc                           
00005f95  putchar                        
00005527  puts                           
00004e2d  pvPortMalloc                   
20003e10  pxCurrentTCB                   
00005875  pxPortInitialiseStack          
00003f63  read                           
00001f19  read_acceleration              
00001e97  read_distance                  
00001e8b  read_fix                       
00001e81  read_location                  
00001e91  read_quality                   
00001e7b  read_satillite                 
00001e6f  read_time                      
20002bf0  real_time                      
000035bd  realloc                        
00003ed9  remove                         
00003f3b  remove_device                  
00003efd  rename                         
00004155  reset_peripheral               
20003dfa  satellites                     
00005a35  scalbn                         
00005a35  scalbnl                        
00005959  setvbuf                        
20003dc8  speed                          
20002bac  speed_array                    
00002825  split_data                     
00006739  sprintf                        
000037dd  store_char                     
00006e35  strchr                         
00006e1d  strcmp                         
00006e4b  strcpy                         
00006e89  strlen                         
00006c1d  strncpy                        
00006c53  strstr                         
0000443d  strtod                         
0000443d  strtold                        
00003ed9  unlink                         
000027d9  update_array                   
00002d07  uxQueueMessagesWaiting         
00002d1d  uxQueueMessagesWaitingFromISR  
0000187d  uxTaskGetNumberOfTasks         
00001485  uxTaskPriorityGet              
00003a49  vApplicationIdleHook           
00003a3d  vApplicationMallocFailedHook   
00003a3f  vApplicationStackOverflowHook  
00003a4b  vApplicationTickHook           
0000398d  vDisplayTask                   
00003927  vFakeGPS                       
00005551  vListInitialise                
00005581  vListInitialiseItem            
000055d5  vListInsert                    
00005591  vListInsertEnd                 
0000563b  vListRemove                    
00005d8d  vPortClearInterruptMask        
00005dcb  vPortEnableVFP                 
000058e5  vPortEndScheduler              
000058f1  vPortEnterCritical             
00005901  vPortExitCritical              
00004f5f  vPortFree                      
00004fc7  vPortInitialiseBlocks          
00005d9b  vPortSVCHandler                
00005d7f  vPortSetInterruptMask          
00005db9  vPortStartFirstTask            
000058e7  vPortYieldFromISR              
000066d9  vPrintString                   
000066fd  vPrintStringAndNumber          
00002d2f  vQueueDelete                   
00003959  vReadGPS                       
00001421  vTaskDelay                     
00001371  vTaskDelayUntil                
00001309  vTaskDelete                    
0000177d  vTaskEndScheduler              
0000188d  vTaskIncrementTick             
00001b91  vTaskMissedYield               
000019f5  vTaskPlaceOnEventList          
00001dd9  vTaskPriorityDisinherit        
00001d4d  vTaskPriorityInherit           
000014c1  vTaskPrioritySet               
00001651  vTaskResume                    
00001af3  vTaskSetTimeOutState           
00001733  vTaskStartScheduler            
000015a9  vTaskSuspend                   
0000178f  vTaskSuspendAll                
00001935  vTaskSwitchContext             
00003e49  write                          
20002bfc  xBinarySemaphore               
00004fc1  xPortGetFreeHeapSize           
00005d45  xPortPendSVHandler             
000058bd  xPortStartScheduler            
00005917  xPortSysTickHandler            
000028ed  xQueueCreate                   
000029fb  xQueueCreateCountingSemaphore  
00002993  xQueueCreateMutex              
00002b6b  xQueueGenericReceive           
00002a19  xQueueGenericSend              
00002b01  xQueueGenericSendFromISR       
00002ea9  xQueueIsQueueEmptyFromISR      
00002ee3  xQueueIsQueueFullFromISR       
00002c9f  xQueueReceiveFromISR           
00001b19  xTaskCheckForTimeOut           
000011f5  xTaskGenericCreate             
00001d39  xTaskGetCurrentTaskHandle      
00001869  xTaskGetTickCount              
00001601  xTaskIsTaskSuspended           
00001a75  xTaskRemoveFromEventList       
00001799  xTaskResumeAll                 
000016c1  xTaskResumeFromISR             


GLOBAL SYMBOLS: SORTED BY Symbol Address 

address   name                           
-------   ----                           
00000000  __TI_static_base__             
00000000  g_pfnVectors                   
00000800  __STACK_SIZE                   
00000800  __SYSMEM_SIZE                  
0000091d  __TI_printfi                   
000011f3  __mpu_init                     
000011f5  xTaskGenericCreate             
00001309  vTaskDelete                    
00001371  vTaskDelayUntil                
00001421  vTaskDelay                     
00001485  uxTaskPriorityGet              
000014c1  vTaskPrioritySet               
000015a9  vTaskSuspend                   
00001601  xTaskIsTaskSuspended           
00001651  vTaskResume                    
000016c1  xTaskResumeFromISR             
00001733  vTaskStartScheduler            
0000177d  vTaskEndScheduler              
0000178f  vTaskSuspendAll                
00001799  xTaskResumeAll                 
00001869  xTaskGetTickCount              
0000187d  uxTaskGetNumberOfTasks         
0000188d  vTaskIncrementTick             
00001935  vTaskSwitchContext             
000019f5  vTaskPlaceOnEventList          
00001a75  xTaskRemoveFromEventList       
00001af3  vTaskSetTimeOutState           
00001b19  xTaskCheckForTimeOut           
00001b91  vTaskMissedYield               
00001d39  xTaskGetCurrentTaskHandle      
00001d4d  vTaskPriorityInherit           
00001dd9  vTaskPriorityDisinherit        
00001e69  get_speed                      
00001e6f  read_time                      
00001e7b  read_satillite                 
00001e81  read_location                  
00001e8b  read_fix                       
00001e91  read_quality                   
00001e97  read_distance                  
00001e9d  calculate_distance             
00001f19  read_acceleration              
00001f2d  calculate_accleration          
00001f9d  decode_GGA                     
000023c9  decode_RMC                     
000027d9  update_array                   
00002825  split_data                     
000028ed  xQueueCreate                   
00002993  xQueueCreateMutex              
000029fb  xQueueCreateCountingSemaphore  
00002a19  xQueueGenericSend              
00002b01  xQueueGenericSendFromISR       
00002b6b  xQueueGenericReceive           
00002c9f  xQueueReceiveFromISR           
00002d07  uxQueueMessagesWaiting         
00002d1d  uxQueueMessagesWaitingFromISR  
00002d2f  vQueueDelete                   
00002ea9  xQueueIsQueueEmptyFromISR      
00002ee3  xQueueIsQueueFullFromISR       
00003009  RIT128x96x4Clear               
00003065  RIT128x96x4StringDraw          
000031a5  RIT128x96x4ImageDraw           
0000322d  RIT128x96x4Enable              
00003287  RIT128x96x4Disable             
00003301  RIT128x96x4Init                
000033a5  RIT128x96x4DisplayOn           
000033d9  RIT128x96x4DisplayOff          
00003411  minit                          
00003491  malloc                         
000034fb  free                           
000035bd  realloc                        
000036c5  memalign                       
000037af  calloc                         
000037dd  store_char                     
00003837  UARTIntHandler                 
00003879  PinChangeIntHandler            
0000388d  Timer0IntHandler               
00003899  Timer1IntHandler               
000038a5  main                           
00003927  vFakeGPS                       
00003959  vReadGPS                       
0000398d  vDisplayTask                   
00003a3d  vApplicationMallocFailedHook   
00003a3f  vApplicationStackOverflowHook  
00003a49  vApplicationIdleHook           
00003a4b  vApplicationTickHook           
00003b25  HOSTwrite                      
00003b71  HOSTunlink                     
00003ba9  HOSTtime64                     
00003bf7  HOSTtime                       
00003c31  HOSTrename                     
00003c8f  HOSTread                       
00003cdb  HOSTopen                       
00003d2d  HOSTlseek                      
00003d89  HOSTgetenv                     
00003dc7  HOSTclose                      
00003dff  HOSTclock                      
00003e49  write                          
00003ed9  remove                         
00003ed9  unlink                         
00003efd  rename                         
00003f3b  remove_device                  
00003f63  read                           
00003f87  open                           
00004035  lseek                          
00004059  close                          
000040a9  add_device                     
00004155  reset_peripheral               
00004191  initClock                      
0000419b  initGPIO                       
000041bf  initPin                        
0000420b  initDisplay                    
00004215  initADC                        
00004255  UARTSend                       
0000429d  initConsole                    
00004309  initTimer                      
00004375  initCircBuf                    
0000439f  init_set_speed_data            
000043bb  init_acc_time                  
0000443d  strtod                         
0000443d  strtold                        
00004679  fmod                           
00004679  fmodl                          
0000489d  __aeabi_uldivmod               
00004a91  SysCtlClockGet                 
00004d31  __TI_cleanup                   
00004d5d  freopen                        
00004d87  fopen                          
00004e2d  pvPortMalloc                   
00004f5f  vPortFree                      
00004fc1  xPortGetFreeHeapSize           
00004fc7  vPortInitialiseBlocks          
00004fe9  __aeabi_dsub                   
00004ff3  __aeabi_dadd                   
0000519f  _system_post_cinit             
000051a1  SysCtlClockSet                 
000052e5  __aeabi_ddiv                   
0000541d  fputs                          
00005527  puts                           
00005551  vListInitialise                
00005581  vListInitialiseItem            
00005591  vListInsertEnd                 
000055d5  vListInsert                    
0000563b  vListRemove                    
0000567f  __aeabi_dmul                   
0000577b  __aeabi_fsub                   
0000577f  __aeabi_fadd                   
00005875  pxPortInitialiseStack          
000058bd  xPortStartScheduler            
000058e5  vPortEndScheduler              
000058e7  vPortYieldFromISR              
000058f1  vPortEnterCritical             
00005901  vPortExitCritical              
00005917  xPortSysTickHandler            
00005959  setvbuf                        
00005a35  ldexp                          
00005a35  ldexpl                         
00005a35  scalbn                         
00005a35  scalbnl                        
00005b05  GPIOPadConfigSet               
00005bcd  __TI_doflush                   
00005c19  fflush                         
00005c95  __TI_wrt_ok                    
00005cf7  __TI_rd_ok                     
00005d45  xPortPendSVHandler             
00005d7f  vPortSetInterruptMask          
00005d8d  vPortClearInterruptMask        
00005d9b  vPortSVCHandler                
00005db9  vPortStartFirstTask            
00005dcb  vPortEnableVFP                 
00005ddd  __aeabi_memcpy                 
00005ddd  __aeabi_memcpy4                
00005ddd  __aeabi_memcpy8                
00005ddd  memcpy                         
00005e79  __TI_closefile                 
00005edf  fclose                         
00005f11  fputc                          
00005f11  putc                           
00005f95  putchar                        
00005fa9  __aeabi_fdiv                   
0000603d  SysCtlPeripheralReset          
000060c5  __aeabi_cdcmpeq                
000060c5  __aeabi_cdcmple                
0000614b  __aeabi_cdrcmple               
000061d1  __aeabi_fmul                   
0000624b  __aeabi_memclr                 
0000624b  __aeabi_memclr4                
0000624b  __aeabi_memclr8                
0000624d  __aeabi_memset                 
0000624d  __aeabi_memset4                
0000624d  __aeabi_memset8                
00006253  memset                         
000062c5  __TI_auto_init                 
0000633d  printf                         
000063a5  __aeabi_d2f                    
00006413  ADCSequenceStepConfigure       
00006481  __TI_writemsg                  
000064af  C$$IO$$                        
000064b3  __TI_readmsg                   
000064e9  __TI_decompress_lzss           
00006551  IntEnable                      
000065b5  fseek                          
00006619  __aeabi_cfcmpeq                
00006619  __aeabi_cfcmple                
00006679  __aeabi_cfrcmple               
000066d9  vPrintString                   
000066fd  vPrintStringAndNumber          
00006739  sprintf                        
00006799  frexp                          
00006799  frexpl                         
000067f5  SysCtlPeripheralEnable         
0000684d  ltoa                           
000068a5  C$$EXIT                        
000068a9  abort                          
000068b1  exit                           
000068f9  atoi                           
00006945  atol                           
00006991  copy_in                        
000069dd  __aeabi_d2iz                   
00006a25  GPIOIntTypeSet                 
00006a69  SSIConfigSetExpClk             
00006aad  __aeabi_d2uiz                  
00006af1  UARTConfigSetExpClk            
00006b35  _c_int00                       
00006b75  __aeabi_f2d                    
00006bad  __aeabi_f2iz                   
00006be5  __aeabi_i2f                    
00006c1d  strncpy                        
00006c53  strstr                         
00006c89  __aeabi_f2uiz                  
00006cbd  GPIODirModeSet                 
00006ceb  __aeabi_i2d                    
00006d19  ADCSequenceConfigure           
00006d45  TimerConfigure                 
00006d69  memcmp                         
00006d8d  memchr                         
00006dad  __aeabi_ui2d                   
00006dcd  UARTDisable                    
00006de9  memccpy                        
00006e05  _args_main                     
00006e1d  strcmp                         
00006e35  strchr                         
00006e4b  strcpy                         
00006e61  UARTEnable                     
00006e75  _register_unlock               
00006e7b  _register_lock                 
00006e83  _nop                           
00006e89  strlen                         
00006e9d  GPIOPinTypeADC                 
00006eaf  GPIOPinTypeGPIOOutput          
00006ec1  GPIOPinTypeSSI                 
00006ed3  GPIOPinTypeUART                
00006ee5  SSIDataGetNonBlocking          
00006ef7  TimerLoadSet                   
00006f09  UARTCharGetNonBlocking         
00006f19  ADCSequenceEnable              
00006f27  TimerEnable                    
00006f35  __TI_decompress_none           
00006f43  CPUcpsie                       
00006f4f  GPIOPinIntEnable               
00006f5d  SysTickValueGet                
00006f69  UARTCharsAvail                 
00006f75  __TI_zero_init                 
00006f81  ResetISR                       
00006f8d  ADCIntClear                    
00006f97  IntMasterEnable                
00006fa1  SSIDataPut                     
00006fab  SSIDisable                     
00006fb5  SSIEnable                      
00006fbf  UARTCharPut                    
00006fc9  UARTFIFOEnable                 
00006fd3  UARTIntStatus                  
00006fdd  SSIBusy                        
00006fe5  TimerIntEnable                 
00006fed  UARTIntEnable                  
00006ff5  copysign                       
00006ff5  copysignl                      
00006ffd  GPIOPinIntClear                
00007003  GPIOPinWrite                   
00007009  SysCtlDelay                    
0000700f  atof                           
00007015  TimerIntClear                  
00007019  UARTIntClear                   
0000701d  _system_pre_init               
00007200  _ctypes_                       
000075e8  __TI_Handler_Table_Base        
000075f4  __TI_Handler_Table_Limit       
00007600  __TI_CINIT_Base                
00007610  __TI_CINIT_Limit               
20002800  __CIOBUF_                      
20002920  __TI_tmpnams                   
200029c0  UART_char_data                 
20002a38  UART_char_data_old             
20002bac  speed_array                    
20002be8  location                       
20002bf0  real_time                      
20002bfc  xBinarySemaphore               
20002c00  lat                            
20002c01  lon                            
20002c04  __stack                        
20002d04  __STACK_TOP                    
20003404  __STACK_END                    
20003408  _sys_memory                    
20003c08  _ftable                        
20003dc8  speed                          
20003dcc  buffed_speed                   
20003dd0  buffed_speed_1_old             
20003dd4  angle                          
20003dd8  acceleration                   
20003ddc  latitude                       
20003de0  longitude                      
20003de4  distance                       
20003de8  latitude_fixed                 
20003dec  longitude_fixed                
20003df0  latitudeDegrees                
20003df4  longitudeDegrees               
20003df8  fix                            
20003df9  fixquality                     
20003dfa  satellites                     
20003dfc  count                          
20003e00  last_time                      
20003e04  HDOP                           
20003e08  geoidheight                    
20003e0c  altitude                       
20003e10  pxCurrentTCB                   
20003e40  pcTextForTask1                 
20003e44  pcTextForTask2                 
20003e48  index                          
20003e4c  GPS_RUN                        
20003e50  __TI_ft_end                    
20003e54  __aeabi_stdin                  
20003e58  __aeabi_stdout                 
20003e5c  __aeabi_stderr                 
20003e60  __TI_cleanup_ptr               
20003e64  __TI_dtors_ptr                 
20003e68  __TI_enable_exit_profile_output
20003e78  _lock                          
20003e7c  _unlock                        
20003e8c  errno                          
20003e94  main_func_sp                   
ffffffff  __TI_pprof_out_hndl            
ffffffff  __TI_prof_data_size            
ffffffff  __TI_prof_data_start           
ffffffff  __binit__                      
ffffffff  __c_args__                     
ffffffff  binit                          
UNDEFED   SHT$$INIT_ARRAY$$Base          
UNDEFED   SHT$$INIT_ARRAY$$Limit         

[347 symbols]
