******************************************************************************
                  TI ARM Linker PC v16.6.0                     
******************************************************************************
>> Linked Mon Aug 08 17:28:34 2016

OUTPUT FILE NAME:   <RTOStest1.out>
ENTRY POINT SYMBOL: "_c_int00"  address: 000075e9


MEMORY CONFIGURATION

         name            origin    length      used     unused   attr    fill
----------------------  --------  ---------  --------  --------  ----  --------
  FLASH                 00000000   00040000  000080b6  00037f4a  R  X
  SRAM                  20000000   00010000  00004045  0000bfbb  RW X


SEGMENT ALLOCATION MAP

run origin  load origin   length   init length attrs members
----------  ----------- ---------- ----------- ----- -------
00000000    00000000    000080b8   000080b8    r-x
  00000000    00000000    000000f0   000000f0    r-- .intvecs
  000000f0    000000f0    00007a0e   00007a0e    r-x .text
  00007b00    00007b00    00000518   00000518    r-- .const
  00008018    00008018    000000a0   000000a0    r-- .cinit
20000000    20000000    0000404c   00000000    rw-
  20000000    20000000    00002bf1   00000000    rw- .bss
  20002bf4    20002bf4    00000a00   00000000    rw- .stack
  200035f8    200035f8    00000800   00000000    rw- .sysmem
  20003df8    20003df8    00000254   00000000    rw- .data


SECTION ALLOCATION MAP

 output                                  attributes/
section   page    origin      length       input sections
--------  ----  ----------  ----------   ----------------
.intvecs   0    00000000    000000f0     
                  00000000    000000f0     startup_ccs.obj (.intvecs)

.text      0    000000f0    00007a0e     
                  000000f0    00001102     rtsv7M3_T_le_eabi.lib : _printfi.obj (.text)
                  000011f2    00000002                           : mpu_init.obj (.text)
                  000011f4    00000c74     tasks.obj (.text)
                  00001e68    000009a4     data_process.obj (.text)
                  0000280c    00000706     display.obj (.text)
                  00002f12    00000002     rtsv7M3_T_le_eabi.lib : startup.obj (.text)
                  00002f14    00000690     main.obj (.text)
                  000035a4    00000614     queue.obj (.text)
                  00003bb8    00000510     rit128x96x4.obj (.text)
                  000040c8    000003cc     rtsv7M3_T_le_eabi.lib : memory.obj (.text)
                  00004494    000003b8     init.obj (.text)
                  0000484c    00000324     rtsv7M3_T_le_eabi.lib : trgdrv.obj (.text)
                  00004b70    0000030c                           : lowlev.obj (.text)
                  00004e7c    0000023c                           : strtod.obj (.text)
                  000050b8    00000224                           : e_fmod.obj (.text)
                  000052dc    000001f4                           : ull_div_t2.obj (.text)
                  000054d0    000001d8     driverlib-cm3.lib : sysctl.obj (.text:SysCtlClockGet)
                  000056a8    000001c4     rtsv7M3_T_le_eabi.lib : fopen.obj (.text)
                  0000586c    000001bc     heap_2.obj (.text)
                  00005a28    000001b6     rtsv7M3_T_le_eabi.lib : fd_add_t2.obj (.text)
                  00005bde    00000002     --HOLE-- [fill = 0]
                  00005be0    00000144     driverlib-cm3.lib : sysctl.obj (.text:SysCtlClockSet)
                  00005d24    00000136     rtsv7M3_T_le_eabi.lib : fd_div_t2.obj (.text)
                  00005e5a    00000002     --HOLE-- [fill = 0]
                  00005e5c    00000134                           : fputs.obj (.text)
                  00005f90    0000012e     list.obj (.text)
                  000060be    000000fc     rtsv7M3_T_le_eabi.lib : fd_mul_t2.obj (.text)
                  000061ba    000000fa                           : fs_add_t2.obj (.text)
                  000062b4    000000e4     port.obj (.text)
                  00006398    000000dc     rtsv7M3_T_le_eabi.lib : setvbuf.obj (.text)
                  00006474    000000d0                           : s_scalbn.obj (.text)
                  00006544    000000c8     driverlib-cm3.lib : gpio.obj (.text:GPIOPadConfigSet)
                  0000660c    000000c8     rtsv7M3_T_le_eabi.lib : fflush.obj (.text)
                  000066d4    000000ac                           : _io_perm.obj (.text)
                  00006780    0000009c     portasm.obj (.text)
                  0000681c    0000009c     rtsv7M3_T_le_eabi.lib : memcpy_t2.obj (.text)
                  000068b8    00000098                           : fclose.obj (.text)
                  00006950    00000098                           : fputc.obj (.text)
                  000069e8    00000092                           : fs_div_t2.obj (.text)
                  00006a7a    00000002     --HOLE-- [fill = 0]
                  00006a7c    00000088     driverlib-cm3.lib : sysctl.obj (.text:SysCtlPeripheralReset)
                  00006b04    00000086     rtsv7M3_T_le_eabi.lib : fd_cmp_t2.obj (.text:__aeabi_cdcmple)
                  00006b8a    00000086                           : fd_cmp_t2.obj (.text:__aeabi_cdrcmple)
                  00006c10    0000007a                           : fs_mul_t2.obj (.text)
                  00006c8a    0000007a                           : memset_t2.obj (.text)
                  00006d04    00000074     speed.obj (.text)
                  00006d78    00000070     rtsv7M3_T_le_eabi.lib : autoinit.obj (.text)
                  00006de8    00000070                           : printf.obj (.text)
                  00006e58    0000006e                           : fd_tos_t2.obj (.text)
                  00006ec6    0000006c     driverlib-cm3.lib : adc.obj (.text:ADCSequenceStepConfigure)
                  00006f32    00000002     --HOLE-- [fill = 0]
                  00006f34    00000068     rtsv7M3_T_le_eabi.lib : trgmsg.obj (.text)
                  00006f9c    00000066                           : copy_decompress_lzss.obj (.text:decompress:lzss)
                  00007002    00000002     --HOLE-- [fill = 0]
                  00007004    00000064     driverlib-cm3.lib : interrupt.obj (.text:IntEnable)
                  00007068    00000064     rtsv7M3_T_le_eabi.lib : fseek.obj (.text)
                  000070cc    00000060                           : fs_cmp_t2.obj (.text:__aeabi_cfcmple)
                  0000712c    00000060                           : fs_cmp_t2.obj (.text:__aeabi_cfrcmple)
                  0000718c    00000060     basic_io.obj (.text)
                  000071ec    00000060     rtsv7M3_T_le_eabi.lib : sprintf.obj (.text)
                  0000724c    0000005c                           : s_frexp.obj (.text)
                  000072a8    00000058     driverlib-cm3.lib : sysctl.obj (.text:SysCtlPeripheralEnable)
                  00007300    00000056     rtsv7M3_T_le_eabi.lib : ltoa.obj (.text)
                  00007356    00000002     --HOLE-- [fill = 0]
                  00007358    00000054                           : exit.obj (.text)
                  000073ac    0000004c                           : atoi.obj (.text)
                  000073f8    0000004c                           : atol.obj (.text)
                  00007444    0000004c                           : cpy_tbl.obj (.text)
                  00007490    00000048                           : fd_toi_t2.obj (.text)
                  000074d8    00000044     driverlib-cm3.lib : gpio.obj (.text:GPIOIntTypeSet)
                  0000751c    00000044                       : ssi.obj (.text:SSIConfigSetExpClk)
                  00007560    00000044     rtsv7M3_T_le_eabi.lib : fd_tou_t2.obj (.text)
                  000075a4    00000042     driverlib-cm3.lib : uart.obj (.text:UARTConfigSetExpClk)
                  000075e6    00000002     --HOLE-- [fill = 0]
                  000075e8    00000040     rtsv7M3_T_le_eabi.lib : boot.obj (.text)
                  00007628    00000038                           : fs_tod_t2.obj (.text)
                  00007660    00000038                           : fs_toi_t2.obj (.text)
                  00007698    00000038                           : i_tofs_t2.obj (.text)
                  000076d0    00000036                           : strncpy.obj (.text)
                  00007706    00000036                           : strstr.obj (.text)
                  0000773c    00000034                           : fs_tou_t2.obj (.text)
                  00007770    0000002e     driverlib-cm3.lib : gpio.obj (.text:GPIODirModeSet)
                  0000779e    0000002e     rtsv7M3_T_le_eabi.lib : i_tofd_t2.obj (.text)
                  000077cc    0000002a     driverlib-cm3.lib : adc.obj (.text:ADCSequenceConfigure)
                  000077f6    00000002     --HOLE-- [fill = 0]
                  000077f8    00000024                       : timer.obj (.text:TimerConfigure)
                  0000781c    00000024     debounce.obj (.text)
                  00007840    00000024     rtsv7M3_T_le_eabi.lib : memcmp.obj (.text)
                  00007864    00000020                           : memchr.obj (.text)
                  00007884    00000020                           : u_tofd_t2.obj (.text)
                  000078a4    0000001c     driverlib-cm3.lib : uart.obj (.text:UARTDisable)
                  000078c0    0000001a     rtsv7M3_T_le_eabi.lib : memccpy.obj (.text)
                  000078da    00000002     --HOLE-- [fill = 0]
                  000078dc    00000018                           : args_main.obj (.text)
                  000078f4    00000018                           : strcmp.obj (.text)
                  0000790c    00000016                           : strchr.obj (.text)
                  00007922    00000016                           : strcpy.obj (.text)
                  00007938    00000014     driverlib-cm3.lib : uart.obj (.text:UARTEnable)
                  0000794c    00000014     rtsv7M3_T_le_eabi.lib : _lock.obj (.text)
                  00007960    00000014                           : strlen.obj (.text)
                  00007974    00000012     driverlib-cm3.lib : gpio.obj (.text:GPIOPinTypeADC)
                  00007986    00000012                       : gpio.obj (.text:GPIOPinTypeGPIOOutput)
                  00007998    00000012                       : gpio.obj (.text:GPIOPinTypeSSI)
                  000079aa    00000012                       : gpio.obj (.text:GPIOPinTypeUART)
                  000079bc    00000012                       : ssi.obj (.text:SSIDataGetNonBlocking)
                  000079ce    00000012                       : timer.obj (.text:TimerLoadSet)
                  000079e0    00000010                       : uart.obj (.text:UARTCharGetNonBlocking)
                  000079f0    0000000e                       : adc.obj (.text:ADCSequenceEnable)
                  000079fe    0000000e                       : timer.obj (.text:TimerEnable)
                  00007a0c    0000000e     rtsv7M3_T_le_eabi.lib : copy_decompress_none.obj (.text:decompress:none)
                  00007a1a    0000000c     driverlib-cm3.lib : cpu.obj (.text:CPUcpsie)
                  00007a26    0000000c                       : gpio.obj (.text:GPIOPinIntEnable)
                  00007a32    00000002     --HOLE-- [fill = 0]
                  00007a34    0000000c                       : systick.obj (.text:SysTickValueGet)
                  00007a40    0000000c                       : uart.obj (.text:UARTCharsAvail)
                  00007a4c    0000000c     rtsv7M3_T_le_eabi.lib : copy_zero_init.obj (.text:decompress:ZI)
                  00007a58    0000000c     startup_ccs.obj (.text)
                  00007a64    0000000a     driverlib-cm3.lib : adc.obj (.text:ADCIntClear)
                  00007a6e    0000000a                       : interrupt.obj (.text:IntMasterEnable)
                  00007a78    0000000a                       : ssi.obj (.text:SSIDataPut)
                  00007a82    0000000a                       : ssi.obj (.text:SSIDisable)
                  00007a8c    0000000a                       : ssi.obj (.text:SSIEnable)
                  00007a96    0000000a                       : uart.obj (.text:UARTCharPut)
                  00007aa0    0000000a                       : uart.obj (.text:UARTFIFOEnable)
                  00007aaa    0000000a                       : uart.obj (.text:UARTIntStatus)
                  00007ab4    00000008                       : ssi.obj (.text:SSIBusy)
                  00007abc    00000008                       : timer.obj (.text:TimerIntEnable)
                  00007ac4    00000008                       : uart.obj (.text:UARTIntEnable)
                  00007acc    00000008     rtsv7M3_T_le_eabi.lib : s_copysign.obj (.text)
                  00007ad4    00000006     driverlib-cm3.lib : gpio.obj (.text:GPIOPinIntClear)
                  00007ada    00000006                       : gpio.obj (.text:GPIOPinRead)
                  00007ae0    00000006                       : gpio.obj (.text:GPIOPinWrite)
                  00007ae6    00000006                       : sysctl.obj (.text:SysCtlDelay)
                  00007aec    00000006     rtsv7M3_T_le_eabi.lib : atof.obj (.text)
                  00007af2    00000004     driverlib-cm3.lib : timer.obj (.text:TimerIntClear)
                  00007af6    00000004                       : uart.obj (.text:UARTIntClear)
                  00007afa    00000004     rtsv7M3_T_le_eabi.lib : pre_init.obj (.text)

.const     0    00007b00    00000518     
                  00007b00    000001e0     rit128x96x4.obj (.const:g_pucFont)
                  00007ce0    00000101     rtsv7M3_T_le_eabi.lib : ctype.obj (.const:.string:_ctypes_)
                  00007de1    00000003     rit128x96x4.obj (.const:.string:pucCommand1$1)
                  00007de4    00000003     rit128x96x4.obj (.const:.string:pucCommand2$2)
                  00007de7    00000001     --HOLE-- [fill = 0]
                  00007de8    00000098     rtsv7M3_T_le_eabi.lib : strtod.obj (.const:$O1$$)
                  00007e80    00000070     driverlib-cm3.lib : interrupt.obj (.const)
                  00007ef0    0000006c                       : sysctl.obj (.const:g_pulXtals)
                  00007f5c    0000004f     rit128x96x4.obj (.const:.string:g_pucRIT128x96x4Init)
                  00007fab    00000001     --HOLE-- [fill = 0]
                  00007fac    00000040     driverlib-cm3.lib : sysctl.obj (.const)
                  00007fec    00000014     tasks.obj (.const:.string:ucExpectedStackBytes$1)
                  00008000    00000010     rtsv7M3_T_le_eabi.lib : e_fmod.obj (.const:Zero)
                  00008010    00000002     rit128x96x4.obj (.const:.string:g_pucRIT128x96x4HorizontalInc)
                  00008012    00000002     rit128x96x4.obj (.const:.string:g_pucRIT128x96x4VerticalInc)
                  00008014    00000002     rit128x96x4.obj (.const:.string:pucCommand1$3)
                  00008016    00000002     heap_2.obj (.const)

.cinit     0    00008018    000000a0     
                  00008018    0000007a     (.cinit..data.load) [load image, compression = lzss]
                  00008092    00000002     --HOLE-- [fill = 0]
                  00008094    0000000c     (__TI_handler_table)
                  000080a0    00000008     (.cinit..bss.load) [load image, compression = zero_init]
                  000080a8    00000010     (__TI_cinit_table)

.bss       0    20000000    00002bf1     UNINITIALIZED
                  20000000    00002800     heap_2.obj (.bss:xHeap)
                  20002800    00000120     rtsv7M3_T_le_eabi.lib : trgmsg.obj (.bss:_CIOBUF_)
                  20002920    000000a0     (.common:__TI_tmpnams)
                  200029c0    00000078     (.common:UART_char_data)
                  20002a38    00000078     (.common:UART_char_data_old)
                  20002ab0    00000064     tasks.obj (.bss:pxReadyTasksLists)
                  20002b14    00000034     basic_io.obj (.bss:cBuffer)
                  20002b48    00000014     tasks.obj (.bss:xDelayedTaskList1)
                  20002b5c    00000014     tasks.obj (.bss:xDelayedTaskList2)
                  20002b70    00000014     tasks.obj (.bss:xPendingReadyList)
                  20002b84    00000014     tasks.obj (.bss:xSuspendedTaskList)
                  20002b98    00000014     tasks.obj (.bss:xTasksWaitingTermination)
                  20002bac    00000008     rit128x96x4.obj (.bss:g_pucBuffer)
                  20002bb4    00000008     rtsv7M3_T_le_eabi.lib : trgdrv.obj (.bss:parmbuf)
                  20002bbc    00000008     tasks.obj (.bss)
                  20002bc4    00000008     heap_2.obj (.bss:xEnd)
                  20002bcc    00000008     heap_2.obj (.bss:xStart)
                  20002bd4    00000004     rit128x96x4.obj (.bss)
                  20002bd8    00000004     (.common:xBinarySemaphoreFilter)
                  20002bdc    00000004     (.common:xBinarySemaphoreGPS)
                  20002be0    00000004     (.common:xQueueBuffedSpeed)
                  20002be4    00000004     (.common:xQueueButtons)
                  20002be8    00000004     (.common:xQueueGPSDATA)
                  20002bec    00000004     (.common:xQueueSpeed)
                  20002bf0    00000001     (.common:flag2)

.stack     0    20002bf4    00000a00     UNINITIALIZED
                  20002bf4    00000a00     --HOLE--

.sysmem    0    200035f8    00000800     UNINITIALIZED
                  200035f8    00000008     rtsv7M3_T_le_eabi.lib : memory.obj (.sysmem)
                  20003600    000007f8     --HOLE--

.data      0    20003df8    00000254     UNINITIALIZED
                  20003df8    000000f0     rtsv7M3_T_le_eabi.lib : defs.obj (.data:_ftable)
                  20003ee8    000000d0                           : lowlev.obj (.data:$O1$$)
                  20003fb8    00000030     tasks.obj (.data)
                  20003fe8    00000014     data_process.obj (.data)
                  20003ffc    00000010     rtsv7M3_T_le_eabi.lib : defs.obj (.data)
                  2000400c    0000000c                           : exit.obj (.data:$O1$$)
                  20004018    0000000c                           : memory.obj (.data:$O1$$)
                  20004024    00000008                           : _lock.obj (.data:$O1$$)
                  2000402c    00000008     heap_2.obj (.data)
                  20004034    00000008     main.obj (.data)
                  2000403c    00000004     port.obj (.data)
                  20004040    00000004     rtsv7M3_T_le_eabi.lib : errno.obj (.data)
                  20004044    00000004                           : fopen.obj (.data)
                  20004048    00000004                           : stkdepth_vars.obj (.data)

MODULE SUMMARY

       Module                     code    ro data   rw data
       ------                     ----    -------   -------
    .\
       tasks.obj                  3188    20        256    
       data_process.obj           2468    0         20     
       main.obj                   1680    0         272    
       rit128x96x4.obj            1296    571       12     
       display.obj                1798    0         0      
       queue.obj                  1556    0         0      
       init.obj                   952     0         0      
       list.obj                   302     0         0      
       startup_ccs.obj            12      240       0      
       speed.obj                  116     0         1      
       debounce.obj               36      0         0      
    +--+--------------------------+-------+---------+---------+
       Total:                     13404   831       561    
                                                           
    .\demo_code\
       basic_io.obj               96      0         52     
    +--+--------------------------+-------+---------+---------+
       Total:                     96      0         52     
                                                           
    .\portable\
       heap_2.obj                 444     2         10264  
       port.obj                   228     0         4      
       portasm.obj                156     0         0      
    +--+--------------------------+-------+---------+---------+
       Total:                     828     2         10268  
                                                           
    C:/ti/StellarisWare/driverlib/ccs-cm3/Debug/driverlib-cm3.lib
       sysctl.obj                 1026    172       0      
       gpio.obj                   416     0         0      
       interrupt.obj              110     112       0      
       uart.obj                   184     0         0      
       adc.obj                    174     0         0      
       ssi.obj                    124     0         0      
       timer.obj                  80      0         0      
       cpu.obj                    12      0         0      
       systick.obj                12      0         0      
    +--+--------------------------+-------+---------+---------+
       Total:                     2138    284       0      
                                                           
    C:\ti\ccsv6\tools\compiler\ti-cgt-arm_16.6.0.STS\lib\rtsv7M3_T_le_eabi.lib
       _printfi.obj               4354    0         0      
       lowlev.obj                 780     0         208    
       memory.obj                 972     0         12     
       trgdrv.obj                 804     0         8      
       strtod.obj                 572     152       0      
       e_fmod.obj                 548     16        0      
       ull_div_t2.obj             500     0         0      
       fopen.obj                  452     0         4      
       fd_add_t2.obj              438     0         0      
       defs.obj                   0       0         416    
       trgmsg.obj                 104     0         288    
       fd_div_t2.obj              310     0         0      
       fputs.obj                  308     0         0      
       fd_cmp_t2.obj              268     0         0      
       ctype.obj                  0       257       0      
       fd_mul_t2.obj              252     0         0      
       fs_add_t2.obj              250     0         0      
       setvbuf.obj                220     0         0      
       s_scalbn.obj               208     0         0      
       fflush.obj                 200     0         0      
       fs_cmp_t2.obj              192     0         0      
       _io_perm.obj               172     0         0      
       memcpy_t2.obj              156     0         0      
       fclose.obj                 152     0         0      
       fputc.obj                  152     0         0      
       fs_div_t2.obj              146     0         0      
       fs_mul_t2.obj              122     0         0      
       memset_t2.obj              122     0         0      
       autoinit.obj               112     0         0      
       printf.obj                 112     0         0      
       fd_tos_t2.obj              110     0         0      
       copy_decompress_lzss.obj   102     0         0      
       fseek.obj                  100     0         0      
       exit.obj                   84      0         12     
       sprintf.obj                96      0         0      
       s_frexp.obj                92      0         0      
       ltoa.obj                   86      0         0      
       atoi.obj                   76      0         0      
       atol.obj                   76      0         0      
       cpy_tbl.obj                76      0         0      
       fd_toi_t2.obj              72      0         0      
       fd_tou_t2.obj              68      0         0      
       boot.obj                   64      0         0      
       fs_tod_t2.obj              56      0         0      
       fs_toi_t2.obj              56      0         0      
       i_tofs_t2.obj              56      0         0      
       strncpy.obj                54      0         0      
       strstr.obj                 54      0         0      
       fs_tou_t2.obj              52      0         0      
       i_tofd_t2.obj              46      0         0      
       memcmp.obj                 36      0         0      
       memchr.obj                 32      0         0      
       u_tofd_t2.obj              32      0         0      
       _lock.obj                  20      0         8      
       memccpy.obj                26      0         0      
       args_main.obj              24      0         0      
       strcmp.obj                 24      0         0      
       strchr.obj                 22      0         0      
       strcpy.obj                 22      0         0      
       strlen.obj                 20      0         0      
       copy_decompress_none.obj   14      0         0      
       copy_zero_init.obj         12      0         0      
       s_copysign.obj             8       0         0      
       atof.obj                   6       0         0      
       errno.obj                  0       0         4      
       pre_init.obj               4       0         0      
       stkdepth_vars.obj          0       0         4      
       mpu_init.obj               2       0         0      
       startup.obj                2       0         0      
    +--+--------------------------+-------+---------+---------+
       Total:                     14760   425       964    
                                                           
       Heap:                      0       0         2048   
       Stack:                     0       0         2560   
       Linker Generated:          0       158       0      
    +--+--------------------------+-------+---------+---------+
       Grand Total:               31226   1700      16453  


LINKER GENERATED COPY TABLES

__TI_cinit_table @ 000080a8 records: 2, size/record: 8, table size: 16
	.data: load addr=00008018, load size=0000007a bytes, run addr=20003df8, run size=00000254 bytes, compression=lzss
	.bss: load addr=000080a0, load size=00000008 bytes, run addr=20000000, run size=00002bf1 bytes, compression=zero_init


LINKER GENERATED HANDLER TABLE

__TI_handler_table @ 00008094 records: 3, size/record: 4, table size: 12
	index: 0, handler: __TI_decompress_lzss
	index: 1, handler: __TI_decompress_none
	index: 2, handler: __TI_zero_init


GLOBAL SYMBOLS: SORTED ALPHABETICALLY BY Name 

address   name                           
-------   ----                           
00007a65  ADCIntClear                    
000077cd  ADCSequenceConfigure           
000079f1  ADCSequenceEnable              
00006ec7  ADCSequenceStepConfigure       
00007359  C$$EXIT                        
00006f63  C$$IO$$                        
00007a1b  CPUcpsie                       
00007771  GPIODirModeSet                 
000074d9  GPIOIntTypeSet                 
00006545  GPIOPadConfigSet               
00007ad5  GPIOPinIntClear                
00007a27  GPIOPinIntEnable               
00007adb  GPIOPinRead                    
00007975  GPIOPinTypeADC                 
00007987  GPIOPinTypeGPIOOutput          
00007999  GPIOPinTypeSSI                 
000079ab  GPIOPinTypeUART                
00007ae1  GPIOPinWrite                   
20004038  GPS_RUN                        
00004b27  HOSTclock                      
00004aef  HOSTclose                      
00004ab1  HOSTgetenv                     
00004a55  HOSTlseek                      
00004a03  HOSTopen                       
000049b7  HOSTread                       
00004959  HOSTrename                     
0000491f  HOSTtime                       
000048d1  HOSTtime64                     
00004899  HOSTunlink                     
0000484d  HOSTwrite                      
00007005  IntEnable                      
00007a6f  IntMasterEnable                
00002fb1  PinChangeIntHandler            
00003cc1  RIT128x96x4Clear               
00003f3f  RIT128x96x4Disable             
00004091  RIT128x96x4DisplayOff          
0000405d  RIT128x96x4DisplayOn           
00003ee5  RIT128x96x4Enable              
00003e5d  RIT128x96x4ImageDraw           
00003fb9  RIT128x96x4Init                
00003d1d  RIT128x96x4StringDraw          
00007a59  ResetISR                       
UNDEFED   SHT$$INIT_ARRAY$$Base          
UNDEFED   SHT$$INIT_ARRAY$$Limit         
00007ab5  SSIBusy                        
0000751d  SSIConfigSetExpClk             
000079bd  SSIDataGetNonBlocking          
00007a79  SSIDataPut                     
00007a83  SSIDisable                     
00007a8d  SSIEnable                      
000054d1  SysCtlClockGet                 
00005be1  SysCtlClockSet                 
00007ae7  SysCtlDelay                    
000072a9  SysCtlPeripheralEnable         
00006a7d  SysCtlPeripheralReset          
00007a35  SysTickValueGet                
00002fc5  Timer0IntHandler               
00002fd1  Timer1IntHandler               
000077f9  TimerConfigure                 
000079ff  TimerEnable                    
00007af3  TimerIntClear                  
00007abd  TimerIntEnable                 
000079cf  TimerLoadSet                   
000079e1  UARTCharGetNonBlocking         
00007a97  UARTCharPut                    
00007a41  UARTCharsAvail                 
000075a5  UARTConfigSetExpClk            
000078a5  UARTDisable                    
00007939  UARTEnable                     
00007aa1  UARTFIFOEnable                 
00007af7  UARTIntClear                   
00007ac5  UARTIntEnable                  
00002f6f  UARTIntHandler                 
00007aab  UARTIntStatus                  
00004605  UARTSend                       
200029c0  UART_char_data                 
20002a38  UART_char_data_old             
20002800  __CIOBUF_                      
200035f4  __STACK_END                    
00000a00  __STACK_SIZE                   
20002cf4  __STACK_TOP                    
00000800  __SYSMEM_SIZE                  
000080a8  __TI_CINIT_Base                
000080b8  __TI_CINIT_Limit               
00008094  __TI_Handler_Table_Base        
000080a0  __TI_Handler_Table_Limit       
00006d79  __TI_auto_init                 
00005771  __TI_cleanup                   
2000400c  __TI_cleanup_ptr               
000068b9  __TI_closefile                 
00006f9d  __TI_decompress_lzss           
00007a0d  __TI_decompress_none           
0000660d  __TI_doflush                   
20004010  __TI_dtors_ptr                 
20004014  __TI_enable_exit_profile_output
20003ffc  __TI_ft_end                    
ffffffff  __TI_pprof_out_hndl            
0000091d  __TI_printfi                   
ffffffff  __TI_prof_data_size            
ffffffff  __TI_prof_data_start           
00006737  __TI_rd_ok                     
00006f67  __TI_readmsg                   
00000000  __TI_static_base__             
20002920  __TI_tmpnams                   
00006f35  __TI_writemsg                  
000066d5  __TI_wrt_ok                    
00007a4d  __TI_zero_init                 
00006b05  __aeabi_cdcmpeq                
00006b05  __aeabi_cdcmple                
00006b8b  __aeabi_cdrcmple               
000070cd  __aeabi_cfcmpeq                
000070cd  __aeabi_cfcmple                
0000712d  __aeabi_cfrcmple               
00006e59  __aeabi_d2f                    
00007491  __aeabi_d2iz                   
00007561  __aeabi_d2uiz                  
00005a33  __aeabi_dadd                   
00005d25  __aeabi_ddiv                   
000060bf  __aeabi_dmul                   
00005a29  __aeabi_dsub                   
00007629  __aeabi_f2d                    
00007661  __aeabi_f2iz                   
0000773d  __aeabi_f2uiz                  
000061bf  __aeabi_fadd                   
000069e9  __aeabi_fdiv                   
00006c11  __aeabi_fmul                   
000061bb  __aeabi_fsub                   
0000779f  __aeabi_i2d                    
00007699  __aeabi_i2f                    
00006c8b  __aeabi_memclr                 
00006c8b  __aeabi_memclr4                
00006c8b  __aeabi_memclr8                
0000681d  __aeabi_memcpy                 
0000681d  __aeabi_memcpy4                
0000681d  __aeabi_memcpy8                
00006c8d  __aeabi_memset                 
00006c8d  __aeabi_memset4                
00006c8d  __aeabi_memset8                
20004008  __aeabi_stderr                 
20004000  __aeabi_stdin                  
20004004  __aeabi_stdout                 
00007885  __aeabi_ui2d                   
000052dd  __aeabi_uldivmod               
ffffffff  __binit__                      
ffffffff  __c_args__                     
000011f3  __mpu_init                     
20002bf4  __stack                        
000078dd  _args_main                     
000075e9  _c_int00                       
00007ce0  _ctypes_                       
20003df8  _ftable                        
20004024  _lock                          
0000795b  _nop                           
00007953  _register_lock                 
0000794d  _register_unlock               
200035f8  _sys_memory                    
00002f13  _system_post_cinit             
00007afb  _system_pre_init               
20004028  _unlock                        
0000735d  abort                          
20003ff0  acceleration                   
00002b8f  accleration_screen             
00004dd1  add_device                     
0000331d  analysis_speed                 
00007aed  atof                           
000073ad  atoi                           
000073f9  atol                           
ffffffff  binit                          
20003fe8  buffed_speed                   
20003fec  buffed_speed_1_old             
00001eff  calculate_accleration          
00001e6f  calculate_distance             
00004467  calloc                         
0000280d  clearDisplay                   
00004d81  close                          
00007445  copy_in                        
00007acd  copysign                       
00007acd  copysignl                      
00001f55  decode_GGA                     
00002351  decode_RMC                     
00002cff  display                        
20003ff4  distance                       
000029d3  enter_fuel_display             
20004040  errno                          
00007365  exit                           
0000691f  fclose                         
00006659  fflush                         
20002bf0  flag2                          
000050b9  fmod                           
000050b9  fmodl                          
000057c7  fopen                          
00006951  fputc                          
00005e5d  fputs                          
000041b3  free                           
0000579d  freopen                        
0000724d  frexp                          
0000724d  frexpl                         
00007069  fseek                          
00000000  g_pfnVectors                   
20004034  index                          
00004555  initADC                        
00004725  initCircBuf                    
000044d1  initClock                      
0000464d  initConsole                    
0000454b  initDisplay                    
000044db  initGPIO                       
000044ff  initPin                        
000046b9  initTimer                      
0000478d  init_acc_time                  
00002921  init_password                  
00006d49  init_set_speed                 
0000474f  init_set_speed_data            
0000781d  invert_button                  
20003ff8  last_time                      
00006475  ldexp                          
00006475  ldexpl                         
00004d5d  lseek                          
00007301  ltoa                           
00002fdd  main                           
20004048  main_func_sp                   
00004149  malloc                         
0000437d  memalign                       
000078c1  memccpy                        
00007865  memchr                         
00007841  memcmp                         
0000681d  memcpy                         
00006c93  memset                         
000040c9  minit                          
00002aaf  no_fix_screen                  
00004caf  open                           
0000288b  password_display               
00006df1  printf                         
00006951  putc                           
000069d5  putchar                        
00005f67  puts                           
0000586d  pvPortMalloc                   
20003fb8  pxCurrentTCB                   
000062b5  pxPortInitialiseStack          
00004c8b  read                           
00001eeb  read_acceleration              
00002815  read_button_screen             
00001e69  read_distance                  
00004275  realloc                        
00004c01  remove                         
00004c63  remove_device                  
00004c25  rename                         
00004495  reset_peripheral               
00002a19  review_fuel_display            
00006475  scalbn                         
00006475  scalbnl                        
00004595  send_data                      
00002939  set_speed_display              
00006d05  set_speed_func                 
00006399  setvbuf                        
00006d4f  speed_feedback                 
00002769  split_data                     
000071ed  sprintf                        
00002f15  store_char                     
000032bd  store_speed                    
0000790d  strchr                         
000078f5  strcmp                         
00007923  strcpy                         
00007961  strlen                         
000076d1  strncpy                        
00007707  strstr                         
00004e7d  strtod                         
00004e7d  strtold                        
00004c01  unlink                         
000039bf  uxQueueMessagesWaiting         
000039d5  uxQueueMessagesWaitingFromISR  
0000187d  uxTaskGetNumberOfTasks         
00001485  uxTaskPriorityGet              
0000351f  vApplicationIdleHook           
00003513  vApplicationMallocFailedHook   
00003515  vApplicationStackOverflowHook  
00003521  vApplicationTickHook           
00003189  vDebounceButtons               
0000343d  vDisplayTask                   
000034df  vFakeGPS                       
000033c1  vFilterSpeed                   
00005f91  vListInitialise                
00005fc1  vListInitialiseItem            
00006015  vListInsert                    
00005fd1  vListInsertEnd                 
0000607b  vListRemove                    
000067cd  vPortClearInterruptMask        
0000680b  vPortEnableVFP                 
00006325  vPortEndScheduler              
00006331  vPortEnterCritical             
00006341  vPortExitCritical              
0000599f  vPortFree                      
00005a07  vPortInitialiseBlocks          
000067db  vPortSVCHandler                
000067bf  vPortSetInterruptMask          
000067f9  vPortStartFirstTask            
00006327  vPortYieldFromISR              
0000718d  vPrintString                   
000071b1  vPrintStringAndNumber          
000039e7  vQueueDelete                   
000030f3  vReadGPS                       
00001421  vTaskDelay                     
00001371  vTaskDelayUntil                
00001309  vTaskDelete                    
0000177d  vTaskEndScheduler              
0000188d  vTaskIncrementTick             
00001b91  vTaskMissedYield               
000019f5  vTaskPlaceOnEventList          
00001dd9  vTaskPriorityDisinherit        
00001d4d  vTaskPriorityInherit           
000014c1  vTaskPrioritySet               
00001651  vTaskResume                    
00001af3  vTaskSetTimeOutState           
00001733  vTaskStartScheduler            
000015a9  vTaskSuspend                   
0000178f  vTaskSuspendAll                
00001935  vTaskSwitchContext             
00004b71  write                          
20002bd8  xBinarySemaphoreFilter         
20002bdc  xBinarySemaphoreGPS            
00005a01  xPortGetFreeHeapSize           
00006785  xPortPendSVHandler             
000062fd  xPortStartScheduler            
00006357  xPortSysTickHandler            
20002be0  xQueueBuffedSpeed              
20002be4  xQueueButtons                  
000035a5  xQueueCreate                   
000036b3  xQueueCreateCountingSemaphore  
0000364b  xQueueCreateMutex              
20002be8  xQueueGPSDATA                  
00003823  xQueueGenericReceive           
000036d1  xQueueGenericSend              
000037b9  xQueueGenericSendFromISR       
00003b61  xQueueIsQueueEmptyFromISR      
00003b9b  xQueueIsQueueFullFromISR       
00003957  xQueueReceiveFromISR           
20002bec  xQueueSpeed                    
00001b19  xTaskCheckForTimeOut           
000011f5  xTaskGenericCreate             
00001d39  xTaskGetCurrentTaskHandle      
00001869  xTaskGetTickCount              
00001601  xTaskIsTaskSuspended           
00001a75  xTaskRemoveFromEventList       
00001799  xTaskResumeAll                 
000016c1  xTaskResumeFromISR             


GLOBAL SYMBOLS: SORTED BY Symbol Address 

address   name                           
-------   ----                           
00000000  __TI_static_base__             
00000000  g_pfnVectors                   
00000800  __SYSMEM_SIZE                  
0000091d  __TI_printfi                   
00000a00  __STACK_SIZE                   
000011f3  __mpu_init                     
000011f5  xTaskGenericCreate             
00001309  vTaskDelete                    
00001371  vTaskDelayUntil                
00001421  vTaskDelay                     
00001485  uxTaskPriorityGet              
000014c1  vTaskPrioritySet               
000015a9  vTaskSuspend                   
00001601  xTaskIsTaskSuspended           
00001651  vTaskResume                    
000016c1  xTaskResumeFromISR             
00001733  vTaskStartScheduler            
0000177d  vTaskEndScheduler              
0000178f  vTaskSuspendAll                
00001799  xTaskResumeAll                 
00001869  xTaskGetTickCount              
0000187d  uxTaskGetNumberOfTasks         
0000188d  vTaskIncrementTick             
00001935  vTaskSwitchContext             
000019f5  vTaskPlaceOnEventList          
00001a75  xTaskRemoveFromEventList       
00001af3  vTaskSetTimeOutState           
00001b19  xTaskCheckForTimeOut           
00001b91  vTaskMissedYield               
00001d39  xTaskGetCurrentTaskHandle      
00001d4d  vTaskPriorityInherit           
00001dd9  vTaskPriorityDisinherit        
00001e69  read_distance                  
00001e6f  calculate_distance             
00001eeb  read_acceleration              
00001eff  calculate_accleration          
00001f55  decode_GGA                     
00002351  decode_RMC                     
00002769  split_data                     
0000280d  clearDisplay                   
00002815  read_button_screen             
0000288b  password_display               
00002921  init_password                  
00002939  set_speed_display              
000029d3  enter_fuel_display             
00002a19  review_fuel_display            
00002aaf  no_fix_screen                  
00002b8f  accleration_screen             
00002cff  display                        
00002f13  _system_post_cinit             
00002f15  store_char                     
00002f6f  UARTIntHandler                 
00002fb1  PinChangeIntHandler            
00002fc5  Timer0IntHandler               
00002fd1  Timer1IntHandler               
00002fdd  main                           
000030f3  vReadGPS                       
00003189  vDebounceButtons               
000032bd  store_speed                    
0000331d  analysis_speed                 
000033c1  vFilterSpeed                   
0000343d  vDisplayTask                   
000034df  vFakeGPS                       
00003513  vApplicationMallocFailedHook   
00003515  vApplicationStackOverflowHook  
0000351f  vApplicationIdleHook           
00003521  vApplicationTickHook           
000035a5  xQueueCreate                   
0000364b  xQueueCreateMutex              
000036b3  xQueueCreateCountingSemaphore  
000036d1  xQueueGenericSend              
000037b9  xQueueGenericSendFromISR       
00003823  xQueueGenericReceive           
00003957  xQueueReceiveFromISR           
000039bf  uxQueueMessagesWaiting         
000039d5  uxQueueMessagesWaitingFromISR  
000039e7  vQueueDelete                   
00003b61  xQueueIsQueueEmptyFromISR      
00003b9b  xQueueIsQueueFullFromISR       
00003cc1  RIT128x96x4Clear               
00003d1d  RIT128x96x4StringDraw          
00003e5d  RIT128x96x4ImageDraw           
00003ee5  RIT128x96x4Enable              
00003f3f  RIT128x96x4Disable             
00003fb9  RIT128x96x4Init                
0000405d  RIT128x96x4DisplayOn           
00004091  RIT128x96x4DisplayOff          
000040c9  minit                          
00004149  malloc                         
000041b3  free                           
00004275  realloc                        
0000437d  memalign                       
00004467  calloc                         
00004495  reset_peripheral               
000044d1  initClock                      
000044db  initGPIO                       
000044ff  initPin                        
0000454b  initDisplay                    
00004555  initADC                        
00004595  send_data                      
00004605  UARTSend                       
0000464d  initConsole                    
000046b9  initTimer                      
00004725  initCircBuf                    
0000474f  init_set_speed_data            
0000478d  init_acc_time                  
0000484d  HOSTwrite                      
00004899  HOSTunlink                     
000048d1  HOSTtime64                     
0000491f  HOSTtime                       
00004959  HOSTrename                     
000049b7  HOSTread                       
00004a03  HOSTopen                       
00004a55  HOSTlseek                      
00004ab1  HOSTgetenv                     
00004aef  HOSTclose                      
00004b27  HOSTclock                      
00004b71  write                          
00004c01  remove                         
00004c01  unlink                         
00004c25  rename                         
00004c63  remove_device                  
00004c8b  read                           
00004caf  open                           
00004d5d  lseek                          
00004d81  close                          
00004dd1  add_device                     
00004e7d  strtod                         
00004e7d  strtold                        
000050b9  fmod                           
000050b9  fmodl                          
000052dd  __aeabi_uldivmod               
000054d1  SysCtlClockGet                 
00005771  __TI_cleanup                   
0000579d  freopen                        
000057c7  fopen                          
0000586d  pvPortMalloc                   
0000599f  vPortFree                      
00005a01  xPortGetFreeHeapSize           
00005a07  vPortInitialiseBlocks          
00005a29  __aeabi_dsub                   
00005a33  __aeabi_dadd                   
00005be1  SysCtlClockSet                 
00005d25  __aeabi_ddiv                   
00005e5d  fputs                          
00005f67  puts                           
00005f91  vListInitialise                
00005fc1  vListInitialiseItem            
00005fd1  vListInsertEnd                 
00006015  vListInsert                    
0000607b  vListRemove                    
000060bf  __aeabi_dmul                   
000061bb  __aeabi_fsub                   
000061bf  __aeabi_fadd                   
000062b5  pxPortInitialiseStack          
000062fd  xPortStartScheduler            
00006325  vPortEndScheduler              
00006327  vPortYieldFromISR              
00006331  vPortEnterCritical             
00006341  vPortExitCritical              
00006357  xPortSysTickHandler            
00006399  setvbuf                        
00006475  ldexp                          
00006475  ldexpl                         
00006475  scalbn                         
00006475  scalbnl                        
00006545  GPIOPadConfigSet               
0000660d  __TI_doflush                   
00006659  fflush                         
000066d5  __TI_wrt_ok                    
00006737  __TI_rd_ok                     
00006785  xPortPendSVHandler             
000067bf  vPortSetInterruptMask          
000067cd  vPortClearInterruptMask        
000067db  vPortSVCHandler                
000067f9  vPortStartFirstTask            
0000680b  vPortEnableVFP                 
0000681d  __aeabi_memcpy                 
0000681d  __aeabi_memcpy4                
0000681d  __aeabi_memcpy8                
0000681d  memcpy                         
000068b9  __TI_closefile                 
0000691f  fclose                         
00006951  fputc                          
00006951  putc                           
000069d5  putchar                        
000069e9  __aeabi_fdiv                   
00006a7d  SysCtlPeripheralReset          
00006b05  __aeabi_cdcmpeq                
00006b05  __aeabi_cdcmple                
00006b8b  __aeabi_cdrcmple               
00006c11  __aeabi_fmul                   
00006c8b  __aeabi_memclr                 
00006c8b  __aeabi_memclr4                
00006c8b  __aeabi_memclr8                
00006c8d  __aeabi_memset                 
00006c8d  __aeabi_memset4                
00006c8d  __aeabi_memset8                
00006c93  memset                         
00006d05  set_speed_func                 
00006d49  init_set_speed                 
00006d4f  speed_feedback                 
00006d79  __TI_auto_init                 
00006df1  printf                         
00006e59  __aeabi_d2f                    
00006ec7  ADCSequenceStepConfigure       
00006f35  __TI_writemsg                  
00006f63  C$$IO$$                        
00006f67  __TI_readmsg                   
00006f9d  __TI_decompress_lzss           
00007005  IntEnable                      
00007069  fseek                          
000070cd  __aeabi_cfcmpeq                
000070cd  __aeabi_cfcmple                
0000712d  __aeabi_cfrcmple               
0000718d  vPrintString                   
000071b1  vPrintStringAndNumber          
000071ed  sprintf                        
0000724d  frexp                          
0000724d  frexpl                         
000072a9  SysCtlPeripheralEnable         
00007301  ltoa                           
00007359  C$$EXIT                        
0000735d  abort                          
00007365  exit                           
000073ad  atoi                           
000073f9  atol                           
00007445  copy_in                        
00007491  __aeabi_d2iz                   
000074d9  GPIOIntTypeSet                 
0000751d  SSIConfigSetExpClk             
00007561  __aeabi_d2uiz                  
000075a5  UARTConfigSetExpClk            
000075e9  _c_int00                       
00007629  __aeabi_f2d                    
00007661  __aeabi_f2iz                   
00007699  __aeabi_i2f                    
000076d1  strncpy                        
00007707  strstr                         
0000773d  __aeabi_f2uiz                  
00007771  GPIODirModeSet                 
0000779f  __aeabi_i2d                    
000077cd  ADCSequenceConfigure           
000077f9  TimerConfigure                 
0000781d  invert_button                  
00007841  memcmp                         
00007865  memchr                         
00007885  __aeabi_ui2d                   
000078a5  UARTDisable                    
000078c1  memccpy                        
000078dd  _args_main                     
000078f5  strcmp                         
0000790d  strchr                         
00007923  strcpy                         
00007939  UARTEnable                     
0000794d  _register_unlock               
00007953  _register_lock                 
0000795b  _nop                           
00007961  strlen                         
00007975  GPIOPinTypeADC                 
00007987  GPIOPinTypeGPIOOutput          
00007999  GPIOPinTypeSSI                 
000079ab  GPIOPinTypeUART                
000079bd  SSIDataGetNonBlocking          
000079cf  TimerLoadSet                   
000079e1  UARTCharGetNonBlocking         
000079f1  ADCSequenceEnable              
000079ff  TimerEnable                    
00007a0d  __TI_decompress_none           
00007a1b  CPUcpsie                       
00007a27  GPIOPinIntEnable               
00007a35  SysTickValueGet                
00007a41  UARTCharsAvail                 
00007a4d  __TI_zero_init                 
00007a59  ResetISR                       
00007a65  ADCIntClear                    
00007a6f  IntMasterEnable                
00007a79  SSIDataPut                     
00007a83  SSIDisable                     
00007a8d  SSIEnable                      
00007a97  UARTCharPut                    
00007aa1  UARTFIFOEnable                 
00007aab  UARTIntStatus                  
00007ab5  SSIBusy                        
00007abd  TimerIntEnable                 
00007ac5  UARTIntEnable                  
00007acd  copysign                       
00007acd  copysignl                      
00007ad5  GPIOPinIntClear                
00007adb  GPIOPinRead                    
00007ae1  GPIOPinWrite                   
00007ae7  SysCtlDelay                    
00007aed  atof                           
00007af3  TimerIntClear                  
00007af7  UARTIntClear                   
00007afb  _system_pre_init               
00007ce0  _ctypes_                       
00008094  __TI_Handler_Table_Base        
000080a0  __TI_Handler_Table_Limit       
000080a8  __TI_CINIT_Base                
000080b8  __TI_CINIT_Limit               
20002800  __CIOBUF_                      
20002920  __TI_tmpnams                   
200029c0  UART_char_data                 
20002a38  UART_char_data_old             
20002bd8  xBinarySemaphoreFilter         
20002bdc  xBinarySemaphoreGPS            
20002be0  xQueueBuffedSpeed              
20002be4  xQueueButtons                  
20002be8  xQueueGPSDATA                  
20002bec  xQueueSpeed                    
20002bf0  flag2                          
20002bf4  __stack                        
20002cf4  __STACK_TOP                    
200035f4  __STACK_END                    
200035f8  _sys_memory                    
20003df8  _ftable                        
20003fb8  pxCurrentTCB                   
20003fe8  buffed_speed                   
20003fec  buffed_speed_1_old             
20003ff0  acceleration                   
20003ff4  distance                       
20003ff8  last_time                      
20003ffc  __TI_ft_end                    
20004000  __aeabi_stdin                  
20004004  __aeabi_stdout                 
20004008  __aeabi_stderr                 
2000400c  __TI_cleanup_ptr               
20004010  __TI_dtors_ptr                 
20004014  __TI_enable_exit_profile_output
20004024  _lock                          
20004028  _unlock                        
20004034  index                          
20004038  GPS_RUN                        
20004040  errno                          
20004048  main_func_sp                   
ffffffff  __TI_pprof_out_hndl            
ffffffff  __TI_prof_data_size            
ffffffff  __TI_prof_data_start           
ffffffff  __binit__                      
ffffffff  __c_args__                     
ffffffff  binit                          
UNDEFED   SHT$$INIT_ARRAY$$Base          
UNDEFED   SHT$$INIT_ARRAY$$Limit         

[344 symbols]
