******************************************************************************
                  TI ARM Linker PC v16.6.0                     
******************************************************************************
>> Linked Sat Aug 06 16:47:22 2016

OUTPUT FILE NAME:   <RTOStest1.out>
ENTRY POINT SYMBOL: "_c_int00"  address: 00006a85


MEMORY CONFIGURATION

         name            origin    length      used     unused   attr    fill
----------------------  --------  ---------  --------  --------  ----  --------
  FLASH                 00000000   00040000  00007560  00038aa0  R  X
  SRAM                  20000000   00010000  00003e38  0000c1c8  RW X


SEGMENT ALLOCATION MAP

run origin  load origin   length   init length attrs members
----------  ----------- ---------- ----------- ----- -------
00000000    00000000    00007560   00007560    r-x
  00000000    00000000    000000f0   000000f0    r-- .intvecs
  000000f0    000000f0    00006e80   00006e80    r-x .text
  00006f70    00006f70    00000540   00000540    r-- .const
  000074b0    000074b0    000000b0   000000b0    r-- .cinit
20000000    20000000    00003e3c   00000000    rw-
  20000000    20000000    00002bdc   00000000    rw- .bss
  20002bdc    20002bdc    00000800   00000000    rw- .stack
  200033e0    200033e0    00000800   00000000    rw- .sysmem
  20003be0    20003be0    0000025c   00000000    rw- .data


SECTION ALLOCATION MAP

 output                                  attributes/
section   page    origin      length       input sections
--------  ----  ----------  ----------   ----------------
.intvecs   0    00000000    000000f0     
                  00000000    000000f0     startup_ccs.obj (.intvecs)

.text      0    000000f0    00006e80     
                  000000f0    00001102     rtsv7M3_T_le_eabi.lib : _printfi.obj (.text)
                  000011f2    00000002                           : mpu_init.obj (.text)
                  000011f4    00000c74     tasks.obj (.text)
                  00001e68    000009cc     data_process.obj (.text)
                  00002834    00000614     queue.obj (.text)
                  00002e48    00000510     rit128x96x4.obj (.text)
                  00003358    000003cc     rtsv7M3_T_le_eabi.lib : memory.obj (.text)
                  00003724    00000350     main.obj (.text)
                  00003a74    00000324     rtsv7M3_T_le_eabi.lib : trgdrv.obj (.text)
                  00003d98    0000030c                           : lowlev.obj (.text)
                  000040a4    000002e8     init.obj (.text)
                  0000438c    0000023c     rtsv7M3_T_le_eabi.lib : strtod.obj (.text)
                  000045c8    00000224                           : e_fmod.obj (.text)
                  000047ec    000001f4                           : ull_div_t2.obj (.text)
                  000049e0    000001d8     driverlib-cm3.lib : sysctl.obj (.text:SysCtlClockGet)
                  00004bb8    000001c4     rtsv7M3_T_le_eabi.lib : fopen.obj (.text)
                  00004d7c    000001bc     heap_2.obj (.text)
                  00004f38    000001b6     rtsv7M3_T_le_eabi.lib : fd_add_t2.obj (.text)
                  000050ee    00000002                           : startup.obj (.text)
                  000050f0    00000144     driverlib-cm3.lib : sysctl.obj (.text:SysCtlClockSet)
                  00005234    00000136     rtsv7M3_T_le_eabi.lib : fd_div_t2.obj (.text)
                  0000536a    00000002     --HOLE-- [fill = 0]
                  0000536c    00000134                           : fputs.obj (.text)
                  000054a0    0000012e     list.obj (.text)
                  000055ce    000000fc     rtsv7M3_T_le_eabi.lib : fd_mul_t2.obj (.text)
                  000056ca    000000fa                           : fs_add_t2.obj (.text)
                  000057c4    000000e4     port.obj (.text)
                  000058a8    000000dc     rtsv7M3_T_le_eabi.lib : setvbuf.obj (.text)
                  00005984    000000d0                           : s_scalbn.obj (.text)
                  00005a54    000000c8     driverlib-cm3.lib : gpio.obj (.text:GPIOPadConfigSet)
                  00005b1c    000000c8     rtsv7M3_T_le_eabi.lib : fflush.obj (.text)
                  00005be4    000000ac                           : _io_perm.obj (.text)
                  00005c90    0000009c     portasm.obj (.text)
                  00005d2c    0000009c     rtsv7M3_T_le_eabi.lib : memcpy_t2.obj (.text)
                  00005dc8    00000098                           : fclose.obj (.text)
                  00005e60    00000098                           : fputc.obj (.text)
                  00005ef8    00000092                           : fs_div_t2.obj (.text)
                  00005f8a    00000002     --HOLE-- [fill = 0]
                  00005f8c    00000088     driverlib-cm3.lib : sysctl.obj (.text:SysCtlPeripheralReset)
                  00006014    00000086     rtsv7M3_T_le_eabi.lib : fd_cmp_t2.obj (.text:__aeabi_cdcmple)
                  0000609a    00000086                           : fd_cmp_t2.obj (.text:__aeabi_cdrcmple)
                  00006120    0000007a                           : fs_mul_t2.obj (.text)
                  0000619a    0000007a                           : memset_t2.obj (.text)
                  00006214    00000070                           : autoinit.obj (.text)
                  00006284    00000070                           : printf.obj (.text)
                  000062f4    0000006e                           : fd_tos_t2.obj (.text)
                  00006362    0000006c     driverlib-cm3.lib : adc.obj (.text:ADCSequenceStepConfigure)
                  000063ce    00000002     --HOLE-- [fill = 0]
                  000063d0    00000068     rtsv7M3_T_le_eabi.lib : trgmsg.obj (.text)
                  00006438    00000066                           : copy_decompress_lzss.obj (.text:decompress:lzss)
                  0000649e    00000002     --HOLE-- [fill = 0]
                  000064a0    00000064     driverlib-cm3.lib : interrupt.obj (.text:IntEnable)
                  00006504    00000064     rtsv7M3_T_le_eabi.lib : fseek.obj (.text)
                  00006568    00000060                           : fs_cmp_t2.obj (.text:__aeabi_cfcmple)
                  000065c8    00000060                           : fs_cmp_t2.obj (.text:__aeabi_cfrcmple)
                  00006628    00000060     basic_io.obj (.text)
                  00006688    00000060     rtsv7M3_T_le_eabi.lib : sprintf.obj (.text)
                  000066e8    0000005c                           : s_frexp.obj (.text)
                  00006744    00000058     driverlib-cm3.lib : sysctl.obj (.text:SysCtlPeripheralEnable)
                  0000679c    00000056     rtsv7M3_T_le_eabi.lib : ltoa.obj (.text)
                  000067f2    00000002     --HOLE-- [fill = 0]
                  000067f4    00000054                           : exit.obj (.text)
                  00006848    0000004c                           : atoi.obj (.text)
                  00006894    0000004c                           : atol.obj (.text)
                  000068e0    0000004c                           : cpy_tbl.obj (.text)
                  0000692c    00000048                           : fd_toi_t2.obj (.text)
                  00006974    00000044     driverlib-cm3.lib : gpio.obj (.text:GPIOIntTypeSet)
                  000069b8    00000044                       : ssi.obj (.text:SSIConfigSetExpClk)
                  000069fc    00000044     rtsv7M3_T_le_eabi.lib : fd_tou_t2.obj (.text)
                  00006a40    00000042     driverlib-cm3.lib : uart.obj (.text:UARTConfigSetExpClk)
                  00006a82    00000002     --HOLE-- [fill = 0]
                  00006a84    00000040     rtsv7M3_T_le_eabi.lib : boot.obj (.text)
                  00006ac4    00000038                           : fs_tod_t2.obj (.text)
                  00006afc    00000038                           : fs_toi_t2.obj (.text)
                  00006b34    00000038                           : i_tofs_t2.obj (.text)
                  00006b6c    00000036                           : strncpy.obj (.text)
                  00006ba2    00000036                           : strstr.obj (.text)
                  00006bd8    00000034                           : fs_tou_t2.obj (.text)
                  00006c0c    0000002e     driverlib-cm3.lib : gpio.obj (.text:GPIODirModeSet)
                  00006c3a    0000002e     rtsv7M3_T_le_eabi.lib : i_tofd_t2.obj (.text)
                  00006c68    0000002a     driverlib-cm3.lib : adc.obj (.text:ADCSequenceConfigure)
                  00006c92    00000002     --HOLE-- [fill = 0]
                  00006c94    00000024                       : timer.obj (.text:TimerConfigure)
                  00006cb8    00000024     rtsv7M3_T_le_eabi.lib : memcmp.obj (.text)
                  00006cdc    00000020                           : memchr.obj (.text)
                  00006cfc    00000020                           : u_tofd_t2.obj (.text)
                  00006d1c    0000001c     driverlib-cm3.lib : uart.obj (.text:UARTDisable)
                  00006d38    0000001a     rtsv7M3_T_le_eabi.lib : memccpy.obj (.text)
                  00006d52    00000002     --HOLE-- [fill = 0]
                  00006d54    00000018                           : args_main.obj (.text)
                  00006d6c    00000018                           : strcmp.obj (.text)
                  00006d84    00000016                           : strchr.obj (.text)
                  00006d9a    00000016                           : strcpy.obj (.text)
                  00006db0    00000014     driverlib-cm3.lib : uart.obj (.text:UARTEnable)
                  00006dc4    00000014     rtsv7M3_T_le_eabi.lib : _lock.obj (.text)
                  00006dd8    00000014                           : strlen.obj (.text)
                  00006dec    00000012     driverlib-cm3.lib : gpio.obj (.text:GPIOPinTypeADC)
                  00006dfe    00000012                       : gpio.obj (.text:GPIOPinTypeGPIOOutput)
                  00006e10    00000012                       : gpio.obj (.text:GPIOPinTypeSSI)
                  00006e22    00000012                       : gpio.obj (.text:GPIOPinTypeUART)
                  00006e34    00000012                       : ssi.obj (.text:SSIDataGetNonBlocking)
                  00006e46    00000012                       : timer.obj (.text:TimerLoadSet)
                  00006e58    00000010                       : uart.obj (.text:UARTCharGetNonBlocking)
                  00006e68    0000000e                       : adc.obj (.text:ADCSequenceEnable)
                  00006e76    0000000e                       : timer.obj (.text:TimerEnable)
                  00006e84    0000000e     rtsv7M3_T_le_eabi.lib : copy_decompress_none.obj (.text:decompress:none)
                  00006e92    0000000c     driverlib-cm3.lib : cpu.obj (.text:CPUcpsie)
                  00006e9e    0000000c                       : gpio.obj (.text:GPIOPinIntEnable)
                  00006eaa    00000002     --HOLE-- [fill = 0]
                  00006eac    0000000c                       : systick.obj (.text:SysTickValueGet)
                  00006eb8    0000000c                       : uart.obj (.text:UARTCharsAvail)
                  00006ec4    0000000c     rtsv7M3_T_le_eabi.lib : copy_zero_init.obj (.text:decompress:ZI)
                  00006ed0    0000000c     startup_ccs.obj (.text)
                  00006edc    0000000a     driverlib-cm3.lib : adc.obj (.text:ADCIntClear)
                  00006ee6    0000000a                       : interrupt.obj (.text:IntMasterEnable)
                  00006ef0    0000000a                       : ssi.obj (.text:SSIDataPut)
                  00006efa    0000000a                       : ssi.obj (.text:SSIDisable)
                  00006f04    0000000a                       : ssi.obj (.text:SSIEnable)
                  00006f0e    0000000a                       : uart.obj (.text:UARTCharPut)
                  00006f18    0000000a                       : uart.obj (.text:UARTFIFOEnable)
                  00006f22    0000000a                       : uart.obj (.text:UARTIntStatus)
                  00006f2c    00000008                       : ssi.obj (.text:SSIBusy)
                  00006f34    00000008                       : timer.obj (.text:TimerIntEnable)
                  00006f3c    00000008                       : uart.obj (.text:UARTIntEnable)
                  00006f44    00000008     rtsv7M3_T_le_eabi.lib : s_copysign.obj (.text)
                  00006f4c    00000006     driverlib-cm3.lib : gpio.obj (.text:GPIOPinIntClear)
                  00006f52    00000006                       : gpio.obj (.text:GPIOPinWrite)
                  00006f58    00000006                       : sysctl.obj (.text:SysCtlDelay)
                  00006f5e    00000006     rtsv7M3_T_le_eabi.lib : atof.obj (.text)
                  00006f64    00000004     driverlib-cm3.lib : timer.obj (.text:TimerIntClear)
                  00006f68    00000004                       : uart.obj (.text:UARTIntClear)
                  00006f6c    00000004     rtsv7M3_T_le_eabi.lib : pre_init.obj (.text)

.const     0    00006f70    00000540     
                  00006f70    000001e0     rit128x96x4.obj (.const:g_pucFont)
                  00007150    00000101     rtsv7M3_T_le_eabi.lib : ctype.obj (.const:.string:_ctypes_)
                  00007251    00000003     rit128x96x4.obj (.const:.string:pucCommand1$1)
                  00007254    00000003     rit128x96x4.obj (.const:.string:pucCommand2$2)
                  00007257    00000001     --HOLE-- [fill = 0]
                  00007258    00000098     rtsv7M3_T_le_eabi.lib : strtod.obj (.const:$O1$$)
                  000072f0    00000070     driverlib-cm3.lib : interrupt.obj (.const)
                  00007360    0000006c                       : sysctl.obj (.const:g_pulXtals)
                  000073cc    0000004f     rit128x96x4.obj (.const:.string:g_pucRIT128x96x4Init)
                  0000741b    00000001     --HOLE-- [fill = 0]
                  0000741c    00000040     driverlib-cm3.lib : sysctl.obj (.const)
                  0000745c    00000028     main.obj (.const:.string)
                  00007484    00000014     tasks.obj (.const:.string:ucExpectedStackBytes$1)
                  00007498    00000010     rtsv7M3_T_le_eabi.lib : e_fmod.obj (.const:Zero)
                  000074a8    00000002     rit128x96x4.obj (.const:.string:g_pucRIT128x96x4HorizontalInc)
                  000074aa    00000002     rit128x96x4.obj (.const:.string:g_pucRIT128x96x4VerticalInc)
                  000074ac    00000002     rit128x96x4.obj (.const:.string:pucCommand1$3)
                  000074ae    00000002     heap_2.obj (.const)

.cinit     0    000074b0    000000b0     
                  000074b0    00000085     (.cinit..data.load) [load image, compression = lzss]
                  00007535    00000003     --HOLE-- [fill = 0]
                  00007538    0000000c     (__TI_handler_table)
                  00007544    00000004     --HOLE-- [fill = 0]
                  00007548    00000008     (.cinit..bss.load) [load image, compression = zero_init]
                  00007550    00000010     (__TI_cinit_table)

.bss       0    20000000    00002bdc     UNINITIALIZED
                  20000000    00002800     heap_2.obj (.bss:xHeap)
                  20002800    00000120     rtsv7M3_T_le_eabi.lib : trgmsg.obj (.bss:_CIOBUF_)
                  20002920    000000a0     (.common:__TI_tmpnams)
                  200029c0    00000078     (.common:UART_char_data)
                  20002a38    00000078     (.common:UART_char_data_old)
                  20002ab0    00000064     tasks.obj (.bss:pxReadyTasksLists)
                  20002b14    00000034     basic_io.obj (.bss:cBuffer)
                  20002b48    00000014     tasks.obj (.bss:xDelayedTaskList1)
                  20002b5c    00000014     tasks.obj (.bss:xDelayedTaskList2)
                  20002b70    00000014     tasks.obj (.bss:xPendingReadyList)
                  20002b84    00000014     tasks.obj (.bss:xSuspendedTaskList)
                  20002b98    00000014     tasks.obj (.bss:xTasksWaitingTermination)
                  20002bac    00000008     rit128x96x4.obj (.bss:g_pucBuffer)
                  20002bb4    00000008     rtsv7M3_T_le_eabi.lib : trgdrv.obj (.bss:parmbuf)
                  20002bbc    00000008     tasks.obj (.bss)
                  20002bc4    00000008     heap_2.obj (.bss:xEnd)
                  20002bcc    00000008     heap_2.obj (.bss:xStart)
                  20002bd4    00000004     rit128x96x4.obj (.bss)
                  20002bd8    00000004     (.common:xBinarySemaphore)

.stack     0    20002bdc    00000800     UNINITIALIZED
                  20002bdc    00000800     --HOLE--

.sysmem    0    200033e0    00000800     UNINITIALIZED
                  200033e0    00000008     rtsv7M3_T_le_eabi.lib : memory.obj (.sysmem)
                  200033e8    000007f8     --HOLE--

.data      0    20003be0    0000025c     UNINITIALIZED
                  20003be0    000000f0     rtsv7M3_T_le_eabi.lib : defs.obj (.data:_ftable)
                  20003cd0    000000d0                           : lowlev.obj (.data:$O1$$)
                  20003da0    00000030     tasks.obj (.data)
                  20003dd0    00000014     data_process.obj (.data)
                  20003de4    00000010     main.obj (.data)
                  20003df4    00000010     rtsv7M3_T_le_eabi.lib : defs.obj (.data)
                  20003e04    0000000c                           : exit.obj (.data:$O1$$)
                  20003e10    0000000c                           : memory.obj (.data:$O1$$)
                  20003e1c    00000008                           : _lock.obj (.data:$O1$$)
                  20003e24    00000008     heap_2.obj (.data)
                  20003e2c    00000004     port.obj (.data)
                  20003e30    00000004     rtsv7M3_T_le_eabi.lib : errno.obj (.data)
                  20003e34    00000004                           : fopen.obj (.data)
                  20003e38    00000004                           : stkdepth_vars.obj (.data)

MODULE SUMMARY

       Module                     code    ro data   rw data
       ------                     ----    -------   -------
    .\
       tasks.obj                  3188    20        256    
       data_process.obj           2508    0         20     
       rit128x96x4.obj            1296    571       12     
       queue.obj                  1556    0         0      
       main.obj                   848     40        260    
       init.obj                   744     0         0      
       list.obj                   302     0         0      
       startup_ccs.obj            12      240       0      
    +--+--------------------------+-------+---------+---------+
       Total:                     10454   871       548    
                                                           
    .\demo_code\
       basic_io.obj               96      0         52     
    +--+--------------------------+-------+---------+---------+
       Total:                     96      0         52     
                                                           
    .\portable\
       heap_2.obj                 444     2         10264  
       port.obj                   228     0         4      
       portasm.obj                156     0         0      
    +--+--------------------------+-------+---------+---------+
       Total:                     828     2         10268  
                                                           
    C:/ti/StellarisWare/driverlib/ccs-cm3/Debug/driverlib-cm3.lib
       sysctl.obj                 1026    172       0      
       gpio.obj                   410     0         0      
       interrupt.obj              110     112       0      
       uart.obj                   184     0         0      
       adc.obj                    174     0         0      
       ssi.obj                    124     0         0      
       timer.obj                  80      0         0      
       cpu.obj                    12      0         0      
       systick.obj                12      0         0      
    +--+--------------------------+-------+---------+---------+
       Total:                     2132    284       0      
                                                           
    C:\ti\ccsv6\tools\compiler\ti-cgt-arm_16.6.0.STS\lib\rtsv7M3_T_le_eabi.lib
       _printfi.obj               4354    0         0      
       lowlev.obj                 780     0         208    
       memory.obj                 972     0         12     
       trgdrv.obj                 804     0         8      
       strtod.obj                 572     152       0      
       e_fmod.obj                 548     16        0      
       ull_div_t2.obj             500     0         0      
       fopen.obj                  452     0         4      
       fd_add_t2.obj              438     0         0      
       defs.obj                   0       0         416    
       trgmsg.obj                 104     0         288    
       fd_div_t2.obj              310     0         0      
       fputs.obj                  308     0         0      
       fd_cmp_t2.obj              268     0         0      
       ctype.obj                  0       257       0      
       fd_mul_t2.obj              252     0         0      
       fs_add_t2.obj              250     0         0      
       setvbuf.obj                220     0         0      
       s_scalbn.obj               208     0         0      
       fflush.obj                 200     0         0      
       fs_cmp_t2.obj              192     0         0      
       _io_perm.obj               172     0         0      
       memcpy_t2.obj              156     0         0      
       fclose.obj                 152     0         0      
       fputc.obj                  152     0         0      
       fs_div_t2.obj              146     0         0      
       fs_mul_t2.obj              122     0         0      
       memset_t2.obj              122     0         0      
       autoinit.obj               112     0         0      
       printf.obj                 112     0         0      
       fd_tos_t2.obj              110     0         0      
       copy_decompress_lzss.obj   102     0         0      
       fseek.obj                  100     0         0      
       exit.obj                   84      0         12     
       sprintf.obj                96      0         0      
       s_frexp.obj                92      0         0      
       ltoa.obj                   86      0         0      
       atoi.obj                   76      0         0      
       atol.obj                   76      0         0      
       cpy_tbl.obj                76      0         0      
       fd_toi_t2.obj              72      0         0      
       fd_tou_t2.obj              68      0         0      
       boot.obj                   64      0         0      
       fs_tod_t2.obj              56      0         0      
       fs_toi_t2.obj              56      0         0      
       i_tofs_t2.obj              56      0         0      
       strncpy.obj                54      0         0      
       strstr.obj                 54      0         0      
       fs_tou_t2.obj              52      0         0      
       i_tofd_t2.obj              46      0         0      
       memcmp.obj                 36      0         0      
       memchr.obj                 32      0         0      
       u_tofd_t2.obj              32      0         0      
       _lock.obj                  20      0         8      
       memccpy.obj                26      0         0      
       args_main.obj              24      0         0      
       strcmp.obj                 24      0         0      
       strchr.obj                 22      0         0      
       strcpy.obj                 22      0         0      
       strlen.obj                 20      0         0      
       copy_decompress_none.obj   14      0         0      
       copy_zero_init.obj         12      0         0      
       s_copysign.obj             8       0         0      
       atof.obj                   6       0         0      
       errno.obj                  0       0         4      
       pre_init.obj               4       0         0      
       stkdepth_vars.obj          0       0         4      
       mpu_init.obj               2       0         0      
       startup.obj                2       0         0      
    +--+--------------------------+-------+---------+---------+
       Total:                     14760   425       964    
                                                           
       Heap:                      0       0         2048   
       Stack:                     0       0         2048   
       Linker Generated:          0       169       0      
    +--+--------------------------+-------+---------+---------+
       Grand Total:               28270   1751      15928  


LINKER GENERATED COPY TABLES

__TI_cinit_table @ 00007550 records: 2, size/record: 8, table size: 16
	.data: load addr=000074b0, load size=00000085 bytes, run addr=20003be0, run size=0000025c bytes, compression=lzss
	.bss: load addr=00007548, load size=00000008 bytes, run addr=20000000, run size=00002bdc bytes, compression=zero_init


LINKER GENERATED HANDLER TABLE

__TI_handler_table @ 00007538 records: 3, size/record: 4, table size: 12
	index: 0, handler: __TI_decompress_lzss
	index: 1, handler: __TI_decompress_none
	index: 2, handler: __TI_zero_init


GLOBAL SYMBOLS: SORTED ALPHABETICALLY BY Name 

address   name                           
-------   ----                           
00006edd  ADCIntClear                    
00006c69  ADCSequenceConfigure           
00006e69  ADCSequenceEnable              
00006363  ADCSequenceStepConfigure       
000067f5  C$$EXIT                        
000063ff  C$$IO$$                        
00006e93  CPUcpsie                       
00006c0d  GPIODirModeSet                 
00006975  GPIOIntTypeSet                 
00005a55  GPIOPadConfigSet               
00006f4d  GPIOPinIntClear                
00006e9f  GPIOPinIntEnable               
00006ded  GPIOPinTypeADC                 
00006dff  GPIOPinTypeGPIOOutput          
00006e11  GPIOPinTypeSSI                 
00006e23  GPIOPinTypeUART                
00006f53  GPIOPinWrite                   
20003df0  GPS_RUN                        
00003d4f  HOSTclock                      
00003d17  HOSTclose                      
00003cd9  HOSTgetenv                     
00003c7d  HOSTlseek                      
00003c2b  HOSTopen                       
00003bdf  HOSTread                       
00003b81  HOSTrename                     
00003b47  HOSTtime                       
00003af9  HOSTtime64                     
00003ac1  HOSTunlink                     
00003a75  HOSTwrite                      
000064a1  IntEnable                      
00006ee7  IntMasterEnable                
000037c1  PinChangeIntHandler            
00002f51  RIT128x96x4Clear               
000031cf  RIT128x96x4Disable             
00003321  RIT128x96x4DisplayOff          
000032ed  RIT128x96x4DisplayOn           
00003175  RIT128x96x4Enable              
000030ed  RIT128x96x4ImageDraw           
00003249  RIT128x96x4Init                
00002fad  RIT128x96x4StringDraw          
00006ed1  ResetISR                       
UNDEFED   SHT$$INIT_ARRAY$$Base          
UNDEFED   SHT$$INIT_ARRAY$$Limit         
00006f2d  SSIBusy                        
000069b9  SSIConfigSetExpClk             
00006e35  SSIDataGetNonBlocking          
00006ef1  SSIDataPut                     
00006efb  SSIDisable                     
00006f05  SSIEnable                      
000049e1  SysCtlClockGet                 
000050f1  SysCtlClockSet                 
00006f59  SysCtlDelay                    
00006745  SysCtlPeripheralEnable         
00005f8d  SysCtlPeripheralReset          
00006ead  SysTickValueGet                
000037d5  Timer0IntHandler               
000037e1  Timer1IntHandler               
00006c95  TimerConfigure                 
00006e77  TimerEnable                    
00006f65  TimerIntClear                  
00006f35  TimerIntEnable                 
00006e47  TimerLoadSet                   
00006e59  UARTCharGetNonBlocking         
00006f0f  UARTCharPut                    
00006eb9  UARTCharsAvail                 
00006a41  UARTConfigSetExpClk            
00006d1d  UARTDisable                    
00006db1  UARTEnable                     
00006f19  UARTFIFOEnable                 
00006f69  UARTIntClear                   
00006f3d  UARTIntEnable                  
0000377f  UARTIntHandler                 
00006f23  UARTIntStatus                  
000041a5  UARTSend                       
200029c0  UART_char_data                 
20002a38  UART_char_data_old             
20002800  __CIOBUF_                      
200033dc  __STACK_END                    
00000800  __STACK_SIZE                   
20002cdc  __STACK_TOP                    
00000800  __SYSMEM_SIZE                  
00007550  __TI_CINIT_Base                
00007560  __TI_CINIT_Limit               
00007538  __TI_Handler_Table_Base        
00007544  __TI_Handler_Table_Limit       
00006215  __TI_auto_init                 
00004c81  __TI_cleanup                   
20003e04  __TI_cleanup_ptr               
00005dc9  __TI_closefile                 
00006439  __TI_decompress_lzss           
00006e85  __TI_decompress_none           
00005b1d  __TI_doflush                   
20003e08  __TI_dtors_ptr                 
20003e0c  __TI_enable_exit_profile_output
20003df4  __TI_ft_end                    
ffffffff  __TI_pprof_out_hndl            
0000091d  __TI_printfi                   
ffffffff  __TI_prof_data_size            
ffffffff  __TI_prof_data_start           
00005c47  __TI_rd_ok                     
00006403  __TI_readmsg                   
00000000  __TI_static_base__             
20002920  __TI_tmpnams                   
000063d1  __TI_writemsg                  
00005be5  __TI_wrt_ok                    
00006ec5  __TI_zero_init                 
00006015  __aeabi_cdcmpeq                
00006015  __aeabi_cdcmple                
0000609b  __aeabi_cdrcmple               
00006569  __aeabi_cfcmpeq                
00006569  __aeabi_cfcmple                
000065c9  __aeabi_cfrcmple               
000062f5  __aeabi_d2f                    
0000692d  __aeabi_d2iz                   
000069fd  __aeabi_d2uiz                  
00004f43  __aeabi_dadd                   
00005235  __aeabi_ddiv                   
000055cf  __aeabi_dmul                   
00004f39  __aeabi_dsub                   
00006ac5  __aeabi_f2d                    
00006afd  __aeabi_f2iz                   
00006bd9  __aeabi_f2uiz                  
000056cf  __aeabi_fadd                   
00005ef9  __aeabi_fdiv                   
00006121  __aeabi_fmul                   
000056cb  __aeabi_fsub                   
00006c3b  __aeabi_i2d                    
00006b35  __aeabi_i2f                    
0000619b  __aeabi_memclr                 
0000619b  __aeabi_memclr4                
0000619b  __aeabi_memclr8                
00005d2d  __aeabi_memcpy                 
00005d2d  __aeabi_memcpy4                
00005d2d  __aeabi_memcpy8                
0000619d  __aeabi_memset                 
0000619d  __aeabi_memset4                
0000619d  __aeabi_memset8                
20003e00  __aeabi_stderr                 
20003df8  __aeabi_stdin                  
20003dfc  __aeabi_stdout                 
00006cfd  __aeabi_ui2d                   
000047ed  __aeabi_uldivmod               
ffffffff  __binit__                      
ffffffff  __c_args__                     
000011f3  __mpu_init                     
20002bdc  __stack                        
00006d55  _args_main                     
00006a85  _c_int00                       
00007150  _ctypes_                       
20003be0  _ftable                        
20003e1c  _lock                          
00006dd3  _nop                           
00006dcb  _register_lock                 
00006dc5  _register_unlock               
200033e0  _sys_memory                    
000050ef  _system_post_cinit             
00006f6d  _system_pre_init               
20003e20  _unlock                        
000067f9  abort                          
20003dd8  acceleration                   
00003ff9  add_device                     
00006f5f  atof                           
00006849  atoi                           
00006895  atol                           
ffffffff  binit                          
20003dd0  buffed_speed                   
20003dd4  buffed_speed_1_old             
00001eff  calculate_accleration          
00001e6f  calculate_distance             
000036f7  calloc                         
00003fa9  close                          
000068e1  copy_in                        
00006f45  copysign                       
00006f45  copysignl                      
00001f55  decode_GGA                     
00002345  decode_RMC                     
20003ddc  distance                       
20003e30  errno                          
00006801  exit                           
00005e2f  fclose                         
00005b69  fflush                         
000045c9  fmod                           
000045c9  fmodl                          
00004cd7  fopen                          
00005e61  fputc                          
0000536d  fputs                          
00003443  free                           
00004cad  freopen                        
000066e9  frexp                          
000066e9  frexpl                         
00006505  fseek                          
00000000  g_pfnVectors                   
20003dec  index                          
00004165  initADC                        
000042c5  initCircBuf                    
000040e1  initClock                      
000041ed  initConsole                    
0000415b  initDisplay                    
000040eb  initGPIO                       
0000410f  initPin                        
00004259  initTimer                      
0000430b  init_acc_time                  
000042ef  init_set_speed_data            
20003de0  last_time                      
00005985  ldexp                          
00005985  ldexpl                         
00003f85  lseek                          
0000679d  ltoa                           
000037ed  main                           
20003e38  main_func_sp                   
000033d9  malloc                         
0000360d  memalign                       
00006d39  memccpy                        
00006cdd  memchr                         
00006cb9  memcmp                         
00005d2d  memcpy                         
000061a3  memset                         
00003359  minit                          
00003ed7  open                           
20003de4  pcTextForTask1                 
20003de8  pcTextForTask2                 
0000628d  printf                         
00005e61  putc                           
00005ee5  putchar                        
00005477  puts                           
00004d7d  pvPortMalloc                   
20003da0  pxCurrentTCB                   
000057c5  pxPortInitialiseStack          
00003eb3  read                           
00001eeb  read_acceleration              
00001e69  read_distance                  
00003505  realloc                        
00003e29  remove                         
00003e8b  remove_device                  
00003e4d  rename                         
000040a5  reset_peripheral               
00002739  restructure_data               
00005985  scalbn                         
00005985  scalbnl                        
000058a9  setvbuf                        
000027a9  split_data                     
00006689  sprintf                        
00003725  store_char                     
00006d85  strchr                         
00006d6d  strcmp                         
00006d9b  strcpy                         
00006dd9  strlen                         
00006b6d  strncpy                        
00006ba3  strstr                         
0000438d  strtod                         
0000438d  strtold                        
00003e29  unlink                         
00002c4f  uxQueueMessagesWaiting         
00002c65  uxQueueMessagesWaitingFromISR  
0000187d  uxTaskGetNumberOfTasks         
00001485  uxTaskPriorityGet              
00003997  vApplicationIdleHook           
0000398b  vApplicationMallocFailedHook   
0000398d  vApplicationStackOverflowHook  
0000399d  vApplicationTickHook           
000038db  vDisplayTask                   
0000386f  vFakeGPS                       
000054a1  vListInitialise                
000054d1  vListInitialiseItem            
00005525  vListInsert                    
000054e1  vListInsertEnd                 
0000558b  vListRemove                    
00005cdd  vPortClearInterruptMask        
00005d1b  vPortEnableVFP                 
00005835  vPortEndScheduler              
00005841  vPortEnterCritical             
00005851  vPortExitCritical              
00004eaf  vPortFree                      
00004f17  vPortInitialiseBlocks          
00005ceb  vPortSVCHandler                
00005ccf  vPortSetInterruptMask          
00005d09  vPortStartFirstTask            
00005837  vPortYieldFromISR              
00006629  vPrintString                   
0000664d  vPrintStringAndNumber          
00002c77  vQueueDelete                   
000038a3  vReadGPS                       
00001421  vTaskDelay                     
00001371  vTaskDelayUntil                
00001309  vTaskDelete                    
0000177d  vTaskEndScheduler              
0000188d  vTaskIncrementTick             
00001b91  vTaskMissedYield               
000019f5  vTaskPlaceOnEventList          
00001dd9  vTaskPriorityDisinherit        
00001d4d  vTaskPriorityInherit           
000014c1  vTaskPrioritySet               
00001651  vTaskResume                    
00001af3  vTaskSetTimeOutState           
00001733  vTaskStartScheduler            
000015a9  vTaskSuspend                   
0000178f  vTaskSuspendAll                
00001935  vTaskSwitchContext             
00003d99  write                          
20002bd8  xBinarySemaphore               
00004f11  xPortGetFreeHeapSize           
00005c95  xPortPendSVHandler             
0000580d  xPortStartScheduler            
00005867  xPortSysTickHandler            
00002835  xQueueCreate                   
00002943  xQueueCreateCountingSemaphore  
000028db  xQueueCreateMutex              
00002ab3  xQueueGenericReceive           
00002961  xQueueGenericSend              
00002a49  xQueueGenericSendFromISR       
00002df1  xQueueIsQueueEmptyFromISR      
00002e2b  xQueueIsQueueFullFromISR       
00002be7  xQueueReceiveFromISR           
00001b19  xTaskCheckForTimeOut           
000011f5  xTaskGenericCreate             
00001d39  xTaskGetCurrentTaskHandle      
00001869  xTaskGetTickCount              
00001601  xTaskIsTaskSuspended           
00001a75  xTaskRemoveFromEventList       
00001799  xTaskResumeAll                 
000016c1  xTaskResumeFromISR             


GLOBAL SYMBOLS: SORTED BY Symbol Address 

address   name                           
-------   ----                           
00000000  __TI_static_base__             
00000000  g_pfnVectors                   
00000800  __STACK_SIZE                   
00000800  __SYSMEM_SIZE                  
0000091d  __TI_printfi                   
000011f3  __mpu_init                     
000011f5  xTaskGenericCreate             
00001309  vTaskDelete                    
00001371  vTaskDelayUntil                
00001421  vTaskDelay                     
00001485  uxTaskPriorityGet              
000014c1  vTaskPrioritySet               
000015a9  vTaskSuspend                   
00001601  xTaskIsTaskSuspended           
00001651  vTaskResume                    
000016c1  xTaskResumeFromISR             
00001733  vTaskStartScheduler            
0000177d  vTaskEndScheduler              
0000178f  vTaskSuspendAll                
00001799  xTaskResumeAll                 
00001869  xTaskGetTickCount              
0000187d  uxTaskGetNumberOfTasks         
0000188d  vTaskIncrementTick             
00001935  vTaskSwitchContext             
000019f5  vTaskPlaceOnEventList          
00001a75  xTaskRemoveFromEventList       
00001af3  vTaskSetTimeOutState           
00001b19  xTaskCheckForTimeOut           
00001b91  vTaskMissedYield               
00001d39  xTaskGetCurrentTaskHandle      
00001d4d  vTaskPriorityInherit           
00001dd9  vTaskPriorityDisinherit        
00001e69  read_distance                  
00001e6f  calculate_distance             
00001eeb  read_acceleration              
00001eff  calculate_accleration          
00001f55  decode_GGA                     
00002345  decode_RMC                     
00002739  restructure_data               
000027a9  split_data                     
00002835  xQueueCreate                   
000028db  xQueueCreateMutex              
00002943  xQueueCreateCountingSemaphore  
00002961  xQueueGenericSend              
00002a49  xQueueGenericSendFromISR       
00002ab3  xQueueGenericReceive           
00002be7  xQueueReceiveFromISR           
00002c4f  uxQueueMessagesWaiting         
00002c65  uxQueueMessagesWaitingFromISR  
00002c77  vQueueDelete                   
00002df1  xQueueIsQueueEmptyFromISR      
00002e2b  xQueueIsQueueFullFromISR       
00002f51  RIT128x96x4Clear               
00002fad  RIT128x96x4StringDraw          
000030ed  RIT128x96x4ImageDraw           
00003175  RIT128x96x4Enable              
000031cf  RIT128x96x4Disable             
00003249  RIT128x96x4Init                
000032ed  RIT128x96x4DisplayOn           
00003321  RIT128x96x4DisplayOff          
00003359  minit                          
000033d9  malloc                         
00003443  free                           
00003505  realloc                        
0000360d  memalign                       
000036f7  calloc                         
00003725  store_char                     
0000377f  UARTIntHandler                 
000037c1  PinChangeIntHandler            
000037d5  Timer0IntHandler               
000037e1  Timer1IntHandler               
000037ed  main                           
0000386f  vFakeGPS                       
000038a3  vReadGPS                       
000038db  vDisplayTask                   
0000398b  vApplicationMallocFailedHook   
0000398d  vApplicationStackOverflowHook  
00003997  vApplicationIdleHook           
0000399d  vApplicationTickHook           
00003a75  HOSTwrite                      
00003ac1  HOSTunlink                     
00003af9  HOSTtime64                     
00003b47  HOSTtime                       
00003b81  HOSTrename                     
00003bdf  HOSTread                       
00003c2b  HOSTopen                       
00003c7d  HOSTlseek                      
00003cd9  HOSTgetenv                     
00003d17  HOSTclose                      
00003d4f  HOSTclock                      
00003d99  write                          
00003e29  remove                         
00003e29  unlink                         
00003e4d  rename                         
00003e8b  remove_device                  
00003eb3  read                           
00003ed7  open                           
00003f85  lseek                          
00003fa9  close                          
00003ff9  add_device                     
000040a5  reset_peripheral               
000040e1  initClock                      
000040eb  initGPIO                       
0000410f  initPin                        
0000415b  initDisplay                    
00004165  initADC                        
000041a5  UARTSend                       
000041ed  initConsole                    
00004259  initTimer                      
000042c5  initCircBuf                    
000042ef  init_set_speed_data            
0000430b  init_acc_time                  
0000438d  strtod                         
0000438d  strtold                        
000045c9  fmod                           
000045c9  fmodl                          
000047ed  __aeabi_uldivmod               
000049e1  SysCtlClockGet                 
00004c81  __TI_cleanup                   
00004cad  freopen                        
00004cd7  fopen                          
00004d7d  pvPortMalloc                   
00004eaf  vPortFree                      
00004f11  xPortGetFreeHeapSize           
00004f17  vPortInitialiseBlocks          
00004f39  __aeabi_dsub                   
00004f43  __aeabi_dadd                   
000050ef  _system_post_cinit             
000050f1  SysCtlClockSet                 
00005235  __aeabi_ddiv                   
0000536d  fputs                          
00005477  puts                           
000054a1  vListInitialise                
000054d1  vListInitialiseItem            
000054e1  vListInsertEnd                 
00005525  vListInsert                    
0000558b  vListRemove                    
000055cf  __aeabi_dmul                   
000056cb  __aeabi_fsub                   
000056cf  __aeabi_fadd                   
000057c5  pxPortInitialiseStack          
0000580d  xPortStartScheduler            
00005835  vPortEndScheduler              
00005837  vPortYieldFromISR              
00005841  vPortEnterCritical             
00005851  vPortExitCritical              
00005867  xPortSysTickHandler            
000058a9  setvbuf                        
00005985  ldexp                          
00005985  ldexpl                         
00005985  scalbn                         
00005985  scalbnl                        
00005a55  GPIOPadConfigSet               
00005b1d  __TI_doflush                   
00005b69  fflush                         
00005be5  __TI_wrt_ok                    
00005c47  __TI_rd_ok                     
00005c95  xPortPendSVHandler             
00005ccf  vPortSetInterruptMask          
00005cdd  vPortClearInterruptMask        
00005ceb  vPortSVCHandler                
00005d09  vPortStartFirstTask            
00005d1b  vPortEnableVFP                 
00005d2d  __aeabi_memcpy                 
00005d2d  __aeabi_memcpy4                
00005d2d  __aeabi_memcpy8                
00005d2d  memcpy                         
00005dc9  __TI_closefile                 
00005e2f  fclose                         
00005e61  fputc                          
00005e61  putc                           
00005ee5  putchar                        
00005ef9  __aeabi_fdiv                   
00005f8d  SysCtlPeripheralReset          
00006015  __aeabi_cdcmpeq                
00006015  __aeabi_cdcmple                
0000609b  __aeabi_cdrcmple               
00006121  __aeabi_fmul                   
0000619b  __aeabi_memclr                 
0000619b  __aeabi_memclr4                
0000619b  __aeabi_memclr8                
0000619d  __aeabi_memset                 
0000619d  __aeabi_memset4                
0000619d  __aeabi_memset8                
000061a3  memset                         
00006215  __TI_auto_init                 
0000628d  printf                         
000062f5  __aeabi_d2f                    
00006363  ADCSequenceStepConfigure       
000063d1  __TI_writemsg                  
000063ff  C$$IO$$                        
00006403  __TI_readmsg                   
00006439  __TI_decompress_lzss           
000064a1  IntEnable                      
00006505  fseek                          
00006569  __aeabi_cfcmpeq                
00006569  __aeabi_cfcmple                
000065c9  __aeabi_cfrcmple               
00006629  vPrintString                   
0000664d  vPrintStringAndNumber          
00006689  sprintf                        
000066e9  frexp                          
000066e9  frexpl                         
00006745  SysCtlPeripheralEnable         
0000679d  ltoa                           
000067f5  C$$EXIT                        
000067f9  abort                          
00006801  exit                           
00006849  atoi                           
00006895  atol                           
000068e1  copy_in                        
0000692d  __aeabi_d2iz                   
00006975  GPIOIntTypeSet                 
000069b9  SSIConfigSetExpClk             
000069fd  __aeabi_d2uiz                  
00006a41  UARTConfigSetExpClk            
00006a85  _c_int00                       
00006ac5  __aeabi_f2d                    
00006afd  __aeabi_f2iz                   
00006b35  __aeabi_i2f                    
00006b6d  strncpy                        
00006ba3  strstr                         
00006bd9  __aeabi_f2uiz                  
00006c0d  GPIODirModeSet                 
00006c3b  __aeabi_i2d                    
00006c69  ADCSequenceConfigure           
00006c95  TimerConfigure                 
00006cb9  memcmp                         
00006cdd  memchr                         
00006cfd  __aeabi_ui2d                   
00006d1d  UARTDisable                    
00006d39  memccpy                        
00006d55  _args_main                     
00006d6d  strcmp                         
00006d85  strchr                         
00006d9b  strcpy                         
00006db1  UARTEnable                     
00006dc5  _register_unlock               
00006dcb  _register_lock                 
00006dd3  _nop                           
00006dd9  strlen                         
00006ded  GPIOPinTypeADC                 
00006dff  GPIOPinTypeGPIOOutput          
00006e11  GPIOPinTypeSSI                 
00006e23  GPIOPinTypeUART                
00006e35  SSIDataGetNonBlocking          
00006e47  TimerLoadSet                   
00006e59  UARTCharGetNonBlocking         
00006e69  ADCSequenceEnable              
00006e77  TimerEnable                    
00006e85  __TI_decompress_none           
00006e93  CPUcpsie                       
00006e9f  GPIOPinIntEnable               
00006ead  SysTickValueGet                
00006eb9  UARTCharsAvail                 
00006ec5  __TI_zero_init                 
00006ed1  ResetISR                       
00006edd  ADCIntClear                    
00006ee7  IntMasterEnable                
00006ef1  SSIDataPut                     
00006efb  SSIDisable                     
00006f05  SSIEnable                      
00006f0f  UARTCharPut                    
00006f19  UARTFIFOEnable                 
00006f23  UARTIntStatus                  
00006f2d  SSIBusy                        
00006f35  TimerIntEnable                 
00006f3d  UARTIntEnable                  
00006f45  copysign                       
00006f45  copysignl                      
00006f4d  GPIOPinIntClear                
00006f53  GPIOPinWrite                   
00006f59  SysCtlDelay                    
00006f5f  atof                           
00006f65  TimerIntClear                  
00006f69  UARTIntClear                   
00006f6d  _system_pre_init               
00007150  _ctypes_                       
00007538  __TI_Handler_Table_Base        
00007544  __TI_Handler_Table_Limit       
00007550  __TI_CINIT_Base                
00007560  __TI_CINIT_Limit               
20002800  __CIOBUF_                      
20002920  __TI_tmpnams                   
200029c0  UART_char_data                 
20002a38  UART_char_data_old             
20002bd8  xBinarySemaphore               
20002bdc  __stack                        
20002cdc  __STACK_TOP                    
200033dc  __STACK_END                    
200033e0  _sys_memory                    
20003be0  _ftable                        
20003da0  pxCurrentTCB                   
20003dd0  buffed_speed                   
20003dd4  buffed_speed_1_old             
20003dd8  acceleration                   
20003ddc  distance                       
20003de0  last_time                      
20003de4  pcTextForTask1                 
20003de8  pcTextForTask2                 
20003dec  index                          
20003df0  GPS_RUN                        
20003df4  __TI_ft_end                    
20003df8  __aeabi_stdin                  
20003dfc  __aeabi_stdout                 
20003e00  __aeabi_stderr                 
20003e04  __TI_cleanup_ptr               
20003e08  __TI_dtors_ptr                 
20003e0c  __TI_enable_exit_profile_output
20003e1c  _lock                          
20003e20  _unlock                        
20003e30  errno                          
20003e38  main_func_sp                   
ffffffff  __TI_pprof_out_hndl            
ffffffff  __TI_prof_data_size            
ffffffff  __TI_prof_data_start           
ffffffff  __binit__                      
ffffffff  __c_args__                     
ffffffff  binit                          
UNDEFED   SHT$$INIT_ARRAY$$Base          
UNDEFED   SHT$$INIT_ARRAY$$Limit         

[321 symbols]
