******************************************************************************
                  TI ARM Linker PC v16.6.0                     
******************************************************************************
>> Linked Tue Aug 09 09:03:50 2016

OUTPUT FILE NAME:   <RTOStest1.out>
ENTRY POINT SYMBOL: "_c_int00"  address: 00007605


MEMORY CONFIGURATION

         name            origin    length      used     unused   attr    fill
----------------------  --------  ---------  --------  --------  ----  --------
  FLASH                 00000000   00040000  000080ae  00037f52  R  X
  SRAM                  20000000   00010000  00004044  0000bfbc  RW X


SEGMENT ALLOCATION MAP

run origin  load origin   length   init length attrs members
----------  ----------- ---------- ----------- ----- -------
00000000    00000000    000080b0   000080b0    r-x
  00000000    00000000    000000f0   000000f0    r-- .intvecs
  000000f0    000000f0    00007a06   00007a06    r-x .text
  00007af8    00007af8    00000518   00000518    r-- .const
  00008010    00008010    000000a0   000000a0    r-- .cinit
20000000    20000000    00004044   00000000    rw-
  20000000    20000000    00002bf0   00000000    rw- .bss
  20002bf0    20002bf0    00000a00   00000000    rw- .stack
  200035f0    200035f0    00000800   00000000    rw- .sysmem
  20003df0    20003df0    00000254   00000000    rw- .data


SECTION ALLOCATION MAP

 output                                  attributes/
section   page    origin      length       input sections
--------  ----  ----------  ----------   ----------------
.intvecs   0    00000000    000000f0     
                  00000000    000000f0     startup_ccs.obj (.intvecs)

.text      0    000000f0    00007a06     
                  000000f0    00001102     rtsv7M3_T_le_eabi.lib : _printfi.obj (.text)
                  000011f2    00000002                           : mpu_init.obj (.text)
                  000011f4    00000c74     tasks.obj (.text)
                  00001e68    000009a4     data_process.obj (.text)
                  0000280c    00000706     display.obj (.text)
                  00002f12    00000614     queue.obj (.text)
                  00003526    00000002     rtsv7M3_T_le_eabi.lib : startup.obj (.text)
                  00003528    0000059c     main.obj (.text)
                  00003ac4    00000510     rit128x96x4.obj (.text)
                  00003fd4    000003cc     rtsv7M3_T_le_eabi.lib : memory.obj (.text)
                  000043a0    000003b8     init.obj (.text)
                  00004758    00000324     rtsv7M3_T_le_eabi.lib : trgdrv.obj (.text)
                  00004a7c    0000030c                           : lowlev.obj (.text)
                  00004d88    0000023c                           : strtod.obj (.text)
                  00004fc4    00000224                           : e_fmod.obj (.text)
                  000051e8    000001f4                           : ull_div_t2.obj (.text)
                  000053dc    000001d8     driverlib-cm3.lib : sysctl.obj (.text:SysCtlClockGet)
                  000055b4    000001c4     rtsv7M3_T_le_eabi.lib : fopen.obj (.text)
                  00005778    000001bc     heap_2.obj (.text)
                  00005934    000001b6     rtsv7M3_T_le_eabi.lib : fd_add_t2.obj (.text)
                  00005aea    00000002     --HOLE-- [fill = 0]
                  00005aec    00000144     driverlib-cm3.lib : sysctl.obj (.text:SysCtlClockSet)
                  00005c30    00000136     rtsv7M3_T_le_eabi.lib : fd_div_t2.obj (.text)
                  00005d66    00000002     --HOLE-- [fill = 0]
                  00005d68    00000134                           : fputs.obj (.text)
                  00005e9c    0000012e     list.obj (.text)
                  00005fca    00000002     --HOLE-- [fill = 0]
                  00005fcc    00000108     speed.obj (.text)
                  000060d4    000000fc     rtsv7M3_T_le_eabi.lib : fd_mul_t2.obj (.text)
                  000061d0    000000fa                           : fs_add_t2.obj (.text)
                  000062ca    00000002     --HOLE-- [fill = 0]
                  000062cc    000000e4     port.obj (.text)
                  000063b0    000000dc     rtsv7M3_T_le_eabi.lib : setvbuf.obj (.text)
                  0000648c    000000d0                           : s_scalbn.obj (.text)
                  0000655c    000000c8     driverlib-cm3.lib : gpio.obj (.text:GPIOPadConfigSet)
                  00006624    000000c8     rtsv7M3_T_le_eabi.lib : fflush.obj (.text)
                  000066ec    000000ac                           : _io_perm.obj (.text)
                  00006798    0000009c     portasm.obj (.text)
                  00006834    0000009c     rtsv7M3_T_le_eabi.lib : memcpy_t2.obj (.text)
                  000068d0    00000098                           : fclose.obj (.text)
                  00006968    00000098                           : fputc.obj (.text)
                  00006a00    00000092                           : fs_div_t2.obj (.text)
                  00006a92    00000002     --HOLE-- [fill = 0]
                  00006a94    00000088     driverlib-cm3.lib : sysctl.obj (.text:SysCtlPeripheralReset)
                  00006b1c    00000086     rtsv7M3_T_le_eabi.lib : fd_cmp_t2.obj (.text:__aeabi_cdcmple)
                  00006ba2    00000086                           : fd_cmp_t2.obj (.text:__aeabi_cdrcmple)
                  00006c28    0000007a                           : fs_mul_t2.obj (.text)
                  00006ca2    0000007a                           : memset_t2.obj (.text)
                  00006d1c    00000078     debounce.obj (.text)
                  00006d94    00000070     rtsv7M3_T_le_eabi.lib : autoinit.obj (.text)
                  00006e04    00000070                           : printf.obj (.text)
                  00006e74    0000006e                           : fd_tos_t2.obj (.text)
                  00006ee2    0000006c     driverlib-cm3.lib : adc.obj (.text:ADCSequenceStepConfigure)
                  00006f4e    00000002     --HOLE-- [fill = 0]
                  00006f50    00000068     rtsv7M3_T_le_eabi.lib : trgmsg.obj (.text)
                  00006fb8    00000066                           : copy_decompress_lzss.obj (.text:decompress:lzss)
                  0000701e    00000002     --HOLE-- [fill = 0]
                  00007020    00000064     driverlib-cm3.lib : interrupt.obj (.text:IntEnable)
                  00007084    00000064     rtsv7M3_T_le_eabi.lib : fseek.obj (.text)
                  000070e8    00000060                           : fs_cmp_t2.obj (.text:__aeabi_cfcmple)
                  00007148    00000060                           : fs_cmp_t2.obj (.text:__aeabi_cfrcmple)
                  000071a8    00000060     basic_io.obj (.text)
                  00007208    00000060     rtsv7M3_T_le_eabi.lib : sprintf.obj (.text)
                  00007268    0000005c                           : s_frexp.obj (.text)
                  000072c4    00000058     driverlib-cm3.lib : sysctl.obj (.text:SysCtlPeripheralEnable)
                  0000731c    00000056     rtsv7M3_T_le_eabi.lib : ltoa.obj (.text)
                  00007372    00000002     --HOLE-- [fill = 0]
                  00007374    00000054                           : exit.obj (.text)
                  000073c8    0000004c                           : atoi.obj (.text)
                  00007414    0000004c                           : atol.obj (.text)
                  00007460    0000004c                           : cpy_tbl.obj (.text)
                  000074ac    00000048                           : fd_toi_t2.obj (.text)
                  000074f4    00000044     driverlib-cm3.lib : gpio.obj (.text:GPIOIntTypeSet)
                  00007538    00000044                       : ssi.obj (.text:SSIConfigSetExpClk)
                  0000757c    00000044     rtsv7M3_T_le_eabi.lib : fd_tou_t2.obj (.text)
                  000075c0    00000042     driverlib-cm3.lib : uart.obj (.text:UARTConfigSetExpClk)
                  00007602    00000002     --HOLE-- [fill = 0]
                  00007604    00000040     rtsv7M3_T_le_eabi.lib : boot.obj (.text)
                  00007644    00000038                           : fs_tod_t2.obj (.text)
                  0000767c    00000038                           : fs_toi_t2.obj (.text)
                  000076b4    00000038                           : i_tofs_t2.obj (.text)
                  000076ec    00000036                           : strncpy.obj (.text)
                  00007722    00000036                           : strstr.obj (.text)
                  00007758    00000034                           : fs_tou_t2.obj (.text)
                  0000778c    0000002e     driverlib-cm3.lib : gpio.obj (.text:GPIODirModeSet)
                  000077ba    0000002e     rtsv7M3_T_le_eabi.lib : i_tofd_t2.obj (.text)
                  000077e8    0000002a     driverlib-cm3.lib : adc.obj (.text:ADCSequenceConfigure)
                  00007812    00000002     --HOLE-- [fill = 0]
                  00007814    00000024                       : timer.obj (.text:TimerConfigure)
                  00007838    00000024     rtsv7M3_T_le_eabi.lib : memcmp.obj (.text)
                  0000785c    00000020                           : memchr.obj (.text)
                  0000787c    00000020                           : u_tofd_t2.obj (.text)
                  0000789c    0000001c     driverlib-cm3.lib : uart.obj (.text:UARTDisable)
                  000078b8    0000001a     rtsv7M3_T_le_eabi.lib : memccpy.obj (.text)
                  000078d2    00000002     --HOLE-- [fill = 0]
                  000078d4    00000018                           : args_main.obj (.text)
                  000078ec    00000018                           : strcmp.obj (.text)
                  00007904    00000016                           : strchr.obj (.text)
                  0000791a    00000016                           : strcpy.obj (.text)
                  00007930    00000014     driverlib-cm3.lib : uart.obj (.text:UARTEnable)
                  00007944    00000014     rtsv7M3_T_le_eabi.lib : _lock.obj (.text)
                  00007958    00000014                           : strlen.obj (.text)
                  0000796c    00000012     driverlib-cm3.lib : gpio.obj (.text:GPIOPinTypeADC)
                  0000797e    00000012                       : gpio.obj (.text:GPIOPinTypeGPIOOutput)
                  00007990    00000012                       : gpio.obj (.text:GPIOPinTypeSSI)
                  000079a2    00000012                       : gpio.obj (.text:GPIOPinTypeUART)
                  000079b4    00000012                       : ssi.obj (.text:SSIDataGetNonBlocking)
                  000079c6    00000012                       : timer.obj (.text:TimerLoadSet)
                  000079d8    00000010                       : uart.obj (.text:UARTCharGetNonBlocking)
                  000079e8    0000000e                       : adc.obj (.text:ADCSequenceEnable)
                  000079f6    0000000e                       : timer.obj (.text:TimerEnable)
                  00007a04    0000000e     rtsv7M3_T_le_eabi.lib : copy_decompress_none.obj (.text:decompress:none)
                  00007a12    0000000c     driverlib-cm3.lib : cpu.obj (.text:CPUcpsie)
                  00007a1e    0000000c                       : gpio.obj (.text:GPIOPinIntEnable)
                  00007a2a    00000002     --HOLE-- [fill = 0]
                  00007a2c    0000000c                       : systick.obj (.text:SysTickValueGet)
                  00007a38    0000000c                       : uart.obj (.text:UARTCharsAvail)
                  00007a44    0000000c     rtsv7M3_T_le_eabi.lib : copy_zero_init.obj (.text:decompress:ZI)
                  00007a50    0000000c     startup_ccs.obj (.text)
                  00007a5c    0000000a     driverlib-cm3.lib : adc.obj (.text:ADCIntClear)
                  00007a66    0000000a                       : interrupt.obj (.text:IntMasterEnable)
                  00007a70    0000000a                       : ssi.obj (.text:SSIDataPut)
                  00007a7a    0000000a                       : ssi.obj (.text:SSIDisable)
                  00007a84    0000000a                       : ssi.obj (.text:SSIEnable)
                  00007a8e    0000000a                       : uart.obj (.text:UARTCharPut)
                  00007a98    0000000a                       : uart.obj (.text:UARTFIFOEnable)
                  00007aa2    0000000a                       : uart.obj (.text:UARTIntStatus)
                  00007aac    00000008                       : ssi.obj (.text:SSIBusy)
                  00007ab4    00000008                       : timer.obj (.text:TimerIntEnable)
                  00007abc    00000008                       : uart.obj (.text:UARTIntEnable)
                  00007ac4    00000008     rtsv7M3_T_le_eabi.lib : s_copysign.obj (.text)
                  00007acc    00000006     driverlib-cm3.lib : gpio.obj (.text:GPIOPinIntClear)
                  00007ad2    00000006                       : gpio.obj (.text:GPIOPinRead)
                  00007ad8    00000006                       : gpio.obj (.text:GPIOPinWrite)
                  00007ade    00000006                       : sysctl.obj (.text:SysCtlDelay)
                  00007ae4    00000006     rtsv7M3_T_le_eabi.lib : atof.obj (.text)
                  00007aea    00000004     driverlib-cm3.lib : timer.obj (.text:TimerIntClear)
                  00007aee    00000004                       : uart.obj (.text:UARTIntClear)
                  00007af2    00000004     rtsv7M3_T_le_eabi.lib : pre_init.obj (.text)

.const     0    00007af8    00000518     
                  00007af8    000001e0     rit128x96x4.obj (.const:g_pucFont)
                  00007cd8    00000101     rtsv7M3_T_le_eabi.lib : ctype.obj (.const:.string:_ctypes_)
                  00007dd9    00000003     rit128x96x4.obj (.const:.string:pucCommand1$1)
                  00007ddc    00000003     rit128x96x4.obj (.const:.string:pucCommand2$2)
                  00007ddf    00000001     --HOLE-- [fill = 0]
                  00007de0    00000098     rtsv7M3_T_le_eabi.lib : strtod.obj (.const:$O1$$)
                  00007e78    00000070     driverlib-cm3.lib : interrupt.obj (.const)
                  00007ee8    0000006c                       : sysctl.obj (.const:g_pulXtals)
                  00007f54    0000004f     rit128x96x4.obj (.const:.string:g_pucRIT128x96x4Init)
                  00007fa3    00000001     --HOLE-- [fill = 0]
                  00007fa4    00000040     driverlib-cm3.lib : sysctl.obj (.const)
                  00007fe4    00000014     tasks.obj (.const:.string:ucExpectedStackBytes$1)
                  00007ff8    00000010     rtsv7M3_T_le_eabi.lib : e_fmod.obj (.const:Zero)
                  00008008    00000002     rit128x96x4.obj (.const:.string:g_pucRIT128x96x4HorizontalInc)
                  0000800a    00000002     rit128x96x4.obj (.const:.string:g_pucRIT128x96x4VerticalInc)
                  0000800c    00000002     rit128x96x4.obj (.const:.string:pucCommand1$3)
                  0000800e    00000002     heap_2.obj (.const)

.cinit     0    00008010    000000a0     
                  00008010    0000007a     (.cinit..data.load) [load image, compression = lzss]
                  0000808a    00000002     --HOLE-- [fill = 0]
                  0000808c    0000000c     (__TI_handler_table)
                  00008098    00000008     (.cinit..bss.load) [load image, compression = zero_init]
                  000080a0    00000010     (__TI_cinit_table)

.bss       0    20000000    00002bf0     UNINITIALIZED
                  20000000    00002800     heap_2.obj (.bss:xHeap)
                  20002800    00000120     rtsv7M3_T_le_eabi.lib : trgmsg.obj (.bss:_CIOBUF_)
                  20002920    000000a0     (.common:__TI_tmpnams)
                  200029c0    00000078     (.common:UART_char_data)
                  20002a38    00000078     (.common:UART_char_data_old)
                  20002ab0    00000064     tasks.obj (.bss:pxReadyTasksLists)
                  20002b14    00000034     basic_io.obj (.bss:cBuffer)
                  20002b48    00000014     tasks.obj (.bss:xDelayedTaskList1)
                  20002b5c    00000014     tasks.obj (.bss:xDelayedTaskList2)
                  20002b70    00000014     tasks.obj (.bss:xPendingReadyList)
                  20002b84    00000014     tasks.obj (.bss:xSuspendedTaskList)
                  20002b98    00000014     tasks.obj (.bss:xTasksWaitingTermination)
                  20002bac    00000008     rit128x96x4.obj (.bss:g_pucBuffer)
                  20002bb4    00000008     rtsv7M3_T_le_eabi.lib : trgdrv.obj (.bss:parmbuf)
                  20002bbc    00000008     tasks.obj (.bss)
                  20002bc4    00000008     heap_2.obj (.bss:xEnd)
                  20002bcc    00000008     heap_2.obj (.bss:xStart)
                  20002bd4    00000004     rit128x96x4.obj (.bss)
                  20002bd8    00000004     (.common:xBinarySemaphoreFilter)
                  20002bdc    00000004     (.common:xBinarySemaphoreGPS)
                  20002be0    00000004     (.common:xQueueBuffedSpeed)
                  20002be4    00000004     (.common:xQueueButtons)
                  20002be8    00000004     (.common:xQueueGPSDATA)
                  20002bec    00000004     (.common:xQueueSpeed)

.stack     0    20002bf0    00000a00     UNINITIALIZED
                  20002bf0    00000a00     --HOLE--

.sysmem    0    200035f0    00000800     UNINITIALIZED
                  200035f0    00000008     rtsv7M3_T_le_eabi.lib : memory.obj (.sysmem)
                  200035f8    000007f8     --HOLE--

.data      0    20003df0    00000254     UNINITIALIZED
                  20003df0    000000f0     rtsv7M3_T_le_eabi.lib : defs.obj (.data:_ftable)
                  20003ee0    000000d0                           : lowlev.obj (.data:$O1$$)
                  20003fb0    00000030     tasks.obj (.data)
                  20003fe0    00000014     data_process.obj (.data)
                  20003ff4    00000010     rtsv7M3_T_le_eabi.lib : defs.obj (.data)
                  20004004    0000000c                           : exit.obj (.data:$O1$$)
                  20004010    0000000c                           : memory.obj (.data:$O1$$)
                  2000401c    00000008                           : _lock.obj (.data:$O1$$)
                  20004024    00000008     heap_2.obj (.data)
                  2000402c    00000008     main.obj (.data)
                  20004034    00000004     port.obj (.data)
                  20004038    00000004     rtsv7M3_T_le_eabi.lib : errno.obj (.data)
                  2000403c    00000004                           : fopen.obj (.data)
                  20004040    00000004                           : stkdepth_vars.obj (.data)

MODULE SUMMARY

       Module                     code    ro data   rw data
       ------                     ----    -------   -------
    .\
       tasks.obj                  3188    20        256    
       data_process.obj           2468    0         20     
       rit128x96x4.obj            1296    571       12     
       display.obj                1798    0         0      
       main.obj                   1436    0         272    
       queue.obj                  1556    0         0      
       init.obj                   952     0         0      
       list.obj                   302     0         0      
       speed.obj                  264     0         0      
       startup_ccs.obj            12      240       0      
       debounce.obj               120     0         0      
    +--+--------------------------+-------+---------+---------+
       Total:                     13392   831       560    
                                                           
    .\demo_code\
       basic_io.obj               96      0         52     
    +--+--------------------------+-------+---------+---------+
       Total:                     96      0         52     
                                                           
    .\portable\
       heap_2.obj                 444     2         10264  
       port.obj                   228     0         4      
       portasm.obj                156     0         0      
    +--+--------------------------+-------+---------+---------+
       Total:                     828     2         10268  
                                                           
    C:/ti/StellarisWare/driverlib/ccs-cm3/Debug/driverlib-cm3.lib
       sysctl.obj                 1026    172       0      
       gpio.obj                   416     0         0      
       interrupt.obj              110     112       0      
       uart.obj                   184     0         0      
       adc.obj                    174     0         0      
       ssi.obj                    124     0         0      
       timer.obj                  80      0         0      
       cpu.obj                    12      0         0      
       systick.obj                12      0         0      
    +--+--------------------------+-------+---------+---------+
       Total:                     2138    284       0      
                                                           
    C:\ti\ccsv6\tools\compiler\ti-cgt-arm_16.6.0.STS\lib\rtsv7M3_T_le_eabi.lib
       _printfi.obj               4354    0         0      
       lowlev.obj                 780     0         208    
       memory.obj                 972     0         12     
       trgdrv.obj                 804     0         8      
       strtod.obj                 572     152       0      
       e_fmod.obj                 548     16        0      
       ull_div_t2.obj             500     0         0      
       fopen.obj                  452     0         4      
       fd_add_t2.obj              438     0         0      
       defs.obj                   0       0         416    
       trgmsg.obj                 104     0         288    
       fd_div_t2.obj              310     0         0      
       fputs.obj                  308     0         0      
       fd_cmp_t2.obj              268     0         0      
       ctype.obj                  0       257       0      
       fd_mul_t2.obj              252     0         0      
       fs_add_t2.obj              250     0         0      
       setvbuf.obj                220     0         0      
       s_scalbn.obj               208     0         0      
       fflush.obj                 200     0         0      
       fs_cmp_t2.obj              192     0         0      
       _io_perm.obj               172     0         0      
       memcpy_t2.obj              156     0         0      
       fclose.obj                 152     0         0      
       fputc.obj                  152     0         0      
       fs_div_t2.obj              146     0         0      
       fs_mul_t2.obj              122     0         0      
       memset_t2.obj              122     0         0      
       autoinit.obj               112     0         0      
       printf.obj                 112     0         0      
       fd_tos_t2.obj              110     0         0      
       copy_decompress_lzss.obj   102     0         0      
       fseek.obj                  100     0         0      
       exit.obj                   84      0         12     
       sprintf.obj                96      0         0      
       s_frexp.obj                92      0         0      
       ltoa.obj                   86      0         0      
       atoi.obj                   76      0         0      
       atol.obj                   76      0         0      
       cpy_tbl.obj                76      0         0      
       fd_toi_t2.obj              72      0         0      
       fd_tou_t2.obj              68      0         0      
       boot.obj                   64      0         0      
       fs_tod_t2.obj              56      0         0      
       fs_toi_t2.obj              56      0         0      
       i_tofs_t2.obj              56      0         0      
       strncpy.obj                54      0         0      
       strstr.obj                 54      0         0      
       fs_tou_t2.obj              52      0         0      
       i_tofd_t2.obj              46      0         0      
       memcmp.obj                 36      0         0      
       memchr.obj                 32      0         0      
       u_tofd_t2.obj              32      0         0      
       _lock.obj                  20      0         8      
       memccpy.obj                26      0         0      
       args_main.obj              24      0         0      
       strcmp.obj                 24      0         0      
       strchr.obj                 22      0         0      
       strcpy.obj                 22      0         0      
       strlen.obj                 20      0         0      
       copy_decompress_none.obj   14      0         0      
       copy_zero_init.obj         12      0         0      
       s_copysign.obj             8       0         0      
       atof.obj                   6       0         0      
       errno.obj                  0       0         4      
       pre_init.obj               4       0         0      
       stkdepth_vars.obj          0       0         4      
       mpu_init.obj               2       0         0      
       startup.obj                2       0         0      
    +--+--------------------------+-------+---------+---------+
       Total:                     14760   425       964    
                                                           
       Heap:                      0       0         2048   
       Stack:                     0       0         2560   
       Linker Generated:          0       158       0      
    +--+--------------------------+-------+---------+---------+
       Grand Total:               31214   1700      16452  


LINKER GENERATED COPY TABLES

__TI_cinit_table @ 000080a0 records: 2, size/record: 8, table size: 16
	.data: load addr=00008010, load size=0000007a bytes, run addr=20003df0, run size=00000254 bytes, compression=lzss
	.bss: load addr=00008098, load size=00000008 bytes, run addr=20000000, run size=00002bf0 bytes, compression=zero_init


LINKER GENERATED HANDLER TABLE

__TI_handler_table @ 0000808c records: 3, size/record: 4, table size: 12
	index: 0, handler: __TI_decompress_lzss
	index: 1, handler: __TI_decompress_none
	index: 2, handler: __TI_zero_init


GLOBAL SYMBOLS: SORTED ALPHABETICALLY BY Name 

address   name                           
-------   ----                           
00007a5d  ADCIntClear                    
000077e9  ADCSequenceConfigure           
000079e9  ADCSequenceEnable              
00006ee3  ADCSequenceStepConfigure       
00007375  C$$EXIT                        
00006f7f  C$$IO$$                        
00007a13  CPUcpsie                       
0000778d  GPIODirModeSet                 
000074f5  GPIOIntTypeSet                 
0000655d  GPIOPadConfigSet               
00007acd  GPIOPinIntClear                
00007a1f  GPIOPinIntEnable               
00007ad3  GPIOPinRead                    
0000796d  GPIOPinTypeADC                 
0000797f  GPIOPinTypeGPIOOutput          
00007991  GPIOPinTypeSSI                 
000079a3  GPIOPinTypeUART                
00007ad9  GPIOPinWrite                   
20004030  GPS_RUN                        
00004a33  HOSTclock                      
000049fb  HOSTclose                      
000049bd  HOSTgetenv                     
00004961  HOSTlseek                      
0000490f  HOSTopen                       
000048c3  HOSTread                       
00004865  HOSTrename                     
0000482b  HOSTtime                       
000047dd  HOSTtime64                     
000047a5  HOSTunlink                     
00004759  HOSTwrite                      
00007021  IntEnable                      
00007a67  IntMasterEnable                
000035c5  PinChangeIntHandler            
00003bcd  RIT128x96x4Clear               
00003e4b  RIT128x96x4Disable             
00003f9d  RIT128x96x4DisplayOff          
00003f69  RIT128x96x4DisplayOn           
00003df1  RIT128x96x4Enable              
00003d69  RIT128x96x4ImageDraw           
00003ec5  RIT128x96x4Init                
00003c29  RIT128x96x4StringDraw          
00007a51  ResetISR                       
UNDEFED   SHT$$INIT_ARRAY$$Base          
UNDEFED   SHT$$INIT_ARRAY$$Limit         
00007aad  SSIBusy                        
00007539  SSIConfigSetExpClk             
000079b5  SSIDataGetNonBlocking          
00007a71  SSIDataPut                     
00007a7b  SSIDisable                     
00007a85  SSIEnable                      
000053dd  SysCtlClockGet                 
00005aed  SysCtlClockSet                 
00007adf  SysCtlDelay                    
000072c5  SysCtlPeripheralEnable         
00006a95  SysCtlPeripheralReset          
00007a2d  SysTickValueGet                
000035d9  Timer0IntHandler               
000035e5  Timer1IntHandler               
00007815  TimerConfigure                 
000079f7  TimerEnable                    
00007aeb  TimerIntClear                  
00007ab5  TimerIntEnable                 
000079c7  TimerLoadSet                   
000079d9  UARTCharGetNonBlocking         
00007a8f  UARTCharPut                    
00007a39  UARTCharsAvail                 
000075c1  UARTConfigSetExpClk            
0000789d  UARTDisable                    
00007931  UARTEnable                     
00007a99  UARTFIFOEnable                 
00007aef  UARTIntClear                   
00007abd  UARTIntEnable                  
00003583  UARTIntHandler                 
00007aa3  UARTIntStatus                  
00004511  UARTSend                       
200029c0  UART_char_data                 
20002a38  UART_char_data_old             
20002800  __CIOBUF_                      
200035f0  __STACK_END                    
00000a00  __STACK_SIZE                   
20002cf0  __STACK_TOP                    
00000800  __SYSMEM_SIZE                  
000080a0  __TI_CINIT_Base                
000080b0  __TI_CINIT_Limit               
0000808c  __TI_Handler_Table_Base        
00008098  __TI_Handler_Table_Limit       
00006d95  __TI_auto_init                 
0000567d  __TI_cleanup                   
20004004  __TI_cleanup_ptr               
000068d1  __TI_closefile                 
00006fb9  __TI_decompress_lzss           
00007a05  __TI_decompress_none           
00006625  __TI_doflush                   
20004008  __TI_dtors_ptr                 
2000400c  __TI_enable_exit_profile_output
20003ff4  __TI_ft_end                    
ffffffff  __TI_pprof_out_hndl            
0000091d  __TI_printfi                   
ffffffff  __TI_prof_data_size            
ffffffff  __TI_prof_data_start           
0000674f  __TI_rd_ok                     
00006f83  __TI_readmsg                   
00000000  __TI_static_base__             
20002920  __TI_tmpnams                   
00006f51  __TI_writemsg                  
000066ed  __TI_wrt_ok                    
00007a45  __TI_zero_init                 
00006b1d  __aeabi_cdcmpeq                
00006b1d  __aeabi_cdcmple                
00006ba3  __aeabi_cdrcmple               
000070e9  __aeabi_cfcmpeq                
000070e9  __aeabi_cfcmple                
00007149  __aeabi_cfrcmple               
00006e75  __aeabi_d2f                    
000074ad  __aeabi_d2iz                   
0000757d  __aeabi_d2uiz                  
0000593f  __aeabi_dadd                   
00005c31  __aeabi_ddiv                   
000060d5  __aeabi_dmul                   
00005935  __aeabi_dsub                   
00007645  __aeabi_f2d                    
0000767d  __aeabi_f2iz                   
00007759  __aeabi_f2uiz                  
000061d5  __aeabi_fadd                   
00006a01  __aeabi_fdiv                   
00006c29  __aeabi_fmul                   
000061d1  __aeabi_fsub                   
000077bb  __aeabi_i2d                    
000076b5  __aeabi_i2f                    
00006ca3  __aeabi_memclr                 
00006ca3  __aeabi_memclr4                
00006ca3  __aeabi_memclr8                
00006835  __aeabi_memcpy                 
00006835  __aeabi_memcpy4                
00006835  __aeabi_memcpy8                
00006ca5  __aeabi_memset                 
00006ca5  __aeabi_memset4                
00006ca5  __aeabi_memset8                
20004000  __aeabi_stderr                 
20003ff8  __aeabi_stdin                  
20003ffc  __aeabi_stdout                 
0000787d  __aeabi_ui2d                   
000051e9  __aeabi_uldivmod               
ffffffff  __binit__                      
ffffffff  __c_args__                     
000011f3  __mpu_init                     
20002bf0  __stack                        
000078d5  _args_main                     
00007605  _c_int00                       
00007cd8  _ctypes_                       
20003df0  _ftable                        
2000401c  _lock                          
00007953  _nop                           
0000794b  _register_lock                 
00007945  _register_unlock               
200035f0  _sys_memory                    
00003527  _system_post_cinit             
00007af3  _system_pre_init               
20004020  _unlock                        
00007379  abort                          
20003fe8  acceleration                   
00002b8f  accleration_screen             
00004cdd  add_device                     
0000605b  analysis_speed                 
00007ae5  atof                           
000073c9  atoi                           
00007415  atol                           
ffffffff  binit                          
20003fe0  buffed_speed                   
20003fe4  buffed_speed_1_old             
00001eff  calculate_accleration          
00001e6f  calculate_distance             
00004373  calloc                         
0000280d  clearDisplay                   
00004c8d  close                          
00007461  copy_in                        
00007ac5  copysign                       
00007ac5  copysignl                      
00001f55  decode_GGA                     
00002351  decode_RMC                     
00002cff  display                        
20003fec  distance                       
000029d3  enter_fuel_display             
20004038  errno                          
00007381  exit                           
00006937  fclose                         
00006671  fflush                         
00004fc5  fmod                           
00004fc5  fmodl                          
000056d3  fopen                          
00006969  fputc                          
00005d69  fputs                          
000040bf  free                           
000056a9  freopen                        
00007269  frexp                          
00007269  frexpl                         
00007085  fseek                          
00000000  g_pfnVectors                   
2000402c  index                          
00004461  initADC                        
00004631  initCircBuf                    
000043dd  initClock                      
00004559  initConsole                    
00004457  initDisplay                    
000043e7  initGPIO                       
0000440b  initPin                        
000045c5  initTimer                      
00004699  init_acc_time                  
00002921  init_password                  
0000465b  init_set_speed_data            
00006d1d  invert_bool                    
00006d41  invert_button                  
20003ff0  last_time                      
0000648d  ldexp                          
0000648d  ldexpl                         
00004c69  lseek                          
0000731d  ltoa                           
000035f1  main                           
20004040  main_func_sp                   
00004055  malloc                         
00004289  memalign                       
000078b9  memccpy                        
0000785d  memchr                         
00007839  memcmp                         
00006835  memcpy                         
00006cab  memset                         
00003fd5  minit                          
00002aaf  no_fix_screen                  
00004bbb  open                           
0000288b  password_display               
00006e0d  printf                         
00006969  putc                           
000069ed  putchar                        
00005e73  puts                           
00005779  pvPortMalloc                   
20003fb0  pxCurrentTCB                   
000062cd  pxPortInitialiseStack          
00004b97  read                           
00001eeb  read_acceleration              
00002815  read_button_screen             
00003791  read_buttons                   
00001e69  read_distance                  
00004181  realloc                        
00004b0d  remove                         
00004b6f  remove_device                  
00004b31  rename                         
000043a1  reset_peripheral               
00002a19  review_fuel_display            
0000648d  scalbn                         
0000648d  scalbnl                        
000044a1  send_data                      
00002939  set_speed_display              
00005fcd  set_speed_func                 
000063b1  setvbuf                        
000060a3  speed_feedback                 
00002769  split_data                     
00007209  sprintf                        
00003529  store_char                     
00006011  store_speed                    
00007905  strchr                         
000078ed  strcmp                         
0000791b  strcpy                         
00007959  strlen                         
000076ed  strncpy                        
00007723  strstr                         
00004d89  strtod                         
00004d89  strtold                        
00004b0d  unlink                         
0000332d  uxQueueMessagesWaiting         
00003343  uxQueueMessagesWaitingFromISR  
0000187d  uxTaskGetNumberOfTasks         
00001485  uxTaskPriorityGet              
00003a51  vApplicationIdleHook           
00003a45  vApplicationMallocFailedHook   
00003a47  vApplicationStackOverflowHook  
00003a53  vApplicationTickHook           
00003835  vDebounceButtons               
0000395d  vDisplayTask                   
00003a11  vFakeGPS                       
00003871  vFilterSpeed                   
00005e9d  vListInitialise                
00005ecd  vListInitialiseItem            
00005f21  vListInsert                    
00005edd  vListInsertEnd                 
00005f87  vListRemove                    
000067e5  vPortClearInterruptMask        
00006823  vPortEnableVFP                 
0000633d  vPortEndScheduler              
00006349  vPortEnterCritical             
00006359  vPortExitCritical              
000058ab  vPortFree                      
00005913  vPortInitialiseBlocks          
000067f3  vPortSVCHandler                
000067d7  vPortSetInterruptMask          
00006811  vPortStartFirstTask            
0000633f  vPortYieldFromISR              
000071a9  vPrintString                   
000071cd  vPrintStringAndNumber          
00003355  vQueueDelete                   
00003707  vReadGPS                       
00001421  vTaskDelay                     
00001371  vTaskDelayUntil                
00001309  vTaskDelete                    
0000177d  vTaskEndScheduler              
0000188d  vTaskIncrementTick             
00001b91  vTaskMissedYield               
000019f5  vTaskPlaceOnEventList          
00001dd9  vTaskPriorityDisinherit        
00001d4d  vTaskPriorityInherit           
000014c1  vTaskPrioritySet               
00001651  vTaskResume                    
00001af3  vTaskSetTimeOutState           
00001733  vTaskStartScheduler            
000015a9  vTaskSuspend                   
0000178f  vTaskSuspendAll                
00001935  vTaskSwitchContext             
00004a7d  write                          
20002bd8  xBinarySemaphoreFilter         
20002bdc  xBinarySemaphoreGPS            
0000590d  xPortGetFreeHeapSize           
0000679d  xPortPendSVHandler             
00006315  xPortStartScheduler            
0000636f  xPortSysTickHandler            
20002be0  xQueueBuffedSpeed              
20002be4  xQueueButtons                  
00002f13  xQueueCreate                   
00003021  xQueueCreateCountingSemaphore  
00002fb9  xQueueCreateMutex              
20002be8  xQueueGPSDATA                  
00003191  xQueueGenericReceive           
0000303f  xQueueGenericSend              
00003127  xQueueGenericSendFromISR       
000034cf  xQueueIsQueueEmptyFromISR      
00003509  xQueueIsQueueFullFromISR       
000032c5  xQueueReceiveFromISR           
20002bec  xQueueSpeed                    
00001b19  xTaskCheckForTimeOut           
000011f5  xTaskGenericCreate             
00001d39  xTaskGetCurrentTaskHandle      
00001869  xTaskGetTickCount              
00001601  xTaskIsTaskSuspended           
00001a75  xTaskRemoveFromEventList       
00001799  xTaskResumeAll                 
000016c1  xTaskResumeFromISR             


GLOBAL SYMBOLS: SORTED BY Symbol Address 

address   name                           
-------   ----                           
00000000  __TI_static_base__             
00000000  g_pfnVectors                   
00000800  __SYSMEM_SIZE                  
0000091d  __TI_printfi                   
00000a00  __STACK_SIZE                   
000011f3  __mpu_init                     
000011f5  xTaskGenericCreate             
00001309  vTaskDelete                    
00001371  vTaskDelayUntil                
00001421  vTaskDelay                     
00001485  uxTaskPriorityGet              
000014c1  vTaskPrioritySet               
000015a9  vTaskSuspend                   
00001601  xTaskIsTaskSuspended           
00001651  vTaskResume                    
000016c1  xTaskResumeFromISR             
00001733  vTaskStartScheduler            
0000177d  vTaskEndScheduler              
0000178f  vTaskSuspendAll                
00001799  xTaskResumeAll                 
00001869  xTaskGetTickCount              
0000187d  uxTaskGetNumberOfTasks         
0000188d  vTaskIncrementTick             
00001935  vTaskSwitchContext             
000019f5  vTaskPlaceOnEventList          
00001a75  xTaskRemoveFromEventList       
00001af3  vTaskSetTimeOutState           
00001b19  xTaskCheckForTimeOut           
00001b91  vTaskMissedYield               
00001d39  xTaskGetCurrentTaskHandle      
00001d4d  vTaskPriorityInherit           
00001dd9  vTaskPriorityDisinherit        
00001e69  read_distance                  
00001e6f  calculate_distance             
00001eeb  read_acceleration              
00001eff  calculate_accleration          
00001f55  decode_GGA                     
00002351  decode_RMC                     
00002769  split_data                     
0000280d  clearDisplay                   
00002815  read_button_screen             
0000288b  password_display               
00002921  init_password                  
00002939  set_speed_display              
000029d3  enter_fuel_display             
00002a19  review_fuel_display            
00002aaf  no_fix_screen                  
00002b8f  accleration_screen             
00002cff  display                        
00002f13  xQueueCreate                   
00002fb9  xQueueCreateMutex              
00003021  xQueueCreateCountingSemaphore  
0000303f  xQueueGenericSend              
00003127  xQueueGenericSendFromISR       
00003191  xQueueGenericReceive           
000032c5  xQueueReceiveFromISR           
0000332d  uxQueueMessagesWaiting         
00003343  uxQueueMessagesWaitingFromISR  
00003355  vQueueDelete                   
000034cf  xQueueIsQueueEmptyFromISR      
00003509  xQueueIsQueueFullFromISR       
00003527  _system_post_cinit             
00003529  store_char                     
00003583  UARTIntHandler                 
000035c5  PinChangeIntHandler            
000035d9  Timer0IntHandler               
000035e5  Timer1IntHandler               
000035f1  main                           
00003707  vReadGPS                       
00003791  read_buttons                   
00003835  vDebounceButtons               
00003871  vFilterSpeed                   
0000395d  vDisplayTask                   
00003a11  vFakeGPS                       
00003a45  vApplicationMallocFailedHook   
00003a47  vApplicationStackOverflowHook  
00003a51  vApplicationIdleHook           
00003a53  vApplicationTickHook           
00003bcd  RIT128x96x4Clear               
00003c29  RIT128x96x4StringDraw          
00003d69  RIT128x96x4ImageDraw           
00003df1  RIT128x96x4Enable              
00003e4b  RIT128x96x4Disable             
00003ec5  RIT128x96x4Init                
00003f69  RIT128x96x4DisplayOn           
00003f9d  RIT128x96x4DisplayOff          
00003fd5  minit                          
00004055  malloc                         
000040bf  free                           
00004181  realloc                        
00004289  memalign                       
00004373  calloc                         
000043a1  reset_peripheral               
000043dd  initClock                      
000043e7  initGPIO                       
0000440b  initPin                        
00004457  initDisplay                    
00004461  initADC                        
000044a1  send_data                      
00004511  UARTSend                       
00004559  initConsole                    
000045c5  initTimer                      
00004631  initCircBuf                    
0000465b  init_set_speed_data            
00004699  init_acc_time                  
00004759  HOSTwrite                      
000047a5  HOSTunlink                     
000047dd  HOSTtime64                     
0000482b  HOSTtime                       
00004865  HOSTrename                     
000048c3  HOSTread                       
0000490f  HOSTopen                       
00004961  HOSTlseek                      
000049bd  HOSTgetenv                     
000049fb  HOSTclose                      
00004a33  HOSTclock                      
00004a7d  write                          
00004b0d  remove                         
00004b0d  unlink                         
00004b31  rename                         
00004b6f  remove_device                  
00004b97  read                           
00004bbb  open                           
00004c69  lseek                          
00004c8d  close                          
00004cdd  add_device                     
00004d89  strtod                         
00004d89  strtold                        
00004fc5  fmod                           
00004fc5  fmodl                          
000051e9  __aeabi_uldivmod               
000053dd  SysCtlClockGet                 
0000567d  __TI_cleanup                   
000056a9  freopen                        
000056d3  fopen                          
00005779  pvPortMalloc                   
000058ab  vPortFree                      
0000590d  xPortGetFreeHeapSize           
00005913  vPortInitialiseBlocks          
00005935  __aeabi_dsub                   
0000593f  __aeabi_dadd                   
00005aed  SysCtlClockSet                 
00005c31  __aeabi_ddiv                   
00005d69  fputs                          
00005e73  puts                           
00005e9d  vListInitialise                
00005ecd  vListInitialiseItem            
00005edd  vListInsertEnd                 
00005f21  vListInsert                    
00005f87  vListRemove                    
00005fcd  set_speed_func                 
00006011  store_speed                    
0000605b  analysis_speed                 
000060a3  speed_feedback                 
000060d5  __aeabi_dmul                   
000061d1  __aeabi_fsub                   
000061d5  __aeabi_fadd                   
000062cd  pxPortInitialiseStack          
00006315  xPortStartScheduler            
0000633d  vPortEndScheduler              
0000633f  vPortYieldFromISR              
00006349  vPortEnterCritical             
00006359  vPortExitCritical              
0000636f  xPortSysTickHandler            
000063b1  setvbuf                        
0000648d  ldexp                          
0000648d  ldexpl                         
0000648d  scalbn                         
0000648d  scalbnl                        
0000655d  GPIOPadConfigSet               
00006625  __TI_doflush                   
00006671  fflush                         
000066ed  __TI_wrt_ok                    
0000674f  __TI_rd_ok                     
0000679d  xPortPendSVHandler             
000067d7  vPortSetInterruptMask          
000067e5  vPortClearInterruptMask        
000067f3  vPortSVCHandler                
00006811  vPortStartFirstTask            
00006823  vPortEnableVFP                 
00006835  __aeabi_memcpy                 
00006835  __aeabi_memcpy4                
00006835  __aeabi_memcpy8                
00006835  memcpy                         
000068d1  __TI_closefile                 
00006937  fclose                         
00006969  fputc                          
00006969  putc                           
000069ed  putchar                        
00006a01  __aeabi_fdiv                   
00006a95  SysCtlPeripheralReset          
00006b1d  __aeabi_cdcmpeq                
00006b1d  __aeabi_cdcmple                
00006ba3  __aeabi_cdrcmple               
00006c29  __aeabi_fmul                   
00006ca3  __aeabi_memclr                 
00006ca3  __aeabi_memclr4                
00006ca3  __aeabi_memclr8                
00006ca5  __aeabi_memset                 
00006ca5  __aeabi_memset4                
00006ca5  __aeabi_memset8                
00006cab  memset                         
00006d1d  invert_bool                    
00006d41  invert_button                  
00006d95  __TI_auto_init                 
00006e0d  printf                         
00006e75  __aeabi_d2f                    
00006ee3  ADCSequenceStepConfigure       
00006f51  __TI_writemsg                  
00006f7f  C$$IO$$                        
00006f83  __TI_readmsg                   
00006fb9  __TI_decompress_lzss           
00007021  IntEnable                      
00007085  fseek                          
000070e9  __aeabi_cfcmpeq                
000070e9  __aeabi_cfcmple                
00007149  __aeabi_cfrcmple               
000071a9  vPrintString                   
000071cd  vPrintStringAndNumber          
00007209  sprintf                        
00007269  frexp                          
00007269  frexpl                         
000072c5  SysCtlPeripheralEnable         
0000731d  ltoa                           
00007375  C$$EXIT                        
00007379  abort                          
00007381  exit                           
000073c9  atoi                           
00007415  atol                           
00007461  copy_in                        
000074ad  __aeabi_d2iz                   
000074f5  GPIOIntTypeSet                 
00007539  SSIConfigSetExpClk             
0000757d  __aeabi_d2uiz                  
000075c1  UARTConfigSetExpClk            
00007605  _c_int00                       
00007645  __aeabi_f2d                    
0000767d  __aeabi_f2iz                   
000076b5  __aeabi_i2f                    
000076ed  strncpy                        
00007723  strstr                         
00007759  __aeabi_f2uiz                  
0000778d  GPIODirModeSet                 
000077bb  __aeabi_i2d                    
000077e9  ADCSequenceConfigure           
00007815  TimerConfigure                 
00007839  memcmp                         
0000785d  memchr                         
0000787d  __aeabi_ui2d                   
0000789d  UARTDisable                    
000078b9  memccpy                        
000078d5  _args_main                     
000078ed  strcmp                         
00007905  strchr                         
0000791b  strcpy                         
00007931  UARTEnable                     
00007945  _register_unlock               
0000794b  _register_lock                 
00007953  _nop                           
00007959  strlen                         
0000796d  GPIOPinTypeADC                 
0000797f  GPIOPinTypeGPIOOutput          
00007991  GPIOPinTypeSSI                 
000079a3  GPIOPinTypeUART                
000079b5  SSIDataGetNonBlocking          
000079c7  TimerLoadSet                   
000079d9  UARTCharGetNonBlocking         
000079e9  ADCSequenceEnable              
000079f7  TimerEnable                    
00007a05  __TI_decompress_none           
00007a13  CPUcpsie                       
00007a1f  GPIOPinIntEnable               
00007a2d  SysTickValueGet                
00007a39  UARTCharsAvail                 
00007a45  __TI_zero_init                 
00007a51  ResetISR                       
00007a5d  ADCIntClear                    
00007a67  IntMasterEnable                
00007a71  SSIDataPut                     
00007a7b  SSIDisable                     
00007a85  SSIEnable                      
00007a8f  UARTCharPut                    
00007a99  UARTFIFOEnable                 
00007aa3  UARTIntStatus                  
00007aad  SSIBusy                        
00007ab5  TimerIntEnable                 
00007abd  UARTIntEnable                  
00007ac5  copysign                       
00007ac5  copysignl                      
00007acd  GPIOPinIntClear                
00007ad3  GPIOPinRead                    
00007ad9  GPIOPinWrite                   
00007adf  SysCtlDelay                    
00007ae5  atof                           
00007aeb  TimerIntClear                  
00007aef  UARTIntClear                   
00007af3  _system_pre_init               
00007cd8  _ctypes_                       
0000808c  __TI_Handler_Table_Base        
00008098  __TI_Handler_Table_Limit       
000080a0  __TI_CINIT_Base                
000080b0  __TI_CINIT_Limit               
20002800  __CIOBUF_                      
20002920  __TI_tmpnams                   
200029c0  UART_char_data                 
20002a38  UART_char_data_old             
20002bd8  xBinarySemaphoreFilter         
20002bdc  xBinarySemaphoreGPS            
20002be0  xQueueBuffedSpeed              
20002be4  xQueueButtons                  
20002be8  xQueueGPSDATA                  
20002bec  xQueueSpeed                    
20002bf0  __stack                        
20002cf0  __STACK_TOP                    
200035f0  __STACK_END                    
200035f0  _sys_memory                    
20003df0  _ftable                        
20003fb0  pxCurrentTCB                   
20003fe0  buffed_speed                   
20003fe4  buffed_speed_1_old             
20003fe8  acceleration                   
20003fec  distance                       
20003ff0  last_time                      
20003ff4  __TI_ft_end                    
20003ff8  __aeabi_stdin                  
20003ffc  __aeabi_stdout                 
20004000  __aeabi_stderr                 
20004004  __TI_cleanup_ptr               
20004008  __TI_dtors_ptr                 
2000400c  __TI_enable_exit_profile_output
2000401c  _lock                          
20004020  _unlock                        
2000402c  index                          
20004030  GPS_RUN                        
20004038  errno                          
20004040  main_func_sp                   
ffffffff  __TI_pprof_out_hndl            
ffffffff  __TI_prof_data_size            
ffffffff  __TI_prof_data_start           
ffffffff  __binit__                      
ffffffff  __c_args__                     
ffffffff  binit                          
UNDEFED   SHT$$INIT_ARRAY$$Base          
UNDEFED   SHT$$INIT_ARRAY$$Limit         

[344 symbols]
