******************************************************************************
                  TI ARM Linker PC v16.6.0                     
******************************************************************************
>> Linked Sun Aug 14 10:15:04 2016

OUTPUT FILE NAME:   <RTOStest1.out>
ENTRY POINT SYMBOL: "_c_int00"  address: 00006c8d


MEMORY CONFIGURATION

         name            origin    length      used     unused   attr    fill
----------------------  --------  ---------  --------  --------  ----  --------
  FLASH                 00000000   00040000  00007872  0003878e  R  X
  SRAM                  20000000   00010000  0000499a  0000b666  RW X


SEGMENT ALLOCATION MAP

run origin  load origin   length   init length attrs members
----------  ----------- ---------- ----------- ----- -------
00000000    00000000    00007878   00007878    r-x
  00000000    00000000    000000f0   000000f0    r-- .intvecs
  000000f0    000000f0    00007186   00007186    r-x .text
  00007278    00007278    000005b4   000005b4    r-- .const
  00007830    00007830    00000048   00000048    r-- .cinit
20000000    20000000    0000499c   00000000    rw-
  20000000    20000000    00002938   00000000    rw- .bss
  20002938    20002938    00000fff   00000000    rw- .stack
  20003938    20003938    00000fff   00000000    rw- .sysmem
  20004938    20004938    00000064   00000000    rw- .data


SECTION ALLOCATION MAP

 output                                  attributes/
section   page    origin      length       input sections
--------  ----  ----------  ----------   ----------------
.intvecs   0    00000000    000000f0     
                  00000000    000000f0     startup_ccs.obj (.intvecs)

.text      0    000000f0    00007186     
                  000000f0    00001102     rtsv7M3_T_le_eabi.lib : _printfi.obj (.text)
                  000011f2    00000002                           : mpu_init.obj (.text)
                  000011f4    00000c74     tasks.obj (.text)
                  00001e68    000008b0     data_process.obj (.text)
                  00002718    0000073c     main.obj (.text)
                  00002e54    00000732     display.obj (.text)
                  00003586    00000614     queue.obj (.text)
                  00003b9a    00000002     rtsv7M3_T_le_eabi.lib : startup.obj (.text)
                  00003b9c    00000510     rit128x96x4.obj (.text)
                  000040ac    000003cc     rtsv7M3_T_le_eabi.lib : memory.obj (.text)
                  00004478    000003ac     init.obj (.text)
                  00004824    0000023c     rtsv7M3_T_le_eabi.lib : strtod.obj (.text)
                  00004a60    00000224                           : e_fmod.obj (.text)
                  00004c84    000001f4                           : ull_div_t2.obj (.text)
                  00004e78    000001d8     driverlib-cm3.lib : sysctl.obj (.text:SysCtlClockGet)
                  00005050    000001bc     heap_2.obj (.text)
                  0000520c    000001b6     rtsv7M3_T_le_eabi.lib : fd_add_t2.obj (.text)
                  000053c2    00000002     --HOLE-- [fill = 0]
                  000053c4    000001a8     speed.obj (.text)
                  0000556c    0000015c     ADC_interface.obj (.text)
                  000056c8    0000014c     PWM_module.obj (.text)
                  00005814    00000144     driverlib-cm3.lib : sysctl.obj (.text:SysCtlClockSet)
                  00005958    00000136     rtsv7M3_T_le_eabi.lib : fd_div_t2.obj (.text)
                  00005a8e    0000012e     list.obj (.text)
                  00005bbc    0000011c     button_data.obj (.text)
                  00005cd8    000000fc     rtsv7M3_T_le_eabi.lib : fd_mul_t2.obj (.text)
                  00005dd4    000000fa                           : fs_add_t2.obj (.text)
                  00005ece    00000002     --HOLE-- [fill = 0]
                  00005ed0    000000e4     port.obj (.text)
                  00005fb4    000000d0     rtsv7M3_T_le_eabi.lib : s_scalbn.obj (.text)
                  00006084    000000c8     driverlib-cm3.lib : gpio.obj (.text:GPIOPadConfigSet)
                  0000614c    0000009c     portasm.obj (.text)
                  000061e8    0000009c     rtsv7M3_T_le_eabi.lib : memcpy_t2.obj (.text)
                  00006284    00000092                           : fs_div_t2.obj (.text)
                  00006316    00000002     --HOLE-- [fill = 0]
                  00006318    00000088     driverlib-cm3.lib : sysctl.obj (.text:SysCtlPeripheralReset)
                  000063a0    00000086     rtsv7M3_T_le_eabi.lib : fd_cmp_t2.obj (.text:__aeabi_cdcmple)
                  00006426    00000086                           : fd_cmp_t2.obj (.text:__aeabi_cdrcmple)
                  000064ac    0000007c     int_module.obj (.text)
                  00006528    0000007a     rtsv7M3_T_le_eabi.lib : fs_mul_t2.obj (.text)
                  000065a2    0000007a                           : memset_t2.obj (.text)
                  0000661c    00000070                           : autoinit.obj (.text)
                  0000668c    0000006e                           : fd_tos_t2.obj (.text)
                  000066fa    0000006c     driverlib-cm3.lib : adc.obj (.text:ADCSequenceStepConfigure)
                  00006766    00000066     rtsv7M3_T_le_eabi.lib : copy_decompress_lzss.obj (.text:decompress:lzss)
                  000067cc    00000064     driverlib-cm3.lib : interrupt.obj (.text:IntEnable)
                  00006830    00000060     rtsv7M3_T_le_eabi.lib : fs_cmp_t2.obj (.text:__aeabi_cfrcmple)
                  00006890    00000060                           : sprintf.obj (.text)
                  000068f0    0000005c                           : s_frexp.obj (.text)
                  0000694c    00000058     driverlib-cm3.lib : sysctl.obj (.text:SysCtlPeripheralEnable)
                  000069a4    00000056     rtsv7M3_T_le_eabi.lib : ltoa.obj (.text)
                  000069fa    00000002     --HOLE-- [fill = 0]
                  000069fc    00000054                           : exit.obj (.text)
                  00006a50    0000004c                           : atoi.obj (.text)
                  00006a9c    0000004c                           : atol.obj (.text)
                  00006ae8    0000004c                           : cpy_tbl.obj (.text)
                  00006b34    00000048                           : fd_toi_t2.obj (.text)
                  00006b7c    00000044     driverlib-cm3.lib : gpio.obj (.text:GPIOIntTypeSet)
                  00006bc0    00000044                       : ssi.obj (.text:SSIConfigSetExpClk)
                  00006c04    00000044     rtsv7M3_T_le_eabi.lib : fd_tou_t2.obj (.text)
                  00006c48    00000042     driverlib-cm3.lib : uart.obj (.text:UARTConfigSetExpClk)
                  00006c8a    00000002     --HOLE-- [fill = 0]
                  00006c8c    00000040     rtsv7M3_T_le_eabi.lib : boot.obj (.text)
                  00006ccc    00000038                           : fs_tod_t2.obj (.text)
                  00006d04    00000038                           : fs_toi_t2.obj (.text)
                  00006d3c    00000038                           : i_tofs_t2.obj (.text)
                  00006d74    00000036                           : strncpy.obj (.text)
                  00006daa    00000036                           : strstr.obj (.text)
                  00006de0    00000034                           : fs_tou_t2.obj (.text)
                  00006e14    0000002e     driverlib-cm3.lib : adc.obj (.text:ADCIntStatus)
                  00006e42    0000002e                       : gpio.obj (.text:GPIODirModeSet)
                  00006e70    0000002e     rtsv7M3_T_le_eabi.lib : i_tofd_t2.obj (.text)
                  00006e9e    0000002a     driverlib-cm3.lib : adc.obj (.text:ADCSequenceConfigure)
                  00006ec8    00000028                       : pwm.obj (.text:PWMGenConfigure)
                  00006ef0    00000024                       : interrupt.obj (.text:IntPrioritySet)
                  00006f14    00000024                       : timer.obj (.text:TimerConfigure)
                  00006f38    00000024     rtsv7M3_T_le_eabi.lib : memcmp.obj (.text)
                  00006f5c    00000020     driverlib-cm3.lib : adc.obj (.text:ADCSequenceDataGet)
                  00006f7c    00000020     rtsv7M3_T_le_eabi.lib : u_tofd_t2.obj (.text)
                  00006f9c    0000001e     driverlib-cm3.lib : pwm.obj (.text:PWMPulseWidthSet)
                  00006fba    00000002     --HOLE-- [fill = 0]
                  00006fbc    0000001c                       : uart.obj (.text:UARTDisable)
                  00006fd8    0000001a     rtsv7M3_T_le_eabi.lib : memccpy.obj (.text)
                  00006ff2    00000002     --HOLE-- [fill = 0]
                  00006ff4    00000018                           : args_main.obj (.text)
                  0000700c    00000016     driverlib-cm3.lib : adc.obj (.text:ADCProcessorTrigger)
                  00007022    00000016                       : pwm.obj (.text:PWMOutputState)
                  00007038    00000016     rtsv7M3_T_le_eabi.lib : strchr.obj (.text)
                  0000704e    00000016                           : strcpy.obj (.text)
                  00007064    00000014     driverlib-cm3.lib : pwm.obj (.text:PWMGenPeriodSet)
                  00007078    00000014                       : sysctl.obj (.text:SysCtlPWMClockSet)
                  0000708c    00000014                       : uart.obj (.text:UARTEnable)
                  000070a0    00000014     rtsv7M3_T_le_eabi.lib : _lock.obj (.text)
                  000070b4    00000014                           : strlen.obj (.text)
                  000070c8    00000012     driverlib-cm3.lib : gpio.obj (.text:GPIOPinTypeADC)
                  000070da    00000012                       : gpio.obj (.text:GPIOPinTypeGPIOOutput)
                  000070ec    00000012                       : gpio.obj (.text:GPIOPinTypePWM)
                  000070fe    00000012                       : gpio.obj (.text:GPIOPinTypeSSI)
                  00007110    00000012                       : gpio.obj (.text:GPIOPinTypeUART)
                  00007122    00000012                       : ssi.obj (.text:SSIDataGetNonBlocking)
                  00007134    00000012                       : timer.obj (.text:TimerLoadSet)
                  00007146    00000010                       : uart.obj (.text:UARTCharGetNonBlocking)
                  00007156    0000000e                       : adc.obj (.text:ADCSequenceEnable)
                  00007164    0000000e                       : timer.obj (.text:TimerEnable)
                  00007172    0000000e     rtsv7M3_T_le_eabi.lib : copy_decompress_none.obj (.text:decompress:none)
                  00007180    0000000c     driverlib-cm3.lib : cpu.obj (.text:CPUcpsid)
                  0000718c    0000000c                       : cpu.obj (.text:CPUcpsie)
                  00007198    0000000c                       : gpio.obj (.text:GPIOPinIntEnable)
                  000071a4    0000000c                       : uart.obj (.text:UARTCharsAvail)
                  000071b0    0000000c     rtsv7M3_T_le_eabi.lib : copy_zero_init.obj (.text:decompress:ZI)
                  000071bc    0000000c     startup_ccs.obj (.text)
                  000071c8    0000000a     driverlib-cm3.lib : adc.obj (.text:ADCIntClear)
                  000071d2    0000000a                       : interrupt.obj (.text:IntMasterDisable)
                  000071dc    0000000a                       : interrupt.obj (.text:IntMasterEnable)
                  000071e6    0000000a                       : pwm.obj (.text:PWMGenEnable)
                  000071f0    0000000a                       : ssi.obj (.text:SSIDataPut)
                  000071fa    0000000a                       : ssi.obj (.text:SSIDisable)
                  00007204    0000000a                       : ssi.obj (.text:SSIEnable)
                  0000720e    0000000a                       : uart.obj (.text:UARTCharPut)
                  00007218    0000000a                       : uart.obj (.text:UARTFIFOEnable)
                  00007222    0000000a                       : uart.obj (.text:UARTIntStatus)
                  0000722c    00000008                       : ssi.obj (.text:SSIBusy)
                  00007234    00000008                       : timer.obj (.text:TimerIntEnable)
                  0000723c    00000008                       : uart.obj (.text:UARTIntEnable)
                  00007244    00000008     rtsv7M3_T_le_eabi.lib : s_copysign.obj (.text)
                  0000724c    00000006     driverlib-cm3.lib : gpio.obj (.text:GPIOPinIntClear)
                  00007252    00000006                       : gpio.obj (.text:GPIOPinRead)
                  00007258    00000006                       : gpio.obj (.text:GPIOPinWrite)
                  0000725e    00000006                       : sysctl.obj (.text:SysCtlDelay)
                  00007264    00000006     rtsv7M3_T_le_eabi.lib : atof.obj (.text)
                  0000726a    00000004     driverlib-cm3.lib : timer.obj (.text:TimerIntClear)
                  0000726e    00000004                       : uart.obj (.text:UARTIntClear)
                  00007272    00000004     rtsv7M3_T_le_eabi.lib : pre_init.obj (.text)

.const     0    00007278    000005b4     
                  00007278    000001e0     rit128x96x4.obj (.const:g_pucFont)
                  00007458    00000101     rtsv7M3_T_le_eabi.lib : ctype.obj (.const:.string:_ctypes_)
                  00007559    00000003     rit128x96x4.obj (.const:.string:pucCommand1$1)
                  0000755c    0000009c     driverlib-cm3.lib : interrupt.obj (.const:g_pulRegs)
                  000075f8    00000098     rtsv7M3_T_le_eabi.lib : strtod.obj (.const:$O1$$)
                  00007690    00000070     driverlib-cm3.lib : interrupt.obj (.const)
                  00007700    0000006c                       : sysctl.obj (.const:g_pulXtals)
                  0000776c    0000004f     rit128x96x4.obj (.const:.string:g_pucRIT128x96x4Init)
                  000077bb    00000001     --HOLE-- [fill = 0]
                  000077bc    00000040     driverlib-cm3.lib : sysctl.obj (.const)
                  000077fc    00000014     tasks.obj (.const:.string:ucExpectedStackBytes$1)
                  00007810    00000010     rtsv7M3_T_le_eabi.lib : e_fmod.obj (.const:Zero)
                  00007820    00000003     rit128x96x4.obj (.const:.string:pucCommand2$2)
                  00007823    00000002     rit128x96x4.obj (.const:.string:g_pucRIT128x96x4HorizontalInc)
                  00007825    00000002     rit128x96x4.obj (.const:.string:g_pucRIT128x96x4VerticalInc)
                  00007827    00000002     rit128x96x4.obj (.const:.string:pucCommand1$3)
                  00007829    00000001     --HOLE-- [fill = 0]
                  0000782a    00000002     heap_2.obj (.const)

.cinit     0    00007830    00000048     
                  00007830    00000024     (.cinit..data.load) [load image, compression = lzss]
                  00007854    0000000c     (__TI_handler_table)
                  00007860    00000008     (.cinit..bss.load) [load image, compression = zero_init]
                  00007868    00000010     (__TI_cinit_table)

.bss       0    20000000    00002938     UNINITIALIZED
                  20000000    00002800     heap_2.obj (.bss:xHeap)
                  20002800    00000064     tasks.obj (.bss:pxReadyTasksLists)
                  20002864    00000014     tasks.obj (.bss:xDelayedTaskList1)
                  20002878    00000014     tasks.obj (.bss:xDelayedTaskList2)
                  2000288c    00000014     tasks.obj (.bss:xPendingReadyList)
                  200028a0    00000014     tasks.obj (.bss:xSuspendedTaskList)
                  200028b4    00000014     tasks.obj (.bss:xTasksWaitingTermination)
                  200028c8    00000014     (.common:acc_time)
                  200028dc    00000008     rit128x96x4.obj (.bss:g_pucBuffer)
                  200028e4    00000008     tasks.obj (.bss)
                  200028ec    00000008     heap_2.obj (.bss:xEnd)
                  200028f4    00000008     heap_2.obj (.bss:xStart)
                  200028fc    00000004     rit128x96x4.obj (.bss)
                  20002900    00000004     (.common:period)
                  20002904    00000004     (.common:xBinarySemaphoreEncoder_1)
                  20002908    00000004     (.common:xBinarySemaphoreFilter)
                  2000290c    00000004     (.common:xBinarySemaphoreGPS)
                  20002910    00000004     (.common:xBinarySemaphoreGPSchar)
                  20002914    00000004     (.common:xEncoder_1)
                  20002918    00000004     (.common:xEncoder_raw_DATA)
                  2000291c    00000004     (.common:xPWM_DATA)
                  20002920    00000004     (.common:xPWM_speed_DATA)
                  20002924    00000004     (.common:xQueueBuffedSpeed)
                  20002928    00000004     (.common:xQueueButtons)
                  2000292c    00000004     (.common:xQueueGPSDATA)
                  20002930    00000004     (.common:xQueueSpeed)
                  20002934    00000004     (.common:xUART_GPS_DATA)

.stack     0    20002938    00000fff     UNINITIALIZED
                  20002938    00000fff     --HOLE--

.sysmem    0    20003938    00000fff     UNINITIALIZED
                  20003938    00000008     rtsv7M3_T_le_eabi.lib : memory.obj (.sysmem)
                  20003940    00000ff7     --HOLE--

.data      0    20004938    00000064     UNINITIALIZED
                  20004938    00000030     tasks.obj (.data)
                  20004968    0000000c     rtsv7M3_T_le_eabi.lib : exit.obj (.data:$O1$$)
                  20004974    0000000c                           : memory.obj (.data:$O1$$)
                  20004980    00000008                           : _lock.obj (.data:$O1$$)
                  20004988    00000008     heap_2.obj (.data)
                  20004990    00000004     port.obj (.data)
                  20004994    00000004     rtsv7M3_T_le_eabi.lib : errno.obj (.data)
                  20004998    00000004                           : stkdepth_vars.obj (.data)

MODULE SUMMARY

       Module                     code    ro data   rw data
       ------                     ----    -------   -------
    .\
       tasks.obj                  3188    20        256    
       data_process.obj           2224    0         0      
       main.obj                   1852    0         64     
       rit128x96x4.obj            1296    571       12     
       display.obj                1842    0         0      
       queue.obj                  1556    0         0      
       init.obj                   940     0         4      
       speed.obj                  424     0         0      
       ADC_interface.obj          348     0         0      
       PWM_module.obj             332     0         0      
       list.obj                   302     0         0      
       button_data.obj            284     0         0      
       startup_ccs.obj            12      240       0      
       int_module.obj             124     0         8      
    +--+--------------------------+-------+---------+---------+
       Total:                     14724   831       344    
                                                           
    .\portable\
       heap_2.obj                 444     2         10264  
       port.obj                   228     0         4      
       portasm.obj                156     0         0      
    +--+--------------------------+-------+---------+---------+
       Total:                     828     2         10268  
                                                           
    C:/ti/StellarisWare/driverlib/ccs-cm3/Debug/driverlib-cm3.lib
       sysctl.obj                 1046    172       0      
       gpio.obj                   434     0         0      
       interrupt.obj              156     268       0      
       adc.obj                    274     0         0      
       uart.obj                   184     0         0      
       ssi.obj                    124     0         0      
       pwm.obj                    122     0         0      
       timer.obj                  80      0         0      
       cpu.obj                    24      0         0      
    +--+--------------------------+-------+---------+---------+
       Total:                     2444    440       0      
                                                           
    C:\ti\ccsv6\tools\compiler\ti-cgt-arm_16.6.0.STS\lib\rtsv7M3_T_le_eabi.lib
       _printfi.obj               4354    0         0      
       memory.obj                 972     0         12     
       strtod.obj                 572     152       0      
       e_fmod.obj                 548     16        0      
       ull_div_t2.obj             500     0         0      
       fd_add_t2.obj              438     0         0      
       fd_div_t2.obj              310     0         0      
       fd_cmp_t2.obj              268     0         0      
       ctype.obj                  0       257       0      
       fd_mul_t2.obj              252     0         0      
       fs_add_t2.obj              250     0         0      
       s_scalbn.obj               208     0         0      
       memcpy_t2.obj              156     0         0      
       fs_div_t2.obj              146     0         0      
       fs_mul_t2.obj              122     0         0      
       memset_t2.obj              122     0         0      
       autoinit.obj               112     0         0      
       fd_tos_t2.obj              110     0         0      
       copy_decompress_lzss.obj   102     0         0      
       exit.obj                   84      0         12     
       fs_cmp_t2.obj              96      0         0      
       sprintf.obj                96      0         0      
       s_frexp.obj                92      0         0      
       ltoa.obj                   86      0         0      
       atoi.obj                   76      0         0      
       atol.obj                   76      0         0      
       cpy_tbl.obj                76      0         0      
       fd_toi_t2.obj              72      0         0      
       fd_tou_t2.obj              68      0         0      
       boot.obj                   64      0         0      
       fs_tod_t2.obj              56      0         0      
       fs_toi_t2.obj              56      0         0      
       i_tofs_t2.obj              56      0         0      
       strncpy.obj                54      0         0      
       strstr.obj                 54      0         0      
       fs_tou_t2.obj              52      0         0      
       i_tofd_t2.obj              46      0         0      
       memcmp.obj                 36      0         0      
       u_tofd_t2.obj              32      0         0      
       _lock.obj                  20      0         8      
       memccpy.obj                26      0         0      
       args_main.obj              24      0         0      
       strchr.obj                 22      0         0      
       strcpy.obj                 22      0         0      
       strlen.obj                 20      0         0      
       copy_decompress_none.obj   14      0         0      
       copy_zero_init.obj         12      0         0      
       s_copysign.obj             8       0         0      
       atof.obj                   6       0         0      
       errno.obj                  0       0         4      
       pre_init.obj               4       0         0      
       stkdepth_vars.obj          0       0         4      
       mpu_init.obj               2       0         0      
       startup.obj                2       0         0      
    +--+--------------------------+-------+---------+---------+
       Total:                     11052   425       40     
                                                           
       Heap:                      0       0         4095   
       Stack:                     0       0         4095   
       Linker Generated:          0       72        0      
    +--+--------------------------+-------+---------+---------+
       Grand Total:               29048   1770      18842  


LINKER GENERATED COPY TABLES

__TI_cinit_table @ 00007868 records: 2, size/record: 8, table size: 16
	.data: load addr=00007830, load size=00000024 bytes, run addr=20004938, run size=00000064 bytes, compression=lzss
	.bss: load addr=00007860, load size=00000008 bytes, run addr=20000000, run size=00002938 bytes, compression=zero_init


LINKER GENERATED HANDLER TABLE

__TI_handler_table @ 00007854 records: 3, size/record: 4, table size: 12
	index: 0, handler: __TI_decompress_lzss
	index: 1, handler: __TI_decompress_none
	index: 2, handler: __TI_zero_init


GLOBAL SYMBOLS: SORTED ALPHABETICALLY BY Name 

address   name                           
-------   ----                           
000071c9  ADCIntClear                    
00006e15  ADCIntStatus                   
0000700d  ADCProcessorTrigger            
00006e9f  ADCSequenceConfigure           
00006f5d  ADCSequenceDataGet             
00007157  ADCSequenceEnable              
000066fb  ADCSequenceStepConfigure       
000069fd  C$$EXIT                        
00007181  CPUcpsid                       
0000718d  CPUcpsie                       
000064ad  EncoderINT                     
00006e43  GPIODirModeSet                 
00006b7d  GPIOIntTypeSet                 
00006085  GPIOPadConfigSet               
0000724d  GPIOPinIntClear                
00007199  GPIOPinIntEnable               
00007253  GPIOPinRead                    
000070c9  GPIOPinTypeADC                 
000070db  GPIOPinTypeGPIOOutput          
000070ed  GPIOPinTypePWM                 
000070ff  GPIOPinTypeSSI                 
00007111  GPIOPinTypeUART                
00007259  GPIOPinWrite                   
000067cd  IntEnable                      
000071d3  IntMasterDisable               
000071dd  IntMasterEnable                
00006ef1  IntPrioritySet                 
00006ec9  PWMGenConfigure                
000071e7  PWMGenEnable                   
00007065  PWMGenPeriodSet                
00007023  PWMOutputState                 
00006f9d  PWMPulseWidthSet               
000057ad  PWM_direction                  
00005785  PWM_duty                       
00003ca5  RIT128x96x4Clear               
00003f23  RIT128x96x4Disable             
00004075  RIT128x96x4DisplayOff          
00004041  RIT128x96x4DisplayOn           
00003ec9  RIT128x96x4Enable              
00003e41  RIT128x96x4ImageDraw           
00003f9d  RIT128x96x4Init                
00003d01  RIT128x96x4StringDraw          
000071bd  ResetISR                       
UNDEFED   SHT$$INIT_ARRAY$$Base          
UNDEFED   SHT$$INIT_ARRAY$$Limit         
0000722d  SSIBusy                        
00006bc1  SSIConfigSetExpClk             
00007123  SSIDataGetNonBlocking          
000071f1  SSIDataPut                     
000071fb  SSIDisable                     
00007205  SSIEnable                      
00004e79  SysCtlClockGet                 
00005815  SysCtlClockSet                 
0000725f  SysCtlDelay                    
00007079  SysCtlPWMClockSet              
0000694d  SysCtlPeripheralEnable         
00006319  SysCtlPeripheralReset          
000064fd  Timer0IntHandler               
00006509  Timer1IntHandler               
00006f15  TimerConfigure                 
00007165  TimerEnable                    
0000726b  TimerIntClear                  
00007235  TimerIntEnable                 
00007135  TimerLoadSet                   
00007147  UARTCharGetNonBlocking         
0000720f  UARTCharPut                    
000071a5  UARTCharsAvail                 
00006c49  UARTConfigSetExpClk            
00006fbd  UARTDisable                    
0000708d  UARTEnable                     
00007219  UARTFIFOEnable                 
0000726f  UARTIntClear                   
0000723d  UARTIntEnable                  
00002719  UARTIntHandler                 
00007223  UARTIntStatus                  
0000556d  UARTSend                       
20003937  __STACK_END                    
00000fff  __STACK_SIZE                   
20002a38  __STACK_TOP                    
00000fff  __SYSMEM_SIZE                  
00007868  __TI_CINIT_Base                
00007878  __TI_CINIT_Limit               
00007854  __TI_Handler_Table_Base        
00007860  __TI_Handler_Table_Limit       
0000661d  __TI_auto_init                 
20004968  __TI_cleanup_ptr               
00006767  __TI_decompress_lzss           
00007173  __TI_decompress_none           
2000496c  __TI_dtors_ptr                 
20004970  __TI_enable_exit_profile_output
ffffffff  __TI_pprof_out_hndl            
0000091d  __TI_printfi                   
ffffffff  __TI_prof_data_size            
ffffffff  __TI_prof_data_start           
00000000  __TI_static_base__             
000071b1  __TI_zero_init                 
000063a1  __aeabi_cdcmpeq                
000063a1  __aeabi_cdcmple                
00006427  __aeabi_cdrcmple               
00006831  __aeabi_cfrcmple               
0000668d  __aeabi_d2f                    
00006b35  __aeabi_d2iz                   
00006c05  __aeabi_d2uiz                  
00005217  __aeabi_dadd                   
00005959  __aeabi_ddiv                   
00005cd9  __aeabi_dmul                   
0000520d  __aeabi_dsub                   
00006ccd  __aeabi_f2d                    
00006d05  __aeabi_f2iz                   
00006de1  __aeabi_f2uiz                  
00005dd9  __aeabi_fadd                   
00006285  __aeabi_fdiv                   
00006529  __aeabi_fmul                   
00005dd5  __aeabi_fsub                   
00006e71  __aeabi_i2d                    
00006d3d  __aeabi_i2f                    
000065a3  __aeabi_memclr                 
000065a3  __aeabi_memclr4                
000065a3  __aeabi_memclr8                
000061e9  __aeabi_memcpy                 
000061e9  __aeabi_memcpy4                
000061e9  __aeabi_memcpy8                
000065a5  __aeabi_memset                 
000065a5  __aeabi_memset4                
000065a5  __aeabi_memset8                
00006f7d  __aeabi_ui2d                   
00004c85  __aeabi_uldivmod               
ffffffff  __binit__                      
ffffffff  __c_args__                     
000011f3  __mpu_init                     
20002938  __stack                        
00006ff5  _args_main                     
00006c8d  _c_int00                       
00007458  _ctypes_                       
20004980  _lock                          
000070af  _nop                           
000070a7  _register_lock                 
000070a1  _register_unlock               
20003938  _sys_memory                    
00003b9b  _system_post_cinit             
00007273  _system_pre_init               
20004984  _unlock                        
00006a01  abort                          
200028c8  acc_time                       
000031e7  accleration_screen             
0000548d  analysis_speed                 
00007265  atof                           
00006a51  atoi                           
00006a9d  atol                           
ffffffff  binit                          
0000444b  calloc                         
00002e55  clearDisplay                   
00006ae9  copy_in                        
00007245  copysign                       
00007245  copysignl                      
00001e69  decode_GGA                     
0000225d  decode_RMC                     
00003367  display                        
000054d5  encoder_quad                   
00003023  enter_fuel_display             
20004994  errno                          
00006a09  exit                           
000056c9  find_dir                       
00004a61  fmod                           
00004a61  fmodl                          
00004197  free                           
000068f1  frexp                          
000068f1  frexpl                         
00000000  g_pfnVectors                   
00004541  initADC                        
00004755  initCircBuf                    
000044b5  initClock                      
0000463d  initConsole                    
00004537  initDisplay                    
000044bf  initGPIO                       
00004581  initPWMchan                    
000044e3  initPin                        
000046b1  initTimer                      
0000479b  init_acc_time                  
00002f71  init_password                  
0000477f  init_set_speed_data            
00005c5b  invert_bool                    
00005c7f  invert_button                  
00005fb5  ldexp                          
00005fb5  ldexpl                         
000069a5  ltoa                           
00002749  main                           
20004998  main_func_sp                   
0000471d  main_init                      
0000412d  malloc                         
00004361  memalign                       
00006fd9  memccpy                        
00006f39  memcmp                         
000061e9  memcpy                         
000065ab  memset                         
000040ad  minit                          
000030ff  no_fix_screen                  
00002edb  password_display               
20002900  period                         
00005051  pvPortMalloc                   
20004938  pxCurrentTCB                   
00005ed1  pxPortInitialiseStack          
00002e5d  read_button_screen             
00005bbd  read_buttons                   
00004259  realloc                        
00004479  reset_peripheral               
00003069  review_fuel_display            
00005625  run_adc                        
00005fb5  scalbn                         
00005fb5  scalbnl                        
000055b5  send_data                      
00002f89  set_speed_display              
000053c5  set_speed_func                 
000056f5  speed_feedback                 
00002675  split_data                     
00006891  sprintf                        
000028f9  store_char                     
00005443  store_speed                    
00007039  strchr                         
0000704f  strcpy                         
000070b5  strlen                         
00006d75  strncpy                        
00006dab  strstr                         
00004825  strtod                         
00004825  strtold                        
000039a1  uxQueueMessagesWaiting         
000039b7  uxQueueMessagesWaitingFromISR  
0000187d  uxTaskGetNumberOfTasks         
00001485  uxTaskPriorityGet              
00002de1  vApplicationIdleHook           
00002dd5  vApplicationMallocFailedHook   
00002dd7  vApplicationStackOverflowHook  
00002de3  vApplicationTickHook           
00002c85  vDisplayTask                   
00002aa9  vEncoder                       
00002da1  vFakeGPS                       
00002c07  vFilterSpeed                   
00005a8f  vListInitialise                
00005abf  vListInitialiseItem            
00005b13  vListInsert                    
00005acf  vListInsertEnd                 
00005b79  vListRemove                    
00002b89  vPWM                           
00006199  vPortClearInterruptMask        
000061d7  vPortEnableVFP                 
00005f41  vPortEndScheduler              
00005f4d  vPortEnterCritical             
00005f5d  vPortExitCritical              
00005183  vPortFree                      
000051eb  vPortInitialiseBlocks          
000061a7  vPortSVCHandler                
0000618b  vPortSetInterruptMask          
000061c5  vPortStartFirstTask            
00005f43  vPortYieldFromISR              
000039c9  vQueueDelete                   
00002a59  vReadButtons                   
000029c9  vReadGPS                       
00002979  vReadGPSchar                   
00001421  vTaskDelay                     
00001371  vTaskDelayUntil                
00001309  vTaskDelete                    
0000177d  vTaskEndScheduler              
0000188d  vTaskIncrementTick             
00001b91  vTaskMissedYield               
000019f5  vTaskPlaceOnEventList          
00001dd9  vTaskPriorityDisinherit        
00001d4d  vTaskPriorityInherit           
000014c1  vTaskPrioritySet               
00001651  vTaskResume                    
00001af3  vTaskSetTimeOutState           
00001733  vTaskStartScheduler            
000015a9  vTaskSuspend                   
0000178f  vTaskSuspendAll                
00001935  vTaskSwitchContext             
20002904  xBinarySemaphoreEncoder_1      
20002908  xBinarySemaphoreFilter         
2000290c  xBinarySemaphoreGPS            
20002910  xBinarySemaphoreGPSchar        
20002914  xEncoder_1                     
20002918  xEncoder_raw_DATA              
2000291c  xPWM_DATA                      
20002920  xPWM_speed_DATA                
000051e5  xPortGetFreeHeapSize           
00006151  xPortPendSVHandler             
00005f19  xPortStartScheduler            
00005f73  xPortSysTickHandler            
20002924  xQueueBuffedSpeed              
20002928  xQueueButtons                  
00003587  xQueueCreate                   
00003695  xQueueCreateCountingSemaphore  
0000362d  xQueueCreateMutex              
2000292c  xQueueGPSDATA                  
00003805  xQueueGenericReceive           
000036b3  xQueueGenericSend              
0000379b  xQueueGenericSendFromISR       
00003b43  xQueueIsQueueEmptyFromISR      
00003b7d  xQueueIsQueueFullFromISR       
00003939  xQueueReceiveFromISR           
20002930  xQueueSpeed                    
00001b19  xTaskCheckForTimeOut           
000011f5  xTaskGenericCreate             
00001d39  xTaskGetCurrentTaskHandle      
00001869  xTaskGetTickCount              
00001601  xTaskIsTaskSuspended           
00001a75  xTaskRemoveFromEventList       
00001799  xTaskResumeAll                 
000016c1  xTaskResumeFromISR             
20002934  xUART_GPS_DATA                 


GLOBAL SYMBOLS: SORTED BY Symbol Address 

address   name                           
-------   ----                           
00000000  __TI_static_base__             
00000000  g_pfnVectors                   
0000091d  __TI_printfi                   
00000fff  __STACK_SIZE                   
00000fff  __SYSMEM_SIZE                  
000011f3  __mpu_init                     
000011f5  xTaskGenericCreate             
00001309  vTaskDelete                    
00001371  vTaskDelayUntil                
00001421  vTaskDelay                     
00001485  uxTaskPriorityGet              
000014c1  vTaskPrioritySet               
000015a9  vTaskSuspend                   
00001601  xTaskIsTaskSuspended           
00001651  vTaskResume                    
000016c1  xTaskResumeFromISR             
00001733  vTaskStartScheduler            
0000177d  vTaskEndScheduler              
0000178f  vTaskSuspendAll                
00001799  xTaskResumeAll                 
00001869  xTaskGetTickCount              
0000187d  uxTaskGetNumberOfTasks         
0000188d  vTaskIncrementTick             
00001935  vTaskSwitchContext             
000019f5  vTaskPlaceOnEventList          
00001a75  xTaskRemoveFromEventList       
00001af3  vTaskSetTimeOutState           
00001b19  xTaskCheckForTimeOut           
00001b91  vTaskMissedYield               
00001d39  xTaskGetCurrentTaskHandle      
00001d4d  vTaskPriorityInherit           
00001dd9  vTaskPriorityDisinherit        
00001e69  decode_GGA                     
0000225d  decode_RMC                     
00002675  split_data                     
00002719  UARTIntHandler                 
00002749  main                           
000028f9  store_char                     
00002979  vReadGPSchar                   
000029c9  vReadGPS                       
00002a59  vReadButtons                   
00002aa9  vEncoder                       
00002b89  vPWM                           
00002c07  vFilterSpeed                   
00002c85  vDisplayTask                   
00002da1  vFakeGPS                       
00002dd5  vApplicationMallocFailedHook   
00002dd7  vApplicationStackOverflowHook  
00002de1  vApplicationIdleHook           
00002de3  vApplicationTickHook           
00002e55  clearDisplay                   
00002e5d  read_button_screen             
00002edb  password_display               
00002f71  init_password                  
00002f89  set_speed_display              
00003023  enter_fuel_display             
00003069  review_fuel_display            
000030ff  no_fix_screen                  
000031e7  accleration_screen             
00003367  display                        
00003587  xQueueCreate                   
0000362d  xQueueCreateMutex              
00003695  xQueueCreateCountingSemaphore  
000036b3  xQueueGenericSend              
0000379b  xQueueGenericSendFromISR       
00003805  xQueueGenericReceive           
00003939  xQueueReceiveFromISR           
000039a1  uxQueueMessagesWaiting         
000039b7  uxQueueMessagesWaitingFromISR  
000039c9  vQueueDelete                   
00003b43  xQueueIsQueueEmptyFromISR      
00003b7d  xQueueIsQueueFullFromISR       
00003b9b  _system_post_cinit             
00003ca5  RIT128x96x4Clear               
00003d01  RIT128x96x4StringDraw          
00003e41  RIT128x96x4ImageDraw           
00003ec9  RIT128x96x4Enable              
00003f23  RIT128x96x4Disable             
00003f9d  RIT128x96x4Init                
00004041  RIT128x96x4DisplayOn           
00004075  RIT128x96x4DisplayOff          
000040ad  minit                          
0000412d  malloc                         
00004197  free                           
00004259  realloc                        
00004361  memalign                       
0000444b  calloc                         
00004479  reset_peripheral               
000044b5  initClock                      
000044bf  initGPIO                       
000044e3  initPin                        
00004537  initDisplay                    
00004541  initADC                        
00004581  initPWMchan                    
0000463d  initConsole                    
000046b1  initTimer                      
0000471d  main_init                      
00004755  initCircBuf                    
0000477f  init_set_speed_data            
0000479b  init_acc_time                  
00004825  strtod                         
00004825  strtold                        
00004a61  fmod                           
00004a61  fmodl                          
00004c85  __aeabi_uldivmod               
00004e79  SysCtlClockGet                 
00005051  pvPortMalloc                   
00005183  vPortFree                      
000051e5  xPortGetFreeHeapSize           
000051eb  vPortInitialiseBlocks          
0000520d  __aeabi_dsub                   
00005217  __aeabi_dadd                   
000053c5  set_speed_func                 
00005443  store_speed                    
0000548d  analysis_speed                 
000054d5  encoder_quad                   
0000556d  UARTSend                       
000055b5  send_data                      
00005625  run_adc                        
000056c9  find_dir                       
000056f5  speed_feedback                 
00005785  PWM_duty                       
000057ad  PWM_direction                  
00005815  SysCtlClockSet                 
00005959  __aeabi_ddiv                   
00005a8f  vListInitialise                
00005abf  vListInitialiseItem            
00005acf  vListInsertEnd                 
00005b13  vListInsert                    
00005b79  vListRemove                    
00005bbd  read_buttons                   
00005c5b  invert_bool                    
00005c7f  invert_button                  
00005cd9  __aeabi_dmul                   
00005dd5  __aeabi_fsub                   
00005dd9  __aeabi_fadd                   
00005ed1  pxPortInitialiseStack          
00005f19  xPortStartScheduler            
00005f41  vPortEndScheduler              
00005f43  vPortYieldFromISR              
00005f4d  vPortEnterCritical             
00005f5d  vPortExitCritical              
00005f73  xPortSysTickHandler            
00005fb5  ldexp                          
00005fb5  ldexpl                         
00005fb5  scalbn                         
00005fb5  scalbnl                        
00006085  GPIOPadConfigSet               
00006151  xPortPendSVHandler             
0000618b  vPortSetInterruptMask          
00006199  vPortClearInterruptMask        
000061a7  vPortSVCHandler                
000061c5  vPortStartFirstTask            
000061d7  vPortEnableVFP                 
000061e9  __aeabi_memcpy                 
000061e9  __aeabi_memcpy4                
000061e9  __aeabi_memcpy8                
000061e9  memcpy                         
00006285  __aeabi_fdiv                   
00006319  SysCtlPeripheralReset          
000063a1  __aeabi_cdcmpeq                
000063a1  __aeabi_cdcmple                
00006427  __aeabi_cdrcmple               
000064ad  EncoderINT                     
000064fd  Timer0IntHandler               
00006509  Timer1IntHandler               
00006529  __aeabi_fmul                   
000065a3  __aeabi_memclr                 
000065a3  __aeabi_memclr4                
000065a3  __aeabi_memclr8                
000065a5  __aeabi_memset                 
000065a5  __aeabi_memset4                
000065a5  __aeabi_memset8                
000065ab  memset                         
0000661d  __TI_auto_init                 
0000668d  __aeabi_d2f                    
000066fb  ADCSequenceStepConfigure       
00006767  __TI_decompress_lzss           
000067cd  IntEnable                      
00006831  __aeabi_cfrcmple               
00006891  sprintf                        
000068f1  frexp                          
000068f1  frexpl                         
0000694d  SysCtlPeripheralEnable         
000069a5  ltoa                           
000069fd  C$$EXIT                        
00006a01  abort                          
00006a09  exit                           
00006a51  atoi                           
00006a9d  atol                           
00006ae9  copy_in                        
00006b35  __aeabi_d2iz                   
00006b7d  GPIOIntTypeSet                 
00006bc1  SSIConfigSetExpClk             
00006c05  __aeabi_d2uiz                  
00006c49  UARTConfigSetExpClk            
00006c8d  _c_int00                       
00006ccd  __aeabi_f2d                    
00006d05  __aeabi_f2iz                   
00006d3d  __aeabi_i2f                    
00006d75  strncpy                        
00006dab  strstr                         
00006de1  __aeabi_f2uiz                  
00006e15  ADCIntStatus                   
00006e43  GPIODirModeSet                 
00006e71  __aeabi_i2d                    
00006e9f  ADCSequenceConfigure           
00006ec9  PWMGenConfigure                
00006ef1  IntPrioritySet                 
00006f15  TimerConfigure                 
00006f39  memcmp                         
00006f5d  ADCSequenceDataGet             
00006f7d  __aeabi_ui2d                   
00006f9d  PWMPulseWidthSet               
00006fbd  UARTDisable                    
00006fd9  memccpy                        
00006ff5  _args_main                     
0000700d  ADCProcessorTrigger            
00007023  PWMOutputState                 
00007039  strchr                         
0000704f  strcpy                         
00007065  PWMGenPeriodSet                
00007079  SysCtlPWMClockSet              
0000708d  UARTEnable                     
000070a1  _register_unlock               
000070a7  _register_lock                 
000070af  _nop                           
000070b5  strlen                         
000070c9  GPIOPinTypeADC                 
000070db  GPIOPinTypeGPIOOutput          
000070ed  GPIOPinTypePWM                 
000070ff  GPIOPinTypeSSI                 
00007111  GPIOPinTypeUART                
00007123  SSIDataGetNonBlocking          
00007135  TimerLoadSet                   
00007147  UARTCharGetNonBlocking         
00007157  ADCSequenceEnable              
00007165  TimerEnable                    
00007173  __TI_decompress_none           
00007181  CPUcpsid                       
0000718d  CPUcpsie                       
00007199  GPIOPinIntEnable               
000071a5  UARTCharsAvail                 
000071b1  __TI_zero_init                 
000071bd  ResetISR                       
000071c9  ADCIntClear                    
000071d3  IntMasterDisable               
000071dd  IntMasterEnable                
000071e7  PWMGenEnable                   
000071f1  SSIDataPut                     
000071fb  SSIDisable                     
00007205  SSIEnable                      
0000720f  UARTCharPut                    
00007219  UARTFIFOEnable                 
00007223  UARTIntStatus                  
0000722d  SSIBusy                        
00007235  TimerIntEnable                 
0000723d  UARTIntEnable                  
00007245  copysign                       
00007245  copysignl                      
0000724d  GPIOPinIntClear                
00007253  GPIOPinRead                    
00007259  GPIOPinWrite                   
0000725f  SysCtlDelay                    
00007265  atof                           
0000726b  TimerIntClear                  
0000726f  UARTIntClear                   
00007273  _system_pre_init               
00007458  _ctypes_                       
00007854  __TI_Handler_Table_Base        
00007860  __TI_Handler_Table_Limit       
00007868  __TI_CINIT_Base                
00007878  __TI_CINIT_Limit               
200028c8  acc_time                       
20002900  period                         
20002904  xBinarySemaphoreEncoder_1      
20002908  xBinarySemaphoreFilter         
2000290c  xBinarySemaphoreGPS            
20002910  xBinarySemaphoreGPSchar        
20002914  xEncoder_1                     
20002918  xEncoder_raw_DATA              
2000291c  xPWM_DATA                      
20002920  xPWM_speed_DATA                
20002924  xQueueBuffedSpeed              
20002928  xQueueButtons                  
2000292c  xQueueGPSDATA                  
20002930  xQueueSpeed                    
20002934  xUART_GPS_DATA                 
20002938  __stack                        
20002a38  __STACK_TOP                    
20003937  __STACK_END                    
20003938  _sys_memory                    
20004938  pxCurrentTCB                   
20004968  __TI_cleanup_ptr               
2000496c  __TI_dtors_ptr                 
20004970  __TI_enable_exit_profile_output
20004980  _lock                          
20004984  _unlock                        
20004994  errno                          
20004998  main_func_sp                   
ffffffff  __TI_pprof_out_hndl            
ffffffff  __TI_prof_data_size            
ffffffff  __TI_prof_data_start           
ffffffff  __binit__                      
ffffffff  __c_args__                     
ffffffff  binit                          
UNDEFED   SHT$$INIT_ARRAY$$Base          
UNDEFED   SHT$$INIT_ARRAY$$Limit         

[308 symbols]
